

================================================================
== Vivado HLS Report for 'feature_extractor'
================================================================
* Date:           Mon Nov 21 06:15:02 2016

* Version:        2015.2 (Build 1266856 on Fri Jun 26 16:57:37 PM 2015)
* Project:        cnn_filter
* Solution:       solution1
* Product family: zynq
* Target device:  xc7z020clg484-1


================================================================
== Performance Estimates
================================================================
+ Timing (ns): 
    * Summary: 
    +--------+-------+----------+------------+
    |  Clock | Target| Estimated| Uncertainty|
    +--------+-------+----------+------------+
    |ap_clk  |  10.00|      8.41|        1.25|
    +--------+-------+----------+------------+

+ Latency (clock cycles): 
    * Summary: 
    +---------+---------+---------+---------+---------+
    |      Latency      |      Interval     | Pipeline|
    |   min   |   max   |   min   |   max   |   Type  |
    +---------+---------+---------+---------+---------+
    |  1761897|  1761897|  1761898|  1761898|   none  |
    +---------+---------+---------+---------+---------+

    + Detail: 
        * Instance: 
        N/A

        * Loop: 
        +--------------------+---------+---------+----------+-----------+-----------+------+----------+
        |                    |      Latency      | Iteration|  Initiation Interval  | Trip |          |
        |      Loop Name     |   min   |   max   |  Latency |  achieved |   target  | Count| Pipelined|
        +--------------------+---------+---------+----------+-----------+-----------+------+----------+
        |- Convolve          |  1600728|  1600728|    266788|          -|          -|     6|    no    |
        |- Threshold         |   128172|   128172|     21362|          -|          -|     6|    no    |
        | + Threshold.1      |    21360|    21360|       890|          -|          -|    24|    no    |
        |  ++ Threshold.1.1  |      888|      888|        37|          -|          -|    24|    no    |
        |- Pool              |    32994|    32994|      5499|          -|          -|     6|    no    |
        +--------------------+---------+---------+----------+-----------+-----------+------+----------+



================================================================
== Utilization Estimates
================================================================
* Summary: 
+-----------------+---------+-------+--------+-------+
|       Name      | BRAM_18K| DSP48E|   FF   |  LUT  |
+-----------------+---------+-------+--------+-------+
|Expression       |        -|      -|       -|      -|
|FIFO             |        -|      -|       -|      -|
|Instance         |        -|      -|       -|      -|
|Memory           |        -|      -|       -|      -|
|Multiplexer      |        -|      -|       -|      -|
|Register         |        -|      -|       -|      -|
+-----------------+---------+-------+--------+-------+
|Total            |        0|      0|       0|      0|
+-----------------+---------+-------+--------+-------+
|Available        |      280|    220|  106400|  53200|
+-----------------+---------+-------+--------+-------+
|Utilization (%)  |        0|      0|       0|      0|
+-----------------+---------+-------+--------+-------+

+ Detail: 
    * Instance: 
    N/A

    * Memory: 
    N/A

    * FIFO: 
    N/A

    * Expression: 
    N/A

    * Multiplexer: 
    N/A

    * Register: 
    N/A



================================================================
== Interface
================================================================
* Summary: 
N/A

============================================================
+ Verbose Summary: Synthesis Manager
============================================================
InlineROM: 1
ExposeGlobal: 0
============================================================
+ Verbose Summary: CDFG Model
============================================================
IsTopModel: 1
ResetActiveHigh: 1
IsCombinational: 0
IsDatapathOnly: 0
HasWiredReturn: 1
HasMFsm: 0
HasVarLatency: 1
IsPipeline: 0
IsRtlPipelined: 0
IsInstanceOverlapped: 0
IsDontTouch: 0
HasImplIP: 0
IsGatedGlobalClock: 0


============================================================
+ Verbose Summary: Schedule
============================================================
* Number of FSM states: 39
* Pipeline: 0
* Dataflow Pipeline: 0

* FSM state transitions: 
1 --> 
	2  / true
2 --> 
	3  / (!exitcond2)
	4  / (exitcond2)
3 --> 
	2  / true
4 --> 
	38  / (exitcond1)
	5  / (!exitcond1)
5 --> 
	4  / (exitcond1_i)
	6  / (!exitcond1_i)
6 --> 
	5  / (exitcond_i)
	7  / (!exitcond_i)
7 --> 
	8  / true
8 --> 
	9  / true
9 --> 
	10  / true
10 --> 
	11  / true
11 --> 
	12  / true
12 --> 
	13  / true
13 --> 
	14  / true
14 --> 
	15  / true
15 --> 
	16  / true
16 --> 
	17  / true
17 --> 
	18  / true
18 --> 
	19  / true
19 --> 
	20  / true
20 --> 
	21  / true
21 --> 
	22  / true
22 --> 
	23  / true
23 --> 
	24  / true
24 --> 
	25  / true
25 --> 
	26  / true
26 --> 
	27  / true
27 --> 
	28  / true
28 --> 
	29  / true
29 --> 
	30  / true
30 --> 
	31  / true
31 --> 
	32  / true
32 --> 
	33  / true
33 --> 
	34  / true
34 --> 
	35  / true
35 --> 
	36  / true
36 --> 
	37  / true
37 --> 
	6  / true
38 --> 
	39  / (!exitcond)
39 --> 
	38  / true
* FSM state operations: 

 <State 1>: 2.71ns
ST_1: stg_40 [1/1] 0.00ns
:0  call void (...)* @_ssdm_op_SpecBitsMap([784 x i32]* %A) nounwind, !map !7

ST_1: stg_41 [1/1] 0.00ns
:1  call void (...)* @_ssdm_op_SpecBitsMap([150 x float]* %W) nounwind, !map !13

ST_1: stg_42 [1/1] 0.00ns
:2  call void (...)* @_ssdm_op_SpecBitsMap([864 x i32]* %feature) nounwind, !map !20

ST_1: stg_43 [1/1] 0.00ns
:3  call void (...)* @_ssdm_op_SpecTopModule([18 x i8]* @feature_extractor_str) nounwind

ST_1: C [1/1] 2.71ns
:4  %C = alloca [3456 x float], align 4

ST_1: S [1/1] 2.71ns
:5  %S = alloca [3456 x float], align 4

ST_1: stg_46 [1/1] 1.57ns
:6  br label %1


 <State 2>: 3.19ns
ST_2: i [1/1] 0.00ns
:0  %i = phi i3 [ 0, %0 ], [ %i_1, %2 ]

ST_2: exitcond2 [1/1] 1.62ns
:1  %exitcond2 = icmp eq i3 %i, -2

ST_2: empty [1/1] 0.00ns
:2  %empty = call i32 (...)* @_ssdm_op_SpecLoopTripCount(i64 6, i64 6, i64 6) nounwind

ST_2: i_1 [1/1] 0.80ns
:3  %i_1 = add i3 %i, 1

ST_2: stg_51 [1/1] 1.57ns
:4  br i1 %exitcond2, label %.preheader3, label %2

ST_2: stg_52 [2/2] 1.72ns
:1  call fastcc void @feature_extractor_convolve([784 x i32]* nocapture %A, [150 x float]* nocapture %W, i3 %i, [3456 x float]* nocapture %C, i3 %i) nounwind


 <State 3>: 0.00ns
ST_3: stg_53 [1/1] 0.00ns
:0  call void (...)* @_ssdm_op_SpecLoopName([9 x i8]* @p_str) nounwind

ST_3: stg_54 [1/2] 0.00ns
:1  call fastcc void @feature_extractor_convolve([784 x i32]* nocapture %A, [150 x float]* nocapture %W, i3 %i, [3456 x float]* nocapture %C, i3 %i) nounwind

ST_3: stg_55 [1/1] 0.00ns
:2  br label %1


 <State 4>: 3.19ns
ST_4: j [1/1] 0.00ns
.preheader3:0  %j = phi i3 [ 0, %1 ], [ %j_1, %.loopexit ]

ST_4: exitcond1 [1/1] 1.62ns
.preheader3:1  %exitcond1 = icmp eq i3 %j, -2

ST_4: empty_11 [1/1] 0.00ns
.preheader3:2  %empty_11 = call i32 (...)* @_ssdm_op_SpecLoopTripCount(i64 6, i64 6, i64 6) nounwind

ST_4: j_1 [1/1] 0.80ns
.preheader3:3  %j_1 = add i3 %j, 1

ST_4: stg_60 [1/1] 1.57ns
.preheader3:4  br i1 %exitcond1, label %.preheader, label %3

ST_4: stg_61 [1/1] 0.00ns
:0  call void (...)* @_ssdm_op_SpecLoopName([10 x i8]* @p_str1) nounwind

ST_4: tmp [1/1] 0.00ns
:1  %tmp = call i8 @_ssdm_op_BitConcatenate.i8.i3.i5(i3 %j, i5 0)

ST_4: p_shl_cast [1/1] 0.00ns
:2  %p_shl_cast = zext i8 %tmp to i9

ST_4: tmp_1 [1/1] 0.00ns
:3  %tmp_1 = call i6 @_ssdm_op_BitConcatenate.i6.i3.i3(i3 %j, i3 0)

ST_4: p_shl1_cast [1/1] 0.00ns
:4  %p_shl1_cast = zext i6 %tmp_1 to i9

ST_4: p_addr [1/1] 1.72ns
:5  %p_addr = sub i9 %p_shl_cast, %p_shl1_cast

ST_4: p_addr_cast [1/1] 0.00ns
:6  %p_addr_cast = sext i9 %p_addr to i10

ST_4: stg_68 [1/1] 1.57ns
:7  br label %.loopexit


 <State 5>: 3.80ns
ST_5: i_i [1/1] 0.00ns
.loopexit:0  %i_i = phi i5 [ 0, %3 ], [ %i_2, %.preheader.i ]

ST_5: exitcond1_i [1/1] 1.91ns
.loopexit:1  %exitcond1_i = icmp eq i5 %i_i, -8

ST_5: empty_12 [1/1] 0.00ns
.loopexit:2  %empty_12 = call i32 (...)* @_ssdm_op_SpecLoopTripCount(i64 24, i64 24, i64 24) nounwind

ST_5: i_2 [1/1] 1.72ns
.loopexit:3  %i_2 = add i5 %i_i, 1

ST_5: stg_73 [1/1] 0.00ns
.loopexit:4  br i1 %exitcond1_i, label %.preheader3, label %.preheader.i.preheader

ST_5: tmp_i_trn_cast [1/1] 0.00ns
.preheader.i.preheader:0  %tmp_i_trn_cast = zext i5 %i_i to i10

ST_5: p_addr1 [1/1] 1.84ns
.preheader.i.preheader:1  %p_addr1 = add i10 %p_addr_cast, %tmp_i_trn_cast

ST_5: tmp_2 [1/1] 0.00ns
.preheader.i.preheader:2  %tmp_2 = call i15 @_ssdm_op_BitConcatenate.i15.i10.i5(i10 %p_addr1, i5 0)

ST_5: p_shl2 [1/1] 0.00ns
.preheader.i.preheader:3  %p_shl2 = sext i15 %tmp_2 to i32

ST_5: tmp_3 [1/1] 0.00ns
.preheader.i.preheader:4  %tmp_3 = call i13 @_ssdm_op_BitConcatenate.i13.i10.i3(i10 %p_addr1, i3 0)

ST_5: p_shl3 [1/1] 0.00ns
.preheader.i.preheader:5  %p_shl3 = sext i13 %tmp_3 to i32

ST_5: p_addr2 [1/1] 1.96ns
.preheader.i.preheader:6  %p_addr2 = sub i32 %p_shl2, %p_shl3

ST_5: stg_81 [1/1] 1.57ns
.preheader.i.preheader:7  br label %.preheader.i


 <State 6>: 4.67ns
ST_6: j_i [1/1] 0.00ns
.preheader.i:0  %j_i = phi i5 [ %j_2, %_ifconv.i ], [ 0, %.preheader.i.preheader ]

ST_6: exitcond_i [1/1] 1.91ns
.preheader.i:1  %exitcond_i = icmp eq i5 %j_i, -8

ST_6: empty_13 [1/1] 0.00ns
.preheader.i:2  %empty_13 = call i32 (...)* @_ssdm_op_SpecLoopTripCount(i64 24, i64 24, i64 24) nounwind

ST_6: j_2 [1/1] 1.72ns
.preheader.i:3  %j_2 = add i5 %j_i, 1

ST_6: stg_86 [1/1] 0.00ns
.preheader.i:4  br i1 %exitcond_i, label %.loopexit, label %_ifconv.i

ST_6: tmp_i_trn [1/1] 0.00ns
_ifconv.i:0  %tmp_i_trn = zext i5 %j_i to i32

ST_6: p_addr3 [1/1] 1.96ns
_ifconv.i:1  %p_addr3 = add i32 %tmp_i_trn, %p_addr2

ST_6: tmp_5 [1/1] 0.00ns
_ifconv.i:2  %tmp_5 = zext i32 %p_addr3 to i64

ST_6: C_addr [1/1] 0.00ns
_ifconv.i:3  %C_addr = getelementptr [3456 x float]* %C, i64 0, i64 %tmp_5

ST_6: C_load [2/2] 2.71ns
_ifconv.i:4  %C_load = load float* %C_addr, align 4


 <State 7>: 2.71ns
ST_7: C_load [1/2] 2.71ns
_ifconv.i:4  %C_load = load float* %C_addr, align 4


 <State 8>: 6.92ns
ST_8: tmp_12_to_int_i [1/1] 0.00ns
_ifconv.i:5  %tmp_12_to_int_i = bitcast float %C_load to i32

ST_8: tmp_12_neg_i [1/1] 1.37ns
_ifconv.i:6  %tmp_12_neg_i = xor i32 %tmp_12_to_int_i, -2147483648

ST_8: tmp_10_i [1/1] 0.00ns
_ifconv.i:7  %tmp_10_i = bitcast i32 %tmp_12_neg_i to float

ST_8: tmp_11_i [1/1] 5.55ns
_ifconv.i:8  %tmp_11_i = fpext float %tmp_10_i to double


 <State 9>: 7.32ns
ST_9: x_assign [18/18] 7.32ns
_ifconv.i:9  %x_assign = call double @llvm.exp.f64(double %tmp_11_i) nounwind


 <State 10>: 7.32ns
ST_10: x_assign [17/18] 7.32ns
_ifconv.i:9  %x_assign = call double @llvm.exp.f64(double %tmp_11_i) nounwind


 <State 11>: 7.32ns
ST_11: x_assign [16/18] 7.32ns
_ifconv.i:9  %x_assign = call double @llvm.exp.f64(double %tmp_11_i) nounwind


 <State 12>: 7.32ns
ST_12: x_assign [15/18] 7.32ns
_ifconv.i:9  %x_assign = call double @llvm.exp.f64(double %tmp_11_i) nounwind


 <State 13>: 7.32ns
ST_13: x_assign [14/18] 7.32ns
_ifconv.i:9  %x_assign = call double @llvm.exp.f64(double %tmp_11_i) nounwind


 <State 14>: 7.32ns
ST_14: x_assign [13/18] 7.32ns
_ifconv.i:9  %x_assign = call double @llvm.exp.f64(double %tmp_11_i) nounwind


 <State 15>: 7.32ns
ST_15: x_assign [12/18] 7.32ns
_ifconv.i:9  %x_assign = call double @llvm.exp.f64(double %tmp_11_i) nounwind


 <State 16>: 7.32ns
ST_16: x_assign [11/18] 7.32ns
_ifconv.i:9  %x_assign = call double @llvm.exp.f64(double %tmp_11_i) nounwind


 <State 17>: 7.32ns
ST_17: x_assign [10/18] 7.32ns
_ifconv.i:9  %x_assign = call double @llvm.exp.f64(double %tmp_11_i) nounwind


 <State 18>: 7.32ns
ST_18: x_assign [9/18] 7.32ns
_ifconv.i:9  %x_assign = call double @llvm.exp.f64(double %tmp_11_i) nounwind


 <State 19>: 7.32ns
ST_19: x_assign [8/18] 7.32ns
_ifconv.i:9  %x_assign = call double @llvm.exp.f64(double %tmp_11_i) nounwind


 <State 20>: 7.32ns
ST_20: x_assign [7/18] 7.32ns
_ifconv.i:9  %x_assign = call double @llvm.exp.f64(double %tmp_11_i) nounwind


 <State 21>: 7.32ns
ST_21: x_assign [6/18] 7.32ns
_ifconv.i:9  %x_assign = call double @llvm.exp.f64(double %tmp_11_i) nounwind


 <State 22>: 7.32ns
ST_22: x_assign [5/18] 7.32ns
_ifconv.i:9  %x_assign = call double @llvm.exp.f64(double %tmp_11_i) nounwind


 <State 23>: 7.32ns
ST_23: x_assign [4/18] 7.32ns
_ifconv.i:9  %x_assign = call double @llvm.exp.f64(double %tmp_11_i) nounwind


 <State 24>: 7.32ns
ST_24: x_assign [3/18] 7.32ns
_ifconv.i:9  %x_assign = call double @llvm.exp.f64(double %tmp_11_i) nounwind


 <State 25>: 7.32ns
ST_25: x_assign [2/18] 7.32ns
_ifconv.i:9  %x_assign = call double @llvm.exp.f64(double %tmp_11_i) nounwind


 <State 26>: 7.32ns
ST_26: x_assign [1/18] 7.32ns
_ifconv.i:9  %x_assign = call double @llvm.exp.f64(double %tmp_11_i) nounwind


 <State 27>: 8.14ns
ST_27: p_Val2_1 [1/1] 0.00ns
_ifconv.i:10  %p_Val2_1 = bitcast double %x_assign to i64

ST_27: p_Result_s [1/1] 0.00ns
_ifconv.i:11  %p_Result_s = call i1 @_ssdm_op_BitSelect.i1.i64.i32(i64 %p_Val2_1, i32 63)

ST_27: loc_V [1/1] 0.00ns
_ifconv.i:12  %loc_V = call i11 @_ssdm_op_PartSelect.i11.i64.i32.i32(i64 %p_Val2_1, i32 52, i32 62) nounwind

ST_27: loc_V_1 [1/1] 0.00ns
_ifconv.i:13  %loc_V_1 = trunc i64 %p_Val2_1 to i52

ST_27: p_Result_1 [1/1] 0.00ns
_ifconv.i:14  %p_Result_1 = call i53 @_ssdm_op_BitConcatenate.i53.i1.i52(i1 true, i52 %loc_V_1) nounwind

ST_27: tmp_i_i_i [1/1] 0.00ns
_ifconv.i:15  %tmp_i_i_i = zext i53 %p_Result_1 to i136

ST_27: tmp_i_i_i_i_cast2 [1/1] 0.00ns
_ifconv.i:16  %tmp_i_i_i_i_cast2 = zext i11 %loc_V to i12

ST_27: sh_assign [1/1] 1.84ns
_ifconv.i:17  %sh_assign = add i12 -1023, %tmp_i_i_i_i_cast2

ST_27: isNeg [1/1] 0.00ns
_ifconv.i:18  %isNeg = call i1 @_ssdm_op_BitSelect.i1.i12.i32(i12 %sh_assign, i32 11)

ST_27: tmp_i_i_i_14 [1/1] 1.84ns
_ifconv.i:19  %tmp_i_i_i_14 = sub i11 1023, %loc_V

ST_27: tmp_i_i_i_cast [1/1] 0.00ns
_ifconv.i:20  %tmp_i_i_i_cast = sext i11 %tmp_i_i_i_14 to i12

ST_27: sh_assign_1 [1/1] 1.37ns
_ifconv.i:21  %sh_assign_1 = select i1 %isNeg, i12 %tmp_i_i_i_cast, i12 %sh_assign

ST_27: sh_assign_2_i_cast [1/1] 0.00ns
_ifconv.i:22  %sh_assign_2_i_cast = sext i12 %sh_assign_1 to i32

ST_27: tmp_9_i_i_i [1/1] 0.00ns
_ifconv.i:23  %tmp_9_i_i_i = zext i32 %sh_assign_2_i_cast to i136

ST_27: tmp_9_i_i_i_cast [1/1] 0.00ns
_ifconv.i:24  %tmp_9_i_i_i_cast = zext i32 %sh_assign_2_i_cast to i53

ST_27: tmp_10_i_i_i [1/1] 3.56ns
_ifconv.i:25  %tmp_10_i_i_i = lshr i53 %p_Result_1, %tmp_9_i_i_i_cast

ST_27: tmp_12_i_i_i [1/1] 3.56ns
_ifconv.i:26  %tmp_12_i_i_i = shl i136 %tmp_i_i_i, %tmp_9_i_i_i

ST_27: tmp_10 [1/1] 0.00ns
_ifconv.i:27  %tmp_10 = call i1 @_ssdm_op_BitSelect.i1.i53.i32(i53 %tmp_10_i_i_i, i32 52)

ST_27: tmp_7 [1/1] 0.00ns
_ifconv.i:28  %tmp_7 = zext i1 %tmp_10 to i32

ST_27: tmp_8 [1/1] 0.00ns
_ifconv.i:29  %tmp_8 = call i32 @_ssdm_op_PartSelect.i32.i136.i32.i32(i136 %tmp_12_i_i_i, i32 52, i32 83)

ST_27: p_Val2_4 [1/1] 1.37ns
_ifconv.i:30  %p_Val2_4 = select i1 %isNeg, i32 %tmp_7, i32 %tmp_8


 <State 28>: 3.81ns
ST_28: p_Val2_i_i_i [1/1] 2.44ns
_ifconv.i:31  %p_Val2_i_i_i = sub i32 0, %p_Val2_4

ST_28: p_Val2_s [1/1] 1.37ns
_ifconv.i:32  %p_Val2_s = select i1 %p_Result_s, i32 %p_Val2_i_i_i, i32 %p_Val2_4


 <State 29>: 7.85ns
ST_29: tmp_13_i [1/1] 2.44ns
_ifconv.i:33  %tmp_13_i = add nsw i32 1, %p_Val2_s

ST_29: tmp_14_i [7/7] 5.41ns
_ifconv.i:34  %tmp_14_i = sdiv i32 1, %tmp_13_i


 <State 30>: 5.41ns
ST_30: tmp_14_i [1/7] 5.41ns
_ifconv.i:34  %tmp_14_i = sdiv i32 1, %tmp_13_i


 <State 31>: 6.41ns
ST_31: tmp_15_i [6/6] 6.41ns
_ifconv.i:35  %tmp_15_i = sitofp i32 %tmp_14_i to float


 <State 32>: 6.41ns
ST_32: tmp_15_i [5/6] 6.41ns
_ifconv.i:35  %tmp_15_i = sitofp i32 %tmp_14_i to float


 <State 33>: 6.41ns
ST_33: tmp_15_i [4/6] 6.41ns
_ifconv.i:35  %tmp_15_i = sitofp i32 %tmp_14_i to float


 <State 34>: 6.41ns
ST_34: tmp_15_i [3/6] 6.41ns
_ifconv.i:35  %tmp_15_i = sitofp i32 %tmp_14_i to float


 <State 35>: 6.41ns
ST_35: tmp_15_i [2/6] 6.41ns
_ifconv.i:35  %tmp_15_i = sitofp i32 %tmp_14_i to float


 <State 36>: 6.41ns
ST_36: tmp_15_i [1/6] 6.41ns
_ifconv.i:35  %tmp_15_i = sitofp i32 %tmp_14_i to float


 <State 37>: 2.71ns
ST_37: S_addr [1/1] 0.00ns
_ifconv.i:36  %S_addr = getelementptr [3456 x float]* %S, i64 0, i64 %tmp_5

ST_37: stg_148 [1/1] 2.71ns
_ifconv.i:37  store float %tmp_15_i, float* %S_addr, align 4

ST_37: stg_149 [1/1] 0.00ns
_ifconv.i:38  br label %.preheader.i


 <State 38>: 1.72ns
ST_38: k [1/1] 0.00ns
.preheader:0  %k = phi i3 [ %k_1, %4 ], [ 0, %.preheader3 ]

ST_38: exitcond [1/1] 1.62ns
.preheader:1  %exitcond = icmp eq i3 %k, -2

ST_38: empty_15 [1/1] 0.00ns
.preheader:2  %empty_15 = call i32 (...)* @_ssdm_op_SpecLoopTripCount(i64 6, i64 6, i64 6) nounwind

ST_38: k_1 [1/1] 0.80ns
.preheader:3  %k_1 = add i3 %k, 1

ST_38: stg_154 [1/1] 0.00ns
.preheader:4  br i1 %exitcond, label %5, label %4

ST_38: stg_155 [2/2] 1.72ns
:1  call fastcc void @feature_extractor_maxpool([3456 x float]* nocapture %S, i3 %k, [864 x i32]* nocapture %feature, i3 %k) nounwind

ST_38: stg_156 [1/1] 0.00ns
:0  ret void


 <State 39>: 0.00ns
ST_39: stg_157 [1/1] 0.00ns
:0  call void (...)* @_ssdm_op_SpecLoopName([5 x i8]* @p_str2) nounwind

ST_39: stg_158 [1/2] 0.00ns
:1  call fastcc void @feature_extractor_maxpool([3456 x float]* nocapture %S, i3 %k, [864 x i32]* nocapture %feature, i3 %k) nounwind

ST_39: stg_159 [1/1] 0.00ns
:2  br label %.preheader



============================================================
+ Verbose Summary: Binding
============================================================
STG Binding: 
---------------- STG Properties BEGIN ----------------
- Is combinational: 0
- Is one-state seq: 0
- Is datapath-only: 0
- Is clock enabled: 0
- Is pipelined: 0
- Is top level: 1
Port [ Return ] is wired: 1; IO mode=ap_ctrl_hs:ce=0
Port [ A]:  wired=1; compound=1; hidden=0; nouse=0; global=0; static=0; extern=0; dir=0; type=1; mode=0x7f14cac2dc90; pingpong=0; private_global=0; MemPort=[13]; IO mode=ap_memory:ce=0
Port [ W]:  wired=1; compound=1; hidden=0; nouse=0; global=0; static=0; extern=0; dir=0; type=1; mode=0x7f14cabfbc70; pingpong=0; private_global=0; MemPort=[13]; IO mode=ap_memory:ce=0
Port [ feature]:  wired=1; compound=1; hidden=0; nouse=0; global=0; static=0; extern=0; dir=1; type=1; mode=0x7f14cbfa3fd0; pingpong=0; private_global=0; MemPort=[03]; IO mode=ap_memory:ce=0
---------------- STG Properties END ------------------

---------------- Datapath Model BEGIN ----------------

<LifeTime>
<method=bitvector/>
stg_40             (specbitsmap      ) [ 0000000000000000000000000000000000000000]
stg_41             (specbitsmap      ) [ 0000000000000000000000000000000000000000]
stg_42             (specbitsmap      ) [ 0000000000000000000000000000000000000000]
stg_43             (spectopmodule    ) [ 0000000000000000000000000000000000000000]
C                  (alloca           ) [ 0011111111111111111111111111111111111100]
S                  (alloca           ) [ 0011111111111111111111111111111111111111]
stg_46             (br               ) [ 0111000000000000000000000000000000000000]
i                  (phi              ) [ 0011000000000000000000000000000000000000]
exitcond2          (icmp             ) [ 0011000000000000000000000000000000000000]
empty              (speclooptripcount) [ 0000000000000000000000000000000000000000]
i_1                (add              ) [ 0111000000000000000000000000000000000000]
stg_51             (br               ) [ 0011111111111111111111111111111111111100]
stg_53             (specloopname     ) [ 0000000000000000000000000000000000000000]
stg_54             (call             ) [ 0000000000000000000000000000000000000000]
stg_55             (br               ) [ 0111000000000000000000000000000000000000]
j                  (phi              ) [ 0000100000000000000000000000000000000000]
exitcond1          (icmp             ) [ 0000111111111111111111111111111111111100]
empty_11           (speclooptripcount) [ 0000000000000000000000000000000000000000]
j_1                (add              ) [ 0010111111111111111111111111111111111100]
stg_60             (br               ) [ 0000111111111111111111111111111111111111]
stg_61             (specloopname     ) [ 0000000000000000000000000000000000000000]
tmp                (bitconcatenate   ) [ 0000000000000000000000000000000000000000]
p_shl_cast         (zext             ) [ 0000000000000000000000000000000000000000]
tmp_1              (bitconcatenate   ) [ 0000000000000000000000000000000000000000]
p_shl1_cast        (zext             ) [ 0000000000000000000000000000000000000000]
p_addr             (sub              ) [ 0000000000000000000000000000000000000000]
p_addr_cast        (sext             ) [ 0000011111111111111111111111111111111100]
stg_68             (br               ) [ 0000111111111111111111111111111111111100]
i_i                (phi              ) [ 0000010000000000000000000000000000000000]
exitcond1_i        (icmp             ) [ 0000111111111111111111111111111111111100]
empty_12           (speclooptripcount) [ 0000000000000000000000000000000000000000]
i_2                (add              ) [ 0000111111111111111111111111111111111100]
stg_73             (br               ) [ 0010111111111111111111111111111111111100]
tmp_i_trn_cast     (zext             ) [ 0000000000000000000000000000000000000000]
p_addr1            (add              ) [ 0000000000000000000000000000000000000000]
tmp_2              (bitconcatenate   ) [ 0000000000000000000000000000000000000000]
p_shl2             (sext             ) [ 0000000000000000000000000000000000000000]
tmp_3              (bitconcatenate   ) [ 0000000000000000000000000000000000000000]
p_shl3             (sext             ) [ 0000000000000000000000000000000000000000]
p_addr2            (sub              ) [ 0000001111111111111111111111111111111100]
stg_81             (br               ) [ 0000111111111111111111111111111111111100]
j_i                (phi              ) [ 0000001000000000000000000000000000000000]
exitcond_i         (icmp             ) [ 0000111111111111111111111111111111111100]
empty_13           (speclooptripcount) [ 0000000000000000000000000000000000000000]
j_2                (add              ) [ 0000111111111111111111111111111111111100]
stg_86             (br               ) [ 0000111111111111111111111111111111111100]
tmp_i_trn          (zext             ) [ 0000000000000000000000000000000000000000]
p_addr3            (add              ) [ 0000000000000000000000000000000000000000]
tmp_5              (zext             ) [ 0000000111111111111111111111111111111100]
C_addr             (getelementptr    ) [ 0000000100000000000000000000000000000000]
C_load             (load             ) [ 0000000010000000000000000000000000000000]
tmp_12_to_int_i    (bitcast          ) [ 0000000000000000000000000000000000000000]
tmp_12_neg_i       (xor              ) [ 0000000000000000000000000000000000000000]
tmp_10_i           (bitcast          ) [ 0000000000000000000000000000000000000000]
tmp_11_i           (fpext            ) [ 0000000001111111111111111110000000000000]
x_assign           (dexp             ) [ 0000000000000000000000000001000000000000]
p_Val2_1           (bitcast          ) [ 0000000000000000000000000000000000000000]
p_Result_s         (bitselect        ) [ 0000000000000000000000000000100000000000]
loc_V              (partselect       ) [ 0000000000000000000000000000000000000000]
loc_V_1            (trunc            ) [ 0000000000000000000000000000000000000000]
p_Result_1         (bitconcatenate   ) [ 0000000000000000000000000000000000000000]
tmp_i_i_i          (zext             ) [ 0000000000000000000000000000000000000000]
tmp_i_i_i_i_cast2  (zext             ) [ 0000000000000000000000000000000000000000]
sh_assign          (add              ) [ 0000000000000000000000000000000000000000]
isNeg              (bitselect        ) [ 0000000000000000000000000000000000000000]
tmp_i_i_i_14       (sub              ) [ 0000000000000000000000000000000000000000]
tmp_i_i_i_cast     (sext             ) [ 0000000000000000000000000000000000000000]
sh_assign_1        (select           ) [ 0000000000000000000000000000000000000000]
sh_assign_2_i_cast (sext             ) [ 0000000000000000000000000000000000000000]
tmp_9_i_i_i        (zext             ) [ 0000000000000000000000000000000000000000]
tmp_9_i_i_i_cast   (zext             ) [ 0000000000000000000000000000000000000000]
tmp_10_i_i_i       (lshr             ) [ 0000000000000000000000000000000000000000]
tmp_12_i_i_i       (shl              ) [ 0000000000000000000000000000000000000000]
tmp_10             (bitselect        ) [ 0000000000000000000000000000000000000000]
tmp_7              (zext             ) [ 0000000000000000000000000000000000000000]
tmp_8              (partselect       ) [ 0000000000000000000000000000000000000000]
p_Val2_4           (select           ) [ 0000000000000000000000000000100000000000]
p_Val2_i_i_i       (sub              ) [ 0000000000000000000000000000000000000000]
p_Val2_s           (select           ) [ 0000000000000000000000000000010000000000]
tmp_13_i           (add              ) [ 0000000000000000000000000000001000000000]
tmp_14_i           (sdiv             ) [ 0000000000000000000000000000000111111000]
tmp_15_i           (sitofp           ) [ 0000000000000000000000000000000000000100]
S_addr             (getelementptr    ) [ 0000000000000000000000000000000000000000]
stg_148            (store            ) [ 0000000000000000000000000000000000000000]
stg_149            (br               ) [ 0000111111111111111111111111111111111100]
k                  (phi              ) [ 0000000000000000000000000000000000000011]
exitcond           (icmp             ) [ 0000000000000000000000000000000000000011]
empty_15           (speclooptripcount) [ 0000000000000000000000000000000000000000]
k_1                (add              ) [ 0000100000000000000000000000000000000011]
stg_154            (br               ) [ 0000000000000000000000000000000000000000]
stg_156            (ret              ) [ 0000000000000000000000000000000000000000]
stg_157            (specloopname     ) [ 0000000000000000000000000000000000000000]
stg_158            (call             ) [ 0000000000000000000000000000000000000000]
stg_159            (br               ) [ 0000100000000000000000000000000000000011]
</LifeTime>

<model>

<comp_list>
<comp id="0" class="1000" name="A">
<pin_list>
<pin id="1" dir="1" index="0" bw="1" slack="0"/>
</pin_list>
<bind>
<StgValue><ssdm name="A"/><MemPortTyVec>1 3 </MemPortTyVec>
</StgValue>
</bind>
</comp>

<comp id="2" class="1000" name="W">
<pin_list>
<pin id="3" dir="1" index="0" bw="1" slack="0"/>
</pin_list>
<bind>
<StgValue><ssdm name="W"/><MemPortTyVec>1 3 </MemPortTyVec>
</StgValue>
</bind>
</comp>

<comp id="4" class="1000" name="feature">
<pin_list>
<pin id="5" dir="1" index="0" bw="1" slack="0"/>
</pin_list>
<bind>
<StgValue><ssdm name="feature"/><MemPortTyVec>0 3 </MemPortTyVec>
</StgValue>
</bind>
</comp>

<comp id="6" class="1001" name="const_6">
<pin_list>
<pin id="7" dir="1" index="0" bw="1" slack="2147483647"/>
</pin_list>
<bind>
<StgValue><ssdm name="_ssdm_op_SpecBitsMap"/></StgValue>
</bind>
</comp>

<comp id="8" class="1001" name="const_8">
<pin_list>
<pin id="9" dir="1" index="0" bw="1" slack="2147483647"/>
</pin_list>
<bind>
<StgValue><ssdm name="_ssdm_op_SpecTopModule"/></StgValue>
</bind>
</comp>

<comp id="10" class="1001" name="const_10">
<pin_list>
<pin id="11" dir="1" index="0" bw="1" slack="2147483647"/>
</pin_list>
<bind>
<StgValue><ssdm name="feature_extractor_str"/></StgValue>
</bind>
</comp>

<comp id="12" class="1001" name="const_12">
<pin_list>
<pin id="13" dir="1" index="0" bw="1" slack="0"/>
</pin_list>
<bind>
<StgValue><ssdm name=""/></StgValue>
</bind>
</comp>

<comp id="14" class="1001" name="const_14">
<pin_list>
<pin id="15" dir="1" index="0" bw="1" slack="0"/>
</pin_list>
<bind>
<StgValue><ssdm name=""/></StgValue>
</bind>
</comp>

<comp id="16" class="1001" name="const_16">
<pin_list>
<pin id="17" dir="1" index="0" bw="1" slack="0"/>
</pin_list>
<bind>
<StgValue><ssdm name=""/></StgValue>
</bind>
</comp>

<comp id="18" class="1001" name="const_18">
<pin_list>
<pin id="19" dir="1" index="0" bw="1" slack="2147483647"/>
</pin_list>
<bind>
<StgValue><ssdm name="_ssdm_op_SpecLoopTripCount"/></StgValue>
</bind>
</comp>

<comp id="20" class="1001" name="const_20">
<pin_list>
<pin id="21" dir="1" index="0" bw="1" slack="2147483647"/>
</pin_list>
<bind>
<StgValue><ssdm name=""/></StgValue>
</bind>
</comp>

<comp id="22" class="1001" name="const_22">
<pin_list>
<pin id="23" dir="1" index="0" bw="1" slack="0"/>
</pin_list>
<bind>
<StgValue><ssdm name=""/></StgValue>
</bind>
</comp>

<comp id="24" class="1001" name="const_24">
<pin_list>
<pin id="25" dir="1" index="0" bw="1" slack="0"/>
</pin_list>
<bind>
<StgValue><ssdm name="feature_extractor_convolve"/></StgValue>
</bind>
</comp>

<comp id="26" class="1001" name="const_26">
<pin_list>
<pin id="27" dir="1" index="0" bw="1" slack="2147483647"/>
</pin_list>
<bind>
<StgValue><ssdm name="_ssdm_op_SpecLoopName"/></StgValue>
</bind>
</comp>

<comp id="28" class="1001" name="const_28">
<pin_list>
<pin id="29" dir="1" index="0" bw="1" slack="2147483647"/>
</pin_list>
<bind>
<StgValue><ssdm name="p_str"/></StgValue>
</bind>
</comp>

<comp id="30" class="1001" name="const_30">
<pin_list>
<pin id="31" dir="1" index="0" bw="1" slack="2147483647"/>
</pin_list>
<bind>
<StgValue><ssdm name="p_str1"/></StgValue>
</bind>
</comp>

<comp id="32" class="1001" name="const_32">
<pin_list>
<pin id="33" dir="1" index="0" bw="1" slack="0"/>
</pin_list>
<bind>
<StgValue><ssdm name="_ssdm_op_BitConcatenate.i8.i3.i5"/></StgValue>
</bind>
</comp>

<comp id="34" class="1001" name="const_34">
<pin_list>
<pin id="35" dir="1" index="0" bw="1" slack="0"/>
</pin_list>
<bind>
<StgValue><ssdm name=""/></StgValue>
</bind>
</comp>

<comp id="36" class="1001" name="const_36">
<pin_list>
<pin id="37" dir="1" index="0" bw="1" slack="0"/>
</pin_list>
<bind>
<StgValue><ssdm name="_ssdm_op_BitConcatenate.i6.i3.i3"/></StgValue>
</bind>
</comp>

<comp id="38" class="1001" name="const_38">
<pin_list>
<pin id="39" dir="1" index="0" bw="1" slack="0"/>
</pin_list>
<bind>
<StgValue><ssdm name=""/></StgValue>
</bind>
</comp>

<comp id="40" class="1001" name="const_40">
<pin_list>
<pin id="41" dir="1" index="0" bw="1" slack="2147483647"/>
</pin_list>
<bind>
<StgValue><ssdm name=""/></StgValue>
</bind>
</comp>

<comp id="42" class="1001" name="const_42">
<pin_list>
<pin id="43" dir="1" index="0" bw="1" slack="0"/>
</pin_list>
<bind>
<StgValue><ssdm name=""/></StgValue>
</bind>
</comp>

<comp id="44" class="1001" name="const_44">
<pin_list>
<pin id="45" dir="1" index="0" bw="1" slack="0"/>
</pin_list>
<bind>
<StgValue><ssdm name="_ssdm_op_BitConcatenate.i15.i10.i5"/></StgValue>
</bind>
</comp>

<comp id="46" class="1001" name="const_46">
<pin_list>
<pin id="47" dir="1" index="0" bw="1" slack="0"/>
</pin_list>
<bind>
<StgValue><ssdm name="_ssdm_op_BitConcatenate.i13.i10.i3"/></StgValue>
</bind>
</comp>

<comp id="48" class="1001" name="const_48">
<pin_list>
<pin id="49" dir="1" index="0" bw="1" slack="0"/>
</pin_list>
<bind>
<StgValue><ssdm name=""/></StgValue>
</bind>
</comp>

<comp id="50" class="1001" name="const_50">
<pin_list>
<pin id="51" dir="1" index="0" bw="1" slack="0"/>
</pin_list>
<bind>
<StgValue><ssdm name=""/></StgValue>
</bind>
</comp>

<comp id="52" class="1001" name="const_52">
<pin_list>
<pin id="53" dir="1" index="0" bw="1" slack="0"/>
</pin_list>
<bind>
<StgValue><ssdm name="llvm.exp.f64"/></StgValue>
</bind>
</comp>

<comp id="54" class="1001" name="const_54">
<pin_list>
<pin id="55" dir="1" index="0" bw="1" slack="0"/>
</pin_list>
<bind>
<StgValue><ssdm name="_ssdm_op_BitSelect.i1.i64.i32"/></StgValue>
</bind>
</comp>

<comp id="56" class="1001" name="const_56">
<pin_list>
<pin id="57" dir="1" index="0" bw="1" slack="0"/>
</pin_list>
<bind>
<StgValue><ssdm name=""/></StgValue>
</bind>
</comp>

<comp id="58" class="1001" name="const_58">
<pin_list>
<pin id="59" dir="1" index="0" bw="1" slack="0"/>
</pin_list>
<bind>
<StgValue><ssdm name="_ssdm_op_PartSelect.i11.i64.i32.i32"/></StgValue>
</bind>
</comp>

<comp id="60" class="1001" name="const_60">
<pin_list>
<pin id="61" dir="1" index="0" bw="1" slack="0"/>
</pin_list>
<bind>
<StgValue><ssdm name=""/></StgValue>
</bind>
</comp>

<comp id="62" class="1001" name="const_62">
<pin_list>
<pin id="63" dir="1" index="0" bw="1" slack="0"/>
</pin_list>
<bind>
<StgValue><ssdm name=""/></StgValue>
</bind>
</comp>

<comp id="64" class="1001" name="const_64">
<pin_list>
<pin id="65" dir="1" index="0" bw="1" slack="0"/>
</pin_list>
<bind>
<StgValue><ssdm name="_ssdm_op_BitConcatenate.i53.i1.i52"/></StgValue>
</bind>
</comp>

<comp id="66" class="1001" name="const_66">
<pin_list>
<pin id="67" dir="1" index="0" bw="1" slack="0"/>
</pin_list>
<bind>
<StgValue><ssdm name=""/></StgValue>
</bind>
</comp>

<comp id="68" class="1001" name="const_68">
<pin_list>
<pin id="69" dir="1" index="0" bw="1" slack="0"/>
</pin_list>
<bind>
<StgValue><ssdm name=""/></StgValue>
</bind>
</comp>

<comp id="70" class="1001" name="const_70">
<pin_list>
<pin id="71" dir="1" index="0" bw="1" slack="0"/>
</pin_list>
<bind>
<StgValue><ssdm name="_ssdm_op_BitSelect.i1.i12.i32"/></StgValue>
</bind>
</comp>

<comp id="72" class="1001" name="const_72">
<pin_list>
<pin id="73" dir="1" index="0" bw="1" slack="0"/>
</pin_list>
<bind>
<StgValue><ssdm name=""/></StgValue>
</bind>
</comp>

<comp id="74" class="1001" name="const_74">
<pin_list>
<pin id="75" dir="1" index="0" bw="1" slack="0"/>
</pin_list>
<bind>
<StgValue><ssdm name=""/></StgValue>
</bind>
</comp>

<comp id="76" class="1001" name="const_76">
<pin_list>
<pin id="77" dir="1" index="0" bw="1" slack="0"/>
</pin_list>
<bind>
<StgValue><ssdm name="_ssdm_op_BitSelect.i1.i53.i32"/></StgValue>
</bind>
</comp>

<comp id="78" class="1001" name="const_78">
<pin_list>
<pin id="79" dir="1" index="0" bw="1" slack="0"/>
</pin_list>
<bind>
<StgValue><ssdm name="_ssdm_op_PartSelect.i32.i136.i32.i32"/></StgValue>
</bind>
</comp>

<comp id="80" class="1001" name="const_80">
<pin_list>
<pin id="81" dir="1" index="0" bw="1" slack="0"/>
</pin_list>
<bind>
<StgValue><ssdm name=""/></StgValue>
</bind>
</comp>

<comp id="82" class="1001" name="const_82">
<pin_list>
<pin id="83" dir="1" index="0" bw="1" slack="0"/>
</pin_list>
<bind>
<StgValue><ssdm name=""/></StgValue>
</bind>
</comp>

<comp id="84" class="1001" name="const_84">
<pin_list>
<pin id="85" dir="1" index="0" bw="1" slack="0"/>
</pin_list>
<bind>
<StgValue><ssdm name=""/></StgValue>
</bind>
</comp>

<comp id="86" class="1001" name="const_86">
<pin_list>
<pin id="87" dir="1" index="0" bw="1" slack="0"/>
</pin_list>
<bind>
<StgValue><ssdm name="feature_extractor_maxpool"/></StgValue>
</bind>
</comp>

<comp id="88" class="1001" name="const_88">
<pin_list>
<pin id="89" dir="1" index="0" bw="1" slack="2147483647"/>
</pin_list>
<bind>
<StgValue><ssdm name="p_str2"/></StgValue>
</bind>
</comp>

<comp id="90" class="1004" name="C_alloca_fu_90">
<pin_list>
<pin id="91" dir="0" index="0" bw="1" slack="0"/>
<pin id="92" dir="1" index="1" bw="32" slack="2147483647"/>
</pin_list>
<bind>
<opcode="alloca(26) " fcode="alloca"/>
<opset="C/1 "/>
</bind>
</comp>

<comp id="94" class="1004" name="S_alloca_fu_94">
<pin_list>
<pin id="95" dir="0" index="0" bw="1" slack="0"/>
<pin id="96" dir="1" index="1" bw="32" slack="2147483647"/>
</pin_list>
<bind>
<opcode="alloca(26) " fcode="alloca"/>
<opset="S/1 "/>
</bind>
</comp>

<comp id="98" class="1004" name="C_addr_gep_fu_98">
<pin_list>
<pin id="99" dir="0" index="0" bw="32" slack="2147483647"/>
<pin id="100" dir="0" index="1" bw="1" slack="0"/>
<pin id="101" dir="0" index="2" bw="18" slack="0"/>
<pin id="102" dir="1" index="3" bw="12" slack="0"/>
</pin_list>
<bind>
<opcode="getelementptr(29) " fcode="getelementptr"/>
<opset="C_addr/6 "/>
</bind>
</comp>

<comp id="104" class="1004" name="grp_access_fu_104">
<pin_list>
<pin id="105" dir="0" index="0" bw="12" slack="0"/>
<pin id="106" dir="0" index="1" bw="32" slack="2147483647"/>
<pin id="107" dir="1" index="2" bw="32" slack="1"/>
</pin_list>
<bind>
<opcode="load(27) " fcode="load"/>
<opset="C_load/6 "/>
</bind>
</comp>

<comp id="109" class="1004" name="S_addr_gep_fu_109">
<pin_list>
<pin id="110" dir="0" index="0" bw="32" slack="2147483647"/>
<pin id="111" dir="0" index="1" bw="1" slack="0"/>
<pin id="112" dir="0" index="2" bw="18" slack="36"/>
<pin id="113" dir="1" index="3" bw="12" slack="0"/>
</pin_list>
<bind>
<opcode="getelementptr(29) " fcode="getelementptr"/>
<opset="S_addr/37 "/>
</bind>
</comp>

<comp id="115" class="1004" name="stg_148_access_fu_115">
<pin_list>
<pin id="116" dir="0" index="0" bw="12" slack="0"/>
<pin id="117" dir="0" index="1" bw="32" slack="1"/>
<pin id="118" dir="1" index="2" bw="32" slack="2147483647"/>
</pin_list>
<bind>
<opcode="store(28) " fcode="store"/>
<opset="stg_148/37 "/>
</bind>
</comp>

<comp id="120" class="1005" name="i_reg_120">
<pin_list>
<pin id="121" dir="0" index="0" bw="3" slack="1"/>
<pin id="122" dir="1" index="1" bw="3" slack="1"/>
</pin_list>
<bind>
<opset="i (phireg) "/>
</bind>
</comp>

<comp id="124" class="1004" name="i_phi_fu_124">
<pin_list>
<pin id="125" dir="0" index="0" bw="1" slack="1"/>
<pin id="126" dir="0" index="1" bw="0" slack="2147483647"/>
<pin id="127" dir="0" index="2" bw="3" slack="0"/>
<pin id="128" dir="0" index="3" bw="0" slack="2147483647"/>
<pin id="129" dir="1" index="4" bw="3" slack="0"/>
</pin_list>
<bind>
<opcode="phi(47) " fcode="phi"/>
<opset="i/2 "/>
</bind>
</comp>

<comp id="132" class="1005" name="j_reg_132">
<pin_list>
<pin id="133" dir="0" index="0" bw="3" slack="1"/>
<pin id="134" dir="1" index="1" bw="3" slack="1"/>
</pin_list>
<bind>
<opset="j (phireg) "/>
</bind>
</comp>

<comp id="136" class="1004" name="j_phi_fu_136">
<pin_list>
<pin id="137" dir="0" index="0" bw="1" slack="1"/>
<pin id="138" dir="0" index="1" bw="0" slack="2147483647"/>
<pin id="139" dir="0" index="2" bw="3" slack="0"/>
<pin id="140" dir="0" index="3" bw="0" slack="2147483647"/>
<pin id="141" dir="1" index="4" bw="3" slack="0"/>
</pin_list>
<bind>
<opcode="phi(47) " fcode="phi"/>
<opset="j/4 "/>
</bind>
</comp>

<comp id="143" class="1005" name="i_i_reg_143">
<pin_list>
<pin id="144" dir="0" index="0" bw="5" slack="1"/>
<pin id="145" dir="1" index="1" bw="5" slack="1"/>
</pin_list>
<bind>
<opset="i_i (phireg) "/>
</bind>
</comp>

<comp id="147" class="1004" name="i_i_phi_fu_147">
<pin_list>
<pin id="148" dir="0" index="0" bw="1" slack="1"/>
<pin id="149" dir="0" index="1" bw="0" slack="2147483647"/>
<pin id="150" dir="0" index="2" bw="5" slack="0"/>
<pin id="151" dir="0" index="3" bw="0" slack="2147483647"/>
<pin id="152" dir="1" index="4" bw="5" slack="0"/>
</pin_list>
<bind>
<opcode="phi(47) " fcode="phi"/>
<opset="i_i/5 "/>
</bind>
</comp>

<comp id="154" class="1005" name="j_i_reg_154">
<pin_list>
<pin id="155" dir="0" index="0" bw="5" slack="1"/>
<pin id="156" dir="1" index="1" bw="5" slack="1"/>
</pin_list>
<bind>
<opset="j_i (phireg) "/>
</bind>
</comp>

<comp id="158" class="1004" name="j_i_phi_fu_158">
<pin_list>
<pin id="159" dir="0" index="0" bw="5" slack="0"/>
<pin id="160" dir="0" index="1" bw="0" slack="2147483647"/>
<pin id="161" dir="0" index="2" bw="1" slack="1"/>
<pin id="162" dir="0" index="3" bw="0" slack="2147483647"/>
<pin id="163" dir="1" index="4" bw="5" slack="0"/>
</pin_list>
<bind>
<opcode="phi(47) " fcode="phi"/>
<opset="j_i/6 "/>
</bind>
</comp>

<comp id="165" class="1005" name="k_reg_165">
<pin_list>
<pin id="166" dir="0" index="0" bw="3" slack="1"/>
<pin id="167" dir="1" index="1" bw="3" slack="1"/>
</pin_list>
<bind>
<opset="k (phireg) "/>
</bind>
</comp>

<comp id="169" class="1004" name="k_phi_fu_169">
<pin_list>
<pin id="170" dir="0" index="0" bw="3" slack="0"/>
<pin id="171" dir="0" index="1" bw="0" slack="2147483647"/>
<pin id="172" dir="0" index="2" bw="1" slack="1"/>
<pin id="173" dir="0" index="3" bw="0" slack="2147483647"/>
<pin id="174" dir="1" index="4" bw="3" slack="0"/>
</pin_list>
<bind>
<opcode="phi(47) " fcode="phi"/>
<opset="k/38 "/>
</bind>
</comp>

<comp id="177" class="1004" name="grp_feature_extractor_convolve_fu_177">
<pin_list>
<pin id="178" dir="0" index="0" bw="0" slack="0"/>
<pin id="179" dir="0" index="1" bw="32" slack="0"/>
<pin id="180" dir="0" index="2" bw="32" slack="0"/>
<pin id="181" dir="0" index="3" bw="3" slack="0"/>
<pin id="182" dir="0" index="4" bw="32" slack="2147483647"/>
<pin id="183" dir="0" index="5" bw="3" slack="0"/>
<pin id="184" dir="1" index="6" bw="0" slack="2147483647"/>
</pin_list>
<bind>
<opcode="call(48) " fcode="call"/>
<opset="stg_52/2 "/>
</bind>
</comp>

<comp id="190" class="1004" name="grp_feature_extractor_maxpool_fu_190">
<pin_list>
<pin id="191" dir="0" index="0" bw="0" slack="0"/>
<pin id="192" dir="0" index="1" bw="32" slack="2147483647"/>
<pin id="193" dir="0" index="2" bw="3" slack="0"/>
<pin id="194" dir="0" index="3" bw="32" slack="0"/>
<pin id="195" dir="0" index="4" bw="3" slack="0"/>
<pin id="196" dir="1" index="5" bw="0" slack="2147483647"/>
</pin_list>
<bind>
<opcode="call(48) " fcode="call"/>
<opset="stg_155/38 "/>
</bind>
</comp>

<comp id="201" class="1004" name="grp_fu_201">
<pin_list>
<pin id="202" dir="0" index="0" bw="32" slack="1"/>
<pin id="203" dir="1" index="1" bw="32" slack="1"/>
</pin_list>
<bind>
<opcode="sitofp(39) " fcode="sitofp"/>
<opset="tmp_15_i/31 "/>
</bind>
</comp>

<comp id="204" class="1004" name="tmp_11_i_fu_204">
<pin_list>
<pin id="205" dir="0" index="0" bw="32" slack="0"/>
<pin id="206" dir="1" index="1" bw="64" slack="1"/>
</pin_list>
<bind>
<opcode="fpext(41) " fcode="fpext"/>
<opset="tmp_11_i/8 "/>
</bind>
</comp>

<comp id="207" class="1004" name="grp_fu_207">
<pin_list>
<pin id="208" dir="0" index="0" bw="64" slack="0"/>
<pin id="209" dir="0" index="1" bw="64" slack="1"/>
<pin id="210" dir="1" index="2" bw="64" slack="1"/>
</pin_list>
<bind>
<opcode="dexp(522) " fcode="dexp"/>
<opset="x_assign/9 "/>
</bind>
</comp>

<comp id="212" class="1004" name="exitcond2_fu_212">
<pin_list>
<pin id="213" dir="0" index="0" bw="3" slack="0"/>
<pin id="214" dir="0" index="1" bw="2" slack="0"/>
<pin id="215" dir="1" index="2" bw="1" slack="2147483647"/>
</pin_list>
<bind>
<opcode="icmp(45) " fcode="icmp"/>
<opset="exitcond2/2 "/>
</bind>
</comp>

<comp id="218" class="1004" name="i_1_fu_218">
<pin_list>
<pin id="219" dir="0" index="0" bw="3" slack="0"/>
<pin id="220" dir="0" index="1" bw="1" slack="0"/>
<pin id="221" dir="1" index="2" bw="3" slack="0"/>
</pin_list>
<bind>
<opcode="add(8) " fcode="add"/>
<opset="i_1/2 "/>
</bind>
</comp>

<comp id="224" class="1004" name="exitcond1_fu_224">
<pin_list>
<pin id="225" dir="0" index="0" bw="3" slack="0"/>
<pin id="226" dir="0" index="1" bw="2" slack="0"/>
<pin id="227" dir="1" index="2" bw="1" slack="2147483647"/>
</pin_list>
<bind>
<opcode="icmp(45) " fcode="icmp"/>
<opset="exitcond1/4 "/>
</bind>
</comp>

<comp id="230" class="1004" name="j_1_fu_230">
<pin_list>
<pin id="231" dir="0" index="0" bw="3" slack="0"/>
<pin id="232" dir="0" index="1" bw="1" slack="0"/>
<pin id="233" dir="1" index="2" bw="3" slack="0"/>
</pin_list>
<bind>
<opcode="add(8) " fcode="add"/>
<opset="j_1/4 "/>
</bind>
</comp>

<comp id="236" class="1004" name="tmp_fu_236">
<pin_list>
<pin id="237" dir="0" index="0" bw="8" slack="0"/>
<pin id="238" dir="0" index="1" bw="3" slack="0"/>
<pin id="239" dir="0" index="2" bw="1" slack="0"/>
<pin id="240" dir="1" index="3" bw="8" slack="0"/>
</pin_list>
<bind>
<opcode="bitconcatenate(1004) " fcode="bitconcatenate"/>
<opset="tmp/4 "/>
</bind>
</comp>

<comp id="244" class="1004" name="p_shl_cast_fu_244">
<pin_list>
<pin id="245" dir="0" index="0" bw="8" slack="0"/>
<pin id="246" dir="1" index="1" bw="9" slack="0"/>
</pin_list>
<bind>
<opcode="zext(34) " fcode="zext"/>
<opset="p_shl_cast/4 "/>
</bind>
</comp>

<comp id="248" class="1004" name="tmp_1_fu_248">
<pin_list>
<pin id="249" dir="0" index="0" bw="6" slack="0"/>
<pin id="250" dir="0" index="1" bw="3" slack="0"/>
<pin id="251" dir="0" index="2" bw="1" slack="0"/>
<pin id="252" dir="1" index="3" bw="6" slack="0"/>
</pin_list>
<bind>
<opcode="bitconcatenate(1004) " fcode="bitconcatenate"/>
<opset="tmp_1/4 "/>
</bind>
</comp>

<comp id="256" class="1004" name="p_shl1_cast_fu_256">
<pin_list>
<pin id="257" dir="0" index="0" bw="6" slack="0"/>
<pin id="258" dir="1" index="1" bw="9" slack="0"/>
</pin_list>
<bind>
<opcode="zext(34) " fcode="zext"/>
<opset="p_shl1_cast/4 "/>
</bind>
</comp>

<comp id="260" class="1004" name="p_addr_fu_260">
<pin_list>
<pin id="261" dir="0" index="0" bw="8" slack="0"/>
<pin id="262" dir="0" index="1" bw="6" slack="0"/>
<pin id="263" dir="1" index="2" bw="9" slack="0"/>
</pin_list>
<bind>
<opcode="sub(10) " fcode="sub"/>
<opset="p_addr/4 "/>
</bind>
</comp>

<comp id="266" class="1004" name="p_addr_cast_fu_266">
<pin_list>
<pin id="267" dir="0" index="0" bw="9" slack="0"/>
<pin id="268" dir="1" index="1" bw="10" slack="1"/>
</pin_list>
<bind>
<opcode="sext(35) " fcode="sext"/>
<opset="p_addr_cast/4 "/>
</bind>
</comp>

<comp id="270" class="1004" name="exitcond1_i_fu_270">
<pin_list>
<pin id="271" dir="0" index="0" bw="5" slack="0"/>
<pin id="272" dir="0" index="1" bw="4" slack="0"/>
<pin id="273" dir="1" index="2" bw="1" slack="2147483647"/>
</pin_list>
<bind>
<opcode="icmp(45) " fcode="icmp"/>
<opset="exitcond1_i/5 "/>
</bind>
</comp>

<comp id="276" class="1004" name="i_2_fu_276">
<pin_list>
<pin id="277" dir="0" index="0" bw="5" slack="0"/>
<pin id="278" dir="0" index="1" bw="1" slack="0"/>
<pin id="279" dir="1" index="2" bw="5" slack="0"/>
</pin_list>
<bind>
<opcode="add(8) " fcode="add"/>
<opset="i_2/5 "/>
</bind>
</comp>

<comp id="282" class="1004" name="tmp_i_trn_cast_fu_282">
<pin_list>
<pin id="283" dir="0" index="0" bw="5" slack="0"/>
<pin id="284" dir="1" index="1" bw="10" slack="0"/>
</pin_list>
<bind>
<opcode="zext(34) " fcode="zext"/>
<opset="tmp_i_trn_cast/5 "/>
</bind>
</comp>

<comp id="286" class="1004" name="p_addr1_fu_286">
<pin_list>
<pin id="287" dir="0" index="0" bw="9" slack="1"/>
<pin id="288" dir="0" index="1" bw="5" slack="0"/>
<pin id="289" dir="1" index="2" bw="10" slack="0"/>
</pin_list>
<bind>
<opcode="add(8) " fcode="add"/>
<opset="p_addr1/5 "/>
</bind>
</comp>

<comp id="291" class="1004" name="tmp_2_fu_291">
<pin_list>
<pin id="292" dir="0" index="0" bw="15" slack="0"/>
<pin id="293" dir="0" index="1" bw="10" slack="0"/>
<pin id="294" dir="0" index="2" bw="1" slack="0"/>
<pin id="295" dir="1" index="3" bw="15" slack="0"/>
</pin_list>
<bind>
<opcode="bitconcatenate(1004) " fcode="bitconcatenate"/>
<opset="tmp_2/5 "/>
</bind>
</comp>

<comp id="299" class="1004" name="p_shl2_fu_299">
<pin_list>
<pin id="300" dir="0" index="0" bw="15" slack="0"/>
<pin id="301" dir="1" index="1" bw="32" slack="0"/>
</pin_list>
<bind>
<opcode="sext(35) " fcode="sext"/>
<opset="p_shl2/5 "/>
</bind>
</comp>

<comp id="303" class="1004" name="tmp_3_fu_303">
<pin_list>
<pin id="304" dir="0" index="0" bw="13" slack="0"/>
<pin id="305" dir="0" index="1" bw="10" slack="0"/>
<pin id="306" dir="0" index="2" bw="1" slack="0"/>
<pin id="307" dir="1" index="3" bw="13" slack="0"/>
</pin_list>
<bind>
<opcode="bitconcatenate(1004) " fcode="bitconcatenate"/>
<opset="tmp_3/5 "/>
</bind>
</comp>

<comp id="311" class="1004" name="p_shl3_fu_311">
<pin_list>
<pin id="312" dir="0" index="0" bw="13" slack="0"/>
<pin id="313" dir="1" index="1" bw="32" slack="0"/>
</pin_list>
<bind>
<opcode="sext(35) " fcode="sext"/>
<opset="p_shl3/5 "/>
</bind>
</comp>

<comp id="315" class="1004" name="p_addr2_fu_315">
<pin_list>
<pin id="316" dir="0" index="0" bw="15" slack="0"/>
<pin id="317" dir="0" index="1" bw="13" slack="0"/>
<pin id="318" dir="1" index="2" bw="32" slack="1"/>
</pin_list>
<bind>
<opcode="sub(10) " fcode="sub"/>
<opset="p_addr2/5 "/>
</bind>
</comp>

<comp id="321" class="1004" name="exitcond_i_fu_321">
<pin_list>
<pin id="322" dir="0" index="0" bw="5" slack="0"/>
<pin id="323" dir="0" index="1" bw="4" slack="0"/>
<pin id="324" dir="1" index="2" bw="1" slack="2147483647"/>
</pin_list>
<bind>
<opcode="icmp(45) " fcode="icmp"/>
<opset="exitcond_i/6 "/>
</bind>
</comp>

<comp id="327" class="1004" name="j_2_fu_327">
<pin_list>
<pin id="328" dir="0" index="0" bw="5" slack="0"/>
<pin id="329" dir="0" index="1" bw="1" slack="0"/>
<pin id="330" dir="1" index="2" bw="5" slack="0"/>
</pin_list>
<bind>
<opcode="add(8) " fcode="add"/>
<opset="j_2/6 "/>
</bind>
</comp>

<comp id="333" class="1004" name="tmp_i_trn_fu_333">
<pin_list>
<pin id="334" dir="0" index="0" bw="5" slack="0"/>
<pin id="335" dir="1" index="1" bw="32" slack="0"/>
</pin_list>
<bind>
<opcode="zext(34) " fcode="zext"/>
<opset="tmp_i_trn/6 "/>
</bind>
</comp>

<comp id="337" class="1004" name="p_addr3_fu_337">
<pin_list>
<pin id="338" dir="0" index="0" bw="5" slack="0"/>
<pin id="339" dir="0" index="1" bw="16" slack="1"/>
<pin id="340" dir="1" index="2" bw="32" slack="0"/>
</pin_list>
<bind>
<opcode="add(8) " fcode="add"/>
<opset="p_addr3/6 "/>
</bind>
</comp>

<comp id="342" class="1004" name="tmp_5_fu_342">
<pin_list>
<pin id="343" dir="0" index="0" bw="18" slack="0"/>
<pin id="344" dir="1" index="1" bw="64" slack="0"/>
</pin_list>
<bind>
<opcode="zext(34) " fcode="zext"/>
<opset="tmp_5/6 "/>
</bind>
</comp>

<comp id="347" class="1004" name="tmp_12_to_int_i_fu_347">
<pin_list>
<pin id="348" dir="0" index="0" bw="32" slack="1"/>
<pin id="349" dir="1" index="1" bw="32" slack="0"/>
</pin_list>
<bind>
<opcode="bitcast(44) " fcode="bitcast"/>
<opset="tmp_12_to_int_i/8 "/>
</bind>
</comp>

<comp id="350" class="1004" name="tmp_12_neg_i_fu_350">
<pin_list>
<pin id="351" dir="0" index="0" bw="32" slack="0"/>
<pin id="352" dir="0" index="1" bw="32" slack="0"/>
<pin id="353" dir="1" index="2" bw="32" slack="0"/>
</pin_list>
<bind>
<opcode="xor(25) " fcode="xor"/>
<opset="tmp_12_neg_i/8 "/>
</bind>
</comp>

<comp id="356" class="1004" name="tmp_10_i_fu_356">
<pin_list>
<pin id="357" dir="0" index="0" bw="32" slack="0"/>
<pin id="358" dir="1" index="1" bw="32" slack="0"/>
</pin_list>
<bind>
<opcode="bitcast(44) " fcode="bitcast"/>
<opset="tmp_10_i/8 "/>
</bind>
</comp>

<comp id="361" class="1004" name="p_Val2_1_fu_361">
<pin_list>
<pin id="362" dir="0" index="0" bw="64" slack="1"/>
<pin id="363" dir="1" index="1" bw="64" slack="0"/>
</pin_list>
<bind>
<opcode="bitcast(44) " fcode="bitcast"/>
<opset="p_Val2_1/27 "/>
</bind>
</comp>

<comp id="364" class="1004" name="p_Result_s_fu_364">
<pin_list>
<pin id="365" dir="0" index="0" bw="1" slack="0"/>
<pin id="366" dir="0" index="1" bw="64" slack="0"/>
<pin id="367" dir="0" index="2" bw="7" slack="0"/>
<pin id="368" dir="1" index="3" bw="1" slack="1"/>
</pin_list>
<bind>
<opcode="bitselect(1000) " fcode="bitselect"/>
<opset="p_Result_s/27 "/>
</bind>
</comp>

<comp id="372" class="1004" name="loc_V_fu_372">
<pin_list>
<pin id="373" dir="0" index="0" bw="11" slack="0"/>
<pin id="374" dir="0" index="1" bw="64" slack="0"/>
<pin id="375" dir="0" index="2" bw="7" slack="0"/>
<pin id="376" dir="0" index="3" bw="7" slack="0"/>
<pin id="377" dir="1" index="4" bw="11" slack="0"/>
</pin_list>
<bind>
<opcode="partselect(1002) " fcode="partselect"/>
<opset="loc_V/27 "/>
</bind>
</comp>

<comp id="382" class="1004" name="loc_V_1_fu_382">
<pin_list>
<pin id="383" dir="0" index="0" bw="64" slack="0"/>
<pin id="384" dir="1" index="1" bw="52" slack="0"/>
</pin_list>
<bind>
<opcode="trunc(33) " fcode="trunc"/>
<opset="loc_V_1/27 "/>
</bind>
</comp>

<comp id="386" class="1004" name="p_Result_1_fu_386">
<pin_list>
<pin id="387" dir="0" index="0" bw="53" slack="0"/>
<pin id="388" dir="0" index="1" bw="1" slack="0"/>
<pin id="389" dir="0" index="2" bw="52" slack="0"/>
<pin id="390" dir="1" index="3" bw="53" slack="0"/>
</pin_list>
<bind>
<opcode="bitconcatenate(1004) " fcode="bitconcatenate"/>
<opset="p_Result_1/27 "/>
</bind>
</comp>

<comp id="394" class="1004" name="tmp_i_i_i_fu_394">
<pin_list>
<pin id="395" dir="0" index="0" bw="53" slack="0"/>
<pin id="396" dir="1" index="1" bw="136" slack="0"/>
</pin_list>
<bind>
<opcode="zext(34) " fcode="zext"/>
<opset="tmp_i_i_i/27 "/>
</bind>
</comp>

<comp id="398" class="1004" name="tmp_i_i_i_i_cast2_fu_398">
<pin_list>
<pin id="399" dir="0" index="0" bw="11" slack="0"/>
<pin id="400" dir="1" index="1" bw="12" slack="0"/>
</pin_list>
<bind>
<opcode="zext(34) " fcode="zext"/>
<opset="tmp_i_i_i_i_cast2/27 "/>
</bind>
</comp>

<comp id="402" class="1004" name="sh_assign_fu_402">
<pin_list>
<pin id="403" dir="0" index="0" bw="11" slack="0"/>
<pin id="404" dir="0" index="1" bw="11" slack="0"/>
<pin id="405" dir="1" index="2" bw="12" slack="0"/>
</pin_list>
<bind>
<opcode="add(8) " fcode="add"/>
<opset="sh_assign/27 "/>
</bind>
</comp>

<comp id="408" class="1004" name="isNeg_fu_408">
<pin_list>
<pin id="409" dir="0" index="0" bw="1" slack="0"/>
<pin id="410" dir="0" index="1" bw="12" slack="0"/>
<pin id="411" dir="0" index="2" bw="5" slack="0"/>
<pin id="412" dir="1" index="3" bw="1" slack="0"/>
</pin_list>
<bind>
<opcode="bitselect(1000) " fcode="bitselect"/>
<opset="isNeg/27 "/>
</bind>
</comp>

<comp id="416" class="1004" name="tmp_i_i_i_14_fu_416">
<pin_list>
<pin id="417" dir="0" index="0" bw="11" slack="0"/>
<pin id="418" dir="0" index="1" bw="11" slack="0"/>
<pin id="419" dir="1" index="2" bw="11" slack="0"/>
</pin_list>
<bind>
<opcode="sub(10) " fcode="sub"/>
<opset="tmp_i_i_i_14/27 "/>
</bind>
</comp>

<comp id="422" class="1004" name="tmp_i_i_i_cast_fu_422">
<pin_list>
<pin id="423" dir="0" index="0" bw="11" slack="0"/>
<pin id="424" dir="1" index="1" bw="12" slack="0"/>
</pin_list>
<bind>
<opcode="sext(35) " fcode="sext"/>
<opset="tmp_i_i_i_cast/27 "/>
</bind>
</comp>

<comp id="426" class="1004" name="sh_assign_1_fu_426">
<pin_list>
<pin id="427" dir="0" index="0" bw="1" slack="0"/>
<pin id="428" dir="0" index="1" bw="11" slack="0"/>
<pin id="429" dir="0" index="2" bw="12" slack="0"/>
<pin id="430" dir="1" index="3" bw="12" slack="0"/>
</pin_list>
<bind>
<opcode="select(49) " fcode="select"/>
<opset="sh_assign_1/27 "/>
</bind>
</comp>

<comp id="434" class="1004" name="sh_assign_2_i_cast_fu_434">
<pin_list>
<pin id="435" dir="0" index="0" bw="12" slack="0"/>
<pin id="436" dir="1" index="1" bw="32" slack="0"/>
</pin_list>
<bind>
<opcode="sext(35) " fcode="sext"/>
<opset="sh_assign_2_i_cast/27 "/>
</bind>
</comp>

<comp id="438" class="1004" name="tmp_9_i_i_i_fu_438">
<pin_list>
<pin id="439" dir="0" index="0" bw="12" slack="0"/>
<pin id="440" dir="1" index="1" bw="136" slack="0"/>
</pin_list>
<bind>
<opcode="zext(34) " fcode="zext"/>
<opset="tmp_9_i_i_i/27 "/>
</bind>
</comp>

<comp id="442" class="1004" name="tmp_9_i_i_i_cast_fu_442">
<pin_list>
<pin id="443" dir="0" index="0" bw="12" slack="0"/>
<pin id="444" dir="1" index="1" bw="53" slack="0"/>
</pin_list>
<bind>
<opcode="zext(34) " fcode="zext"/>
<opset="tmp_9_i_i_i_cast/27 "/>
</bind>
</comp>

<comp id="446" class="1004" name="tmp_10_i_i_i_fu_446">
<pin_list>
<pin id="447" dir="0" index="0" bw="53" slack="0"/>
<pin id="448" dir="0" index="1" bw="32" slack="0"/>
<pin id="449" dir="1" index="2" bw="53" slack="0"/>
</pin_list>
<bind>
<opcode="lshr(21) " fcode="lshr"/>
<opset="tmp_10_i_i_i/27 "/>
</bind>
</comp>

<comp id="452" class="1004" name="tmp_12_i_i_i_fu_452">
<pin_list>
<pin id="453" dir="0" index="0" bw="53" slack="0"/>
<pin id="454" dir="0" index="1" bw="32" slack="0"/>
<pin id="455" dir="1" index="2" bw="136" slack="0"/>
</pin_list>
<bind>
<opcode="shl(20) " fcode="shl"/>
<opset="tmp_12_i_i_i/27 "/>
</bind>
</comp>

<comp id="458" class="1004" name="tmp_10_fu_458">
<pin_list>
<pin id="459" dir="0" index="0" bw="1" slack="0"/>
<pin id="460" dir="0" index="1" bw="53" slack="0"/>
<pin id="461" dir="0" index="2" bw="7" slack="0"/>
<pin id="462" dir="1" index="3" bw="1" slack="0"/>
</pin_list>
<bind>
<opcode="bitselect(1000) " fcode="bitselect"/>
<opset="tmp_10/27 "/>
</bind>
</comp>

<comp id="466" class="1004" name="tmp_7_fu_466">
<pin_list>
<pin id="467" dir="0" index="0" bw="1" slack="0"/>
<pin id="468" dir="1" index="1" bw="32" slack="0"/>
</pin_list>
<bind>
<opcode="zext(34) " fcode="zext"/>
<opset="tmp_7/27 "/>
</bind>
</comp>

<comp id="470" class="1004" name="tmp_8_fu_470">
<pin_list>
<pin id="471" dir="0" index="0" bw="32" slack="0"/>
<pin id="472" dir="0" index="1" bw="136" slack="0"/>
<pin id="473" dir="0" index="2" bw="7" slack="0"/>
<pin id="474" dir="0" index="3" bw="8" slack="0"/>
<pin id="475" dir="1" index="4" bw="32" slack="0"/>
</pin_list>
<bind>
<opcode="partselect(1002) " fcode="partselect"/>
<opset="tmp_8/27 "/>
</bind>
</comp>

<comp id="480" class="1004" name="p_Val2_4_fu_480">
<pin_list>
<pin id="481" dir="0" index="0" bw="1" slack="0"/>
<pin id="482" dir="0" index="1" bw="1" slack="0"/>
<pin id="483" dir="0" index="2" bw="32" slack="0"/>
<pin id="484" dir="1" index="3" bw="32" slack="1"/>
</pin_list>
<bind>
<opcode="select(49) " fcode="select"/>
<opset="p_Val2_4/27 "/>
</bind>
</comp>

<comp id="488" class="1004" name="p_Val2_i_i_i_fu_488">
<pin_list>
<pin id="489" dir="0" index="0" bw="1" slack="0"/>
<pin id="490" dir="0" index="1" bw="32" slack="1"/>
<pin id="491" dir="1" index="2" bw="32" slack="0"/>
</pin_list>
<bind>
<opcode="sub(10) " fcode="sub"/>
<opset="p_Val2_i_i_i/28 "/>
</bind>
</comp>

<comp id="493" class="1004" name="p_Val2_s_fu_493">
<pin_list>
<pin id="494" dir="0" index="0" bw="1" slack="1"/>
<pin id="495" dir="0" index="1" bw="32" slack="0"/>
<pin id="496" dir="0" index="2" bw="32" slack="1"/>
<pin id="497" dir="1" index="3" bw="32" slack="1"/>
</pin_list>
<bind>
<opcode="select(49) " fcode="select"/>
<opset="p_Val2_s/28 "/>
</bind>
</comp>

<comp id="499" class="1004" name="tmp_13_i_fu_499">
<pin_list>
<pin id="500" dir="0" index="0" bw="1" slack="0"/>
<pin id="501" dir="0" index="1" bw="32" slack="1"/>
<pin id="502" dir="1" index="2" bw="32" slack="0"/>
</pin_list>
<bind>
<opcode="add(8) " fcode="add"/>
<opset="tmp_13_i/29 "/>
</bind>
</comp>

<comp id="504" class="1004" name="grp_fu_504">
<pin_list>
<pin id="505" dir="0" index="0" bw="3" slack="0"/>
<pin id="506" dir="0" index="1" bw="32" slack="0"/>
<pin id="507" dir="1" index="2" bw="32" slack="1"/>
</pin_list>
<bind>
<opcode="sdiv(15) " fcode="sdiv"/>
<opset="tmp_14_i/29 "/>
</bind>
</comp>

<comp id="510" class="1004" name="exitcond_fu_510">
<pin_list>
<pin id="511" dir="0" index="0" bw="3" slack="0"/>
<pin id="512" dir="0" index="1" bw="2" slack="0"/>
<pin id="513" dir="1" index="2" bw="1" slack="2147483647"/>
</pin_list>
<bind>
<opcode="icmp(45) " fcode="icmp"/>
<opset="exitcond/38 "/>
</bind>
</comp>

<comp id="516" class="1004" name="k_1_fu_516">
<pin_list>
<pin id="517" dir="0" index="0" bw="3" slack="0"/>
<pin id="518" dir="0" index="1" bw="1" slack="0"/>
<pin id="519" dir="1" index="2" bw="3" slack="0"/>
</pin_list>
<bind>
<opcode="add(8) " fcode="add"/>
<opset="k_1/38 "/>
</bind>
</comp>

<comp id="525" class="1005" name="i_1_reg_525">
<pin_list>
<pin id="526" dir="0" index="0" bw="3" slack="0"/>
<pin id="527" dir="1" index="1" bw="3" slack="0"/>
</pin_list>
<bind>
<opset="i_1 "/>
</bind>
</comp>

<comp id="533" class="1005" name="j_1_reg_533">
<pin_list>
<pin id="534" dir="0" index="0" bw="3" slack="0"/>
<pin id="535" dir="1" index="1" bw="3" slack="0"/>
</pin_list>
<bind>
<opset="j_1 "/>
</bind>
</comp>

<comp id="538" class="1005" name="p_addr_cast_reg_538">
<pin_list>
<pin id="539" dir="0" index="0" bw="10" slack="1"/>
<pin id="540" dir="1" index="1" bw="10" slack="1"/>
</pin_list>
<bind>
<opset="p_addr_cast "/>
</bind>
</comp>

<comp id="546" class="1005" name="i_2_reg_546">
<pin_list>
<pin id="547" dir="0" index="0" bw="5" slack="0"/>
<pin id="548" dir="1" index="1" bw="5" slack="0"/>
</pin_list>
<bind>
<opset="i_2 "/>
</bind>
</comp>

<comp id="551" class="1005" name="p_addr2_reg_551">
<pin_list>
<pin id="552" dir="0" index="0" bw="32" slack="1"/>
<pin id="553" dir="1" index="1" bw="32" slack="1"/>
</pin_list>
<bind>
<opset="p_addr2 "/>
</bind>
</comp>

<comp id="559" class="1005" name="j_2_reg_559">
<pin_list>
<pin id="560" dir="0" index="0" bw="5" slack="0"/>
<pin id="561" dir="1" index="1" bw="5" slack="0"/>
</pin_list>
<bind>
<opset="j_2 "/>
</bind>
</comp>

<comp id="564" class="1005" name="tmp_5_reg_564">
<pin_list>
<pin id="565" dir="0" index="0" bw="64" slack="36"/>
<pin id="566" dir="1" index="1" bw="64" slack="36"/>
</pin_list>
<bind>
<opset="tmp_5 "/>
</bind>
</comp>

<comp id="569" class="1005" name="C_addr_reg_569">
<pin_list>
<pin id="570" dir="0" index="0" bw="12" slack="1"/>
<pin id="571" dir="1" index="1" bw="12" slack="1"/>
</pin_list>
<bind>
<opset="C_addr "/>
</bind>
</comp>

<comp id="574" class="1005" name="C_load_reg_574">
<pin_list>
<pin id="575" dir="0" index="0" bw="32" slack="1"/>
<pin id="576" dir="1" index="1" bw="32" slack="1"/>
</pin_list>
<bind>
<opset="C_load "/>
</bind>
</comp>

<comp id="579" class="1005" name="tmp_11_i_reg_579">
<pin_list>
<pin id="580" dir="0" index="0" bw="64" slack="1"/>
<pin id="581" dir="1" index="1" bw="64" slack="1"/>
</pin_list>
<bind>
<opset="tmp_11_i "/>
</bind>
</comp>

<comp id="584" class="1005" name="x_assign_reg_584">
<pin_list>
<pin id="585" dir="0" index="0" bw="64" slack="1"/>
<pin id="586" dir="1" index="1" bw="64" slack="1"/>
</pin_list>
<bind>
<opset="x_assign "/>
</bind>
</comp>

<comp id="589" class="1005" name="p_Result_s_reg_589">
<pin_list>
<pin id="590" dir="0" index="0" bw="1" slack="1"/>
<pin id="591" dir="1" index="1" bw="1" slack="1"/>
</pin_list>
<bind>
<opset="p_Result_s "/>
</bind>
</comp>

<comp id="594" class="1005" name="p_Val2_4_reg_594">
<pin_list>
<pin id="595" dir="0" index="0" bw="32" slack="1"/>
<pin id="596" dir="1" index="1" bw="32" slack="1"/>
</pin_list>
<bind>
<opset="p_Val2_4 "/>
</bind>
</comp>

<comp id="600" class="1005" name="p_Val2_s_reg_600">
<pin_list>
<pin id="601" dir="0" index="0" bw="32" slack="1"/>
<pin id="602" dir="1" index="1" bw="32" slack="1"/>
</pin_list>
<bind>
<opset="p_Val2_s "/>
</bind>
</comp>

<comp id="605" class="1005" name="tmp_13_i_reg_605">
<pin_list>
<pin id="606" dir="0" index="0" bw="32" slack="6"/>
<pin id="607" dir="1" index="1" bw="32" slack="6"/>
</pin_list>
<bind>
<opset="tmp_13_i "/>
</bind>
</comp>

<comp id="610" class="1005" name="tmp_14_i_reg_610">
<pin_list>
<pin id="611" dir="0" index="0" bw="32" slack="1"/>
<pin id="612" dir="1" index="1" bw="32" slack="1"/>
</pin_list>
<bind>
<opset="tmp_14_i "/>
</bind>
</comp>

<comp id="615" class="1005" name="tmp_15_i_reg_615">
<pin_list>
<pin id="616" dir="0" index="0" bw="32" slack="1"/>
<pin id="617" dir="1" index="1" bw="32" slack="1"/>
</pin_list>
<bind>
<opset="tmp_15_i "/>
</bind>
</comp>

<comp id="623" class="1005" name="k_1_reg_623">
<pin_list>
<pin id="624" dir="0" index="0" bw="3" slack="0"/>
<pin id="625" dir="1" index="1" bw="3" slack="0"/>
</pin_list>
<bind>
<opset="k_1 "/>
</bind>
</comp>

</comp_list>

<net_list>
<net id="93"><net_src comp="12" pin="0"/><net_sink comp="90" pin=0"/></net>

<net id="97"><net_src comp="12" pin="0"/><net_sink comp="94" pin=0"/></net>

<net id="103"><net_src comp="48" pin="0"/><net_sink comp="98" pin=1"/></net>

<net id="108"><net_src comp="98" pin="3"/><net_sink comp="104" pin=0"/></net>

<net id="114"><net_src comp="48" pin="0"/><net_sink comp="109" pin=1"/></net>

<net id="119"><net_src comp="109" pin="3"/><net_sink comp="115" pin=0"/></net>

<net id="123"><net_src comp="14" pin="0"/><net_sink comp="120" pin=0"/></net>

<net id="130"><net_src comp="120" pin="1"/><net_sink comp="124" pin=0"/></net>

<net id="131"><net_src comp="124" pin="4"/><net_sink comp="120" pin=0"/></net>

<net id="135"><net_src comp="14" pin="0"/><net_sink comp="132" pin=0"/></net>

<net id="142"><net_src comp="132" pin="1"/><net_sink comp="136" pin=0"/></net>

<net id="146"><net_src comp="34" pin="0"/><net_sink comp="143" pin=0"/></net>

<net id="153"><net_src comp="143" pin="1"/><net_sink comp="147" pin=0"/></net>

<net id="157"><net_src comp="34" pin="0"/><net_sink comp="154" pin=0"/></net>

<net id="164"><net_src comp="154" pin="1"/><net_sink comp="158" pin=2"/></net>

<net id="168"><net_src comp="14" pin="0"/><net_sink comp="165" pin=0"/></net>

<net id="175"><net_src comp="165" pin="1"/><net_sink comp="169" pin=2"/></net>

<net id="176"><net_src comp="169" pin="4"/><net_sink comp="165" pin=0"/></net>

<net id="185"><net_src comp="24" pin="0"/><net_sink comp="177" pin=0"/></net>

<net id="186"><net_src comp="0" pin="0"/><net_sink comp="177" pin=1"/></net>

<net id="187"><net_src comp="2" pin="0"/><net_sink comp="177" pin=2"/></net>

<net id="188"><net_src comp="124" pin="4"/><net_sink comp="177" pin=3"/></net>

<net id="189"><net_src comp="124" pin="4"/><net_sink comp="177" pin=5"/></net>

<net id="197"><net_src comp="86" pin="0"/><net_sink comp="190" pin=0"/></net>

<net id="198"><net_src comp="169" pin="4"/><net_sink comp="190" pin=2"/></net>

<net id="199"><net_src comp="4" pin="0"/><net_sink comp="190" pin=3"/></net>

<net id="200"><net_src comp="169" pin="4"/><net_sink comp="190" pin=4"/></net>

<net id="211"><net_src comp="52" pin="0"/><net_sink comp="207" pin=0"/></net>

<net id="216"><net_src comp="124" pin="4"/><net_sink comp="212" pin=0"/></net>

<net id="217"><net_src comp="16" pin="0"/><net_sink comp="212" pin=1"/></net>

<net id="222"><net_src comp="124" pin="4"/><net_sink comp="218" pin=0"/></net>

<net id="223"><net_src comp="22" pin="0"/><net_sink comp="218" pin=1"/></net>

<net id="228"><net_src comp="136" pin="4"/><net_sink comp="224" pin=0"/></net>

<net id="229"><net_src comp="16" pin="0"/><net_sink comp="224" pin=1"/></net>

<net id="234"><net_src comp="136" pin="4"/><net_sink comp="230" pin=0"/></net>

<net id="235"><net_src comp="22" pin="0"/><net_sink comp="230" pin=1"/></net>

<net id="241"><net_src comp="32" pin="0"/><net_sink comp="236" pin=0"/></net>

<net id="242"><net_src comp="136" pin="4"/><net_sink comp="236" pin=1"/></net>

<net id="243"><net_src comp="34" pin="0"/><net_sink comp="236" pin=2"/></net>

<net id="247"><net_src comp="236" pin="3"/><net_sink comp="244" pin=0"/></net>

<net id="253"><net_src comp="36" pin="0"/><net_sink comp="248" pin=0"/></net>

<net id="254"><net_src comp="136" pin="4"/><net_sink comp="248" pin=1"/></net>

<net id="255"><net_src comp="14" pin="0"/><net_sink comp="248" pin=2"/></net>

<net id="259"><net_src comp="248" pin="3"/><net_sink comp="256" pin=0"/></net>

<net id="264"><net_src comp="244" pin="1"/><net_sink comp="260" pin=0"/></net>

<net id="265"><net_src comp="256" pin="1"/><net_sink comp="260" pin=1"/></net>

<net id="269"><net_src comp="260" pin="2"/><net_sink comp="266" pin=0"/></net>

<net id="274"><net_src comp="147" pin="4"/><net_sink comp="270" pin=0"/></net>

<net id="275"><net_src comp="38" pin="0"/><net_sink comp="270" pin=1"/></net>

<net id="280"><net_src comp="147" pin="4"/><net_sink comp="276" pin=0"/></net>

<net id="281"><net_src comp="42" pin="0"/><net_sink comp="276" pin=1"/></net>

<net id="285"><net_src comp="147" pin="4"/><net_sink comp="282" pin=0"/></net>

<net id="290"><net_src comp="282" pin="1"/><net_sink comp="286" pin=1"/></net>

<net id="296"><net_src comp="44" pin="0"/><net_sink comp="291" pin=0"/></net>

<net id="297"><net_src comp="286" pin="2"/><net_sink comp="291" pin=1"/></net>

<net id="298"><net_src comp="34" pin="0"/><net_sink comp="291" pin=2"/></net>

<net id="302"><net_src comp="291" pin="3"/><net_sink comp="299" pin=0"/></net>

<net id="308"><net_src comp="46" pin="0"/><net_sink comp="303" pin=0"/></net>

<net id="309"><net_src comp="286" pin="2"/><net_sink comp="303" pin=1"/></net>

<net id="310"><net_src comp="14" pin="0"/><net_sink comp="303" pin=2"/></net>

<net id="314"><net_src comp="303" pin="3"/><net_sink comp="311" pin=0"/></net>

<net id="319"><net_src comp="299" pin="1"/><net_sink comp="315" pin=0"/></net>

<net id="320"><net_src comp="311" pin="1"/><net_sink comp="315" pin=1"/></net>

<net id="325"><net_src comp="158" pin="4"/><net_sink comp="321" pin=0"/></net>

<net id="326"><net_src comp="38" pin="0"/><net_sink comp="321" pin=1"/></net>

<net id="331"><net_src comp="158" pin="4"/><net_sink comp="327" pin=0"/></net>

<net id="332"><net_src comp="42" pin="0"/><net_sink comp="327" pin=1"/></net>

<net id="336"><net_src comp="158" pin="4"/><net_sink comp="333" pin=0"/></net>

<net id="341"><net_src comp="333" pin="1"/><net_sink comp="337" pin=0"/></net>

<net id="345"><net_src comp="337" pin="2"/><net_sink comp="342" pin=0"/></net>

<net id="346"><net_src comp="342" pin="1"/><net_sink comp="98" pin=2"/></net>

<net id="354"><net_src comp="347" pin="1"/><net_sink comp="350" pin=0"/></net>

<net id="355"><net_src comp="50" pin="0"/><net_sink comp="350" pin=1"/></net>

<net id="359"><net_src comp="350" pin="2"/><net_sink comp="356" pin=0"/></net>

<net id="360"><net_src comp="356" pin="1"/><net_sink comp="204" pin=0"/></net>

<net id="369"><net_src comp="54" pin="0"/><net_sink comp="364" pin=0"/></net>

<net id="370"><net_src comp="361" pin="1"/><net_sink comp="364" pin=1"/></net>

<net id="371"><net_src comp="56" pin="0"/><net_sink comp="364" pin=2"/></net>

<net id="378"><net_src comp="58" pin="0"/><net_sink comp="372" pin=0"/></net>

<net id="379"><net_src comp="361" pin="1"/><net_sink comp="372" pin=1"/></net>

<net id="380"><net_src comp="60" pin="0"/><net_sink comp="372" pin=2"/></net>

<net id="381"><net_src comp="62" pin="0"/><net_sink comp="372" pin=3"/></net>

<net id="385"><net_src comp="361" pin="1"/><net_sink comp="382" pin=0"/></net>

<net id="391"><net_src comp="64" pin="0"/><net_sink comp="386" pin=0"/></net>

<net id="392"><net_src comp="66" pin="0"/><net_sink comp="386" pin=1"/></net>

<net id="393"><net_src comp="382" pin="1"/><net_sink comp="386" pin=2"/></net>

<net id="397"><net_src comp="386" pin="3"/><net_sink comp="394" pin=0"/></net>

<net id="401"><net_src comp="372" pin="4"/><net_sink comp="398" pin=0"/></net>

<net id="406"><net_src comp="68" pin="0"/><net_sink comp="402" pin=0"/></net>

<net id="407"><net_src comp="398" pin="1"/><net_sink comp="402" pin=1"/></net>

<net id="413"><net_src comp="70" pin="0"/><net_sink comp="408" pin=0"/></net>

<net id="414"><net_src comp="402" pin="2"/><net_sink comp="408" pin=1"/></net>

<net id="415"><net_src comp="72" pin="0"/><net_sink comp="408" pin=2"/></net>

<net id="420"><net_src comp="74" pin="0"/><net_sink comp="416" pin=0"/></net>

<net id="421"><net_src comp="372" pin="4"/><net_sink comp="416" pin=1"/></net>

<net id="425"><net_src comp="416" pin="2"/><net_sink comp="422" pin=0"/></net>

<net id="431"><net_src comp="408" pin="3"/><net_sink comp="426" pin=0"/></net>

<net id="432"><net_src comp="422" pin="1"/><net_sink comp="426" pin=1"/></net>

<net id="433"><net_src comp="402" pin="2"/><net_sink comp="426" pin=2"/></net>

<net id="437"><net_src comp="426" pin="3"/><net_sink comp="434" pin=0"/></net>

<net id="441"><net_src comp="434" pin="1"/><net_sink comp="438" pin=0"/></net>

<net id="445"><net_src comp="434" pin="1"/><net_sink comp="442" pin=0"/></net>

<net id="450"><net_src comp="386" pin="3"/><net_sink comp="446" pin=0"/></net>

<net id="451"><net_src comp="442" pin="1"/><net_sink comp="446" pin=1"/></net>

<net id="456"><net_src comp="394" pin="1"/><net_sink comp="452" pin=0"/></net>

<net id="457"><net_src comp="438" pin="1"/><net_sink comp="452" pin=1"/></net>

<net id="463"><net_src comp="76" pin="0"/><net_sink comp="458" pin=0"/></net>

<net id="464"><net_src comp="446" pin="2"/><net_sink comp="458" pin=1"/></net>

<net id="465"><net_src comp="60" pin="0"/><net_sink comp="458" pin=2"/></net>

<net id="469"><net_src comp="458" pin="3"/><net_sink comp="466" pin=0"/></net>

<net id="476"><net_src comp="78" pin="0"/><net_sink comp="470" pin=0"/></net>

<net id="477"><net_src comp="452" pin="2"/><net_sink comp="470" pin=1"/></net>

<net id="478"><net_src comp="60" pin="0"/><net_sink comp="470" pin=2"/></net>

<net id="479"><net_src comp="80" pin="0"/><net_sink comp="470" pin=3"/></net>

<net id="485"><net_src comp="408" pin="3"/><net_sink comp="480" pin=0"/></net>

<net id="486"><net_src comp="466" pin="1"/><net_sink comp="480" pin=1"/></net>

<net id="487"><net_src comp="470" pin="4"/><net_sink comp="480" pin=2"/></net>

<net id="492"><net_src comp="82" pin="0"/><net_sink comp="488" pin=0"/></net>

<net id="498"><net_src comp="488" pin="2"/><net_sink comp="493" pin=1"/></net>

<net id="503"><net_src comp="84" pin="0"/><net_sink comp="499" pin=0"/></net>

<net id="508"><net_src comp="84" pin="0"/><net_sink comp="504" pin=0"/></net>

<net id="509"><net_src comp="499" pin="2"/><net_sink comp="504" pin=1"/></net>

<net id="514"><net_src comp="169" pin="4"/><net_sink comp="510" pin=0"/></net>

<net id="515"><net_src comp="16" pin="0"/><net_sink comp="510" pin=1"/></net>

<net id="520"><net_src comp="169" pin="4"/><net_sink comp="516" pin=0"/></net>

<net id="521"><net_src comp="22" pin="0"/><net_sink comp="516" pin=1"/></net>

<net id="528"><net_src comp="218" pin="2"/><net_sink comp="525" pin=0"/></net>

<net id="529"><net_src comp="525" pin="1"/><net_sink comp="124" pin=2"/></net>

<net id="536"><net_src comp="230" pin="2"/><net_sink comp="533" pin=0"/></net>

<net id="537"><net_src comp="533" pin="1"/><net_sink comp="136" pin=2"/></net>

<net id="541"><net_src comp="266" pin="1"/><net_sink comp="538" pin=0"/></net>

<net id="542"><net_src comp="538" pin="1"/><net_sink comp="286" pin=0"/></net>

<net id="549"><net_src comp="276" pin="2"/><net_sink comp="546" pin=0"/></net>

<net id="550"><net_src comp="546" pin="1"/><net_sink comp="147" pin=2"/></net>

<net id="554"><net_src comp="315" pin="2"/><net_sink comp="551" pin=0"/></net>

<net id="555"><net_src comp="551" pin="1"/><net_sink comp="337" pin=1"/></net>

<net id="562"><net_src comp="327" pin="2"/><net_sink comp="559" pin=0"/></net>

<net id="563"><net_src comp="559" pin="1"/><net_sink comp="158" pin=0"/></net>

<net id="567"><net_src comp="342" pin="1"/><net_sink comp="564" pin=0"/></net>

<net id="568"><net_src comp="564" pin="1"/><net_sink comp="109" pin=2"/></net>

<net id="572"><net_src comp="98" pin="3"/><net_sink comp="569" pin=0"/></net>

<net id="573"><net_src comp="569" pin="1"/><net_sink comp="104" pin=0"/></net>

<net id="577"><net_src comp="104" pin="2"/><net_sink comp="574" pin=0"/></net>

<net id="578"><net_src comp="574" pin="1"/><net_sink comp="347" pin=0"/></net>

<net id="582"><net_src comp="204" pin="1"/><net_sink comp="579" pin=0"/></net>

<net id="583"><net_src comp="579" pin="1"/><net_sink comp="207" pin=1"/></net>

<net id="587"><net_src comp="207" pin="2"/><net_sink comp="584" pin=0"/></net>

<net id="588"><net_src comp="584" pin="1"/><net_sink comp="361" pin=0"/></net>

<net id="592"><net_src comp="364" pin="3"/><net_sink comp="589" pin=0"/></net>

<net id="593"><net_src comp="589" pin="1"/><net_sink comp="493" pin=0"/></net>

<net id="597"><net_src comp="480" pin="3"/><net_sink comp="594" pin=0"/></net>

<net id="598"><net_src comp="594" pin="1"/><net_sink comp="488" pin=1"/></net>

<net id="599"><net_src comp="594" pin="1"/><net_sink comp="493" pin=2"/></net>

<net id="603"><net_src comp="493" pin="3"/><net_sink comp="600" pin=0"/></net>

<net id="604"><net_src comp="600" pin="1"/><net_sink comp="499" pin=1"/></net>

<net id="608"><net_src comp="499" pin="2"/><net_sink comp="605" pin=0"/></net>

<net id="609"><net_src comp="605" pin="1"/><net_sink comp="504" pin=1"/></net>

<net id="613"><net_src comp="504" pin="2"/><net_sink comp="610" pin=0"/></net>

<net id="614"><net_src comp="610" pin="1"/><net_sink comp="201" pin=0"/></net>

<net id="618"><net_src comp="201" pin="1"/><net_sink comp="615" pin=0"/></net>

<net id="619"><net_src comp="615" pin="1"/><net_sink comp="115" pin=1"/></net>

<net id="626"><net_src comp="516" pin="2"/><net_sink comp="623" pin=0"/></net>

<net id="627"><net_src comp="623" pin="1"/><net_sink comp="169" pin=0"/></net>

</net_list>

</model> 
---------------- Datapath Model END ------------------

* FSMD analyzer results:
  - Output states:
  - Chain level:
	State 1
	State 2
		exitcond2 : 1
		i_1 : 1
		stg_51 : 2
		stg_52 : 1
	State 3
	State 4
		exitcond1 : 1
		j_1 : 1
		stg_60 : 2
		tmp : 1
		p_shl_cast : 2
		tmp_1 : 1
		p_shl1_cast : 2
		p_addr : 3
		p_addr_cast : 4
	State 5
		exitcond1_i : 1
		i_2 : 1
		stg_73 : 2
		tmp_i_trn_cast : 1
		p_addr1 : 2
		tmp_2 : 3
		p_shl2 : 4
		tmp_3 : 3
		p_shl3 : 4
		p_addr2 : 5
	State 6
		exitcond_i : 1
		j_2 : 1
		stg_86 : 2
		tmp_i_trn : 1
		p_addr3 : 2
		tmp_5 : 3
		C_addr : 4
		C_load : 5
	State 7
	State 8
		tmp_12_neg_i : 1
		tmp_10_i : 1
		tmp_11_i : 2
	State 9
	State 10
	State 11
	State 12
	State 13
	State 14
	State 15
	State 16
	State 17
	State 18
	State 19
	State 20
	State 21
	State 22
	State 23
	State 24
	State 25
	State 26
	State 27
		p_Result_s : 1
		loc_V : 1
		loc_V_1 : 1
		p_Result_1 : 2
		tmp_i_i_i : 3
		tmp_i_i_i_i_cast2 : 2
		sh_assign : 3
		isNeg : 4
		tmp_i_i_i_14 : 2
		tmp_i_i_i_cast : 3
		sh_assign_1 : 5
		sh_assign_2_i_cast : 6
		tmp_9_i_i_i : 7
		tmp_9_i_i_i_cast : 7
		tmp_10_i_i_i : 8
		tmp_12_i_i_i : 8
		tmp_10 : 9
		tmp_7 : 10
		tmp_8 : 9
		p_Val2_4 : 11
	State 28
		p_Val2_s : 1
	State 29
		tmp_14_i : 1
	State 30
	State 31
	State 32
	State 33
	State 34
	State 35
	State 36
	State 37
		stg_148 : 1
	State 38
		exitcond : 1
		k_1 : 1
		stg_154 : 2
		stg_155 : 1
	State 39


============================================================
+ Verbose Summary: Datapath Resource usage 
============================================================

* Functional unit list:
|----------|---------------------------------------|---------|---------|---------|---------|
| Operation|            Functional Unit            |  DSP48E |  Delay  |    FF   |   LUT   |
|----------|---------------------------------------|---------|---------|---------|---------|
|   call   | grp_feature_extractor_convolve_fu_177 |    5    |  10.997 |   1131  |   1564  |
|          |  grp_feature_extractor_maxpool_fu_190 |    0    |  4.713  |   761   |   1289  |
|----------|---------------------------------------|---------|---------|---------|---------|
|   dexp   |               grp_fu_207              |    26   |    0    |   1549  |   2599  |
|----------|---------------------------------------|---------|---------|---------|---------|
|  sitofp  |               grp_fu_201              |    0    |    0    |   340   |   554   |
|----------|---------------------------------------|---------|---------|---------|---------|
|   fpext  |            tmp_11_i_fu_204            |    0    |    0    |   100   |   138   |
|----------|---------------------------------------|---------|---------|---------|---------|
|   lshr   |          tmp_10_i_i_i_fu_446          |    0    |    0    |    0    |   157   |
|----------|---------------------------------------|---------|---------|---------|---------|
|    shl   |          tmp_12_i_i_i_fu_452          |    0    |    0    |    0    |   157   |
|----------|---------------------------------------|---------|---------|---------|---------|
|          |               i_1_fu_218              |    0    |    0    |    0    |    3    |
|          |               j_1_fu_230              |    0    |    0    |    0    |    3    |
|          |               i_2_fu_276              |    0    |    0    |    0    |    5    |
|          |             p_addr1_fu_286            |    0    |    0    |    0    |    9    |
|    add   |               j_2_fu_327              |    0    |    0    |    0    |    5    |
|          |             p_addr3_fu_337            |    0    |    0    |    0    |    16   |
|          |            sh_assign_fu_402           |    0    |    0    |    0    |    11   |
|          |            tmp_13_i_fu_499            |    0    |    0    |    0    |    32   |
|          |               k_1_fu_516              |    0    |    0    |    0    |    3    |
|----------|---------------------------------------|---------|---------|---------|---------|
|          |           sh_assign_1_fu_426          |    0    |    0    |    0    |    12   |
|  select  |            p_Val2_4_fu_480            |    0    |    0    |    0    |    32   |
|          |            p_Val2_s_fu_493            |    0    |    0    |    0    |    32   |
|----------|---------------------------------------|---------|---------|---------|---------|
|          |             p_addr_fu_260             |    0    |    0    |    0    |    8    |
|    sub   |             p_addr2_fu_315            |    0    |    0    |    0    |    15   |
|          |          tmp_i_i_i_14_fu_416          |    0    |    0    |    0    |    11   |
|          |          p_Val2_i_i_i_fu_488          |    0    |    0    |    0    |    32   |
|----------|---------------------------------------|---------|---------|---------|---------|
|   sdiv   |               grp_fu_504              |    0    |    0    |    24   |    28   |
|----------|---------------------------------------|---------|---------|---------|---------|
|    xor   |          tmp_12_neg_i_fu_350          |    0    |    0    |    0    |    44   |
|----------|---------------------------------------|---------|---------|---------|---------|
|          |            exitcond2_fu_212           |    0    |    0    |    0    |    2    |
|          |            exitcond1_fu_224           |    0    |    0    |    0    |    2    |
|   icmp   |           exitcond1_i_fu_270          |    0    |    0    |    0    |    2    |
|          |           exitcond_i_fu_321           |    0    |    0    |    0    |    2    |
|          |            exitcond_fu_510            |    0    |    0    |    0    |    2    |
|----------|---------------------------------------|---------|---------|---------|---------|
|          |               tmp_fu_236              |    0    |    0    |    0    |    0    |
|          |              tmp_1_fu_248             |    0    |    0    |    0    |    0    |
|bitconcatenate|              tmp_2_fu_291             |    0    |    0    |    0    |    0    |
|          |              tmp_3_fu_303             |    0    |    0    |    0    |    0    |
|          |           p_Result_1_fu_386           |    0    |    0    |    0    |    0    |
|----------|---------------------------------------|---------|---------|---------|---------|
|          |           p_shl_cast_fu_244           |    0    |    0    |    0    |    0    |
|          |           p_shl1_cast_fu_256          |    0    |    0    |    0    |    0    |
|          |         tmp_i_trn_cast_fu_282         |    0    |    0    |    0    |    0    |
|          |            tmp_i_trn_fu_333           |    0    |    0    |    0    |    0    |
|   zext   |              tmp_5_fu_342             |    0    |    0    |    0    |    0    |
|          |            tmp_i_i_i_fu_394           |    0    |    0    |    0    |    0    |
|          |        tmp_i_i_i_i_cast2_fu_398       |    0    |    0    |    0    |    0    |
|          |           tmp_9_i_i_i_fu_438          |    0    |    0    |    0    |    0    |
|          |        tmp_9_i_i_i_cast_fu_442        |    0    |    0    |    0    |    0    |
|          |              tmp_7_fu_466             |    0    |    0    |    0    |    0    |
|----------|---------------------------------------|---------|---------|---------|---------|
|          |           p_addr_cast_fu_266          |    0    |    0    |    0    |    0    |
|          |             p_shl2_fu_299             |    0    |    0    |    0    |    0    |
|   sext   |             p_shl3_fu_311             |    0    |    0    |    0    |    0    |
|          |         tmp_i_i_i_cast_fu_422         |    0    |    0    |    0    |    0    |
|          |       sh_assign_2_i_cast_fu_434       |    0    |    0    |    0    |    0    |
|----------|---------------------------------------|---------|---------|---------|---------|
|          |           p_Result_s_fu_364           |    0    |    0    |    0    |    0    |
| bitselect|              isNeg_fu_408             |    0    |    0    |    0    |    0    |
|          |             tmp_10_fu_458             |    0    |    0    |    0    |    0    |
|----------|---------------------------------------|---------|---------|---------|---------|
|partselect|              loc_V_fu_372             |    0    |    0    |    0    |    0    |
|          |              tmp_8_fu_470             |    0    |    0    |    0    |    0    |
|----------|---------------------------------------|---------|---------|---------|---------|
|   trunc  |             loc_V_1_fu_382            |    0    |    0    |    0    |    0    |
|----------|---------------------------------------|---------|---------|---------|---------|
|   Total  |                                       |    31   |  15.71  |   3905  |   6769  |
|----------|---------------------------------------|---------|---------|---------|---------|

Memories:
+----+--------+--------+--------+
|    |  BRAM  |   FF   |   LUT  |
+----+--------+--------+--------+
|  C |    8   |    0   |    0   |
|  S |    8   |    0   |    0   |
+----+--------+--------+--------+
|Total|   16   |    0   |    0   |
+----+--------+--------+--------+

* Register list:
+-------------------+--------+
|                   |   FF   |
+-------------------+--------+
|   C_addr_reg_569  |   12   |
|   C_load_reg_574  |   32   |
|    i_1_reg_525    |    3   |
|    i_2_reg_546    |    5   |
|    i_i_reg_143    |    5   |
|     i_reg_120     |    3   |
|    j_1_reg_533    |    3   |
|    j_2_reg_559    |    5   |
|    j_i_reg_154    |    5   |
|     j_reg_132     |    3   |
|    k_1_reg_623    |    3   |
|     k_reg_165     |    3   |
| p_Result_s_reg_589|    1   |
|  p_Val2_4_reg_594 |   32   |
|  p_Val2_s_reg_600 |   32   |
|  p_addr2_reg_551  |   32   |
|p_addr_cast_reg_538|   10   |
|  tmp_11_i_reg_579 |   64   |
|  tmp_13_i_reg_605 |   32   |
|  tmp_14_i_reg_610 |   32   |
|  tmp_15_i_reg_615 |   32   |
|   tmp_5_reg_564   |   64   |
|  x_assign_reg_584 |   64   |
+-------------------+--------+
|       Total       |   477  |
+-------------------+--------+

* Multiplexer (MUX) list: 
|-------------------|------|------|------|--------||---------||---------|
|        Comp       |  Pin | Size |  BW  | S x BW ||  Delay  ||   LUT   |
|-------------------|------|------|------|--------||---------||---------|
| grp_access_fu_104 |  p0  |   2  |  12  |   24   ||    12   |
|     i_reg_120     |  p0  |   2  |   3  |    6   ||    3    |
|     k_reg_165     |  p0  |   2  |   3  |    6   ||    3    |
|     grp_fu_504    |  p1  |   2  |  32  |   64   ||    32   |
|-------------------|------|------|------|--------||---------||---------|
|       Total       |      |      |      |   100  ||  6.284  ||    50   |
|-------------------|------|------|------|--------||---------||---------|



* Summary:
+-----------+--------+--------+--------+--------+--------+
|           |  BRAM  | DSP48E |  Delay |   FF   |   LUT  |
+-----------+--------+--------+--------+--------+--------+
|  Function |    -   |   31   |   15   |  3905  |  6769  |
|   Memory  |   16   |    -   |    -   |    0   |    0   |
|Multiplexer|    -   |    -   |    6   |    -   |   50   |
|  Register |    -   |    -   |    -   |   477  |    -   |
+-----------+--------+--------+--------+--------+--------+
|   Total   |   16   |   31   |   21   |  4382  |  6819  |
+-----------+--------+--------+--------+--------+--------+
