22:13:50 **** Build of project soft_bsp ****
make -k all 
"Running Make include in ps7_cortexa9_0/libsrc/axicdma_v3_0/src"
make -C ps7_cortexa9_0/libsrc/axicdma_v3_0/src -s include  "SHELL=CMD" "COMPILER=arm-xilinx-eabi-gcc" "ARCHIVER=arm-xilinx-eabi-ar" "COMPILER_FLAGS=  -O2 -c" "EXTRA_COMPILER_FLAGS=-g"
"Running Make include in ps7_cortexa9_0/libsrc/coresightps_dcc_v1_0/src"
make -C ps7_cortexa9_0/libsrc/coresightps_dcc_v1_0/src -s include  "SHELL=CMD" "COMPILER=arm-xilinx-eabi-gcc" "ARCHIVER=arm-xilinx-eabi-ar" "COMPILER_FLAGS=  -O2 -c" "EXTRA_COMPILER_FLAGS=-g"
"Running Make include in ps7_cortexa9_0/libsrc/cpu_cortexa9_v2_1/src"
make -C ps7_cortexa9_0/libsrc/cpu_cortexa9_v2_1/src -s include  "SHELL=CMD" "COMPILER=arm-xilinx-eabi-gcc" "ARCHIVER=arm-xilinx-eabi-ar" "COMPILER_FLAGS=  -O2 -c" "EXTRA_COMPILER_FLAGS=-g"
"Running Make include in ps7_cortexa9_0/libsrc/devcfg_v3_3/src"
make -C ps7_cortexa9_0/libsrc/devcfg_v3_3/src -s include  "SHELL=CMD" "COMPILER=arm-xilinx-eabi-gcc" "ARCHIVER=arm-xilinx-eabi-ar" "COMPILER_FLAGS=  -O2 -c" "EXTRA_COMPILER_FLAGS=-g"
"Running Make include in ps7_cortexa9_0/libsrc/dmaps_v2_1/src"
make -C ps7_cortexa9_0/libsrc/dmaps_v2_1/src -s include  "SHELL=CMD" "COMPILER=arm-xilinx-eabi-gcc" "ARCHIVER=arm-xilinx-eabi-ar" "COMPILER_FLAGS=  -O2 -c" "EXTRA_COMPILER_FLAGS=-g"
"Running Make include in ps7_cortexa9_0/libsrc/emacps_v3_0/src"
make -C ps7_cortexa9_0/libsrc/emacps_v3_0/src -s include  "SHELL=CMD" "COMPILER=arm-xilinx-eabi-gcc" "ARCHIVER=arm-xilinx-eabi-ar" "COMPILER_FLAGS=  -O2 -c" "EXTRA_COMPILER_FLAGS=-g"
"Running Make include in ps7_cortexa9_0/libsrc/gpiops_v3_0/src"
make -C ps7_cortexa9_0/libsrc/gpiops_v3_0/src -s include  "SHELL=CMD" "COMPILER=arm-xilinx-eabi-gcc" "ARCHIVER=arm-xilinx-eabi-ar" "COMPILER_FLAGS=  -O2 -c" "EXTRA_COMPILER_FLAGS=-g"
"Running Make include in ps7_cortexa9_0/libsrc/qspips_v3_2/src"
make -C ps7_cortexa9_0/libsrc/qspips_v3_2/src -s include  "SHELL=CMD" "COMPILER=arm-xilinx-eabi-gcc" "ARCHIVER=arm-xilinx-eabi-ar" "COMPILER_FLAGS=  -O2 -c" "EXTRA_COMPILER_FLAGS=-g"
"Running Make include in ps7_cortexa9_0/libsrc/scugic_v3_0/src"
make -C ps7_cortexa9_0/libsrc/scugic_v3_0/src -s include  "SHELL=CMD" "COMPILER=arm-xilinx-eabi-gcc" "ARCHIVER=arm-xilinx-eabi-ar" "COMPILER_FLAGS=  -O2 -c" "EXTRA_COMPILER_FLAGS=-g"
"Running Make include in ps7_cortexa9_0/libsrc/scutimer_v2_1/src"
make -C ps7_cortexa9_0/libsrc/scutimer_v2_1/src -s include  "SHELL=CMD" "COMPILER=arm-xilinx-eabi-gcc" "ARCHIVER=arm-xilinx-eabi-ar" "COMPILER_FLAGS=  -O2 -c" "EXTRA_COMPILER_FLAGS=-g"
"Running Make include in ps7_cortexa9_0/libsrc/scuwdt_v2_1/src"
make -C ps7_cortexa9_0/libsrc/scuwdt_v2_1/src -s include  "SHELL=CMD" "COMPILER=arm-xilinx-eabi-gcc" "ARCHIVER=arm-xilinx-eabi-ar" "COMPILER_FLAGS=  -O2 -c" "EXTRA_COMPILER_FLAGS=-g"
"Running Make include in ps7_cortexa9_0/libsrc/sdps_v2_4/src"
make -C ps7_cortexa9_0/libsrc/sdps_v2_4/src -s include  "SHELL=CMD" "COMPILER=arm-xilinx-eabi-gcc" "ARCHIVER=arm-xilinx-eabi-ar" "COMPILER_FLAGS=  -O2 -c" "EXTRA_COMPILER_FLAGS=-g"
"Running Make include in ps7_cortexa9_0/libsrc/softmax_v1_0/src"
make -C ps7_cortexa9_0/libsrc/softmax_v1_0/src -s include  "SHELL=CMD" "COMPILER=arm-xilinx-eabi-gcc" "ARCHIVER=arm-xilinx-eabi-ar" "COMPILER_FLAGS=  -O2 -c" "EXTRA_COMPILER_FLAGS=-g"
"Running Make include in ps7_cortexa9_0/libsrc/standalone_v5_1/src"
make -C ps7_cortexa9_0/libsrc/standalone_v5_1/src -s include  "SHELL=CMD" "COMPILER=arm-xilinx-eabi-gcc" "ARCHIVER=arm-xilinx-eabi-ar" "COMPILER_FLAGS=  -O2 -c" "EXTRA_COMPILER_FLAGS=-g"
"Running Make include in ps7_cortexa9_0/libsrc/ttcps_v3_0/src"
make -C ps7_cortexa9_0/libsrc/ttcps_v3_0/src -s include  "SHELL=CMD" "COMPILER=arm-xilinx-eabi-gcc" "ARCHIVER=arm-xilinx-eabi-ar" "COMPILER_FLAGS=  -O2 -c" "EXTRA_COMPILER_FLAGS=-g"
"Running Make include in ps7_cortexa9_0/libsrc/uartps_v3_0/src"
make -C ps7_cortexa9_0/libsrc/uartps_v3_0/src -s include  "SHELL=CMD" "COMPILER=arm-xilinx-eabi-gcc" "ARCHIVER=arm-xilinx-eabi-ar" "COMPILER_FLAGS=  -O2 -c" "EXTRA_COMPILER_FLAGS=-g"
"Running Make include in ps7_cortexa9_0/libsrc/usbps_v2_2/src"
make -C ps7_cortexa9_0/libsrc/usbps_v2_2/src -s include  "SHELL=CMD" "COMPILER=arm-xilinx-eabi-gcc" "ARCHIVER=arm-xilinx-eabi-ar" "COMPILER_FLAGS=  -O2 -c" "EXTRA_COMPILER_FLAGS=-g"
"Running Make include in ps7_cortexa9_0/libsrc/xadcps_v2_2/src"
make -C ps7_cortexa9_0/libsrc/xadcps_v2_2/src -s include  "SHELL=CMD" "COMPILER=arm-xilinx-eabi-gcc" "ARCHIVER=arm-xilinx-eabi-ar" "COMPILER_FLAGS=  -O2 -c" "EXTRA_COMPILER_FLAGS=-g"
"Running Make libs in ps7_cortexa9_0/libsrc/axicdma_v3_0/src"
make -C ps7_cortexa9_0/libsrc/axicdma_v3_0/src -s libs  "SHELL=CMD" "COMPILER=arm-xilinx-eabi-gcc" "ARCHIVER=arm-xilinx-eabi-ar" "COMPILER_FLAGS=  -O2 -c" "EXTRA_COMPILER_FLAGS=-g"
"Compiling axicdma"
arm-xilinx-eabi-ar: creating ../../../lib/libxil.a
"Running Make libs in ps7_cortexa9_0/libsrc/coresightps_dcc_v1_0/src"
make -C ps7_cortexa9_0/libsrc/coresightps_dcc_v1_0/src -s libs  "SHELL=CMD" "COMPILER=arm-xilinx-eabi-gcc" "ARCHIVER=arm-xilinx-eabi-ar" "COMPILER_FLAGS=  -O2 -c" "EXTRA_COMPILER_FLAGS=-g"
"Compiling coresightps_dcc"
"Running Make libs in ps7_cortexa9_0/libsrc/cpu_cortexa9_v2_1/src"
make -C ps7_cortexa9_0/libsrc/cpu_cortexa9_v2_1/src -s libs  "SHELL=CMD" "COMPILER=arm-xilinx-eabi-gcc" "ARCHIVER=arm-xilinx-eabi-ar" "COMPILER_FLAGS=  -O2 -c" "EXTRA_COMPILER_FLAGS=-g"
"Compiling cpu_cortexa9"
"Running Make libs in ps7_cortexa9_0/libsrc/devcfg_v3_3/src"
make -C ps7_cortexa9_0/libsrc/devcfg_v3_3/src -s libs  "SHELL=CMD" "COMPILER=arm-xilinx-eabi-gcc" "ARCHIVER=arm-xilinx-eabi-ar" "COMPILER_FLAGS=  -O2 -c" "EXTRA_COMPILER_FLAGS=-g"
"Compiling devcfg"
"Running Make libs in ps7_cortexa9_0/libsrc/dmaps_v2_1/src"
make -C ps7_cortexa9_0/libsrc/dmaps_v2_1/src -s libs  "SHELL=CMD" "COMPILER=arm-xilinx-eabi-gcc" "ARCHIVER=arm-xilinx-eabi-ar" "COMPILER_FLAGS=  -O2 -c" "EXTRA_COMPILER_FLAGS=-g"
"Compiling dmaps"
"Running Make libs in ps7_cortexa9_0/libsrc/emacps_v3_0/src"
make -C ps7_cortexa9_0/libsrc/emacps_v3_0/src -s libs  "SHELL=CMD" "COMPILER=arm-xilinx-eabi-gcc" "ARCHIVER=arm-xilinx-eabi-ar" "COMPILER_FLAGS=  -O2 -c" "EXTRA_COMPILER_FLAGS=-g"
"Compiling emacps"
"Running Make libs in ps7_cortexa9_0/libsrc/gpiops_v3_0/src"
make -C ps7_cortexa9_0/libsrc/gpiops_v3_0/src -s libs  "SHELL=CMD" "COMPILER=arm-xilinx-eabi-gcc" "ARCHIVER=arm-xilinx-eabi-ar" "COMPILER_FLAGS=  -O2 -c" "EXTRA_COMPILER_FLAGS=-g"
"Compiling gpiops"
"Running Make libs in ps7_cortexa9_0/libsrc/qspips_v3_2/src"
make -C ps7_cortexa9_0/libsrc/qspips_v3_2/src -s libs  "SHELL=CMD" "COMPILER=arm-xilinx-eabi-gcc" "ARCHIVER=arm-xilinx-eabi-ar" "COMPILER_FLAGS=  -O2 -c" "EXTRA_COMPILER_FLAGS=-g"
"Compiling qspips"
"Running Make libs in ps7_cortexa9_0/libsrc/scugic_v3_0/src"
make -C ps7_cortexa9_0/libsrc/scugic_v3_0/src -s libs  "SHELL=CMD" "COMPILER=arm-xilinx-eabi-gcc" "ARCHIVER=arm-xilinx-eabi-ar" "COMPILER_FLAGS=  -O2 -c" "EXTRA_COMPILER_FLAGS=-g"
"Compiling scugic"
"Running Make libs in ps7_cortexa9_0/libsrc/scutimer_v2_1/src"
make -C ps7_cortexa9_0/libsrc/scutimer_v2_1/src -s libs  "SHELL=CMD" "COMPILER=arm-xilinx-eabi-gcc" "ARCHIVER=arm-xilinx-eabi-ar" "COMPILER_FLAGS=  -O2 -c" "EXTRA_COMPILER_FLAGS=-g"
"Compiling scutimer"
"Running Make libs in ps7_cortexa9_0/libsrc/scuwdt_v2_1/src"
make -C ps7_cortexa9_0/libsrc/scuwdt_v2_1/src -s libs  "SHELL=CMD" "COMPILER=arm-xilinx-eabi-gcc" "ARCHIVER=arm-xilinx-eabi-ar" "COMPILER_FLAGS=  -O2 -c" "EXTRA_COMPILER_FLAGS=-g"
"Compiling scuwdt"
"Running Make libs in ps7_cortexa9_0/libsrc/sdps_v2_4/src"
make -C ps7_cortexa9_0/libsrc/sdps_v2_4/src -s libs  "SHELL=CMD" "COMPILER=arm-xilinx-eabi-gcc" "ARCHIVER=arm-xilinx-eabi-ar" "COMPILER_FLAGS=  -O2 -c" "EXTRA_COMPILER_FLAGS=-g"
"Compiling sdps"
"Running Make libs in ps7_cortexa9_0/libsrc/softmax_v1_0/src"
make -C ps7_cortexa9_0/libsrc/softmax_v1_0/src -s libs  "SHELL=CMD" "COMPILER=arm-xilinx-eabi-gcc" "ARCHIVER=arm-xilinx-eabi-ar" "COMPILER_FLAGS=  -O2 -c" "EXTRA_COMPILER_FLAGS=-g"
"Compiling softmax"
"Running Make libs in ps7_cortexa9_0/libsrc/standalone_v5_1/src"
make -C ps7_cortexa9_0/libsrc/standalone_v5_1/src -s libs  "SHELL=CMD" "COMPILER=arm-xilinx-eabi-gcc" "ARCHIVER=arm-xilinx-eabi-ar" "COMPILER_FLAGS=  -O2 -c" "EXTRA_COMPILER_FLAGS=-g"
"Compiling standalone"
"Running Make libs in ps7_cortexa9_0/libsrc/ttcps_v3_0/src"
make -C ps7_cortexa9_0/libsrc/ttcps_v3_0/src -s libs  "SHELL=CMD" "COMPILER=arm-xilinx-eabi-gcc" "ARCHIVER=arm-xilinx-eabi-ar" "COMPILER_FLAGS=  -O2 -c" "EXTRA_COMPILER_FLAGS=-g"
"Compiling ttcps"
"Running Make libs in ps7_cortexa9_0/libsrc/uartps_v3_0/src"
make -C ps7_cortexa9_0/libsrc/uartps_v3_0/src -s libs  "SHELL=CMD" "COMPILER=arm-xilinx-eabi-gcc" "ARCHIVER=arm-xilinx-eabi-ar" "COMPILER_FLAGS=  -O2 -c" "EXTRA_COMPILER_FLAGS=-g"
"Compiling uartps"
"Running Make libs in ps7_cortexa9_0/libsrc/usbps_v2_2/src"
make -C ps7_cortexa9_0/libsrc/usbps_v2_2/src -s libs  "SHELL=CMD" "COMPILER=arm-xilinx-eabi-gcc" "ARCHIVER=arm-xilinx-eabi-ar" "COMPILER_FLAGS=  -O2 -c" "EXTRA_COMPILER_FLAGS=-g"
"Compiling usbps"
"Running Make libs in ps7_cortexa9_0/libsrc/xadcps_v2_2/src"
make -C ps7_cortexa9_0/libsrc/xadcps_v2_2/src -s libs  "SHELL=CMD" "COMPILER=arm-xilinx-eabi-gcc" "ARCHIVER=arm-xilinx-eabi-ar" "COMPILER_FLAGS=  -O2 -c" "EXTRA_COMPILER_FLAGS=-g"
"Compiling xadcps"
'Finished building libraries'
22:14:30 **** Build of configuration Debug for project soft ****
make all 
'Building file: ../src/helloworld.c'
'Invoking: ARM gcc compiler'
arm-xilinx-eabi-gcc -Wall -O0 -g3 -c -fmessage-length=0 -MT"src/helloworld.o" -I../../soft_bsp/ps7_cortexa9_0/include -MMD -MP -MF"src/helloworld.d" -MT"src/helloworld.d" -o "src/helloworld.o" "../src/helloworld.c"
'Finished building: ../src/helloworld.c'
' '
'Building file: ../src/platform.c'
'Invoking: ARM gcc compiler'
arm-xilinx-eabi-gcc -Wall -O0 -g3 -c -fmessage-length=0 -MT"src/platform.o" -I../../soft_bsp/ps7_cortexa9_0/include -MMD -MP -MF"src/platform.d" -MT"src/platform.d" -o "src/platform.o" "../src/platform.c"
'Finished building: ../src/platform.c'
' '
'Building target: soft.elf'
'Invoking: ARM gcc linker'
arm-xilinx-eabi-gcc -Wl,-T -Wl,../src/lscript.ld -L../../soft_bsp/ps7_cortexa9_0/lib -o "soft.elf"  ./src/helloworld.o ./src/platform.o   -Wl,--start-group,-lxil,-lgcc,-lc,--end-group
'Finished building target: soft.elf'
' '
'Invoking: ARM Print Size'
arm-xilinx-eabi-size soft.elf  |tee "soft.elf.size"
   text	   data	    bss	    dec	    hex	filename
  22888	   1152	  22564	  46604	   b60c	soft.elf
'Finished building: soft.elf.size'
' '
22:15:28 **** Auto Build of configuration Debug for project soft ****
make all 
'Building file: ../src/helloworld.c'
'Invoking: ARM gcc compiler'
arm-xilinx-eabi-gcc -Wall -O0 -g3 -c -fmessage-length=0 -MT"src/helloworld.o" -I../../soft_bsp/ps7_cortexa9_0/include -MMD -MP -MF"src/helloworld.d" -MT"src/helloworld.d" -o "src/helloworld.o" "../src/helloworld.c"
../src/helloworld.c:4:18: fatal error: cstdio: No such file or directory
 #include <cstdio>
                  ^
compilation terminated.
make: *** [src/helloworld.o] Error 1
02:22:01 **** Build of project soft_bsp ****
make -k all 
"Running Make include in ps7_cortexa9_0/libsrc/axicdma_v3_0/src"
make -C ps7_cortexa9_0/libsrc/axicdma_v3_0/src -s include  "SHELL=CMD" "COMPILER=arm-xilinx-eabi-gcc" "ARCHIVER=arm-xilinx-eabi-ar" "COMPILER_FLAGS=  -O2 -c" "EXTRA_COMPILER_FLAGS=-g"
"Running Make include in ps7_cortexa9_0/libsrc/coresightps_dcc_v1_0/src"
make -C ps7_cortexa9_0/libsrc/coresightps_dcc_v1_0/src -s include  "SHELL=CMD" "COMPILER=arm-xilinx-eabi-gcc" "ARCHIVER=arm-xilinx-eabi-ar" "COMPILER_FLAGS=  -O2 -c" "EXTRA_COMPILER_FLAGS=-g"
"Running Make include in ps7_cortexa9_0/libsrc/cpu_cortexa9_v2_1/src"
make -C ps7_cortexa9_0/libsrc/cpu_cortexa9_v2_1/src -s include  "SHELL=CMD" "COMPILER=arm-xilinx-eabi-gcc" "ARCHIVER=arm-xilinx-eabi-ar" "COMPILER_FLAGS=  -O2 -c" "EXTRA_COMPILER_FLAGS=-g"
"Running Make include in ps7_cortexa9_0/libsrc/devcfg_v3_3/src"
make -C ps7_cortexa9_0/libsrc/devcfg_v3_3/src -s include  "SHELL=CMD" "COMPILER=arm-xilinx-eabi-gcc" "ARCHIVER=arm-xilinx-eabi-ar" "COMPILER_FLAGS=  -O2 -c" "EXTRA_COMPILER_FLAGS=-g"
"Running Make include in ps7_cortexa9_0/libsrc/dmaps_v2_1/src"
make -C ps7_cortexa9_0/libsrc/dmaps_v2_1/src -s include  "SHELL=CMD" "COMPILER=arm-xilinx-eabi-gcc" "ARCHIVER=arm-xilinx-eabi-ar" "COMPILER_FLAGS=  -O2 -c" "EXTRA_COMPILER_FLAGS=-g"
"Running Make include in ps7_cortexa9_0/libsrc/emacps_v3_0/src"
make -C ps7_cortexa9_0/libsrc/emacps_v3_0/src -s include  "SHELL=CMD" "COMPILER=arm-xilinx-eabi-gcc" "ARCHIVER=arm-xilinx-eabi-ar" "COMPILER_FLAGS=  -O2 -c" "EXTRA_COMPILER_FLAGS=-g"
"Running Make include in ps7_cortexa9_0/libsrc/gpiops_v3_0/src"
make -C ps7_cortexa9_0/libsrc/gpiops_v3_0/src -s include  "SHELL=CMD" "COMPILER=arm-xilinx-eabi-gcc" "ARCHIVER=arm-xilinx-eabi-ar" "COMPILER_FLAGS=  -O2 -c" "EXTRA_COMPILER_FLAGS=-g"
"Running Make include in ps7_cortexa9_0/libsrc/qspips_v3_2/src"
make -C ps7_cortexa9_0/libsrc/qspips_v3_2/src -s include  "SHELL=CMD" "COMPILER=arm-xilinx-eabi-gcc" "ARCHIVER=arm-xilinx-eabi-ar" "COMPILER_FLAGS=  -O2 -c" "EXTRA_COMPILER_FLAGS=-g"
"Running Make include in ps7_cortexa9_0/libsrc/scugic_v3_0/src"
make -C ps7_cortexa9_0/libsrc/scugic_v3_0/src -s include  "SHELL=CMD" "COMPILER=arm-xilinx-eabi-gcc" "ARCHIVER=arm-xilinx-eabi-ar" "COMPILER_FLAGS=  -O2 -c" "EXTRA_COMPILER_FLAGS=-g"
"Running Make include in ps7_cortexa9_0/libsrc/scutimer_v2_1/src"
make -C ps7_cortexa9_0/libsrc/scutimer_v2_1/src -s include  "SHELL=CMD" "COMPILER=arm-xilinx-eabi-gcc" "ARCHIVER=arm-xilinx-eabi-ar" "COMPILER_FLAGS=  -O2 -c" "EXTRA_COMPILER_FLAGS=-g"
"Running Make include in ps7_cortexa9_0/libsrc/scuwdt_v2_1/src"
make -C ps7_cortexa9_0/libsrc/scuwdt_v2_1/src -s include  "SHELL=CMD" "COMPILER=arm-xilinx-eabi-gcc" "ARCHIVER=arm-xilinx-eabi-ar" "COMPILER_FLAGS=  -O2 -c" "EXTRA_COMPILER_FLAGS=-g"
"Running Make include in ps7_cortexa9_0/libsrc/sdps_v2_4/src"
make -C ps7_cortexa9_0/libsrc/sdps_v2_4/src -s include  "SHELL=CMD" "COMPILER=arm-xilinx-eabi-gcc" "ARCHIVER=arm-xilinx-eabi-ar" "COMPILER_FLAGS=  -O2 -c" "EXTRA_COMPILER_FLAGS=-g"
"Running Make include in ps7_cortexa9_0/libsrc/softmax_v1_0/src"
make -C ps7_cortexa9_0/libsrc/softmax_v1_0/src -s include  "SHELL=CMD" "COMPILER=arm-xilinx-eabi-gcc" "ARCHIVER=arm-xilinx-eabi-ar" "COMPILER_FLAGS=  -O2 -c" "EXTRA_COMPILER_FLAGS=-g"
"Running Make include in ps7_cortexa9_0/libsrc/standalone_v5_1/src"
make -C ps7_cortexa9_0/libsrc/standalone_v5_1/src -s include  "SHELL=CMD" "COMPILER=arm-xilinx-eabi-gcc" "ARCHIVER=arm-xilinx-eabi-ar" "COMPILER_FLAGS=  -O2 -c" "EXTRA_COMPILER_FLAGS=-g"
"Running Make include in ps7_cortexa9_0/libsrc/ttcps_v3_0/src"
make -C ps7_cortexa9_0/libsrc/ttcps_v3_0/src -s include  "SHELL=CMD" "COMPILER=arm-xilinx-eabi-gcc" "ARCHIVER=arm-xilinx-eabi-ar" "COMPILER_FLAGS=  -O2 -c" "EXTRA_COMPILER_FLAGS=-g"
"Running Make include in ps7_cortexa9_0/libsrc/uartps_v3_0/src"
make -C ps7_cortexa9_0/libsrc/uartps_v3_0/src -s include  "SHELL=CMD" "COMPILER=arm-xilinx-eabi-gcc" "ARCHIVER=arm-xilinx-eabi-ar" "COMPILER_FLAGS=  -O2 -c" "EXTRA_COMPILER_FLAGS=-g"
"Running Make include in ps7_cortexa9_0/libsrc/usbps_v2_2/src"
make -C ps7_cortexa9_0/libsrc/usbps_v2_2/src -s include  "SHELL=CMD" "COMPILER=arm-xilinx-eabi-gcc" "ARCHIVER=arm-xilinx-eabi-ar" "COMPILER_FLAGS=  -O2 -c" "EXTRA_COMPILER_FLAGS=-g"
"Running Make include in ps7_cortexa9_0/libsrc/xadcps_v2_2/src"
make -C ps7_cortexa9_0/libsrc/xadcps_v2_2/src -s include  "SHELL=CMD" "COMPILER=arm-xilinx-eabi-gcc" "ARCHIVER=arm-xilinx-eabi-ar" "COMPILER_FLAGS=  -O2 -c" "EXTRA_COMPILER_FLAGS=-g"
"Running Make libs in ps7_cortexa9_0/libsrc/axicdma_v3_0/src"
make -C ps7_cortexa9_0/libsrc/axicdma_v3_0/src -s libs  "SHELL=CMD" "COMPILER=arm-xilinx-eabi-gcc" "ARCHIVER=arm-xilinx-eabi-ar" "COMPILER_FLAGS=  -O2 -c" "EXTRA_COMPILER_FLAGS=-g"
"Compiling axicdma"
"Running Make libs in ps7_cortexa9_0/libsrc/coresightps_dcc_v1_0/src"
make -C ps7_cortexa9_0/libsrc/coresightps_dcc_v1_0/src -s libs  "SHELL=CMD" "COMPILER=arm-xilinx-eabi-gcc" "ARCHIVER=arm-xilinx-eabi-ar" "COMPILER_FLAGS=  -O2 -c" "EXTRA_COMPILER_FLAGS=-g"
"Compiling coresightps_dcc"
"Running Make libs in ps7_cortexa9_0/libsrc/cpu_cortexa9_v2_1/src"
make -C ps7_cortexa9_0/libsrc/cpu_cortexa9_v2_1/src -s libs  "SHELL=CMD" "COMPILER=arm-xilinx-eabi-gcc" "ARCHIVER=arm-xilinx-eabi-ar" "COMPILER_FLAGS=  -O2 -c" "EXTRA_COMPILER_FLAGS=-g"
"Compiling cpu_cortexa9"
"Running Make libs in ps7_cortexa9_0/libsrc/devcfg_v3_3/src"
make -C ps7_cortexa9_0/libsrc/devcfg_v3_3/src -s libs  "SHELL=CMD" "COMPILER=arm-xilinx-eabi-gcc" "ARCHIVER=arm-xilinx-eabi-ar" "COMPILER_FLAGS=  -O2 -c" "EXTRA_COMPILER_FLAGS=-g"
"Compiling devcfg"
"Running Make libs in ps7_cortexa9_0/libsrc/dmaps_v2_1/src"
make -C ps7_cortexa9_0/libsrc/dmaps_v2_1/src -s libs  "SHELL=CMD" "COMPILER=arm-xilinx-eabi-gcc" "ARCHIVER=arm-xilinx-eabi-ar" "COMPILER_FLAGS=  -O2 -c" "EXTRA_COMPILER_FLAGS=-g"
"Compiling dmaps"
"Running Make libs in ps7_cortexa9_0/libsrc/emacps_v3_0/src"
make -C ps7_cortexa9_0/libsrc/emacps_v3_0/src -s libs  "SHELL=CMD" "COMPILER=arm-xilinx-eabi-gcc" "ARCHIVER=arm-xilinx-eabi-ar" "COMPILER_FLAGS=  -O2 -c" "EXTRA_COMPILER_FLAGS=-g"
"Compiling emacps"
"Running Make libs in ps7_cortexa9_0/libsrc/gpiops_v3_0/src"
make -C ps7_cortexa9_0/libsrc/gpiops_v3_0/src -s libs  "SHELL=CMD" "COMPILER=arm-xilinx-eabi-gcc" "ARCHIVER=arm-xilinx-eabi-ar" "COMPILER_FLAGS=  -O2 -c" "EXTRA_COMPILER_FLAGS=-g"
"Compiling gpiops"
"Running Make libs in ps7_cortexa9_0/libsrc/qspips_v3_2/src"
make -C ps7_cortexa9_0/libsrc/qspips_v3_2/src -s libs  "SHELL=CMD" "COMPILER=arm-xilinx-eabi-gcc" "ARCHIVER=arm-xilinx-eabi-ar" "COMPILER_FLAGS=  -O2 -c" "EXTRA_COMPILER_FLAGS=-g"
"Compiling qspips"
"Running Make libs in ps7_cortexa9_0/libsrc/scugic_v3_0/src"
make -C ps7_cortexa9_0/libsrc/scugic_v3_0/src -s libs  "SHELL=CMD" "COMPILER=arm-xilinx-eabi-gcc" "ARCHIVER=arm-xilinx-eabi-ar" "COMPILER_FLAGS=  -O2 -c" "EXTRA_COMPILER_FLAGS=-g"
"Compiling scugic"
"Running Make libs in ps7_cortexa9_0/libsrc/scutimer_v2_1/src"
make -C ps7_cortexa9_0/libsrc/scutimer_v2_1/src -s libs  "SHELL=CMD" "COMPILER=arm-xilinx-eabi-gcc" "ARCHIVER=arm-xilinx-eabi-ar" "COMPILER_FLAGS=  -O2 -c" "EXTRA_COMPILER_FLAGS=-g"
"Compiling scutimer"
"Running Make libs in ps7_cortexa9_0/libsrc/scuwdt_v2_1/src"
make -C ps7_cortexa9_0/libsrc/scuwdt_v2_1/src -s libs  "SHELL=CMD" "COMPILER=arm-xilinx-eabi-gcc" "ARCHIVER=arm-xilinx-eabi-ar" "COMPILER_FLAGS=  -O2 -c" "EXTRA_COMPILER_FLAGS=-g"
"Compiling scuwdt"
"Running Make libs in ps7_cortexa9_0/libsrc/sdps_v2_4/src"
make -C ps7_cortexa9_0/libsrc/sdps_v2_4/src -s libs  "SHELL=CMD" "COMPILER=arm-xilinx-eabi-gcc" "ARCHIVER=arm-xilinx-eabi-ar" "COMPILER_FLAGS=  -O2 -c" "EXTRA_COMPILER_FLAGS=-g"
"Compiling sdps"
"Running Make libs in ps7_cortexa9_0/libsrc/softmax_v1_0/src"
make -C ps7_cortexa9_0/libsrc/softmax_v1_0/src -s libs  "SHELL=CMD" "COMPILER=arm-xilinx-eabi-gcc" "ARCHIVER=arm-xilinx-eabi-ar" "COMPILER_FLAGS=  -O2 -c" "EXTRA_COMPILER_FLAGS=-g"
"Compiling softmax"
"Running Make libs in ps7_cortexa9_0/libsrc/standalone_v5_1/src"
make -C ps7_cortexa9_0/libsrc/standalone_v5_1/src -s libs  "SHELL=CMD" "COMPILER=arm-xilinx-eabi-gcc" "ARCHIVER=arm-xilinx-eabi-ar" "COMPILER_FLAGS=  -O2 -c" "EXTRA_COMPILER_FLAGS=-g"
"Compiling standalone"
"Running Make libs in ps7_cortexa9_0/libsrc/ttcps_v3_0/src"
make -C ps7_cortexa9_0/libsrc/ttcps_v3_0/src -s libs  "SHELL=CMD" "COMPILER=arm-xilinx-eabi-gcc" "ARCHIVER=arm-xilinx-eabi-ar" "COMPILER_FLAGS=  -O2 -c" "EXTRA_COMPILER_FLAGS=-g"
"Compiling ttcps"
"Running Make libs in ps7_cortexa9_0/libsrc/uartps_v3_0/src"
make -C ps7_cortexa9_0/libsrc/uartps_v3_0/src -s libs  "SHELL=CMD" "COMPILER=arm-xilinx-eabi-gcc" "ARCHIVER=arm-xilinx-eabi-ar" "COMPILER_FLAGS=  -O2 -c" "EXTRA_COMPILER_FLAGS=-g"
"Compiling uartps"
"Running Make libs in ps7_cortexa9_0/libsrc/usbps_v2_2/src"
make -C ps7_cortexa9_0/libsrc/usbps_v2_2/src -s libs  "SHELL=CMD" "COMPILER=arm-xilinx-eabi-gcc" "ARCHIVER=arm-xilinx-eabi-ar" "COMPILER_FLAGS=  -O2 -c" "EXTRA_COMPILER_FLAGS=-g"
"Compiling usbps"
"Running Make libs in ps7_cortexa9_0/libsrc/xadcps_v2_2/src"
make -C ps7_cortexa9_0/libsrc/xadcps_v2_2/src -s libs  "SHELL=CMD" "COMPILER=arm-xilinx-eabi-gcc" "ARCHIVER=arm-xilinx-eabi-ar" "COMPILER_FLAGS=  -O2 -c" "EXTRA_COMPILER_FLAGS=-g"
"Compiling xadcps"
'Finished building libraries'
02:23:14 **** Clean-only build of configuration Debug for project soft ****
make clean 
rm -rf  ./src/helloworld.o ./src/platform.o  ./src/helloworld.d ./src/platform.d  soft.elf.size  soft.elf
' '
02:23:14 **** Build of configuration Debug for project soft ****
make all 
'Building file: ../src/helloworld.c'
'Invoking: ARM gcc compiler'
arm-xilinx-eabi-gcc -Wall -O0 -g3 -c -fmessage-length=0 -MT"src/helloworld.o" -I../../soft_bsp/ps7_cortexa9_0/include -MMD -MP -MF"src/helloworld.d" -MT"src/helloworld.d" -o "src/helloworld.o" "../src/helloworld.c"
../src/helloworld.c:5:19: fatal error: cstdlib: No such file or directory
 #include <cstdlib>
                   ^
compilation terminated.
make: *** [src/helloworld.o] Error 1
02:25:40 **** Auto Build of configuration Debug for project soft ****
make all 
'Building file: ../src/helloworld.c'
'Invoking: ARM gcc compiler'
arm-xilinx-eabi-gcc -Wall -O0 -g3 -c -fmessage-length=0 -MT"src/helloworld.o" -I../../soft_bsp/ps7_cortexa9_0/include -MMD -MP -MF"src/helloworld.d" -MT"src/helloworld.d" -o "src/helloworld.o" "../src/helloworld.c"
../src/helloworld.c:5:19: fatal error: cstdlib: No such file or directory
 #include <cstdlib>
                   ^
compilation terminated.
make: *** [src/helloworld.o] Error 1
02:26:26 **** Auto Build of configuration Debug for project soft ****
make all 
'Building file: ../src/helloworld.c'
'Invoking: ARM gcc compiler'
arm-xilinx-eabi-gcc -Wall -O0 -g3 -c -fmessage-length=0 -MT"src/helloworld.o" -I../../soft_bsp/ps7_cortexa9_0/include -MMD -MP -MF"src/helloworld.d" -MT"src/helloworld.d" -o "src/helloworld.o" "../src/helloworld.c"
../src/helloworld.c:6:17: fatal error: cmath: No such file or directory
 #include <cmath>
                 ^
compilation terminated.
make: *** [src/helloworld.o] Error 1
02:26:36 **** Auto Build of configuration Debug for project soft ****
make all 
'Building file: ../src/helloworld.c'
'Invoking: ARM gcc compiler'
arm-xilinx-eabi-gcc -Wall -O0 -g3 -c -fmessage-length=0 -MT"src/helloworld.o" -I../../soft_bsp/ps7_cortexa9_0/include -MMD -MP -MF"src/helloworld.d" -MT"src/helloworld.d" -o "src/helloworld.o" "../src/helloworld.c"
../src/helloworld.c:8:18: fatal error: main.h: No such file or directory
 #include "main.h"
                  ^
compilation terminated.
make: *** [src/helloworld.o] Error 1
02:27:33 **** Auto Build of configuration Debug for project soft ****
make all 
'Building file: ../src/helloworld.c'
'Invoking: ARM gcc compiler'
arm-xilinx-eabi-gcc -Wall -O0 -g3 -c -fmessage-length=0 -MT"src/helloworld.o" -I../../soft_bsp/ps7_cortexa9_0/include -MMD -MP -MF"src/helloworld.d" -MT"src/helloworld.d" -o "src/helloworld.o" "../src/helloworld.c"
../src/helloworld.c:43:1: error: unknown type name 'mat_conv'
 mat_conv hw_result[NUM_CLASSES], sw_result[NUM_CLASSES];
 ^
../src/helloworld.c:56:1: error: unknown type name 'XObj_detector'
 XObj_detector   obj_detector_dev;
 ^
../src/helloworld.c:57:1: error: unknown type name 'XObj_detector_Config'
 XObj_detector_Config *obj_detector_config;
 ^
../src/helloworld.c:61:1: error: unknown type name 'bool'
 bool nearlyEqual(float a, float b);
 ^
../src/helloworld.c: In function 'main':
../src/helloworld.c:97:3: warning: implicit declaration of function 'printf' [-Wimplicit-function-declaration]
   printf("\nBegin Matrix Multiplication\n");
   ^
../src/helloworld.c:97:3: warning: incompatible implicit declaration of built-in function 'printf'
../src/helloworld.c:100:3: warning: passing argument 1 of 'initialize' makes pointer from integer without a cast
   initialize(error_count); // initialize timer and IPs
   ^
../src/helloworld.c:62:6: note: expected 'int *' but argument is of type 'int'
 void initialize(int *error);
      ^
../src/helloworld.c:112:7: error: 'k' undeclared (first use in this function)
  for (k=0; k<NUM_NEURONS; k++) {
       ^
../src/helloworld.c:112:7: note: each undeclared identifier is reported only once for each function it appears in
../src/helloworld.c:151:28: error: 'in_mat_b' undeclared (first use in this function)
     obj_detector(in_mat_a, in_mat_b, hw_result);
                            ^
../src/helloworld.c:151:5: warning: passing argument 3 of 'obj_detector' from incompatible pointer type
     obj_detector(in_mat_a, in_mat_b, hw_result);
     ^
../src/helloworld.c:64:6: note: expected 'float (*)[864]' but argument is of type 'int *'
 void obj_detector(
      ^
../src/helloworld.c:151:5: error: too few arguments to function 'obj_detector'
     obj_detector(in_mat_a, in_mat_b, hw_result);
     ^
../src/helloworld.c:64:6: note: declared here
 void obj_detector(
      ^
../src/helloworld.c:156:14: error: redeclaration of 'i' with no linkage
     for (int i = 0; i < N-M+1; i++) {
              ^
../src/helloworld.c:106:6: note: previous declaration of 'i' was here
  int i,j;
      ^
../src/helloworld.c:156:5: error: 'for' loop initial declarations are only allowed in C99 or C11 mode
     for (int i = 0; i < N-M+1; i++) {
     ^
../src/helloworld.c:156:5: note: use option -std=c99, -std=gnu99, -std=c11 or -std=gnu11 to compile your code
../src/helloworld.c:157:7: error: 'for' loop initial declarations are only allowed in C99 or C11 mode
       for (int j = 0; j < N-M+1; j++) {
       ^
../src/helloworld.c:159:31: error: subscripted value is neither array nor pointer nor vector
  if (!nearlyEqual(hw_result[i][j], sw_result[i][j])) {
                               ^
../src/helloworld.c:159:48: error: subscripted value is neither array nor pointer nor vector
  if (!nearlyEqual(hw_result[i][j], sw_result[i][j])) {
                                                ^
../src/helloworld.c:160:74: error: subscripted value is neither array nor pointer nor vector
    printf("Phase: \tRes[%d][%d]\tHW: %0.2f\tSW: %0.2f\n",i,j,hw_result[i][j],sw_result[i][j]);
                                                                          ^
../src/helloworld.c:160:90: error: subscripted value is neither array nor pointer nor vector
    printf("Phase: \tRes[%d][%d]\tHW: %0.2f\tSW: %0.2f\n",i,j,hw_result[i][j],sw_result[i][j]);
                                                                                          ^
../src/helloworld.c: At top level:
../src/helloworld.c:175:1: warning: missing braces around initializer [-Wmissing-braces]
 float a_orig[N][N] = {56};
 ^
../src/helloworld.c:175:1: warning: (near initialization for 'a_orig[0]') [-Wmissing-braces]
../src/helloworld.c:176:1: warning: missing braces around initializer [-Wmissing-braces]
 float a1[N][N] = {3};
 ^
../src/helloworld.c:176:1: warning: (near initialization for 'a1[0]') [-Wmissing-braces]
../src/helloworld.c:179:4: error: unknown type name 'mat_a'
    mat_a a[N][N],
    ^
../src/helloworld.c:180:4: error: unknown type name 'mat_b'
    mat_b b[M][M],
    ^
../src/helloworld.c:181:4: error: unknown type name 'mat_conv'
    mat_conv conv[N-M+1][N-M+1]
    ^
../src/helloworld.c:211:1: error: unknown type name 'bool'
 bool nearlyEqual(float a, float b) {
 ^
../src/helloworld.c: In function 'nearlyEqual':
../src/helloworld.c:218:12: error: 'true' undeclared (first use in this function)
     return true;
            ^
../src/helloworld.c:219:41: error: 'FLT_MIN' undeclared (first use in this function)
   } else if (a == 0 || b == 0 || diff < FLT_MIN) {
                                         ^
../src/helloworld.c:224:39: error: 'FLT_MAX' undeclared (first use in this function)
     return diff / fmin((absA + absB), FLT_MAX) < EPSILON;
                                       ^
../src/helloworld.c: In function 'initialize':
../src/helloworld.c:232:2: warning: implicit declaration of function 'XObj_detector_LookupConfig' [-Wimplicit-function-declaration]
  obj_detector_config = XObj_detector_LookupConfig(OBJ_DETECTOR_ID);
  ^
../src/helloworld.c:26:25: error: 'XPAR_OBJ_DETECTOR_0_DEVICE_ID' undeclared (first use in this function)
 #define OBJ_DETECTOR_ID XPAR_OBJ_DETECTOR_0_DEVICE_ID
                         ^
../src/helloworld.c:232:51: note: in expansion of macro 'OBJ_DETECTOR_ID'
  obj_detector_config = XObj_detector_LookupConfig(OBJ_DETECTOR_ID);
                                                   ^
../src/helloworld.c:233:2: warning: implicit declaration of function 'XObj_detector_CfgInitialize' [-Wimplicit-function-declaration]
  int status = XObj_detector_CfgInitialize(&obj_detector_dev,obj_detector_config);
  ^
../src/helloworld.c:235:3: warning: incompatible implicit declaration of built-in function 'printf'
   printf("ERROR: Matrix_mult Setup Failed\n");
   ^
../src/helloworld.c:236:3: warning: value computed is not used [-Wunused-value]
   *error++;
   ^
../src/helloworld.c:14:19: error: 'XPAR_HIER_BRAM_0_AXI_CDMA_0_DEVICE_ID' undeclared (first use in this function)
 #define CDMA_A_ID XPAR_HIER_BRAM_0_AXI_CDMA_0_DEVICE_ID
                   ^
../src/helloworld.c:239:40: note: in expansion of macro 'CDMA_A_ID'
  cdma_config_a = XAxiCdma_LookupConfig(CDMA_A_ID);
                                        ^
../src/helloworld.c:15:21: error: 'XPAR_HIER_BRAM_0_AXI_CDMA_0_BASEADDR' undeclared (first use in this function)
 #define CDMA_A_BASE XPAR_HIER_BRAM_0_AXI_CDMA_0_BASEADDR
                     ^
../src/helloworld.c:240:60: note: in expansion of macro 'CDMA_A_BASE'
  status = XAxiCdma_CfgInitialize(&cdma_dev_a,cdma_config_a,CDMA_A_BASE);
                                                            ^
../src/helloworld.c:245:3: warning: incompatible implicit declaration of built-in function 'printf'
   printf("ERROR: CDMA A Setup Failed\n");
   ^
../src/helloworld.c:246:3: warning: value computed is not used [-Wunused-value]
   *error++;
   ^
../src/helloworld.c:248:2: error: 'cdma_config_b' undeclared (first use in this function)
  cdma_config_b = XAxiCdma_LookupConfig(CDMA_B_ID);
  ^
../src/helloworld.c:248:40: error: 'CDMA_B_ID' undeclared (first use in this function)
  cdma_config_b = XAxiCdma_LookupConfig(CDMA_B_ID);
                                        ^
../src/helloworld.c:249:35: error: 'cdma_dev_b' undeclared (first use in this function)
  status = XAxiCdma_CfgInitialize(&cdma_dev_b,cdma_config_b,CDMA_B_BASE);
                                   ^
../src/helloworld.c:249:60: error: 'CDMA_B_BASE' undeclared (first use in this function)
  status = XAxiCdma_CfgInitialize(&cdma_dev_b,cdma_config_b,CDMA_B_BASE);
                                                            ^
../src/helloworld.c:251:3: warning: incompatible implicit declaration of built-in function 'printf'
   printf("ERROR: CDMA B Setup Failed\n");
   ^
../src/helloworld.c:252:3: warning: value computed is not used [-Wunused-value]
   *error++;
   ^
../src/helloworld.c:254:2: error: 'cdma_config_conv' undeclared (first use in this function)
  cdma_config_conv = XAxiCdma_LookupConfig(CDMA_CONV_ID);
  ^
../src/helloworld.c:254:43: error: 'CDMA_CONV_ID' undeclared (first use in this function)
  cdma_config_conv = XAxiCdma_LookupConfig(CDMA_CONV_ID);
                                           ^
../src/helloworld.c:255:35: error: 'cdma_dev_conv' undeclared (first use in this function)
  status = XAxiCdma_CfgInitialize(&cdma_dev_conv,cdma_config_conv,CDMA_CONV_BASE);
                                   ^
../src/helloworld.c:255:66: error: 'CDMA_CONV_BASE' undeclared (first use in this function)
  status = XAxiCdma_CfgInitialize(&cdma_dev_conv,cdma_config_conv,CDMA_CONV_BASE);
                                                                  ^
../src/helloworld.c:257:3: warning: incompatible implicit declaration of built-in function 'printf'
   printf("ERROR: CDMA PROD Setup Failed\n");
   ^
../src/helloworld.c:258:3: warning: value computed is not used [-Wunused-value]
   *error++;
   ^
../src/helloworld.c: In function 'nearlyEqual':
../src/helloworld.c:226:1: warning: control reaches end of non-void function [-Wreturn-type]
 }
 ^
make: *** [src/helloworld.o] Error 1
02:32:28 **** Auto Build of configuration Debug for project soft ****
make all 
'Building file: ../src/helloworld.c'
'Invoking: ARM gcc compiler'
arm-xilinx-eabi-gcc -Wall -O0 -g3 -c -fmessage-length=0 -MT"src/helloworld.o" -I../../soft_bsp/ps7_cortexa9_0/include -MMD -MP -MF"src/helloworld.d" -MT"src/helloworld.d" -o "src/helloworld.o" "../src/helloworld.c"
../src/helloworld.c:43:1: error: unknown type name 'mat_conv'
 mat_conv hw_result[NUM_CLASSES], sw_result[NUM_CLASSES];
 ^
../src/helloworld.c:56:1: error: unknown type name 'XObj_detector'
 XObj_detector   obj_detector_dev;
 ^
../src/helloworld.c:57:1: error: unknown type name 'XObj_detector_Config'
 XObj_detector_Config *obj_detector_config;
 ^
../src/helloworld.c:61:1: error: unknown type name 'bool'
 bool nearlyEqual(float a, float b);
 ^
../src/helloworld.c: In function 'main':
../src/helloworld.c:97:3: warning: implicit declaration of function 'printf' [-Wimplicit-function-declaration]
   printf("\nBegin Matrix Multiplication\n");
   ^
../src/helloworld.c:97:3: warning: incompatible implicit declaration of built-in function 'printf'
../src/helloworld.c:100:3: warning: passing argument 1 of 'initialize' makes pointer from integer without a cast
   initialize(error_count); // initialize timer and IPs
   ^
../src/helloworld.c:62:6: note: expected 'int *' but argument is of type 'int'
 void initialize(int *error);
      ^
../src/helloworld.c:112:7: error: 'k' undeclared (first use in this function)
  for (k=0; k<NUM_NEURONS; k++) {
       ^
../src/helloworld.c:112:7: note: each undeclared identifier is reported only once for each function it appears in
../src/helloworld.c:151:28: error: 'in_mat_b' undeclared (first use in this function)
     obj_detector(in_mat_a, in_mat_b, hw_result);
                            ^
../src/helloworld.c:151:5: warning: passing argument 3 of 'obj_detector' from incompatible pointer type
     obj_detector(in_mat_a, in_mat_b, hw_result);
     ^
../src/helloworld.c:64:6: note: expected 'float (*)[864]' but argument is of type 'int *'
 void obj_detector(
      ^
../src/helloworld.c:151:5: error: too few arguments to function 'obj_detector'
     obj_detector(in_mat_a, in_mat_b, hw_result);
     ^
../src/helloworld.c:64:6: note: declared here
 void obj_detector(
      ^
../src/helloworld.c:156:14: error: redeclaration of 'i' with no linkage
     for (int i = 0; i < N-M+1; i++) {
              ^
../src/helloworld.c:106:6: note: previous declaration of 'i' was here
  int i,j;
      ^
../src/helloworld.c:156:5: error: 'for' loop initial declarations are only allowed in C99 or C11 mode
     for (int i = 0; i < N-M+1; i++) {
     ^
../src/helloworld.c:156:5: note: use option -std=c99, -std=gnu99, -std=c11 or -std=gnu11 to compile your code
../src/helloworld.c:157:7: error: 'for' loop initial declarations are only allowed in C99 or C11 mode
       for (int j = 0; j < N-M+1; j++) {
       ^
../src/helloworld.c:159:31: error: subscripted value is neither array nor pointer nor vector
  if (!nearlyEqual(hw_result[i][j], sw_result[i][j])) {
                               ^
../src/helloworld.c:159:48: error: subscripted value is neither array nor pointer nor vector
  if (!nearlyEqual(hw_result[i][j], sw_result[i][j])) {
                                                ^
../src/helloworld.c:160:74: error: subscripted value is neither array nor pointer nor vector
    printf("Phase: \tRes[%d][%d]\tHW: %0.2f\tSW: %0.2f\n",i,j,hw_result[i][j],sw_result[i][j]);
                                                                          ^
../src/helloworld.c:160:90: error: subscripted value is neither array nor pointer nor vector
    printf("Phase: \tRes[%d][%d]\tHW: %0.2f\tSW: %0.2f\n",i,j,hw_result[i][j],sw_result[i][j]);
                                                                                          ^
../src/helloworld.c: At top level:
../src/helloworld.c:175:1: warning: missing braces around initializer [-Wmissing-braces]
 float a_orig[N][N] = {56};
 ^
../src/helloworld.c:175:1: warning: (near initialization for 'a_orig[0]') [-Wmissing-braces]
../src/helloworld.c:176:1: warning: missing braces around initializer [-Wmissing-braces]
 float a1[N][N] = {3};
 ^
../src/helloworld.c:176:1: warning: (near initialization for 'a1[0]') [-Wmissing-braces]
../src/helloworld.c:179:4: error: unknown type name 'mat_a'
    mat_a a[N][N],
    ^
../src/helloworld.c:180:4: error: unknown type name 'mat_b'
    mat_b b[M][M],
    ^
../src/helloworld.c:181:4: error: unknown type name 'mat_conv'
    mat_conv conv[N-M+1][N-M+1]
    ^
../src/helloworld.c:211:1: error: unknown type name 'bool'
 bool nearlyEqual(float a, float b) {
 ^
../src/helloworld.c: In function 'nearlyEqual':
../src/helloworld.c:218:12: error: 'true' undeclared (first use in this function)
     return true;
            ^
../src/helloworld.c:219:41: error: 'FLT_MIN' undeclared (first use in this function)
   } else if (a == 0 || b == 0 || diff < FLT_MIN) {
                                         ^
../src/helloworld.c:224:39: error: 'FLT_MAX' undeclared (first use in this function)
     return diff / fmin((absA + absB), FLT_MAX) < EPSILON;
                                       ^
../src/helloworld.c: In function 'initialize':
../src/helloworld.c:232:2: warning: implicit declaration of function 'XObj_detector_LookupConfig' [-Wimplicit-function-declaration]
  obj_detector_config = XObj_detector_LookupConfig(OBJ_DETECTOR_ID);
  ^
../src/helloworld.c:26:25: error: 'XPAR_OBJ_DETECTOR_0_DEVICE_ID' undeclared (first use in this function)
 #define OBJ_DETECTOR_ID XPAR_OBJ_DETECTOR_0_DEVICE_ID
                         ^
../src/helloworld.c:232:51: note: in expansion of macro 'OBJ_DETECTOR_ID'
  obj_detector_config = XObj_detector_LookupConfig(OBJ_DETECTOR_ID);
                                                   ^
../src/helloworld.c:233:2: warning: implicit declaration of function 'XObj_detector_CfgInitialize' [-Wimplicit-function-declaration]
  int status = XObj_detector_CfgInitialize(&obj_detector_dev,obj_detector_config);
  ^
../src/helloworld.c:235:3: warning: incompatible implicit declaration of built-in function 'printf'
   printf("ERROR: Matrix_mult Setup Failed\n");
   ^
../src/helloworld.c:236:3: warning: value computed is not used [-Wunused-value]
   *error++;
   ^
../src/helloworld.c:14:19: error: 'XPAR_HIER_BRAM_0_AXI_CDMA_0_DEVICE_ID' undeclared (first use in this function)
 #define CDMA_A_ID XPAR_HIER_BRAM_0_AXI_CDMA_0_DEVICE_ID
                   ^
../src/helloworld.c:239:40: note: in expansion of macro 'CDMA_A_ID'
  cdma_config_a = XAxiCdma_LookupConfig(CDMA_A_ID);
                                        ^
../src/helloworld.c:15:21: error: 'XPAR_HIER_BRAM_0_AXI_CDMA_0_BASEADDR' undeclared (first use in this function)
 #define CDMA_A_BASE XPAR_HIER_BRAM_0_AXI_CDMA_0_BASEADDR
                     ^
../src/helloworld.c:240:60: note: in expansion of macro 'CDMA_A_BASE'
  status = XAxiCdma_CfgInitialize(&cdma_dev_a,cdma_config_a,CDMA_A_BASE);
                                                            ^
../src/helloworld.c:245:3: warning: incompatible implicit declaration of built-in function 'printf'
   printf("ERROR: CDMA A Setup Failed\n");
   ^
../src/helloworld.c:246:3: warning: value computed is not used [-Wunused-value]
   *error++;
   ^
../src/helloworld.c:248:2: error: 'cdma_config_b' undeclared (first use in this function)
  cdma_config_b = XAxiCdma_LookupConfig(CDMA_B_ID);
  ^
../src/helloworld.c:248:40: error: 'CDMA_B_ID' undeclared (first use in this function)
  cdma_config_b = XAxiCdma_LookupConfig(CDMA_B_ID);
                                        ^
../src/helloworld.c:249:35: error: 'cdma_dev_b' undeclared (first use in this function)
  status = XAxiCdma_CfgInitialize(&cdma_dev_b,cdma_config_b,CDMA_B_BASE);
                                   ^
../src/helloworld.c:249:60: error: 'CDMA_B_BASE' undeclared (first use in this function)
  status = XAxiCdma_CfgInitialize(&cdma_dev_b,cdma_config_b,CDMA_B_BASE);
                                                            ^
../src/helloworld.c:251:3: warning: incompatible implicit declaration of built-in function 'printf'
   printf("ERROR: CDMA B Setup Failed\n");
   ^
../src/helloworld.c:252:3: warning: value computed is not used [-Wunused-value]
   *error++;
   ^
../src/helloworld.c:254:2: error: 'cdma_config_conv' undeclared (first use in this function)
  cdma_config_conv = XAxiCdma_LookupConfig(CDMA_CONV_ID);
  ^
../src/helloworld.c:254:43: error: 'CDMA_CONV_ID' undeclared (first use in this function)
  cdma_config_conv = XAxiCdma_LookupConfig(CDMA_CONV_ID);
                                           ^
../src/helloworld.c:255:35: error: 'cdma_dev_conv' undeclared (first use in this function)
  status = XAxiCdma_CfgInitialize(&cdma_dev_conv,cdma_config_conv,CDMA_CONV_BASE);
                                   ^
../src/helloworld.c:255:66: error: 'CDMA_CONV_BASE' undeclared (first use in this function)
  status = XAxiCdma_CfgInitialize(&cdma_dev_conv,cdma_config_conv,CDMA_CONV_BASE);
                                                                  ^
../src/helloworld.c:257:3: warning: incompatible implicit declaration of built-in function 'printf'
   printf("ERROR: CDMA PROD Setup Failed\n");
   ^
../src/helloworld.c:258:3: warning: value computed is not used [-Wunused-value]
   *error++;
   ^
../src/helloworld.c: In function 'nearlyEqual':
../src/helloworld.c:226:1: warning: control reaches end of non-void function [-Wreturn-type]
 }
 ^
make: *** [src/helloworld.o] Error 1
02:37:43 **** Auto Build of configuration Debug for project soft ****
make all 
'Building file: ../src/helloworld.c'
'Invoking: ARM gcc compiler'
arm-xilinx-eabi-gcc -Wall -O0 -g3 -c -fmessage-length=0 -MT"src/helloworld.o" -I../../soft_bsp/ps7_cortexa9_0/include -MMD -MP -MF"src/helloworld.d" -MT"src/helloworld.d" -o "src/helloworld.o" "../src/helloworld.c"
../src/helloworld.c:42:1: error: unknown type name 'mat_conv'
 mat_conv hw_result[NUM_CLASSES], sw_result[NUM_CLASSES];
 ^
../src/helloworld.c:55:1: error: unknown type name 'XObj_detector'
 XObj_detector   obj_detector_dev;
 ^
../src/helloworld.c:56:1: error: unknown type name 'XObj_detector_Config'
 XObj_detector_Config *obj_detector_config;
 ^
../src/helloworld.c:60:1: error: unknown type name 'bool'
 bool nearlyEqual(float a, float b);
 ^
../src/helloworld.c: In function 'main':
../src/helloworld.c:96:3: warning: implicit declaration of function 'printf' [-Wimplicit-function-declaration]
   printf("\nBegin Matrix Multiplication\n");
   ^
../src/helloworld.c:96:3: warning: incompatible implicit declaration of built-in function 'printf'
../src/helloworld.c:99:3: warning: passing argument 1 of 'initialize' makes pointer from integer without a cast
   initialize(error_count); // initialize timer and IPs
   ^
../src/helloworld.c:61:6: note: expected 'int *' but argument is of type 'int'
 void initialize(int *error);
      ^
../src/helloworld.c:111:7: error: 'k' undeclared (first use in this function)
  for (k=0; k<NUM_NEURONS; k++) {
       ^
../src/helloworld.c:111:7: note: each undeclared identifier is reported only once for each function it appears in
../src/helloworld.c:150:28: error: 'in_mat_b' undeclared (first use in this function)
     obj_detector(in_mat_a, in_mat_b, hw_result);
                            ^
../src/helloworld.c:150:5: warning: passing argument 3 of 'obj_detector' from incompatible pointer type
     obj_detector(in_mat_a, in_mat_b, hw_result);
     ^
../src/helloworld.c:63:6: note: expected 'float (*)[864]' but argument is of type 'int *'
 void obj_detector(
      ^
../src/helloworld.c:150:5: error: too few arguments to function 'obj_detector'
     obj_detector(in_mat_a, in_mat_b, hw_result);
     ^
../src/helloworld.c:63:6: note: declared here
 void obj_detector(
      ^
../src/helloworld.c:155:14: error: redeclaration of 'i' with no linkage
     for (int i = 0; i < N-M+1; i++) {
              ^
../src/helloworld.c:105:6: note: previous declaration of 'i' was here
  int i,j;
      ^
../src/helloworld.c:155:5: error: 'for' loop initial declarations are only allowed in C99 or C11 mode
     for (int i = 0; i < N-M+1; i++) {
     ^
../src/helloworld.c:155:5: note: use option -std=c99, -std=gnu99, -std=c11 or -std=gnu11 to compile your code
../src/helloworld.c:156:7: error: 'for' loop initial declarations are only allowed in C99 or C11 mode
       for (int j = 0; j < N-M+1; j++) {
       ^
../src/helloworld.c:158:31: error: subscripted value is neither array nor pointer nor vector
  if (!nearlyEqual(hw_result[i][j], sw_result[i][j])) {
                               ^
../src/helloworld.c:158:48: error: subscripted value is neither array nor pointer nor vector
  if (!nearlyEqual(hw_result[i][j], sw_result[i][j])) {
                                                ^
../src/helloworld.c:159:74: error: subscripted value is neither array nor pointer nor vector
    printf("Phase: \tRes[%d][%d]\tHW: %0.2f\tSW: %0.2f\n",i,j,hw_result[i][j],sw_result[i][j]);
                                                                          ^
../src/helloworld.c:159:90: error: subscripted value is neither array nor pointer nor vector
    printf("Phase: \tRes[%d][%d]\tHW: %0.2f\tSW: %0.2f\n",i,j,hw_result[i][j],sw_result[i][j]);
                                                                                          ^
../src/helloworld.c: At top level:
../src/helloworld.c:174:1: warning: missing braces around initializer [-Wmissing-braces]
 float a_orig[N][N] = {56};
 ^
../src/helloworld.c:174:1: warning: (near initialization for 'a_orig[0]') [-Wmissing-braces]
../src/helloworld.c:175:1: warning: missing braces around initializer [-Wmissing-braces]
 float a1[N][N] = {3};
 ^
../src/helloworld.c:175:1: warning: (near initialization for 'a1[0]') [-Wmissing-braces]
../src/helloworld.c:178:4: error: unknown type name 'mat_a'
    mat_a a[N][N],
    ^
../src/helloworld.c:179:4: error: unknown type name 'mat_b'
    mat_b b[M][M],
    ^
../src/helloworld.c:180:4: error: unknown type name 'mat_conv'
    mat_conv conv[N-M+1][N-M+1]
    ^
../src/helloworld.c:210:1: error: unknown type name 'bool'
 bool nearlyEqual(float a, float b) {
 ^
../src/helloworld.c: In function 'nearlyEqual':
../src/helloworld.c:217:12: error: 'true' undeclared (first use in this function)
     return true;
            ^
../src/helloworld.c:218:41: error: 'FLT_MIN' undeclared (first use in this function)
   } else if (a == 0 || b == 0 || diff < FLT_MIN) {
                                         ^
../src/helloworld.c:223:39: error: 'FLT_MAX' undeclared (first use in this function)
     return diff / fmin((absA + absB), FLT_MAX) < EPSILON;
                                       ^
../src/helloworld.c: In function 'initialize':
../src/helloworld.c:231:2: warning: implicit declaration of function 'XObj_detector_LookupConfig' [-Wimplicit-function-declaration]
  obj_detector_config = XObj_detector_LookupConfig(OBJ_DETECTOR_ID);
  ^
../src/helloworld.c:231:51: error: 'OBJ_DETECTOR_ID' undeclared (first use in this function)
  obj_detector_config = XObj_detector_LookupConfig(OBJ_DETECTOR_ID);
                                                   ^
../src/helloworld.c:232:2: warning: implicit declaration of function 'XObj_detector_CfgInitialize' [-Wimplicit-function-declaration]
  int status = XObj_detector_CfgInitialize(&obj_detector_dev,obj_detector_config);
  ^
../src/helloworld.c:234:3: warning: incompatible implicit declaration of built-in function 'printf'
   printf("ERROR: Matrix_mult Setup Failed\n");
   ^
../src/helloworld.c:235:3: warning: value computed is not used [-Wunused-value]
   *error++;
   ^
../src/helloworld.c:238:40: error: 'CDMA_A_ID' undeclared (first use in this function)
  cdma_config_a = XAxiCdma_LookupConfig(CDMA_A_ID);
                                        ^
../src/helloworld.c:239:60: error: 'CDMA_A_BASE' undeclared (first use in this function)
  status = XAxiCdma_CfgInitialize(&cdma_dev_a,cdma_config_a,CDMA_A_BASE);
                                                            ^
../src/helloworld.c:244:3: warning: incompatible implicit declaration of built-in function 'printf'
   printf("ERROR: CDMA A Setup Failed\n");
   ^
../src/helloworld.c:245:3: warning: value computed is not used [-Wunused-value]
   *error++;
   ^
../src/helloworld.c:247:2: error: 'cdma_config_b' undeclared (first use in this function)
  cdma_config_b = XAxiCdma_LookupConfig(CDMA_B_ID);
  ^
../src/helloworld.c:247:40: error: 'CDMA_B_ID' undeclared (first use in this function)
  cdma_config_b = XAxiCdma_LookupConfig(CDMA_B_ID);
                                        ^
../src/helloworld.c:248:35: error: 'cdma_dev_b' undeclared (first use in this function)
  status = XAxiCdma_CfgInitialize(&cdma_dev_b,cdma_config_b,CDMA_B_BASE);
                                   ^
../src/helloworld.c:248:60: error: 'CDMA_B_BASE' undeclared (first use in this function)
  status = XAxiCdma_CfgInitialize(&cdma_dev_b,cdma_config_b,CDMA_B_BASE);
                                                            ^
../src/helloworld.c:250:3: warning: incompatible implicit declaration of built-in function 'printf'
   printf("ERROR: CDMA B Setup Failed\n");
   ^
../src/helloworld.c:251:3: warning: value computed is not used [-Wunused-value]
   *error++;
   ^
../src/helloworld.c:253:2: error: 'cdma_config_conv' undeclared (first use in this function)
  cdma_config_conv = XAxiCdma_LookupConfig(CDMA_CONV_ID);
  ^
../src/helloworld.c:253:43: error: 'CDMA_CONV_ID' undeclared (first use in this function)
  cdma_config_conv = XAxiCdma_LookupConfig(CDMA_CONV_ID);
                                           ^
../src/helloworld.c:254:35: error: 'cdma_dev_conv' undeclared (first use in this function)
  status = XAxiCdma_CfgInitialize(&cdma_dev_conv,cdma_config_conv,CDMA_CONV_BASE);
                                   ^
../src/helloworld.c:254:66: error: 'CDMA_CONV_BASE' undeclared (first use in this function)
  status = XAxiCdma_CfgInitialize(&cdma_dev_conv,cdma_config_conv,CDMA_CONV_BASE);
                                                                  ^
../src/helloworld.c:256:3: warning: incompatible implicit declaration of built-in function 'printf'
   printf("ERROR: CDMA PROD Setup Failed\n");
   ^
../src/helloworld.c:257:3: warning: value computed is not used [-Wunused-value]
   *error++;
   ^
../src/helloworld.c: In function 'nearlyEqual':
../src/helloworld.c:225:1: warning: control reaches end of non-void function [-Wreturn-type]
 }
 ^
make: *** [src/helloworld.o] Error 1
04:10:55 **** Auto Build of configuration Debug for project soft ****
make all 
'Building file: ../src/helloworld.c'
'Invoking: ARM gcc compiler'
arm-xilinx-eabi-gcc -Wall -O0 -g3 -c -fmessage-length=0 -MT"src/helloworld.o" -I../../soft_bsp/ps7_cortexa9_0/include -MMD -MP -MF"src/helloworld.d" -MT"src/helloworld.d" -o "src/helloworld.o" "../src/helloworld.c"
../src/helloworld.c:42:1: error: unknown type name 'mat_conv'
 mat_conv hw_result[NUM_CLASSES], sw_result[NUM_CLASSES];
 ^
../src/helloworld.c:55:1: error: unknown type name 'XObj_detector'
 XObj_detector   obj_detector_dev;
 ^
../src/helloworld.c:56:1: error: unknown type name 'XObj_detector_Config'
 XObj_detector_Config *obj_detector_config;
 ^
../src/helloworld.c:60:1: error: unknown type name 'bool'
 bool nearlyEqual(float a, float b);
 ^
../src/helloworld.c: In function 'main':
../src/helloworld.c:96:3: warning: implicit declaration of function 'printf' [-Wimplicit-function-declaration]
   printf("\nBegin Matrix Multiplication\n");
   ^
../src/helloworld.c:96:3: warning: incompatible implicit declaration of built-in function 'printf'
../src/helloworld.c:99:3: warning: passing argument 1 of 'initialize' makes pointer from integer without a cast
   initialize(error_count); // initialize timer and IPs
   ^
../src/helloworld.c:61:6: note: expected 'int *' but argument is of type 'int'
 void initialize(int *error);
      ^
../src/helloworld.c:111:7: error: 'k' undeclared (first use in this function)
  for (k=0; k<NUM_NEURONS; k++) {
       ^
../src/helloworld.c:111:7: note: each undeclared identifier is reported only once for each function it appears in
../src/helloworld.c:150:28: error: 'in_mat_b' undeclared (first use in this function)
     obj_detector(in_mat_a, in_mat_b, hw_result);
                            ^
../src/helloworld.c:150:5: warning: passing argument 3 of 'obj_detector' from incompatible pointer type
     obj_detector(in_mat_a, in_mat_b, hw_result);
     ^
../src/helloworld.c:63:6: note: expected 'float (*)[864]' but argument is of type 'int *'
 void obj_detector(
      ^
../src/helloworld.c:150:5: error: too few arguments to function 'obj_detector'
     obj_detector(in_mat_a, in_mat_b, hw_result);
     ^
../src/helloworld.c:63:6: note: declared here
 void obj_detector(
      ^
../src/helloworld.c:155:14: error: redeclaration of 'i' with no linkage
     for (int i = 0; i < N-M+1; i++) {
              ^
../src/helloworld.c:105:6: note: previous declaration of 'i' was here
  int i,j;
      ^
../src/helloworld.c:155:5: error: 'for' loop initial declarations are only allowed in C99 or C11 mode
     for (int i = 0; i < N-M+1; i++) {
     ^
../src/helloworld.c:155:5: note: use option -std=c99, -std=gnu99, -std=c11 or -std=gnu11 to compile your code
../src/helloworld.c:156:7: error: 'for' loop initial declarations are only allowed in C99 or C11 mode
       for (int j = 0; j < N-M+1; j++) {
       ^
../src/helloworld.c:158:31: error: subscripted value is neither array nor pointer nor vector
  if (!nearlyEqual(hw_result[i][j], sw_result[i][j])) {
                               ^
../src/helloworld.c:158:48: error: subscripted value is neither array nor pointer nor vector
  if (!nearlyEqual(hw_result[i][j], sw_result[i][j])) {
                                                ^
../src/helloworld.c:159:74: error: subscripted value is neither array nor pointer nor vector
    printf("Phase: \tRes[%d][%d]\tHW: %0.2f\tSW: %0.2f\n",i,j,hw_result[i][j],sw_result[i][j]);
                                                                          ^
../src/helloworld.c:159:90: error: subscripted value is neither array nor pointer nor vector
    printf("Phase: \tRes[%d][%d]\tHW: %0.2f\tSW: %0.2f\n",i,j,hw_result[i][j],sw_result[i][j]);
                                                                                          ^
../src/helloworld.c: At top level:
../src/helloworld.c:174:1: warning: missing braces around initializer [-Wmissing-braces]
 float a_orig[N][N] = {56};
 ^
../src/helloworld.c:174:1: warning: (near initialization for 'a_orig[0]') [-Wmissing-braces]
../src/helloworld.c:175:1: warning: missing braces around initializer [-Wmissing-braces]
 float a1[N][N] = {3};
 ^
../src/helloworld.c:175:1: warning: (near initialization for 'a1[0]') [-Wmissing-braces]
../src/helloworld.c:178:4: error: unknown type name 'mat_a'
    mat_a a[N][N],
    ^
../src/helloworld.c:179:4: error: unknown type name 'mat_b'
    mat_b b[M][M],
    ^
../src/helloworld.c:180:4: error: unknown type name 'mat_conv'
    mat_conv conv[N-M+1][N-M+1]
    ^
../src/helloworld.c:209:2: error: expected identifier or '(' before '/' token
 */
  ^
../src/helloworld.c: In function 'initialize':
../src/helloworld.c:231:2: warning: implicit declaration of function 'XObj_detector_LookupConfig' [-Wimplicit-function-declaration]
  obj_detector_config = XObj_detector_LookupConfig(OBJ_DETECTOR_ID);
  ^
../src/helloworld.c:231:51: error: 'OBJ_DETECTOR_ID' undeclared (first use in this function)
  obj_detector_config = XObj_detector_LookupConfig(OBJ_DETECTOR_ID);
                                                   ^
../src/helloworld.c:232:2: warning: implicit declaration of function 'XObj_detector_CfgInitialize' [-Wimplicit-function-declaration]
  int status = XObj_detector_CfgInitialize(&obj_detector_dev,obj_detector_config);
  ^
../src/helloworld.c:234:3: warning: incompatible implicit declaration of built-in function 'printf'
   printf("ERROR: Matrix_mult Setup Failed\n");
   ^
../src/helloworld.c:235:3: warning: value computed is not used [-Wunused-value]
   *error++;
   ^
../src/helloworld.c:238:40: error: 'CDMA_A_ID' undeclared (first use in this function)
  cdma_config_a = XAxiCdma_LookupConfig(CDMA_A_ID);
                                        ^
../src/helloworld.c:239:60: error: 'CDMA_A_BASE' undeclared (first use in this function)
  status = XAxiCdma_CfgInitialize(&cdma_dev_a,cdma_config_a,CDMA_A_BASE);
                                                            ^
../src/helloworld.c:244:3: warning: incompatible implicit declaration of built-in function 'printf'
   printf("ERROR: CDMA A Setup Failed\n");
   ^
../src/helloworld.c:245:3: warning: value computed is not used [-Wunused-value]
   *error++;
   ^
../src/helloworld.c:247:2: error: 'cdma_config_b' undeclared (first use in this function)
  cdma_config_b = XAxiCdma_LookupConfig(CDMA_B_ID);
  ^
../src/helloworld.c:247:40: error: 'CDMA_B_ID' undeclared (first use in this function)
  cdma_config_b = XAxiCdma_LookupConfig(CDMA_B_ID);
                                        ^
../src/helloworld.c:248:35: error: 'cdma_dev_b' undeclared (first use in this function)
  status = XAxiCdma_CfgInitialize(&cdma_dev_b,cdma_config_b,CDMA_B_BASE);
                                   ^
../src/helloworld.c:248:60: error: 'CDMA_B_BASE' undeclared (first use in this function)
  status = XAxiCdma_CfgInitialize(&cdma_dev_b,cdma_config_b,CDMA_B_BASE);
                                                            ^
../src/helloworld.c:250:3: warning: incompatible implicit declaration of built-in function 'printf'
   printf("ERROR: CDMA B Setup Failed\n");
   ^
../src/helloworld.c:251:3: warning: value computed is not used [-Wunused-value]
   *error++;
   ^
../src/helloworld.c:253:2: error: 'cdma_config_conv' undeclared (first use in this function)
  cdma_config_conv = XAxiCdma_LookupConfig(CDMA_CONV_ID);
  ^
../src/helloworld.c:253:43: error: 'CDMA_CONV_ID' undeclared (first use in this function)
  cdma_config_conv = XAxiCdma_LookupConfig(CDMA_CONV_ID);
                                           ^
../src/helloworld.c:254:35: error: 'cdma_dev_conv' undeclared (first use in this function)
  status = XAxiCdma_CfgInitialize(&cdma_dev_conv,cdma_config_conv,CDMA_CONV_BASE);
                                   ^
../src/helloworld.c:254:66: error: 'CDMA_CONV_BASE' undeclared (first use in this function)
  status = XAxiCdma_CfgInitialize(&cdma_dev_conv,cdma_config_conv,CDMA_CONV_BASE);
                                                                  ^
../src/helloworld.c:256:3: warning: incompatible implicit declaration of built-in function 'printf'
   printf("ERROR: CDMA PROD Setup Failed\n");
   ^
../src/helloworld.c:257:3: warning: value computed is not used [-Wunused-value]
   *error++;
   ^
make: *** [src/helloworld.o] Error 1
00:16:44 **** Auto Build of configuration Debug for project soft ****
make all 
'Building file: ../src/helloworld.c'
'Invoking: ARM gcc compiler'
arm-xilinx-eabi-gcc -Wall -O0 -g3 -c -fmessage-length=0 -MT"src/helloworld.o" -I../../soft_bsp/ps7_cortexa9_0/include -MMD -MP -MF"src/helloworld.d" -MT"src/helloworld.d" -o "src/helloworld.o" "../src/helloworld.c"
../src/helloworld.c:42:1: error: unknown type name 'mat_conv'
 mat_conv hw_result[NUM_CLASSES], sw_result[NUM_CLASSES];
 ^
../src/helloworld.c:60:1: error: unknown type name 'bool'
 bool nearlyEqual(float a, float b);
 ^
../src/helloworld.c: In function 'main':
../src/helloworld.c:96:3: warning: implicit declaration of function 'printf' [-Wimplicit-function-declaration]
   printf("\nBegin Matrix Multiplication\n");
   ^
../src/helloworld.c:96:3: warning: incompatible implicit declaration of built-in function 'printf'
../src/helloworld.c:99:3: warning: passing argument 1 of 'initialize' makes pointer from integer without a cast
   initialize(error_count); // initialize timer and IPs
   ^
../src/helloworld.c:61:6: note: expected 'int *' but argument is of type 'int'
 void initialize(int *error);
      ^
../src/helloworld.c:111:7: error: 'k' undeclared (first use in this function)
  for (k=0; k<NUM_NEURONS; k++) {
       ^
../src/helloworld.c:111:7: note: each undeclared identifier is reported only once for each function it appears in
../src/helloworld.c:150:28: error: 'in_mat_b' undeclared (first use in this function)
     obj_detector(in_mat_a, in_mat_b, hw_result);
                            ^
../src/helloworld.c:150:5: warning: passing argument 3 of 'obj_detector' from incompatible pointer type
     obj_detector(in_mat_a, in_mat_b, hw_result);
     ^
../src/helloworld.c:63:6: note: expected 'float (*)[864]' but argument is of type 'int *'
 void obj_detector(
      ^
../src/helloworld.c:150:5: error: too few arguments to function 'obj_detector'
     obj_detector(in_mat_a, in_mat_b, hw_result);
     ^
../src/helloworld.c:63:6: note: declared here
 void obj_detector(
      ^
../src/helloworld.c:155:14: error: redeclaration of 'i' with no linkage
     for (int i = 0; i < N-M+1; i++) {
              ^
../src/helloworld.c:105:6: note: previous declaration of 'i' was here
  int i,j;
      ^
../src/helloworld.c:155:5: error: 'for' loop initial declarations are only allowed in C99 or C11 mode
     for (int i = 0; i < N-M+1; i++) {
     ^
../src/helloworld.c:155:5: note: use option -std=c99, -std=gnu99, -std=c11 or -std=gnu11 to compile your code
../src/helloworld.c:156:7: error: 'for' loop initial declarations are only allowed in C99 or C11 mode
       for (int j = 0; j < N-M+1; j++) {
       ^
../src/helloworld.c:158:31: error: subscripted value is neither array nor pointer nor vector
  if (!nearlyEqual(hw_result[i][j], sw_result[i][j])) {
                               ^
../src/helloworld.c:158:48: error: subscripted value is neither array nor pointer nor vector
  if (!nearlyEqual(hw_result[i][j], sw_result[i][j])) {
                                                ^
../src/helloworld.c:159:74: error: subscripted value is neither array nor pointer nor vector
    printf("Phase: \tRes[%d][%d]\tHW: %0.2f\tSW: %0.2f\n",i,j,hw_result[i][j],sw_result[i][j]);
                                                                          ^
../src/helloworld.c:159:90: error: subscripted value is neither array nor pointer nor vector
    printf("Phase: \tRes[%d][%d]\tHW: %0.2f\tSW: %0.2f\n",i,j,hw_result[i][j],sw_result[i][j]);
                                                                                          ^
../src/helloworld.c: At top level:
../src/helloworld.c:174:1: warning: missing braces around initializer [-Wmissing-braces]
 float a_orig[N][N] = {56};
 ^
../src/helloworld.c:174:1: warning: (near initialization for 'a_orig[0]') [-Wmissing-braces]
../src/helloworld.c:175:1: warning: missing braces around initializer [-Wmissing-braces]
 float a1[N][N] = {3};
 ^
../src/helloworld.c:175:1: warning: (near initialization for 'a1[0]') [-Wmissing-braces]
../src/helloworld.c:178:4: error: unknown type name 'mat_a'
    mat_a a[N][N],
    ^
../src/helloworld.c:179:4: error: unknown type name 'mat_b'
    mat_b b[M][M],
    ^
../src/helloworld.c:180:4: error: unknown type name 'mat_conv'
    mat_conv conv[N-M+1][N-M+1]
    ^
../src/helloworld.c:209:2: error: expected identifier or '(' before '/' token
 */
  ^
../src/helloworld.c: In function 'initialize':
../src/helloworld.c:231:2: warning: implicit declaration of function 'XObj_detector_LookupConfig' [-Wimplicit-function-declaration]
  obj_detector_config = XObj_detector_LookupConfig(OBJ_DETECTOR_ID);
  ^
../src/helloworld.c:231:51: error: 'OBJ_DETECTOR_ID' undeclared (first use in this function)
  obj_detector_config = XObj_detector_LookupConfig(OBJ_DETECTOR_ID);
                                                   ^
../src/helloworld.c:232:2: warning: implicit declaration of function 'XObj_detector_CfgInitialize' [-Wimplicit-function-declaration]
  int status = XObj_detector_CfgInitialize(&obj_detector_dev,obj_detector_config);
  ^
../src/helloworld.c:234:3: warning: incompatible implicit declaration of built-in function 'printf'
   printf("ERROR: Matrix_mult Setup Failed\n");
   ^
../src/helloworld.c:235:3: warning: value computed is not used [-Wunused-value]
   *error++;
   ^
../src/helloworld.c:238:40: error: 'CDMA_A_ID' undeclared (first use in this function)
  cdma_config_a = XAxiCdma_LookupConfig(CDMA_A_ID);
                                        ^
../src/helloworld.c:239:60: error: 'CDMA_A_BASE' undeclared (first use in this function)
  status = XAxiCdma_CfgInitialize(&cdma_dev_a,cdma_config_a,CDMA_A_BASE);
                                                            ^
../src/helloworld.c:244:3: warning: incompatible implicit declaration of built-in function 'printf'
   printf("ERROR: CDMA A Setup Failed\n");
   ^
../src/helloworld.c:245:3: warning: value computed is not used [-Wunused-value]
   *error++;
   ^
../src/helloworld.c:247:2: error: 'cdma_config_b' undeclared (first use in this function)
  cdma_config_b = XAxiCdma_LookupConfig(CDMA_B_ID);
  ^
../src/helloworld.c:247:40: error: 'CDMA_B_ID' undeclared (first use in this function)
  cdma_config_b = XAxiCdma_LookupConfig(CDMA_B_ID);
                                        ^
../src/helloworld.c:248:35: error: 'cdma_dev_b' undeclared (first use in this function)
  status = XAxiCdma_CfgInitialize(&cdma_dev_b,cdma_config_b,CDMA_B_BASE);
                                   ^
../src/helloworld.c:248:60: error: 'CDMA_B_BASE' undeclared (first use in this function)
  status = XAxiCdma_CfgInitialize(&cdma_dev_b,cdma_config_b,CDMA_B_BASE);
                                                            ^
../src/helloworld.c:250:3: warning: incompatible implicit declaration of built-in function 'printf'
   printf("ERROR: CDMA B Setup Failed\n");
   ^
../src/helloworld.c:251:3: warning: value computed is not used [-Wunused-value]
   *error++;
   ^
../src/helloworld.c:253:2: error: 'cdma_config_conv' undeclared (first use in this function)
  cdma_config_conv = XAxiCdma_LookupConfig(CDMA_CONV_ID);
  ^
../src/helloworld.c:253:43: error: 'CDMA_CONV_ID' undeclared (first use in this function)
  cdma_config_conv = XAxiCdma_LookupConfig(CDMA_CONV_ID);
                                           ^
../src/helloworld.c:254:35: error: 'cdma_dev_conv' undeclared (first use in this function)
  status = XAxiCdma_CfgInitialize(&cdma_dev_conv,cdma_config_conv,CDMA_CONV_BASE);
                                   ^
../src/helloworld.c:254:66: error: 'CDMA_CONV_BASE' undeclared (first use in this function)
  status = XAxiCdma_CfgInitialize(&cdma_dev_conv,cdma_config_conv,CDMA_CONV_BASE);
                                                                  ^
../src/helloworld.c:256:3: warning: incompatible implicit declaration of built-in function 'printf'
   printf("ERROR: CDMA PROD Setup Failed\n");
   ^
../src/helloworld.c:257:3: warning: value computed is not used [-Wunused-value]
   *error++;
   ^
make: *** [src/helloworld.o] Error 1
00:23:21 **** Auto Build of configuration Debug for project soft ****
make all 
'Building file: ../src/helloworld.c'
'Invoking: ARM gcc compiler'
arm-xilinx-eabi-gcc -Wall -O0 -g3 -c -fmessage-length=0 -MT"src/helloworld.o" -I../../soft_bsp/ps7_cortexa9_0/include -MMD -MP -MF"src/helloworld.d" -MT"src/helloworld.d" -o "src/helloworld.o" "../src/helloworld.c"
../src/helloworld.c:43:1: error: unknown type name 'mat_conv'
 mat_conv hw_result[NUM_CLASSES], sw_result[NUM_CLASSES];
 ^
../src/helloworld.c: In function 'main':
../src/helloworld.c:97:3: warning: implicit declaration of function 'printf' [-Wimplicit-function-declaration]
   printf("\nBegin Matrix Multiplication\n");
   ^
../src/helloworld.c:97:3: warning: incompatible implicit declaration of built-in function 'printf'
../src/helloworld.c:100:3: warning: passing argument 1 of 'initialize' makes pointer from integer without a cast
   initialize(error_count); // initialize timer and IPs
   ^
../src/helloworld.c:62:6: note: expected 'int *' but argument is of type 'int'
 void initialize(int *error);
      ^
../src/helloworld.c:112:7: error: 'k' undeclared (first use in this function)
  for (k=0; k<NUM_NEURONS; k++) {
       ^
../src/helloworld.c:112:7: note: each undeclared identifier is reported only once for each function it appears in
../src/helloworld.c:151:28: error: 'in_mat_b' undeclared (first use in this function)
     obj_detector(in_mat_a, in_mat_b, hw_result);
                            ^
../src/helloworld.c:151:5: warning: passing argument 3 of 'obj_detector' from incompatible pointer type
     obj_detector(in_mat_a, in_mat_b, hw_result);
     ^
../src/helloworld.c:64:6: note: expected 'float (*)[864]' but argument is of type 'int *'
 void obj_detector(
      ^
../src/helloworld.c:151:5: error: too few arguments to function 'obj_detector'
     obj_detector(in_mat_a, in_mat_b, hw_result);
     ^
../src/helloworld.c:64:6: note: declared here
 void obj_detector(
      ^
../src/helloworld.c:156:14: error: redeclaration of 'i' with no linkage
     for (int i = 0; i < N-M+1; i++) {
              ^
../src/helloworld.c:106:6: note: previous declaration of 'i' was here
  int i,j;
      ^
../src/helloworld.c:156:5: error: 'for' loop initial declarations are only allowed in C99 or C11 mode
     for (int i = 0; i < N-M+1; i++) {
     ^
../src/helloworld.c:156:5: note: use option -std=c99, -std=gnu99, -std=c11 or -std=gnu11 to compile your code
../src/helloworld.c:157:7: error: 'for' loop initial declarations are only allowed in C99 or C11 mode
       for (int j = 0; j < N-M+1; j++) {
       ^
../src/helloworld.c:159:31: error: subscripted value is neither array nor pointer nor vector
  if (!nearlyEqual(hw_result[i][j], sw_result[i][j])) {
                               ^
../src/helloworld.c:159:48: error: subscripted value is neither array nor pointer nor vector
  if (!nearlyEqual(hw_result[i][j], sw_result[i][j])) {
                                                ^
../src/helloworld.c:160:74: error: subscripted value is neither array nor pointer nor vector
    printf("Phase: \tRes[%d][%d]\tHW: %0.2f\tSW: %0.2f\n",i,j,hw_result[i][j],sw_result[i][j]);
                                                                          ^
../src/helloworld.c:160:90: error: subscripted value is neither array nor pointer nor vector
    printf("Phase: \tRes[%d][%d]\tHW: %0.2f\tSW: %0.2f\n",i,j,hw_result[i][j],sw_result[i][j]);
                                                                                          ^
../src/helloworld.c: At top level:
../src/helloworld.c:175:1: warning: missing braces around initializer [-Wmissing-braces]
 float a_orig[N][N] = {56};
 ^
../src/helloworld.c:175:1: warning: (near initialization for 'a_orig[0]') [-Wmissing-braces]
../src/helloworld.c:176:1: warning: missing braces around initializer [-Wmissing-braces]
 float a1[N][N] = {3};
 ^
../src/helloworld.c:176:1: warning: (near initialization for 'a1[0]') [-Wmissing-braces]
../src/helloworld.c:179:4: error: unknown type name 'mat_a'
    mat_a a[N][N],
    ^
../src/helloworld.c:180:4: error: unknown type name 'mat_b'
    mat_b b[M][M],
    ^
../src/helloworld.c:181:4: error: unknown type name 'mat_conv'
    mat_conv conv[N-M+1][N-M+1]
    ^
../src/helloworld.c:210:2: error: expected identifier or '(' before '/' token
 */
  ^
../src/helloworld.c: In function 'initialize':
../src/helloworld.c:232:2: warning: implicit declaration of function 'XObj_detector_LookupConfig' [-Wimplicit-function-declaration]
  obj_detector_config = XObj_detector_LookupConfig(OBJ_DETECTOR_ID);
  ^
../src/helloworld.c:232:51: error: 'OBJ_DETECTOR_ID' undeclared (first use in this function)
  obj_detector_config = XObj_detector_LookupConfig(OBJ_DETECTOR_ID);
                                                   ^
../src/helloworld.c:233:2: warning: implicit declaration of function 'XObj_detector_CfgInitialize' [-Wimplicit-function-declaration]
  int status = XObj_detector_CfgInitialize(&obj_detector_dev,obj_detector_config);
  ^
../src/helloworld.c:235:3: warning: incompatible implicit declaration of built-in function 'printf'
   printf("ERROR: Matrix_mult Setup Failed\n");
   ^
../src/helloworld.c:236:3: warning: value computed is not used [-Wunused-value]
   *error++;
   ^
../src/helloworld.c:239:40: error: 'CDMA_A_ID' undeclared (first use in this function)
  cdma_config_a = XAxiCdma_LookupConfig(CDMA_A_ID);
                                        ^
../src/helloworld.c:240:60: error: 'CDMA_A_BASE' undeclared (first use in this function)
  status = XAxiCdma_CfgInitialize(&cdma_dev_a,cdma_config_a,CDMA_A_BASE);
                                                            ^
../src/helloworld.c:245:3: warning: incompatible implicit declaration of built-in function 'printf'
   printf("ERROR: CDMA A Setup Failed\n");
   ^
../src/helloworld.c:246:3: warning: value computed is not used [-Wunused-value]
   *error++;
   ^
../src/helloworld.c:248:2: error: 'cdma_config_b' undeclared (first use in this function)
  cdma_config_b = XAxiCdma_LookupConfig(CDMA_B_ID);
  ^
../src/helloworld.c:248:40: error: 'CDMA_B_ID' undeclared (first use in this function)
  cdma_config_b = XAxiCdma_LookupConfig(CDMA_B_ID);
                                        ^
../src/helloworld.c:249:35: error: 'cdma_dev_b' undeclared (first use in this function)
  status = XAxiCdma_CfgInitialize(&cdma_dev_b,cdma_config_b,CDMA_B_BASE);
                                   ^
../src/helloworld.c:249:60: error: 'CDMA_B_BASE' undeclared (first use in this function)
  status = XAxiCdma_CfgInitialize(&cdma_dev_b,cdma_config_b,CDMA_B_BASE);
                                                            ^
../src/helloworld.c:251:3: warning: incompatible implicit declaration of built-in function 'printf'
   printf("ERROR: CDMA B Setup Failed\n");
   ^
../src/helloworld.c:252:3: warning: value computed is not used [-Wunused-value]
   *error++;
   ^
../src/helloworld.c:254:2: error: 'cdma_config_conv' undeclared (first use in this function)
  cdma_config_conv = XAxiCdma_LookupConfig(CDMA_CONV_ID);
  ^
../src/helloworld.c:254:43: error: 'CDMA_CONV_ID' undeclared (first use in this function)
  cdma_config_conv = XAxiCdma_LookupConfig(CDMA_CONV_ID);
                                           ^
../src/helloworld.c:255:35: error: 'cdma_dev_conv' undeclared (first use in this function)
  status = XAxiCdma_CfgInitialize(&cdma_dev_conv,cdma_config_conv,CDMA_CONV_BASE);
                                   ^
../src/helloworld.c:255:66: error: 'CDMA_CONV_BASE' undeclared (first use in this function)
  status = XAxiCdma_CfgInitialize(&cdma_dev_conv,cdma_config_conv,CDMA_CONV_BASE);
                                                                  ^
../src/helloworld.c:257:3: warning: incompatible implicit declaration of built-in function 'printf'
   printf("ERROR: CDMA PROD Setup Failed\n");
   ^
../src/helloworld.c:258:3: warning: value computed is not used [-Wunused-value]
   *error++;
   ^
make: *** [src/helloworld.o] Error 1
00:25:07 **** Auto Build of configuration Debug for project soft ****
make all 
'Building file: ../src/helloworld.c'
'Invoking: ARM gcc compiler'
arm-xilinx-eabi-gcc -Wall -O0 -g3 -c -fmessage-length=0 -MT"src/helloworld.o" -I../../soft_bsp/ps7_cortexa9_0/include -MMD -MP -MF"src/helloworld.d" -MT"src/helloworld.d" -o "src/helloworld.o" "../src/helloworld.c"
../src/helloworld.c:43:1: error: unknown type name 'mat_conv'
 mat_conv hw_result[NUM_CLASSES], sw_result[NUM_CLASSES];
 ^
../src/helloworld.c: In function 'main':
../src/helloworld.c:97:3: warning: implicit declaration of function 'printf' [-Wimplicit-function-declaration]
   printf("\nBegin Matrix Multiplication\n");
   ^
../src/helloworld.c:97:3: warning: incompatible implicit declaration of built-in function 'printf'
../src/helloworld.c:100:3: warning: passing argument 1 of 'initialize' makes pointer from integer without a cast
   initialize(error_count); // initialize timer and IPs
   ^
../src/helloworld.c:62:6: note: expected 'int *' but argument is of type 'int'
 void initialize(int *error);
      ^
../src/helloworld.c:112:2: error: 'for' loop initial declarations are only allowed in C99 or C11 mode
  for (int k=0; k<NUM_NEURONS; k++) {
  ^
../src/helloworld.c:112:2: note: use option -std=c99, -std=gnu99, -std=c11 or -std=gnu11 to compile your code
../src/helloworld.c:122:23: error: subscripted value is neither array nor pointer nor vector
        in_mat_w1[k][i][j]=((float)rand())/RAND_MAX;
                       ^
../src/helloworld.c:151:28: error: 'in_mat_b' undeclared (first use in this function)
     obj_detector(in_mat_a, in_mat_b, hw_result);
                            ^
../src/helloworld.c:151:28: note: each undeclared identifier is reported only once for each function it appears in
../src/helloworld.c:151:5: warning: passing argument 3 of 'obj_detector' from incompatible pointer type
     obj_detector(in_mat_a, in_mat_b, hw_result);
     ^
../src/helloworld.c:64:6: note: expected 'float (*)[864]' but argument is of type 'int *'
 void obj_detector(
      ^
../src/helloworld.c:151:5: error: too few arguments to function 'obj_detector'
     obj_detector(in_mat_a, in_mat_b, hw_result);
     ^
../src/helloworld.c:64:6: note: declared here
 void obj_detector(
      ^
../src/helloworld.c:156:14: error: redeclaration of 'i' with no linkage
     for (int i = 0; i < N-M+1; i++) {
              ^
../src/helloworld.c:106:6: note: previous declaration of 'i' was here
  int i,j;
      ^
../src/helloworld.c:156:5: error: 'for' loop initial declarations are only allowed in C99 or C11 mode
     for (int i = 0; i < N-M+1; i++) {
     ^
../src/helloworld.c:157:7: error: 'for' loop initial declarations are only allowed in C99 or C11 mode
       for (int j = 0; j < N-M+1; j++) {
       ^
../src/helloworld.c:159:31: error: subscripted value is neither array nor pointer nor vector
  if (!nearlyEqual(hw_result[i][j], sw_result[i][j])) {
                               ^
../src/helloworld.c:159:48: error: subscripted value is neither array nor pointer nor vector
  if (!nearlyEqual(hw_result[i][j], sw_result[i][j])) {
                                                ^
../src/helloworld.c:160:74: error: subscripted value is neither array nor pointer nor vector
    printf("Phase: \tRes[%d][%d]\tHW: %0.2f\tSW: %0.2f\n",i,j,hw_result[i][j],sw_result[i][j]);
                                                                          ^
../src/helloworld.c:160:90: error: subscripted value is neither array nor pointer nor vector
    printf("Phase: \tRes[%d][%d]\tHW: %0.2f\tSW: %0.2f\n",i,j,hw_result[i][j],sw_result[i][j]);
                                                                                          ^
../src/helloworld.c: At top level:
../src/helloworld.c:175:1: warning: missing braces around initializer [-Wmissing-braces]
 float a_orig[N][N] = {56};
 ^
../src/helloworld.c:175:1: warning: (near initialization for 'a_orig[0]') [-Wmissing-braces]
../src/helloworld.c:176:1: warning: missing braces around initializer [-Wmissing-braces]
 float a1[N][N] = {3};
 ^
../src/helloworld.c:176:1: warning: (near initialization for 'a1[0]') [-Wmissing-braces]
../src/helloworld.c:179:4: error: unknown type name 'mat_a'
    mat_a a[N][N],
    ^
../src/helloworld.c:180:4: error: unknown type name 'mat_b'
    mat_b b[M][M],
    ^
../src/helloworld.c:181:4: error: unknown type name 'mat_conv'
    mat_conv conv[N-M+1][N-M+1]
    ^
../src/helloworld.c:210:2: error: expected identifier or '(' before '/' token
 */
  ^
../src/helloworld.c: In function 'initialize':
../src/helloworld.c:232:2: warning: implicit declaration of function 'XObj_detector_LookupConfig' [-Wimplicit-function-declaration]
[...]
'Invoking: ARM g++ compiler'
arm-xilinx-eabi-g++ -Wall -O0 -g3 -c -fmessage-length=0 -MT"src/softmax.o" -I../../soft_bsp/ps7_cortexa9_0/include -MMD -MP -MF"src/softmax.d" -MT"src/softmax.d" -o "src/softmax.o" "../src/softmax.cpp"
'Finished building: ../src/softmax.cpp'
' '
'Building target: softmax.elf'
'Invoking: ARM g++ linker'
arm-xilinx-eabi-g++ -Wl,-T -Wl,../src/lscript.ld -L../../soft_bsp/ps7_cortexa9_0/lib -o "softmax.elf"  ./src/softmax.o   -Wl,--start-group,-lxil,-lgcc,-lc,-lstdc++,--end-group
'Finished building target: softmax.elf'
' '
'Invoking: ARM Print Size'
arm-xilinx-eabi-size softmax.elf  |tee "softmax.elf.size"
   text	   data	    bss	    dec	    hex	filename
  79212	   8648	  35124	 122984	  1e068	softmax.elf
'Finished building: softmax.elf.size'
' '
04:24:44 **** Auto Build of configuration Debug for project softmax ****
make all 
'Building file: ../src/softmax.cpp'
'Invoking: ARM g++ compiler'
arm-xilinx-eabi-g++ -Wall -O0 -g3 -c -fmessage-length=0 -MT"src/softmax.o" -I../../soft_bsp/ps7_cortexa9_0/include -MMD -MP -MF"src/softmax.d" -MT"src/softmax.d" -o "src/softmax.o" "../src/softmax.cpp"
'Finished building: ../src/softmax.cpp'
' '
'Building target: softmax.elf'
'Invoking: ARM g++ linker'
arm-xilinx-eabi-g++ -Wl,-T -Wl,../src/lscript.ld -L../../soft_bsp/ps7_cortexa9_0/lib -o "softmax.elf"  ./src/softmax.o   -Wl,--start-group,-lxil,-lgcc,-lc,-lstdc++,--end-group
./src/softmax.o: In function `main':
C:\Users\AraniBasu\Documents\GitHub\Reconfig-project\Hardware-Accel\HW\H05-lab3-1\project_3\project_3.sdk\softmax\Debug/../src/softmax.cpp:167: undefined reference to `softmax(float (*) [28], float*)'
collect2.exe: error: ld returned 1 exit status
make: *** [softmax.elf] Error 1
04:25:05 **** Auto Build of configuration Debug for project softmax ****
make all 
'Building file: ../src/softmax.cpp'
'Invoking: ARM g++ compiler'
arm-xilinx-eabi-g++ -Wall -O0 -g3 -c -fmessage-length=0 -MT"src/softmax.o" -I../../soft_bsp/ps7_cortexa9_0/include -MMD -MP -MF"src/softmax.d" -MT"src/softmax.d" -o "src/softmax.o" "../src/softmax.cpp"
../src/softmax.cpp: In function 'int main()':
../src/softmax.cpp:117:13: error: incompatible types in assignment of 'float' to 'float [28]'
  in_mat_a[i]=((float)rand())/RAND_MAX;
             ^
make: *** [src/softmax.o] Error 1
04:25:24 **** Auto Build of configuration Debug for project softmax ****
make all 
'Building file: ../src/softmax.cpp'
'Invoking: ARM g++ compiler'
arm-xilinx-eabi-g++ -Wall -O0 -g3 -c -fmessage-length=0 -MT"src/softmax.o" -I../../soft_bsp/ps7_cortexa9_0/include -MMD -MP -MF"src/softmax.d" -MT"src/softmax.d" -o "src/softmax.o" "../src/softmax.cpp"
../src/softmax.cpp: In function 'int main()':
../src/softmax.cpp:117:13: error: incompatible types in assignment of 'float' to 'float [28]'
  in_mat_a[i]=((float)rand())/RAND_MAX;
             ^
../src/softmax.cpp:167:32: error: cannot convert 'float (*)[28]' to 'float*' for argument '1' to 'void softmax(float*, float*)'
     softmax(in_mat_a, hw_result);
                                ^
make: *** [src/softmax.o] Error 1
04:25:51 **** Auto Build of configuration Debug for project softmax ****
make all 
'Building file: ../src/softmax.cpp'
'Invoking: ARM g++ compiler'
arm-xilinx-eabi-g++ -Wall -O0 -g3 -c -fmessage-length=0 -MT"src/softmax.o" -I../../soft_bsp/ps7_cortexa9_0/include -MMD -MP -MF"src/softmax.d" -MT"src/softmax.d" -o "src/softmax.o" "../src/softmax.cpp"
'Finished building: ../src/softmax.cpp'
' '
'Building target: softmax.elf'
'Invoking: ARM g++ linker'
arm-xilinx-eabi-g++ -Wl,-T -Wl,../src/lscript.ld -L../../soft_bsp/ps7_cortexa9_0/lib -o "softmax.elf"  ./src/softmax.o   -Wl,--start-group,-lxil,-lgcc,-lc,-lstdc++,--end-group
'Finished building target: softmax.elf'
' '
'Invoking: ARM Print Size'
arm-xilinx-eabi-size softmax.elf  |tee "softmax.elf.size"
   text	   data	    bss	    dec	    hex	filename
  79148	   8648	  31988	 119784	  1d3e8	softmax.elf
'Finished building: softmax.elf.size'
' '
04:26:57 **** Auto Build of configuration Debug for project softmax ****
make all 
'Building file: ../src/softmax.cpp'
'Invoking: ARM g++ compiler'
arm-xilinx-eabi-g++ -Wall -O0 -g3 -c -fmessage-length=0 -MT"src/softmax.o" -I../../soft_bsp/ps7_cortexa9_0/include -MMD -MP -MF"src/softmax.d" -MT"src/softmax.d" -o "src/softmax.o" "../src/softmax.cpp"
'Finished building: ../src/softmax.cpp'
' '
'Building target: softmax.elf'
'Invoking: ARM g++ linker'
arm-xilinx-eabi-g++ -Wl,-T -Wl,../src/lscript.ld -L../../soft_bsp/ps7_cortexa9_0/lib -o "softmax.elf"  ./src/softmax.o   -Wl,--start-group,-lxil,-lgcc,-lc,-lstdc++,--end-group
'Finished building target: softmax.elf'
' '
'Invoking: ARM Print Size'
arm-xilinx-eabi-size softmax.elf  |tee "softmax.elf.size"
   text	   data	    bss	    dec	    hex	filename
  79172	   8648	  31988	 119808	  1d400	softmax.elf
'Finished building: softmax.elf.size'
' '
04:30:58 **** Incremental Build of configuration Debug for project softmax ****
make all 
make: Nothing to be done for `all'.
04:32:10 **** Auto Build of configuration Debug for project softmax ****
make all 
'Building file: ../src/softmax.cpp'
'Invoking: ARM g++ compiler'
arm-xilinx-eabi-g++ -Wall -O0 -g3 -c -fmessage-length=0 -MT"src/softmax.o" -I../../soft_bsp/ps7_cortexa9_0/include -MMD -MP -MF"src/softmax.d" -MT"src/softmax.d" -o "src/softmax.o" "../src/softmax.cpp"
../src/softmax.cpp: In function 'int main()':
../src/softmax.cpp:114:8: warning: unused variable 'j' [-Wunused-variable]
  int i,j;
        ^
../src/softmax.cpp:126:7: warning: unused variable 'k' [-Wunused-variable]
   int k;
       ^
'Finished building: ../src/softmax.cpp'
' '
'Building target: softmax.elf'
'Invoking: ARM g++ linker'
arm-xilinx-eabi-g++ -Wl,-T -Wl,../src/lscript.ld -L../../soft_bsp/ps7_cortexa9_0/lib -o "softmax.elf"  ./src/softmax.o   -Wl,--start-group,-lxil,-lgcc,-lc,-lstdc++,--end-group
'Finished building target: softmax.elf'
' '
'Invoking: ARM Print Size'
arm-xilinx-eabi-size softmax.elf  |tee "softmax.elf.size"
   text	   data	    bss	    dec	    hex	filename
  78980	   8648	  31988	 119616	  1d340	softmax.elf
'Finished building: softmax.elf.size'
' '
04:33:38 **** Auto Build of configuration Debug for project softmax ****
make all 
'Building file: ../src/softmax.cpp'
'Invoking: ARM g++ compiler'
arm-xilinx-eabi-g++ -Wall -O0 -g3 -c -fmessage-length=0 -MT"src/softmax.o" -I../../soft_bsp/ps7_cortexa9_0/include -MMD -MP -MF"src/softmax.d" -MT"src/softmax.d" -o "src/softmax.o" "../src/softmax.cpp"
../src/softmax.cpp: In function 'int main()':
../src/softmax.cpp:115:21: warning: extended initializer lists only available with -std=c++11 or -std=gnu++11
  in_mat_a={18.5, 2.5};
                     ^
../src/softmax.cpp:115:10: error: assigning to an array from an initializer list
  in_mat_a={18.5, 2.5};
          ^
../src/softmax.cpp:166:9: error: 'i' was not declared in this scope
     for(i=0;i<NUM_CLASSES;i++)
         ^
../src/softmax.cpp:124:7: warning: unused variable 'k' [-Wunused-variable]
   int k;
       ^
make: *** [src/softmax.o] Error 1
04:35:55 **** Auto Build of configuration Debug for project softmax ****
make all 
'Building file: ../src/softmax.cpp'
'Invoking: ARM g++ compiler'
arm-xilinx-eabi-g++ -Wall -O0 -g3 -c -fmessage-length=0 -MT"src/softmax.o" -I../../soft_bsp/ps7_cortexa9_0/include -MMD -MP -MF"src/softmax.d" -MT"src/softmax.d" -o "src/softmax.o" "../src/softmax.cpp"
../src/softmax.cpp: In function 'int main()':
../src/softmax.cpp:115:11: error: 'NUM_CLASS' was not declared in this scope
  in_mat_a[NUM_CLASS]={18.5, 2.5};
           ^
../src/softmax.cpp:115:32: warning: extended initializer lists only available with -std=c++11 or -std=gnu++11
  in_mat_a[NUM_CLASS]={18.5, 2.5};
                                ^
../src/softmax.cpp:166:9: error: 'i' was not declared in this scope
     for(i=0;i<NUM_CLASSES;i++)
         ^
../src/softmax.cpp:124:7: warning: unused variable 'k' [-Wunused-variable]
   int k;
       ^
make: *** [src/softmax.o] Error 1
04:36:08 **** Auto Build of configuration Debug for project softmax ****
make all 
'Building file: ../src/softmax.cpp'
'Invoking: ARM g++ compiler'
arm-xilinx-eabi-g++ -Wall -O0 -g3 -c -fmessage-length=0 -MT"src/softmax.o" -I../../soft_bsp/ps7_cortexa9_0/include -MMD -MP -MF"src/softmax.d" -MT"src/softmax.d" -o "src/softmax.o" "../src/softmax.cpp"
../src/softmax.cpp: In function 'int main()':
../src/softmax.cpp:115:34: warning: extended initializer lists only available with -std=c++11 or -std=gnu++11
  in_mat_a[NUM_CLASSES]={18.5, 2.5};
                                  ^
../src/softmax.cpp:115:23: error: cannot convert '<brace-enclosed initializer list>' to 'float' in assignment
  in_mat_a[NUM_CLASSES]={18.5, 2.5};
                       ^
../src/softmax.cpp:166:9: error: 'i' was not declared in this scope
     for(i=0;i<NUM_CLASSES;i++)
         ^
../src/softmax.cpp:124:7: warning: unused variable 'k' [-Wunused-variable]
   int k;
       ^
make: *** [src/softmax.o] Error 1
04:36:22 **** Auto Build of configuration Debug for project softmax ****
make all 
'Building file: ../src/softmax.cpp'
'Invoking: ARM g++ compiler'
arm-xilinx-eabi-g++ -Wall -O0 -g3 -c -fmessage-length=0 -MT"src/softmax.o" -I../../soft_bsp/ps7_cortexa9_0/include -MMD -MP -MF"src/softmax.d" -MT"src/softmax.d" -o "src/softmax.o" "../src/softmax.cpp"
../src/softmax.cpp: In function 'int main()':
../src/softmax.cpp:166:9: error: 'i' was not declared in this scope
     for(i=0;i<NUM_CLASSES;i++)
         ^
../src/softmax.cpp:124:7: warning: unused variable 'k' [-Wunused-variable]
   int k;
       ^
make: *** [src/softmax.o] Error 1
04:36:26 **** Incremental Build of configuration Debug for project softmax ****
make all 
'Building file: ../src/softmax.cpp'
'Invoking: ARM g++ compiler'
arm-xilinx-eabi-g++ -Wall -O0 -g3 -c -fmessage-length=0 -MT"src/softmax.o" -I../../soft_bsp/ps7_cortexa9_0/include -MMD -MP -MF"src/softmax.d" -MT"src/softmax.d" -o "src/softmax.o" "../src/softmax.cpp"
../src/softmax.cpp: In function 'int main()':
../src/softmax.cpp:166:9: error: 'i' was not declared in this scope
     for(i=0;i<NUM_CLASSES;i++)
         ^
../src/softmax.cpp:124:7: warning: unused variable 'k' [-Wunused-variable]
   int k;
       ^
make: *** [src/softmax.o] Error 1
04:36:42 **** Auto Build of configuration Debug for project softmax ****
make all 
'Building file: ../src/softmax.cpp'
'Invoking: ARM g++ compiler'
arm-xilinx-eabi-g++ -Wall -O0 -g3 -c -fmessage-length=0 -MT"src/softmax.o" -I../../soft_bsp/ps7_cortexa9_0/include -MMD -MP -MF"src/softmax.d" -MT"src/softmax.d" -o "src/softmax.o" "../src/softmax.cpp"
../src/softmax.cpp: In function 'int main()':
../src/softmax.cpp:166:9: error: 'i' was not declared in this scope
     for(i=0;i<NUM_CLASSES;i++)
         ^
../src/softmax.cpp:124:7: warning: unused variable 'k' [-Wunused-variable]
   int k;
       ^
make: *** [src/softmax.o] Error 1
04:36:58 **** Auto Build of configuration Debug for project softmax ****
make all 
'Building file: ../src/softmax.cpp'
'Invoking: ARM g++ compiler'
arm-xilinx-eabi-g++ -Wall -O0 -g3 -c -fmessage-length=0 -MT"src/softmax.o" -I../../soft_bsp/ps7_cortexa9_0/include -MMD -MP -MF"src/softmax.d" -MT"src/softmax.d" -o "src/softmax.o" "../src/softmax.cpp"
'Finished building: ../src/softmax.cpp'
' '
'Building target: softmax.elf'
'Invoking: ARM g++ linker'
arm-xilinx-eabi-g++ -Wl,-T -Wl,../src/lscript.ld -L../../soft_bsp/ps7_cortexa9_0/lib -o "softmax.elf"  ./src/softmax.o   -Wl,--start-group,-lxil,-lgcc,-lc,-lstdc++,--end-group
'Finished building target: softmax.elf'
' '
'Invoking: ARM Print Size'
arm-xilinx-eabi-size softmax.elf  |tee "softmax.elf.size"
   text	   data	    bss	    dec	    hex	filename
  78780	   8648	  31988	 119416	  1d278	softmax.elf
'Finished building: softmax.elf.size'
' '
04:37:02 **** Incremental Build of configuration Debug for project softmax ****
make all 
make: Nothing to be done for `all'.
04:37:15 **** Incremental Build of configuration Debug for project softmax ****
make all 
make: Nothing to be done for `all'.
04:37:16 **** Incremental Build of configuration Debug for project softmax ****
make all 
make: Nothing to be done for `all'.
04:46:50 **** Auto Build of configuration Debug for project softmax ****
make all 
'Building file: ../src/softmax.cpp'
'Invoking: ARM g++ compiler'
arm-xilinx-eabi-g++ -Wall -O0 -g3 -c -fmessage-length=0 -MT"src/softmax.o" -I../../soft_bsp/ps7_cortexa9_0/include -MMD -MP -MF"src/softmax.d" -MT"src/softmax.d" -o "src/softmax.o" "../src/softmax.cpp"
'Finished building: ../src/softmax.cpp'
' '
'Building target: softmax.elf'
'Invoking: ARM g++ linker'
arm-xilinx-eabi-g++ -Wl,-T -Wl,../src/lscript.ld -L../../soft_bsp/ps7_cortexa9_0/lib -o "softmax.elf"  ./src/softmax.o   -Wl,--start-group,-lxil,-lgcc,-lc,-lstdc++,--end-group
'Finished building target: softmax.elf'
' '
'Invoking: ARM Print Size'
arm-xilinx-eabi-size softmax.elf  |tee "softmax.elf.size"
   text	   data	    bss	    dec	    hex	filename
  78796	   8648	  31988	 119432	  1d288	softmax.elf
'Finished building: softmax.elf.size'
' '
04:48:06 **** Auto Build of configuration Debug for project softmax ****
make all 
'Building file: ../src/softmax.cpp'
'Invoking: ARM g++ compiler'
arm-xilinx-eabi-g++ -Wall -O0 -g3 -c -fmessage-length=0 -MT"src/softmax.o" -I../../soft_bsp/ps7_cortexa9_0/include -MMD -MP -MF"src/softmax.d" -MT"src/softmax.d" -o "src/softmax.o" "../src/softmax.cpp"
'Finished building: ../src/softmax.cpp'
' '
'Building target: softmax.elf'
'Invoking: ARM g++ linker'
arm-xilinx-eabi-g++ -Wl,-T -Wl,../src/lscript.ld -L../../soft_bsp/ps7_cortexa9_0/lib -o "softmax.elf"  ./src/softmax.o   -Wl,--start-group,-lxil,-lgcc,-lc,-lstdc++,--end-group
'Finished building target: softmax.elf'
' '
'Invoking: ARM Print Size'
arm-xilinx-eabi-size softmax.elf  |tee "softmax.elf.size"
   text	   data	    bss	    dec	    hex	filename
  78924	   8648	  31988	 119560	  1d308	softmax.elf
'Finished building: softmax.elf.size'
' '
04:48:28 **** Incremental Build of configuration Debug for project softmax ****
make all 
make: Nothing to be done for `all'.
04:48:39 **** Incremental Build of configuration Debug for project softmax ****
make all 
make: Nothing to be done for `all'.
04:48:44 **** Incremental Build of configuration Debug for project softmax ****
make all 
make: Nothing to be done for `all'.
04:52:20 **** Auto Build of configuration Debug for project softmax ****
make all 
'Building file: ../src/softmax.cpp'
'Invoking: ARM g++ compiler'
arm-xilinx-eabi-g++ -Wall -O0 -g3 -c -fmessage-length=0 -MT"src/softmax.o" -I../../soft_bsp/ps7_cortexa9_0/include -MMD -MP -MF"src/softmax.d" -MT"src/softmax.d" -o "src/softmax.o" "../src/softmax.cpp"
'Finished building: ../src/softmax.cpp'
' '
'Building target: softmax.elf'
'Invoking: ARM g++ linker'
arm-xilinx-eabi-g++ -Wl,-T -Wl,../src/lscript.ld -L../../soft_bsp/ps7_cortexa9_0/lib -o "softmax.elf"  ./src/softmax.o   -Wl,--start-group,-lxil,-lgcc,-lc,-lstdc++,--end-group
'Finished building target: softmax.elf'
' '
'Invoking: ARM Print Size'
arm-xilinx-eabi-size softmax.elf  |tee "softmax.elf.size"
   text	   data	    bss	    dec	    hex	filename
  78924	   8648	  31988	 119560	  1d308	softmax.elf
'Finished building: softmax.elf.size'
' '
04:52:31 **** Incremental Build of configuration Debug for project softmax ****
make all 
make: Nothing to be done for `all'.
04:52:36 **** Incremental Build of configuration Debug for project softmax ****
make all 
make: Nothing to be done for `all'.
04:53:43 **** Auto Build of configuration Debug for project softmax ****
make all 
'Building file: ../src/softmax.cpp'
'Invoking: ARM g++ compiler'
arm-xilinx-eabi-g++ -Wall -O0 -g3 -c -fmessage-length=0 -MT"src/softmax.o" -I../../soft_bsp/ps7_cortexa9_0/include -MMD -MP -MF"src/softmax.d" -MT"src/softmax.d" -o "src/softmax.o" "../src/softmax.cpp"
'Finished building: ../src/softmax.cpp'
' '
'Building target: softmax.elf'
'Invoking: ARM g++ linker'
arm-xilinx-eabi-g++ -Wl,-T -Wl,../src/lscript.ld -L../../soft_bsp/ps7_cortexa9_0/lib -o "softmax.elf"  ./src/softmax.o   -Wl,--start-group,-lxil,-lgcc,-lc,-lstdc++,--end-group
'Finished building target: softmax.elf'
' '
'Invoking: ARM Print Size'
arm-xilinx-eabi-size softmax.elf  |tee "softmax.elf.size"
   text	   data	    bss	    dec	    hex	filename
  78924	   8648	  31988	 119560	  1d308	softmax.elf
'Finished building: softmax.elf.size'
' '
04:53:44 **** Incremental Build of configuration Debug for project softmax ****
make all 
make: Nothing to be done for `all'.
04:53:49 **** Incremental Build of configuration Debug for project softmax ****
make all 
make: Nothing to be done for `all'.
04:58:35 **** Auto Build of configuration Debug for project softmax ****
make all 
'Building file: ../src/softmax.cpp'
'Invoking: ARM g++ compiler'
arm-xilinx-eabi-g++ -Wall -O0 -g3 -c -fmessage-length=0 -MT"src/softmax.o" -I../../soft_bsp/ps7_cortexa9_0/include -MMD -MP -MF"src/softmax.d" -MT"src/softmax.d" -o "src/softmax.o" "../src/softmax.cpp"
'Finished building: ../src/softmax.cpp'
' '
'Building target: softmax.elf'
'Invoking: ARM g++ linker'
arm-xilinx-eabi-g++ -Wl,-T -Wl,../src/lscript.ld -L../../soft_bsp/ps7_cortexa9_0/lib -o "softmax.elf"  ./src/softmax.o   -Wl,--start-group,-lxil,-lgcc,-lc,-lstdc++,--end-group
'Finished building target: softmax.elf'
' '
'Invoking: ARM Print Size'
arm-xilinx-eabi-size softmax.elf  |tee "softmax.elf.size"
   text	   data	    bss	    dec	    hex	filename
  78924	   8648	  31988	 119560	  1d308	softmax.elf
'Finished building: softmax.elf.size'
' '
04:58:38 **** Incremental Build of configuration Debug for project softmax ****
make all 
make: Nothing to be done for `all'.
04:58:46 **** Incremental Build of configuration Debug for project softmax ****
make all 
make: Nothing to be done for `all'.
05:00:46 **** Auto Build of configuration Debug for project softmax ****
make all 
'Building file: ../src/softmax.cpp'
'Invoking: ARM g++ compiler'
arm-xilinx-eabi-g++ -Wall -O0 -g3 -c -fmessage-length=0 -MT"src/softmax.o" -I../../soft_bsp/ps7_cortexa9_0/include -MMD -MP -MF"src/softmax.d" -MT"src/softmax.d" -o "src/softmax.o" "../src/softmax.cpp"
'Finished building: ../src/softmax.cpp'
' '
'Building target: softmax.elf'
'Invoking: ARM g++ linker'
arm-xilinx-eabi-g++ -Wl,-T -Wl,../src/lscript.ld -L../../soft_bsp/ps7_cortexa9_0/lib -o "softmax.elf"  ./src/softmax.o   -Wl,--start-group,-lxil,-lgcc,-lc,-lstdc++,--end-group
'Finished building target: softmax.elf'
' '
'Invoking: ARM Print Size'
arm-xilinx-eabi-size softmax.elf  |tee "softmax.elf.size"
   text	   data	    bss	    dec	    hex	filename
  78924	   8648	  31988	 119560	  1d308	softmax.elf
'Finished building: softmax.elf.size'
' '
05:01:00 **** Incremental Build of configuration Debug for project softmax ****
make all 
make: Nothing to be done for `all'.
05:01:26 **** Incremental Build of configuration Debug for project softmax ****
make all 
make: Nothing to be done for `all'.
05:02:17 **** Incremental Build of configuration Debug for project softmax ****
make all 
'Building file: ../src/softmax.cpp'
'Invoking: ARM g++ compiler'
arm-xilinx-eabi-g++ -Wall -O0 -g3 -c -fmessage-length=0 -MT"src/softmax.o" -I../../soft_bsp/ps7_cortexa9_0/include -MMD -MP -MF"src/softmax.d" -MT"src/softmax.d" -o "src/softmax.o" "../src/softmax.cpp"
'Finished building: ../src/softmax.cpp'
' '
'Building target: softmax.elf'
'Invoking: ARM g++ linker'
arm-xilinx-eabi-g++ -Wl,-T -Wl,../src/lscript.ld -L../../soft_bsp/ps7_cortexa9_0/lib -o "softmax.elf"  ./src/softmax.o   -Wl,--start-group,-lxil,-lgcc,-lc,-lstdc++,--end-group
'Finished building target: softmax.elf'
' '
'Invoking: ARM Print Size'
arm-xilinx-eabi-size softmax.elf  |tee "softmax.elf.size"
   text	   data	    bss	    dec	    hex	filename
  78924	   8648	  31988	 119560	  1d308	softmax.elf
'Finished building: softmax.elf.size'
' '
05:02:26 **** Incremental Build of configuration Debug for project softmax ****
make all 
make: Nothing to be done for `all'.
