

================================================================
== Vivado HLS Report for 'obj_detector_softmax'
================================================================
* Date:           Sat Dec 03 21:40:31 2016

* Version:        2015.2 (Build 1266856 on Fri Jun 26 16:57:37 PM 2015)
* Project:        proj3_hls
* Solution:       solution1
* Product family: zynq
* Target device:  xc7z020clg484-1


================================================================
== Performance Estimates
================================================================
+ Timing (ns): 
    * Summary: 
    +--------+-------+----------+------------+
    |  Clock | Target| Estimated| Uncertainty|
    +--------+-------+----------+------------+
    |ap_clk  |  10.00|      8.63|        1.25|
    +--------+-------+----------+------------+

+ Latency (clock cycles): 
    * Summary: 
    +-----+-----+-----+-----+---------+
    |  Latency  |  Interval | Pipeline|
    | min | max | min | max |   Type  |
    +-----+-----+-----+-----+---------+
    |  198|  198|  198|  198|   none  |
    +-----+-----+-----+-----+---------+

    + Detail: 
        * Instance: 
        N/A

        * Loop: 
        +-------------------+-----+-----+----------+-----------+-----------+------+----------+
        |                   |  Latency  | Iteration|  Initiation Interval  | Trip |          |
        |     Loop Name     | min | max |  Latency |  achieved |   target  | Count| Pipelined|
        +-------------------+-----+-----+----------+-----------+-----------+------+----------+
        |- softmax_label9   |   10|   10|         5|          -|          -|     2|    no    |
        |- softmax_label10  |   32|   32|        16|          -|          -|     2|    no    |
        |- softmax_label11  |   50|   50|        25|          -|          -|     2|    no    |
        |- softmax_label12  |  102|  102|        51|          -|          -|     2|    no    |
        +-------------------+-----+-----+----------+-----------+-----------+------+----------+



================================================================
== Utilization Estimates
================================================================
* Summary: 
+-----------------+---------+-------+--------+-------+
|       Name      | BRAM_18K| DSP48E|   FF   |  LUT  |
+-----------------+---------+-------+--------+-------+
|Expression       |        -|      -|       0|    272|
|FIFO             |        -|      -|       -|      -|
|Instance         |        -|     31|    6399|   9205|
|Memory           |        -|      -|       -|      -|
|Multiplexer      |        -|      -|       -|    513|
|Register         |        -|      -|     692|      -|
+-----------------+---------+-------+--------+-------+
|Total            |        0|     31|    7091|   9990|
+-----------------+---------+-------+--------+-------+
|Available        |      280|    220|  106400|  53200|
+-----------------+---------+-------+--------+-------+
|Utilization (%)  |        0|     14|       6|     18|
+-----------------+---------+-------+--------+-------+

+ Detail: 
    * Instance: 
    +------------------------------------------------+--------------------------------------------+---------+-------+------+------+
    |                    Instance                    |                   Module                   | BRAM_18K| DSP48E|  FF  |  LUT |
    +------------------------------------------------+--------------------------------------------+---------+-------+------+------+
    |obj_detector_dadd_64ns_64ns_64_5_full_dsp_U68   |obj_detector_dadd_64ns_64ns_64_5_full_dsp   |        0|      3|   445|  1149|
    |obj_detector_ddiv_64ns_64ns_64_31_U69           |obj_detector_ddiv_64ns_64ns_64_31           |        0|      0|  3211|  3658|
    |obj_detector_dexp_64ns_64ns_64_18_full_dsp_U70  |obj_detector_dexp_64ns_64ns_64_18_full_dsp  |        0|     26|  1549|  2599|
    |obj_detector_fadd_32ns_32ns_32_5_full_dsp_U64   |obj_detector_fadd_32ns_32ns_32_5_full_dsp   |        0|      2|   205|   390|
    |obj_detector_fdiv_32ns_32ns_32_16_U65           |obj_detector_fdiv_32ns_32ns_32_16           |        0|      0|   761|   994|
    |obj_detector_fpext_32ns_64_1_U67                |obj_detector_fpext_32ns_64_1                |        0|      0|   100|   138|
    |obj_detector_fptrunc_64ns_32_1_U66              |obj_detector_fptrunc_64ns_32_1              |        0|      0|   128|   277|
    +------------------------------------------------+--------------------------------------------+---------+-------+------+------+
    |Total                                           |                                            |        0|     31|  6399|  9205|
    +------------------------------------------------+--------------------------------------------+---------+-------+------+------+

    * Memory: 
    N/A

    * FIFO: 
    N/A

    * Expression: 
    +--------------------------------+----------+-------+---+----+------------+------------+
    |          Variable Name         | Operation| DSP48E| FF| LUT| Bitwidth P0| Bitwidth P1|
    +--------------------------------+----------+-------+---+----+------------+------------+
    |i_2_fu_212_p2                   |     +    |      0|  0|   2|           2|           1|
    |i_3_fu_235_p2                   |     +    |      0|  0|   2|           2|           1|
    |i_4_fu_272_p2                   |     +    |      0|  0|   2|           2|           1|
    |i_5_fu_297_p2                   |     +    |      0|  0|   2|           2|           1|
    |grp_fu_162_p1                   |  Select  |      0|  0|  32|           1|          32|
    |grp_fu_167_p0                   |  Select  |      0|  0|  32|           1|          32|
    |out_0_write_assign_1_fu_328_p3  |  Select  |      0|  0|  32|           1|          32|
    |out_1_write_assign_1_fu_335_p3  |  Select  |      0|  0|  32|           1|          32|
    |temp_1_1_fu_252_p3              |  Select  |      0|  0|  32|           1|          32|
    |temp_1_2_fu_259_p3              |  Select  |      0|  0|  32|           1|          32|
    |temp_load_1_phi_fu_307_p3       |  Select  |      0|  0|  32|           1|          32|
    |temp_load_phi_fu_282_p3         |  Select  |      0|  0|  32|           1|          32|
    |exitcond1_fu_266_p2             |   icmp   |      0|  0|   2|           2|           3|
    |exitcond2_fu_229_p2             |   icmp   |      0|  0|   2|           2|           3|
    |exitcond3_fu_206_p2             |   icmp   |      0|  0|   2|           2|           3|
    |exitcond_fu_291_p2              |   icmp   |      0|  0|   2|           2|           3|
    +--------------------------------+----------+-------+---+----+------------+------------+
    |Total                           |          |      0|  0| 272|          24|         272|
    +--------------------------------+----------+-------+---+----+------------+------------+

    * Multiplexer: 
    +---------------+-----+-----------+-----+-----------+
    |      Name     | LUT | Input Size| Bits| Total Bits|
    +---------------+-----+-----------+-----+-----------+
    |ap_NS_fsm      |  217|         99|    1|         99|
    |ap_return_0    |   32|          2|   32|         64|
    |ap_return_1    |   32|          2|   32|         64|
    |grp_fu_172_p0  |   64|          3|   64|        192|
    |grp_fu_175_p0  |   32|          5|   32|        160|
    |grp_fu_188_p1  |   64|          3|   64|        192|
    |i1_reg_93      |    2|          2|    2|          4|
    |i2_reg_116     |    2|          2|    2|          4|
    |i3_reg_151     |    2|          2|    2|          4|
    |i_reg_46       |    2|          2|    2|          4|
    |sum_1_reg_104  |   32|          2|   32|         64|
    |sum_reg_57     |   32|          2|   32|         64|
    +---------------+-----+-----------+-----+-----------+
    |Total          |  513|        126|  297|        915|
    +---------------+-----+-----------+-----+-----------+

    * Register: 
    +----------------------------+----+----+-----+-----------+
    |            Name            | FF | LUT| Bits| Const Bits|
    +----------------------------+----+----+-----+-----------+
    |ap_CS_fsm                   |  98|   0|   98|          0|
    |ap_return_0_preg            |  32|   0|   32|          0|
    |ap_return_1_preg            |  32|   0|   32|          0|
    |i1_reg_93                   |   2|   0|    2|          0|
    |i2_reg_116                  |   2|   0|    2|          0|
    |i3_reg_151                  |   2|   0|    2|          0|
    |i_2_reg_357                 |   2|   0|    2|          0|
    |i_3_reg_375                 |   2|   0|    2|          0|
    |i_4_reg_404                 |   2|   0|    2|          0|
    |i_5_reg_422                 |   2|   0|    2|          0|
    |i_reg_46                    |   2|   0|    2|          0|
    |out_0_write_assign_reg_127  |  32|   0|   32|          0|
    |out_1_write_assign_reg_139  |  32|   0|   32|          0|
    |reg_193                     |  64|   0|   64|          0|
    |reg_200                     |  64|   0|   64|          0|
    |sum_1_reg_104               |  32|   0|   32|          0|
    |sum_reg_57                  |  32|   0|   32|          0|
    |temp_0_s_reg_69             |  32|   0|   32|          0|
    |temp_1_s_reg_81             |  32|   0|   32|          0|
    |tmp_11_reg_438              |  64|   0|   64|          0|
    |tmp_13_reg_427              |   1|   0|    1|          0|
    |tmp_4_reg_380               |   1|   0|    1|          0|
    |tmp_8_reg_409               |  64|   0|   64|          0|
    |tmp_9_reg_433               |  64|   0|   64|          0|
    +----------------------------+----+----+-----+-----------+
    |Total                       | 692|   0|  692|          0|
    +----------------------------+----+----+-----+-----------+



================================================================
== Interface
================================================================
* Summary: 
+-------------+-----+-----+------------+----------------------+--------------+
|  RTL Ports  | Dir | Bits|  Protocol  |     Source Object    |    C Type    |
+-------------+-----+-----+------------+----------------------+--------------+
|ap_clk       |  in |    1| ap_ctrl_hs | obj_detector_softmax | return value |
|ap_rst       |  in |    1| ap_ctrl_hs | obj_detector_softmax | return value |
|ap_start     |  in |    1| ap_ctrl_hs | obj_detector_softmax | return value |
|ap_done      | out |    1| ap_ctrl_hs | obj_detector_softmax | return value |
|ap_idle      | out |    1| ap_ctrl_hs | obj_detector_softmax | return value |
|ap_ready     | out |    1| ap_ctrl_hs | obj_detector_softmax | return value |
|ap_return_0  | out |   32| ap_ctrl_hs | obj_detector_softmax | return value |
|ap_return_1  | out |   32| ap_ctrl_hs | obj_detector_softmax | return value |
|inp_0_read   |  in |   32|   ap_none  |      inp_0_read      |    scalar    |
|inp_1_read   |  in |   32|   ap_none  |      inp_1_read      |    scalar    |
+-------------+-----+-----+------------+----------------------+--------------+

