14:08:11 **** Incremental Build of configuration Debug for project obj ****
make all 
make: Nothing to be done for 'all'.
14:08:18 **** Incremental Build of configuration Debug for project obj ****
make all 
make: Nothing to be done for 'all'.
14:12:21 **** Incremental Build of configuration Debug for project obj ****
make all 
make: Nothing to be done for 'all'.
14:13:49 **** Auto Build of configuration Debug for project obj ****
make all 
Building file: ../src/main.cc
Invoking: ARM g++ compiler
arm-xilinx-eabi-g++ -Wall -O0 -g3 -c -fmessage-length=0 -MT"src/main.o" -I../../obj_bsp/ps7_cortexa9_0/include -MMD -MP -MF"src/main.d" -MT"src/main.d" -o "src/main.o" "../src/main.cc"
Finished building: ../src/main.cc
 
Building target: obj.elf
Invoking: ARM g++ linker
arm-xilinx-eabi-g++ -Wl,-T -Wl,../src/lscript.ld -L../../obj_bsp/ps7_cortexa9_0/lib -o "obj.elf"  ./src/main.o   -Wl,--start-group,-lxil,-lgcc,-lc,-lstdc++,--end-group -Wl,--start-group,-lxilffs,-lxil,-lgcc,-lc,--end-group
Finished building target: obj.elf
 
Invoking: ARM Print Size
arm-xilinx-eabi-size obj.elf  |tee "obj.elf.size"
   text	   data	    bss	    dec	    hex	filename
 104740	   9960	  78544	 193244	  2f2dc	obj.elf
Finished building: obj.elf.size
 
14:13:53 **** Incremental Build of configuration Debug for project obj ****
make all 
make: Nothing to be done for 'all'.
14:14:26 **** Auto Build of configuration Debug for project obj ****
make all 
Building file: ../src/main.cc
Invoking: ARM g++ compiler
arm-xilinx-eabi-g++ -Wall -O0 -g3 -c -fmessage-length=0 -MT"src/main.o" -I../../obj_bsp/ps7_cortexa9_0/include -MMD -MP -MF"src/main.d" -MT"src/main.d" -o "src/main.o" "../src/main.cc"
Finished building: ../src/main.cc
 
Building target: obj.elf
Invoking: ARM g++ linker
arm-xilinx-eabi-g++ -Wl,-T -Wl,../src/lscript.ld -L../../obj_bsp/ps7_cortexa9_0/lib -o "obj.elf"  ./src/main.o   -Wl,--start-group,-lxil,-lgcc,-lc,-lstdc++,--end-group -Wl,--start-group,-lxilffs,-lxil,-lgcc,-lc,--end-group
Finished building target: obj.elf
 
Invoking: ARM Print Size
arm-xilinx-eabi-size obj.elf  |tee "obj.elf.size"
   text	   data	    bss	    dec	    hex	filename
 104740	   9960	  78544	 193244	  2f2dc	obj.elf
Finished building: obj.elf.size
 
14:14:29 **** Incremental Build of configuration Debug for project obj ****
make all 
make: Nothing to be done for 'all'.
14:16:44 **** Auto Build of configuration Debug for project obj ****
make all 
Building file: ../src/main.cc
Invoking: ARM g++ compiler
arm-xilinx-eabi-g++ -Wall -O0 -g3 -c -fmessage-length=0 -MT"src/main.o" -I../../obj_bsp/ps7_cortexa9_0/include -MMD -MP -MF"src/main.d" -MT"src/main.d" -o "src/main.o" "../src/main.cc"
../src/main.cc: In function 'void obj_detector(float (*)[28], float (*)[5][5], float (*)[864], float*, float*)':
../src/main.cc:231:2: error: expected ';' before '}' token
  }
  ^
make: *** [src/main.o] Error 1
src/subdir.mk:21: recipe for target 'src/main.o' failed
14:16:47 **** Auto Build of configuration Debug for project obj ****
make all 
Building file: ../src/main.cc
Invoking: ARM g++ compiler
arm-xilinx-eabi-g++ -Wall -O0 -g3 -c -fmessage-length=0 -MT"src/main.o" -I../../obj_bsp/ps7_cortexa9_0/include -MMD -MP -MF"src/main.d" -MT"src/main.d" -o "src/main.o" "../src/main.cc"
Finished building: ../src/main.cc
 
Building target: obj.elf
Invoking: ARM g++ linker
arm-xilinx-eabi-g++ -Wl,-T -Wl,../src/lscript.ld -L../../obj_bsp/ps7_cortexa9_0/lib -o "obj.elf"  ./src/main.o   -Wl,--start-group,-lxil,-lgcc,-lc,-lstdc++,--end-group -Wl,--start-group,-lxilffs,-lxil,-lgcc,-lc,--end-group
Finished building target: obj.elf
 
Invoking: ARM Print Size
arm-xilinx-eabi-size obj.elf  |tee "obj.elf.size"
   text	   data	    bss	    dec	    hex	filename
 104740	   9960	  78544	 193244	  2f2dc	obj.elf
Finished building: obj.elf.size
 
14:17:07 **** Auto Build of configuration Debug for project obj ****
make all 
Building file: ../src/main.cc
Invoking: ARM g++ compiler
arm-xilinx-eabi-g++ -Wall -O0 -g3 -c -fmessage-length=0 -MT"src/main.o" -I../../obj_bsp/ps7_cortexa9_0/include -MMD -MP -MF"src/main.d" -MT"src/main.d" -o "src/main.o" "../src/main.cc"
../src/main.cc: In function 'void obj_detector(float (*)[28], float (*)[5][5], float (*)[864], float*, float*)':
../src/main.cc:235:2: error: expected ';' before '}' token
  }
  ^
src/subdir.mk:21: recipe for target 'src/main.o' failed
make: *** [src/main.o] Error 1
14:17:08 **** Auto Build of configuration Debug for project obj ****
make all 
Building file: ../src/main.cc
Invoking: ARM g++ compiler
arm-xilinx-eabi-g++ -Wall -O0 -g3 -c -fmessage-length=0 -MT"src/main.o" -I../../obj_bsp/ps7_cortexa9_0/include -MMD -MP -MF"src/main.d" -MT"src/main.d" -o "src/main.o" "../src/main.cc"
Finished building: ../src/main.cc
 
Building target: obj.elf
Invoking: ARM g++ linker
arm-xilinx-eabi-g++ -Wl,-T -Wl,../src/lscript.ld -L../../obj_bsp/ps7_cortexa9_0/lib -o "obj.elf"  ./src/main.o   -Wl,--start-group,-lxil,-lgcc,-lc,-lstdc++,--end-group -Wl,--start-group,-lxilffs,-lxil,-lgcc,-lc,--end-group
Finished building target: obj.elf
 
Invoking: ARM Print Size
arm-xilinx-eabi-size obj.elf  |tee "obj.elf.size"
   text	   data	    bss	    dec	    hex	filename
 104804	   9960	  78544	 193308	  2f31c	obj.elf
Finished building: obj.elf.size
 
14:17:19 **** Auto Build of configuration Debug for project obj ****
make all 
Building file: ../src/main.cc
Invoking: ARM g++ compiler
arm-xilinx-eabi-g++ -Wall -O0 -g3 -c -fmessage-length=0 -MT"src/main.o" -I../../obj_bsp/ps7_cortexa9_0/include -MMD -MP -MF"src/main.d" -MT"src/main.d" -o "src/main.o" "../src/main.cc"
../src/main.cc: In function 'void obj_detector(float (*)[28], float (*)[5][5], float (*)[864], float*, float*)':
../src/main.cc:238:15: error: cannot convert 'float' to 'const char*' for argument '1' to 'int printf(const char*, ...)'
   printf(ex[i]);
               ^
src/subdir.mk:21: recipe for target 'src/main.o' failed
make: *** [src/main.o] Error 1
14:17:30 **** Auto Build of configuration Debug for project obj ****
make all 
Building file: ../src/main.cc
Invoking: ARM g++ compiler
arm-xilinx-eabi-g++ -Wall -O0 -g3 -c -fmessage-length=0 -MT"src/main.o" -I../../obj_bsp/ps7_cortexa9_0/include -MMD -MP -MF"src/main.d" -MT"src/main.d" -o "src/main.o" "../src/main.cc"
Finished building: ../src/main.cc
 
Building target: obj.elf
Invoking: ARM g++ linker
arm-xilinx-eabi-g++ -Wl,-T -Wl,../src/lscript.ld -L../../obj_bsp/ps7_cortexa9_0/lib -o "obj.elf"  ./src/main.o   -Wl,--start-group,-lxil,-lgcc,-lc,-lstdc++,--end-group -Wl,--start-group,-lxilffs,-lxil,-lgcc,-lc,--end-group
Finished building target: obj.elf
 
Invoking: ARM Print Size
arm-xilinx-eabi-size obj.elf  |tee "obj.elf.size"
   text	   data	    bss	    dec	    hex	filename
 104804	   9960	  78544	 193308	  2f31c	obj.elf
Finished building: obj.elf.size
 
14:17:46 **** Auto Build of configuration Debug for project obj ****
make all 
Building file: ../src/main.cc
Invoking: ARM g++ compiler
arm-xilinx-eabi-g++ -Wall -O0 -g3 -c -fmessage-length=0 -MT"src/main.o" -I../../obj_bsp/ps7_cortexa9_0/include -MMD -MP -MF"src/main.d" -MT"src/main.d" -o "src/main.o" "../src/main.cc"
Finished building: ../src/main.cc
 
Building target: obj.elf
Invoking: ARM g++ linker
arm-xilinx-eabi-g++ -Wl,-T -Wl,../src/lscript.ld -L../../obj_bsp/ps7_cortexa9_0/lib -o "obj.elf"  ./src/main.o   -Wl,--start-group,-lxil,-lgcc,-lc,-lstdc++,--end-group -Wl,--start-group,-lxilffs,-lxil,-lgcc,-lc,--end-group
Finished building target: obj.elf
 
Invoking: ARM Print Size
arm-xilinx-eabi-size obj.elf  |tee "obj.elf.size"
   text	   data	    bss	    dec	    hex	filename
 104868	   9960	  78544	 193372	  2f35c	obj.elf
Finished building: obj.elf.size
 
14:17:49 **** Auto Build of configuration Debug for project obj ****
make all 
Building file: ../src/main.cc
Invoking: ARM g++ compiler
arm-xilinx-eabi-g++ -Wall -O0 -g3 -c -fmessage-length=0 -MT"src/main.o" -I../../obj_bsp/ps7_cortexa9_0/include -MMD -MP -MF"src/main.d" -MT"src/main.d" -o "src/main.o" "../src/main.cc"
Finished building: ../src/main.cc
 
Building target: obj.elf
Invoking: ARM g++ linker
arm-xilinx-eabi-g++ -Wl,-T -Wl,../src/lscript.ld -L../../obj_bsp/ps7_cortexa9_0/lib -o "obj.elf"  ./src/main.o   -Wl,--start-group,-lxil,-lgcc,-lc,-lstdc++,--end-group -Wl,--start-group,-lxilffs,-lxil,-lgcc,-lc,--end-group
Finished building target: obj.elf
 
Invoking: ARM Print Size
arm-xilinx-eabi-size obj.elf  |tee "obj.elf.size"
   text	   data	    bss	    dec	    hex	filename
 104868	   9960	  78544	 193372	  2f35c	obj.elf
Finished building: obj.elf.size
 
14:17:52 **** Incremental Build of configuration Debug for project obj ****
make all 
make: Nothing to be done for 'all'.
14:19:03 **** Auto Build of configuration Debug for project obj ****
make all 
Building file: ../src/main.cc
Invoking: ARM g++ compiler
arm-xilinx-eabi-g++ -Wall -O0 -g3 -c -fmessage-length=0 -MT"src/main.o" -I../../obj_bsp/ps7_cortexa9_0/include -MMD -MP -MF"src/main.d" -MT"src/main.d" -o "src/main.o" "../src/main.cc"
Finished building: ../src/main.cc
 
Building target: obj.elf
Invoking: ARM g++ linker
arm-xilinx-eabi-g++ -Wl,-T -Wl,../src/lscript.ld -L../../obj_bsp/ps7_cortexa9_0/lib -o "obj.elf"  ./src/main.o   -Wl,--start-group,-lxil,-lgcc,-lc,-lstdc++,--end-group -Wl,--start-group,-lxilffs,-lxil,-lgcc,-lc,--end-group
Finished building target: obj.elf
 
Invoking: ARM Print Size
arm-xilinx-eabi-size obj.elf  |tee "obj.elf.size"
   text	   data	    bss	    dec	    hex	filename
 104916	   9960	  78544	 193420	  2f38c	obj.elf
Finished building: obj.elf.size
 
14:19:21 **** Auto Build of configuration Debug for project obj ****
make all 
Building file: ../src/main.cc
Invoking: ARM g++ compiler
arm-xilinx-eabi-g++ -Wall -O0 -g3 -c -fmessage-length=0 -MT"src/main.o" -I../../obj_bsp/ps7_cortexa9_0/include -MMD -MP -MF"src/main.d" -MT"src/main.d" -o "src/main.o" "../src/main.cc"
Finished building: ../src/main.cc
 
Building target: obj.elf
Invoking: ARM g++ linker
arm-xilinx-eabi-g++ -Wl,-T -Wl,../src/lscript.ld -L../../obj_bsp/ps7_cortexa9_0/lib -o "obj.elf"  ./src/main.o   -Wl,--start-group,-lxil,-lgcc,-lc,-lstdc++,--end-group -Wl,--start-group,-lxilffs,-lxil,-lgcc,-lc,--end-group
Finished building target: obj.elf
 
Invoking: ARM Print Size
arm-xilinx-eabi-size obj.elf  |tee "obj.elf.size"
   text	   data	    bss	    dec	    hex	filename
 104932	   9960	  78544	 193436	  2f39c	obj.elf
Finished building: obj.elf.size
 
14:19:24 **** Incremental Build of configuration Debug for project obj ****
make all 
make: Nothing to be done for 'all'.
14:22:19 **** Auto Build of configuration Debug for project obj ****
make all 
Building file: ../src/main.cc
Invoking: ARM g++ compiler
arm-xilinx-eabi-g++ -Wall -O0 -g3 -c -fmessage-length=0 -MT"src/main.o" -I../../obj_bsp/ps7_cortexa9_0/include -MMD -MP -MF"src/main.d" -MT"src/main.d" -o "src/main.o" "../src/main.cc"
Finished building: ../src/main.cc
 
Building target: obj.elf
Invoking: ARM g++ linker
arm-xilinx-eabi-g++ -Wl,-T -Wl,../src/lscript.ld -L../../obj_bsp/ps7_cortexa9_0/lib -o "obj.elf"  ./src/main.o   -Wl,--start-group,-lxil,-lgcc,-lc,-lstdc++,--end-group -Wl,--start-group,-lxilffs,-lxil,-lgcc,-lc,--end-group
Finished building target: obj.elf
 
Invoking: ARM Print Size
arm-xilinx-eabi-size obj.elf  |tee "obj.elf.size"
   text	   data	    bss	    dec	    hex	filename
 104996	   9960	  78544	 193500	  2f3dc	obj.elf
Finished building: obj.elf.size
 
14:22:21 **** Incremental Build of configuration Debug for project obj ****
make all 
make: Nothing to be done for 'all'.
14:23:31 **** Auto Build of configuration Debug for project obj ****
make all 
Building file: ../src/main.cc
Invoking: ARM g++ compiler
arm-xilinx-eabi-g++ -Wall -O0 -g3 -c -fmessage-length=0 -MT"src/main.o" -I../../obj_bsp/ps7_cortexa9_0/include -MMD -MP -MF"src/main.d" -MT"src/main.d" -o "src/main.o" "../src/main.cc"
Finished building: ../src/main.cc
 
Building target: obj.elf
Invoking: ARM g++ linker
arm-xilinx-eabi-g++ -Wl,-T -Wl,../src/lscript.ld -L../../obj_bsp/ps7_cortexa9_0/lib -o "obj.elf"  ./src/main.o   -Wl,--start-group,-lxil,-lgcc,-lc,-lstdc++,--end-group -Wl,--start-group,-lxilffs,-lxil,-lgcc,-lc,--end-group
Finished building target: obj.elf
 
Invoking: ARM Print Size
arm-xilinx-eabi-size obj.elf  |tee "obj.elf.size"
   text	   data	    bss	    dec	    hex	filename
 104740	   9960	  78544	 193244	  2f2dc	obj.elf
Finished building: obj.elf.size
 
14:24:49 **** Auto Build of configuration Debug for project obj ****
make all 
Building file: ../src/main.cc
Invoking: ARM g++ compiler
arm-xilinx-eabi-g++ -Wall -O0 -g3 -c -fmessage-length=0 -MT"src/main.o" -I../../obj_bsp/ps7_cortexa9_0/include -MMD -MP -MF"src/main.d" -MT"src/main.d" -o "src/main.o" "../src/main.cc"
Finished building: ../src/main.cc
 
Building target: obj.elf
Invoking: ARM g++ linker
arm-xilinx-eabi-g++ -Wl,-T -Wl,../src/lscript.ld -L../../obj_bsp/ps7_cortexa9_0/lib -o "obj.elf"  ./src/main.o   -Wl,--start-group,-lxil,-lgcc,-lc,-lstdc++,--end-group -Wl,--start-group,-lxilffs,-lxil,-lgcc,-lc,--end-group
Finished building target: obj.elf
 
Invoking: ARM Print Size
arm-xilinx-eabi-size obj.elf  |tee "obj.elf.size"
   text	   data	    bss	    dec	    hex	filename
 104740	   9960	  78544	 193244	  2f2dc	obj.elf
Finished building: obj.elf.size
 
14:24:50 **** Incremental Build of configuration Debug for project obj ****
make all 
make: Nothing to be done for 'all'.
14:25:39 **** Auto Build of configuration Debug for project obj ****
make all 
Building file: ../src/main.cc
Invoking: ARM g++ compiler
arm-xilinx-eabi-g++ -Wall -O0 -g3 -c -fmessage-length=0 -MT"src/main.o" -I../../obj_bsp/ps7_cortexa9_0/include -MMD -MP -MF"src/main.d" -MT"src/main.d" -o "src/main.o" "../src/main.cc"
Finished building: ../src/main.cc
 
Building target: obj.elf
Invoking: ARM g++ linker
arm-xilinx-eabi-g++ -Wl,-T -Wl,../src/lscript.ld -L../../obj_bsp/ps7_cortexa9_0/lib -o "obj.elf"  ./src/main.o   -Wl,--start-group,-lxil,-lgcc,-lc,-lstdc++,--end-group -Wl,--start-group,-lxilffs,-lxil,-lgcc,-lc,--end-group
Finished building target: obj.elf
 
Invoking: ARM Print Size
arm-xilinx-eabi-size obj.elf  |tee "obj.elf.size"
   text	   data	    bss	    dec	    hex	filename
 104740	   9960	  78544	 193244	  2f2dc	obj.elf
Finished building: obj.elf.size
 
14:25:42 **** Incremental Build of configuration Debug for project obj ****
make all 
make: Nothing to be done for 'all'.
14:25:58 **** Incremental Build of configuration Debug for project obj ****
make all 
make: Nothing to be done for 'all'.
14:29:50 **** Auto Build of configuration Debug for project obj ****
make all 
Building file: ../src/main.cc
Invoking: ARM g++ compiler
arm-xilinx-eabi-g++ -Wall -O0 -g3 -c -fmessage-length=0 -MT"src/main.o" -I../../obj_bsp/ps7_cortexa9_0/include -MMD -MP -MF"src/main.d" -MT"src/main.d" -o "src/main.o" "../src/main.cc"
Finished building: ../src/main.cc
 
Building target: obj.elf
Invoking: ARM g++ linker
arm-xilinx-eabi-g++ -Wl,-T -Wl,../src/lscript.ld -L../../obj_bsp/ps7_cortexa9_0/lib -o "obj.elf"  ./src/main.o   -Wl,--start-group,-lxil,-lgcc,-lc,-lstdc++,--end-group -Wl,--start-group,-lxilffs,-lxil,-lgcc,-lc,--end-group
Finished building target: obj.elf
 
Invoking: ARM Print Size
arm-xilinx-eabi-size obj.elf  |tee "obj.elf.size"
   text	   data	    bss	    dec	    hex	filename
 104740	   9960	  78544	 193244	  2f2dc	obj.elf
Finished building: obj.elf.size
 
14:30:08 **** Auto Build of configuration Debug for project obj ****
make all 
Building file: ../src/main.cc
Invoking: ARM g++ compiler
arm-xilinx-eabi-g++ -Wall -O0 -g3 -c -fmessage-length=0 -MT"src/main.o" -I../../obj_bsp/ps7_cortexa9_0/include -MMD -MP -MF"src/main.d" -MT"src/main.d" -o "src/main.o" "../src/main.cc"
Finished building: ../src/main.cc
 
Building target: obj.elf
Invoking: ARM g++ linker
arm-xilinx-eabi-g++ -Wl,-T -Wl,../src/lscript.ld -L../../obj_bsp/ps7_cortexa9_0/lib -o "obj.elf"  ./src/main.o   -Wl,--start-group,-lxil,-lgcc,-lc,-lstdc++,--end-group -Wl,--start-group,-lxilffs,-lxil,-lgcc,-lc,--end-group
Finished building target: obj.elf
 
Invoking: ARM Print Size
arm-xilinx-eabi-size obj.elf  |tee "obj.elf.size"
   text	   data	    bss	    dec	    hex	filename
 104740	   9960	  78544	 193244	  2f2dc	obj.elf
Finished building: obj.elf.size
 
14:30:14 **** Incremental Build of configuration Debug for project obj ****
make all 
make: Nothing to be done for 'all'.
14:32:46 **** Auto Build of configuration Debug for project obj ****
make all 
Building file: ../src/main.cc
Invoking: ARM g++ compiler
arm-xilinx-eabi-g++ -Wall -O0 -g3 -c -fmessage-length=0 -MT"src/main.o" -I../../obj_bsp/ps7_cortexa9_0/include -MMD -MP -MF"src/main.d" -MT"src/main.d" -o "src/main.o" "../src/main.cc"
Finished building: ../src/main.cc
 
Building target: obj.elf
Invoking: ARM g++ linker
arm-xilinx-eabi-g++ -Wl,-T -Wl,../src/lscript.ld -L../../obj_bsp/ps7_cortexa9_0/lib -o "obj.elf"  ./src/main.o   -Wl,--start-group,-lxil,-lgcc,-lc,-lstdc++,--end-group -Wl,--start-group,-lxilffs,-lxil,-lgcc,-lc,--end-group
Finished building target: obj.elf
 
Invoking: ARM Print Size
arm-xilinx-eabi-size obj.elf  |tee "obj.elf.size"
   text	   data	    bss	    dec	    hex	filename
 104740	   9960	  78544	 193244	  2f2dc	obj.elf
Finished building: obj.elf.size
 
14:32:48 **** Incremental Build of configuration Debug for project obj ****
make all 
make: Nothing to be done for 'all'.
14:33:17 **** Auto Build of configuration Debug for project obj ****
make all 
Building file: ../src/main.cc
Invoking: ARM g++ compiler
arm-xilinx-eabi-g++ -Wall -O0 -g3 -c -fmessage-length=0 -MT"src/main.o" -I../../obj_bsp/ps7_cortexa9_0/include -MMD -MP -MF"src/main.d" -MT"src/main.d" -o "src/main.o" "../src/main.cc"
Finished building: ../src/main.cc
 
Building target: obj.elf
Invoking: ARM g++ linker
arm-xilinx-eabi-g++ -Wl,-T -Wl,../src/lscript.ld -L../../obj_bsp/ps7_cortexa9_0/lib -o "obj.elf"  ./src/main.o   -Wl,--start-group,-lxil,-lgcc,-lc,-lstdc++,--end-group -Wl,--start-group,-lxilffs,-lxil,-lgcc,-lc,--end-group
Finished building target: obj.elf
 
Invoking: ARM Print Size
arm-xilinx-eabi-size obj.elf  |tee "obj.elf.size"
   text	   data	    bss	    dec	    hex	filename
 104740	   9960	  78544	 193244	  2f2dc	obj.elf
Finished building: obj.elf.size
 
14:33:35 **** Auto Build of configuration Debug for project obj ****
make all 
Building file: ../src/main.cc
Invoking: ARM g++ compiler
arm-xilinx-eabi-g++ -Wall -O0 -g3 -c -fmessage-length=0 -MT"src/main.o" -I../../obj_bsp/ps7_cortexa9_0/include -MMD -MP -MF"src/main.d" -MT"src/main.d" -o "src/main.o" "../src/main.cc"
Finished building: ../src/main.cc
 
Building target: obj.elf
Invoking: ARM g++ linker
arm-xilinx-eabi-g++ -Wl,-T -Wl,../src/lscript.ld -L../../obj_bsp/ps7_cortexa9_0/lib -o "obj.elf"  ./src/main.o   -Wl,--start-group,-lxil,-lgcc,-lc,-lstdc++,--end-group -Wl,--start-group,-lxilffs,-lxil,-lgcc,-lc,--end-group
Finished building target: obj.elf
 
Invoking: ARM Print Size
arm-xilinx-eabi-size obj.elf  |tee "obj.elf.size"
   text	   data	    bss	    dec	    hex	filename
 104740	   9960	  78544	 193244	  2f2dc	obj.elf
Finished building: obj.elf.size
 
14:33:45 **** Incremental Build of configuration Debug for project obj ****
make all 
make: Nothing to be done for 'all'.
14:35:20 **** Auto Build of configuration Debug for project obj ****
make all 
Building file: ../src/main.cc
Invoking: ARM g++ compiler
arm-xilinx-eabi-g++ -Wall -O0 -g3 -c -fmessage-length=0 -MT"src/main.o" -I../../obj_bsp/ps7_cortexa9_0/include -MMD -MP -MF"src/main.d" -MT"src/main.d" -o "src/main.o" "../src/main.cc"
Finished building: ../src/main.cc
 
Building target: obj.elf
Invoking: ARM g++ linker
arm-xilinx-eabi-g++ -Wl,-T -Wl,../src/lscript.ld -L../../obj_bsp/ps7_cortexa9_0/lib -o "obj.elf"  ./src/main.o   -Wl,--start-group,-lxil,-lgcc,-lc,-lstdc++,--end-group -Wl,--start-group,-lxilffs,-lxil,-lgcc,-lc,--end-group
Finished building target: obj.elf
 
Invoking: ARM Print Size
arm-xilinx-eabi-size obj.elf  |tee "obj.elf.size"
   text	   data	    bss	    dec	    hex	filename
 104740	   9960	  78544	 193244	  2f2dc	obj.elf
Finished building: obj.elf.size
 
14:35:25 **** Auto Build of configuration Debug for project obj ****
make all 
Building file: ../src/main.cc
Invoking: ARM g++ compiler
arm-xilinx-eabi-g++ -Wall -O0 -g3 -c -fmessage-length=0 -MT"src/main.o" -I../../obj_bsp/ps7_cortexa9_0/include -MMD -MP -MF"src/main.d" -MT"src/main.d" -o "src/main.o" "../src/main.cc"
Finished building: ../src/main.cc
 
Building target: obj.elf
Invoking: ARM g++ linker
arm-xilinx-eabi-g++ -Wl,-T -Wl,../src/lscript.ld -L../../obj_bsp/ps7_cortexa9_0/lib -o "obj.elf"  ./src/main.o   -Wl,--start-group,-lxil,-lgcc,-lc,-lstdc++,--end-group -Wl,--start-group,-lxilffs,-lxil,-lgcc,-lc,--end-group
Finished building target: obj.elf
 
Invoking: ARM Print Size
arm-xilinx-eabi-size obj.elf  |tee "obj.elf.size"
   text	   data	    bss	    dec	    hex	filename
 104772	   9960	  78544	 193276	  2f2fc	obj.elf
Finished building: obj.elf.size
 
14:35:27 **** Incremental Build of configuration Debug for project obj ****
make all 
make: Nothing to be done for 'all'.
14:36:54 **** Auto Build of configuration Debug for project obj ****
make all 
Building file: ../src/main.cc
Invoking: ARM g++ compiler
arm-xilinx-eabi-g++ -Wall -O0 -g3 -c -fmessage-length=0 -MT"src/main.o" -I../../obj_bsp/ps7_cortexa9_0/include -MMD -MP -MF"src/main.d" -MT"src/main.d" -o "src/main.o" "../src/main.cc"
Finished building: ../src/main.cc
 
Building target: obj.elf
Invoking: ARM g++ linker
arm-xilinx-eabi-g++ -Wl,-T -Wl,../src/lscript.ld -L../../obj_bsp/ps7_cortexa9_0/lib -o "obj.elf"  ./src/main.o   -Wl,--start-group,-lxil,-lgcc,-lc,-lstdc++,--end-group -Wl,--start-group,-lxilffs,-lxil,-lgcc,-lc,--end-group
Finished building target: obj.elf
 
Invoking: ARM Print Size
arm-xilinx-eabi-size obj.elf  |tee "obj.elf.size"
   text	   data	    bss	    dec	    hex	filename
 104772	   9960	  78544	 193276	  2f2fc	obj.elf
Finished building: obj.elf.size
 
14:36:57 **** Incremental Build of configuration Debug for project obj ****
make all 
make: Nothing to be done for 'all'.
14:37:30 **** Auto Build of configuration Debug for project obj ****
make all 
Building file: ../src/main.cc
Invoking: ARM g++ compiler
arm-xilinx-eabi-g++ -Wall -O0 -g3 -c -fmessage-length=0 -MT"src/main.o" -I../../obj_bsp/ps7_cortexa9_0/include -MMD -MP -MF"src/main.d" -MT"src/main.d" -o "src/main.o" "../src/main.cc"
Finished building: ../src/main.cc
 
Building target: obj.elf
Invoking: ARM g++ linker
arm-xilinx-eabi-g++ -Wl,-T -Wl,../src/lscript.ld -L../../obj_bsp/ps7_cortexa9_0/lib -o "obj.elf"  ./src/main.o   -Wl,--start-group,-lxil,-lgcc,-lc,-lstdc++,--end-group -Wl,--start-group,-lxilffs,-lxil,-lgcc,-lc,--end-group
Finished building target: obj.elf
 
Invoking: ARM Print Size
arm-xilinx-eabi-size obj.elf  |tee "obj.elf.size"
   text	   data	    bss	    dec	    hex	filename
 104772	   9960	  78544	 193276	  2f2fc	obj.elf
Finished building: obj.elf.size
 
14:37:32 **** Incremental Build of configuration Debug for project obj ****
make all 
make: Nothing to be done for 'all'.
14:39:02 **** Auto Build of configuration Debug for project obj ****
make all 
Building file: ../src/main.cc
Invoking: ARM g++ compiler
arm-xilinx-eabi-g++ -Wall -O0 -g3 -c -fmessage-length=0 -MT"src/main.o" -I../../obj_bsp/ps7_cortexa9_0/include -MMD -MP -MF"src/main.d" -MT"src/main.d" -o "src/main.o" "../src/main.cc"
Finished building: ../src/main.cc
 
Building target: obj.elf
Invoking: ARM g++ linker
arm-xilinx-eabi-g++ -Wl,-T -Wl,../src/lscript.ld -L../../obj_bsp/ps7_cortexa9_0/lib -o "obj.elf"  ./src/main.o   -Wl,--start-group,-lxil,-lgcc,-lc,-lstdc++,--end-group -Wl,--start-group,-lxilffs,-lxil,-lgcc,-lc,--end-group
Finished building target: obj.elf
 
Invoking: ARM Print Size
arm-xilinx-eabi-size obj.elf  |tee "obj.elf.size"
   text	   data	    bss	    dec	    hex	filename
 104740	   9960	  78544	 193244	  2f2dc	obj.elf
Finished building: obj.elf.size
 
14:39:05 **** Incremental Build of configuration Debug for project obj ****
make all 
make: Nothing to be done for 'all'.
14:41:31 **** Incremental Build of configuration Debug for project obj ****
make all 
make: Nothing to be done for 'all'.
14:42:46 **** Auto Build of configuration Debug for project obj ****
make all 
Building file: ../src/main.cc
Invoking: ARM g++ compiler
arm-xilinx-eabi-g++ -Wall -O0 -g3 -c -fmessage-length=0 -MT"src/main.o" -I../../obj_bsp/ps7_cortexa9_0/include -MMD -MP -MF"src/main.d" -MT"src/main.d" -o "src/main.o" "../src/main.cc"
Finished building: ../src/main.cc
 
Building target: obj.elf
Invoking: ARM g++ linker
arm-xilinx-eabi-g++ -Wl,-T -Wl,../src/lscript.ld -L../../obj_bsp/ps7_cortexa9_0/lib -o "obj.elf"  ./src/main.o   -Wl,--start-group,-lxil,-lgcc,-lc,-lstdc++,--end-group -Wl,--start-group,-lxilffs,-lxil,-lgcc,-lc,--end-group
Finished building target: obj.elf
 
Invoking: ARM Print Size
arm-xilinx-eabi-size obj.elf  |tee "obj.elf.size"
   text	   data	    bss	    dec	    hex	filename
 104548	   9960	  78544	 193052	  2f21c	obj.elf
Finished building: obj.elf.size
 
14:42:57 **** Auto Build of configuration Debug for project obj ****
make all 
Building file: ../src/main.cc
Invoking: ARM g++ compiler
arm-xilinx-eabi-g++ -Wall -O0 -g3 -c -fmessage-length=0 -MT"src/main.o" -I../../obj_bsp/ps7_cortexa9_0/include -MMD -MP -MF"src/main.d" -MT"src/main.d" -o "src/main.o" "../src/main.cc"
Finished building: ../src/main.cc
 
Building target: obj.elf
Invoking: ARM g++ linker
arm-xilinx-eabi-g++ -Wl,-T -Wl,../src/lscript.ld -L../../obj_bsp/ps7_cortexa9_0/lib -o "obj.elf"  ./src/main.o   -Wl,--start-group,-lxil,-lgcc,-lc,-lstdc++,--end-group -Wl,--start-group,-lxilffs,-lxil,-lgcc,-lc,--end-group
Finished building target: obj.elf
 
Invoking: ARM Print Size
arm-xilinx-eabi-size obj.elf  |tee "obj.elf.size"
   text	   data	    bss	    dec	    hex	filename
 104548	   9960	  78544	 193052	  2f21c	obj.elf
Finished building: obj.elf.size
 
14:43:03 **** Auto Build of configuration Debug for project obj ****
make all 
Building file: ../src/main.cc
Invoking: ARM g++ compiler
arm-xilinx-eabi-g++ -Wall -O0 -g3 -c -fmessage-length=0 -MT"src/main.o" -I../../obj_bsp/ps7_cortexa9_0/include -MMD -MP -MF"src/main.d" -MT"src/main.d" -o "src/main.o" "../src/main.cc"
Finished building: ../src/main.cc
 
Building target: obj.elf
Invoking: ARM g++ linker
arm-xilinx-eabi-g++ -Wl,-T -Wl,../src/lscript.ld -L../../obj_bsp/ps7_cortexa9_0/lib -o "obj.elf"  ./src/main.o   -Wl,--start-group,-lxil,-lgcc,-lc,-lstdc++,--end-group -Wl,--start-group,-lxilffs,-lxil,-lgcc,-lc,--end-group
Finished building target: obj.elf
 
Invoking: ARM Print Size
arm-xilinx-eabi-size obj.elf  |tee "obj.elf.size"
   text	   data	    bss	    dec	    hex	filename
 104548	   9960	  78544	 193052	  2f21c	obj.elf
Finished building: obj.elf.size
 
14:43:09 **** Auto Build of configuration Debug for project obj ****
make all 
Building file: ../src/main.cc
Invoking: ARM g++ compiler
arm-xilinx-eabi-g++ -Wall -O0 -g3 -c -fmessage-length=0 -MT"src/main.o" -I../../obj_bsp/ps7_cortexa9_0/include -MMD -MP -MF"src/main.d" -MT"src/main.d" -o "src/main.o" "../src/main.cc"
Finished building: ../src/main.cc
 
Building target: obj.elf
Invoking: ARM g++ linker
arm-xilinx-eabi-g++ -Wl,-T -Wl,../src/lscript.ld -L../../obj_bsp/ps7_cortexa9_0/lib -o "obj.elf"  ./src/main.o   -Wl,--start-group,-lxil,-lgcc,-lc,-lstdc++,--end-group -Wl,--start-group,-lxilffs,-lxil,-lgcc,-lc,--end-group
Finished building target: obj.elf
 
Invoking: ARM Print Size
arm-xilinx-eabi-size obj.elf  |tee "obj.elf.size"
   text	   data	    bss	    dec	    hex	filename
 104548	   9960	  78544	 193052	  2f21c	obj.elf
Finished building: obj.elf.size
 
14:43:11 **** Incremental Build of configuration Debug for project obj ****
make all 
make: Nothing to be done for 'all'.
14:43:46 **** Auto Build of configuration Debug for project obj ****
make all 
Building file: ../src/main.cc
Invoking: ARM g++ compiler
arm-xilinx-eabi-g++ -Wall -O0 -g3 -c -fmessage-length=0 -MT"src/main.o" -I../../obj_bsp/ps7_cortexa9_0/include -MMD -MP -MF"src/main.d" -MT"src/main.d" -o "src/main.o" "../src/main.cc"
Finished building: ../src/main.cc
 
Building target: obj.elf
Invoking: ARM g++ linker
arm-xilinx-eabi-g++ -Wl,-T -Wl,../src/lscript.ld -L../../obj_bsp/ps7_cortexa9_0/lib -o "obj.elf"  ./src/main.o   -Wl,--start-group,-lxil,-lgcc,-lc,-lstdc++,--end-group -Wl,--start-group,-lxilffs,-lxil,-lgcc,-lc,--end-group
Finished building target: obj.elf
 
Invoking: ARM Print Size
arm-xilinx-eabi-size obj.elf  |tee "obj.elf.size"
   text	   data	    bss	    dec	    hex	filename
 104548	   9960	  78544	 193052	  2f21c	obj.elf
Finished building: obj.elf.size
 
14:43:48 **** Incremental Build of configuration Debug for project obj ****
make all 
make: Nothing to be done for 'all'.
14:44:31 **** Incremental Build of configuration Debug for project obj ****
make all 
make: Nothing to be done for 'all'.
14:44:51 **** Auto Build of configuration Debug for project obj ****
make all 
Building file: ../src/main.cc
Invoking: ARM g++ compiler
arm-xilinx-eabi-g++ -Wall -O0 -g3 -c -fmessage-length=0 -MT"src/main.o" -I../../obj_bsp/ps7_cortexa9_0/include -MMD -MP -MF"src/main.d" -MT"src/main.d" -o "src/main.o" "../src/main.cc"
Finished building: ../src/main.cc
 
Building target: obj.elf
Invoking: ARM g++ linker
arm-xilinx-eabi-g++ -Wl,-T -Wl,../src/lscript.ld -L../../obj_bsp/ps7_cortexa9_0/lib -o "obj.elf"  ./src/main.o   -Wl,--start-group,-lxil,-lgcc,-lc,-lstdc++,--end-group -Wl,--start-group,-lxilffs,-lxil,-lgcc,-lc,--end-group
Finished building target: obj.elf
 
Invoking: ARM Print Size
arm-xilinx-eabi-size obj.elf  |tee "obj.elf.size"
   text	   data	    bss	    dec	    hex	filename
 104548	   9960	  78544	 193052	  2f21c	obj.elf
Finished building: obj.elf.size
 
14:44:54 **** Incremental Build of configuration Debug for project obj ****
make all 
make: Nothing to be done for 'all'.
14:45:16 **** Auto Build of configuration Debug for project obj ****
make all 
Building file: ../src/main.cc
Invoking: ARM g++ compiler
arm-xilinx-eabi-g++ -Wall -O0 -g3 -c -fmessage-length=0 -MT"src/main.o" -I../../obj_bsp/ps7_cortexa9_0/include -MMD -MP -MF"src/main.d" -MT"src/main.d" -o "src/main.o" "../src/main.cc"
Finished building: ../src/main.cc
 
Building target: obj.elf
Invoking: ARM g++ linker
arm-xilinx-eabi-g++ -Wl,-T -Wl,../src/lscript.ld -L../../obj_bsp/ps7_cortexa9_0/lib -o "obj.elf"  ./src/main.o   -Wl,--start-group,-lxil,-lgcc,-lc,-lstdc++,--end-group -Wl,--start-group,-lxilffs,-lxil,-lgcc,-lc,--end-group
Finished building target: obj.elf
 
Invoking: ARM Print Size
arm-xilinx-eabi-size obj.elf  |tee "obj.elf.size"
   text	   data	    bss	    dec	    hex	filename
 104548	   9960	  78544	 193052	  2f21c	obj.elf
Finished building: obj.elf.size
 
14:45:20 **** Auto Build of configuration Debug for project obj ****
make all 
Building file: ../src/main.cc
Invoking: ARM g++ compiler
arm-xilinx-eabi-g++ -Wall -O0 -g3 -c -fmessage-length=0 -MT"src/main.o" -I../../obj_bsp/ps7_cortexa9_0/include -MMD -MP -MF"src/main.d" -MT"src/main.d" -o "src/main.o" "../src/main.cc"
Finished building: ../src/main.cc
 
Building target: obj.elf
Invoking: ARM g++ linker
arm-xilinx-eabi-g++ -Wl,-T -Wl,../src/lscript.ld -L../../obj_bsp/ps7_cortexa9_0/lib -o "obj.elf"  ./src/main.o   -Wl,--start-group,-lxil,-lgcc,-lc,-lstdc++,--end-group -Wl,--start-group,-lxilffs,-lxil,-lgcc,-lc,--end-group
Finished building target: obj.elf
 
Invoking: ARM Print Size
arm-xilinx-eabi-size obj.elf  |tee "obj.elf.size"
   text	   data	    bss	    dec	    hex	filename
 104548	   9960	  78544	 193052	  2f21c	obj.elf
Finished building: obj.elf.size
 
14:45:27 **** Incremental Build of configuration Debug for project obj ****
make all 
make: Nothing to be done for 'all'.
14:46:34 **** Incremental Build of configuration Debug for project obj ****
make all 
make: Nothing to be done for 'all'.
14:46:41 **** Incremental Build of configuration Debug for project obj ****
make all 
make: Nothing to be done for 'all'.
14:47:31 **** Auto Build of configuration Debug for project obj ****
make all 
Building file: ../src/main.cc
Invoking: ARM g++ compiler
arm-xilinx-eabi-g++ -Wall -O0 -g3 -c -fmessage-length=0 -MT"src/main.o" -I../../obj_bsp/ps7_cortexa9_0/include -MMD -MP -MF"src/main.d" -MT"src/main.d" -o "src/main.o" "../src/main.cc"
Finished building: ../src/main.cc
 
Building target: obj.elf
Invoking: ARM g++ linker
arm-xilinx-eabi-g++ -Wl,-T -Wl,../src/lscript.ld -L../../obj_bsp/ps7_cortexa9_0/lib -o "obj.elf"  ./src/main.o   -Wl,--start-group,-lxil,-lgcc,-lc,-lstdc++,--end-group -Wl,--start-group,-lxilffs,-lxil,-lgcc,-lc,--end-group
Finished building target: obj.elf
 
Invoking: ARM Print Size
arm-xilinx-eabi-size obj.elf  |tee "obj.elf.size"
   text	   data	    bss	    dec	    hex	filename
 104484	   9960	  78544	 192988	  2f1dc	obj.elf
Finished building: obj.elf.size
 
14:47:36 **** Incremental Build of configuration Debug for project obj ****
make all 
make: Nothing to be done for 'all'.
14:48:48 **** Auto Build of configuration Debug for project obj ****
make all 
Building file: ../src/main.cc
Invoking: ARM g++ compiler
arm-xilinx-eabi-g++ -Wall -O0 -g3 -c -fmessage-length=0 -MT"src/main.o" -I../../obj_bsp/ps7_cortexa9_0/include -MMD -MP -MF"src/main.d" -MT"src/main.d" -o "src/main.o" "../src/main.cc"
Finished building: ../src/main.cc
 
Building target: obj.elf
Invoking: ARM g++ linker
arm-xilinx-eabi-g++ -Wl,-T -Wl,../src/lscript.ld -L../../obj_bsp/ps7_cortexa9_0/lib -o "obj.elf"  ./src/main.o   -Wl,--start-group,-lxil,-lgcc,-lc,-lstdc++,--end-group -Wl,--start-group,-lxilffs,-lxil,-lgcc,-lc,--end-group
Finished building target: obj.elf
 
Invoking: ARM Print Size
arm-xilinx-eabi-size obj.elf  |tee "obj.elf.size"
   text	   data	    bss	    dec	    hex	filename
 104484	   9960	  78544	 192988	  2f1dc	obj.elf
Finished building: obj.elf.size
 
14:48:53 **** Auto Build of configuration Debug for project obj ****
make all 
Building file: ../src/main.cc
Invoking: ARM g++ compiler
arm-xilinx-eabi-g++ -Wall -O0 -g3 -c -fmessage-length=0 -MT"src/main.o" -I../../obj_bsp/ps7_cortexa9_0/include -MMD -MP -MF"src/main.d" -MT"src/main.d" -o "src/main.o" "../src/main.cc"
Finished building: ../src/main.cc
 
Building target: obj.elf
Invoking: ARM g++ linker
arm-xilinx-eabi-g++ -Wl,-T -Wl,../src/lscript.ld -L../../obj_bsp/ps7_cortexa9_0/lib -o "obj.elf"  ./src/main.o   -Wl,--start-group,-lxil,-lgcc,-lc,-lstdc++,--end-group -Wl,--start-group,-lxilffs,-lxil,-lgcc,-lc,--end-group
Finished building target: obj.elf
 
Invoking: ARM Print Size
arm-xilinx-eabi-size obj.elf  |tee "obj.elf.size"
   text	   data	    bss	    dec	    hex	filename
 104484	   9960	  78544	 192988	  2f1dc	obj.elf
Finished building: obj.elf.size
 
14:48:55 **** Incremental Build of configuration Debug for project obj ****
make all 
make: Nothing to be done for 'all'.
14:52:19 **** Auto Build of configuration Debug for project obj ****
make all 
Building file: ../src/main.cc
Invoking: ARM g++ compiler
arm-xilinx-eabi-g++ -Wall -O0 -g3 -c -fmessage-length=0 -MT"src/main.o" -I../../obj_bsp/ps7_cortexa9_0/include -MMD -MP -MF"src/main.d" -MT"src/main.d" -o "src/main.o" "../src/main.cc"
Finished building: ../src/main.cc
 
Building target: obj.elf
Invoking: ARM g++ linker
arm-xilinx-eabi-g++ -Wl,-T -Wl,../src/lscript.ld -L../../obj_bsp/ps7_cortexa9_0/lib -o "obj.elf"  ./src/main.o   -Wl,--start-group,-lxil,-lgcc,-lc,-lstdc++,--end-group -Wl,--start-group,-lxilffs,-lxil,-lgcc,-lc,--end-group
Finished building target: obj.elf
 
Invoking: ARM Print Size
arm-xilinx-eabi-size obj.elf  |tee "obj.elf.size"
   text	   data	    bss	    dec	    hex	filename
 104484	   9960	  78544	 192988	  2f1dc	obj.elf
Finished building: obj.elf.size
 
14:52:40 **** Auto Build of configuration Debug for project obj ****
make all 
Building file: ../src/main.cc
Invoking: ARM g++ compiler
arm-xilinx-eabi-g++ -Wall -O0 -g3 -c -fmessage-length=0 -MT"src/main.o" -I../../obj_bsp/ps7_cortexa9_0/include -MMD -MP -MF"src/main.d" -MT"src/main.d" -o "src/main.o" "../src/main.cc"
Finished building: ../src/main.cc
 
Building target: obj.elf
Invoking: ARM g++ linker
arm-xilinx-eabi-g++ -Wl,-T -Wl,../src/lscript.ld -L../../obj_bsp/ps7_cortexa9_0/lib -o "obj.elf"  ./src/main.o   -Wl,--start-group,-lxil,-lgcc,-lc,-lstdc++,--end-group -Wl,--start-group,-lxilffs,-lxil,-lgcc,-lc,--end-group
Finished building target: obj.elf
 
Invoking: ARM Print Size
arm-xilinx-eabi-size obj.elf  |tee "obj.elf.size"
   text	   data	    bss	    dec	    hex	filename
 104484	   9960	  78544	 192988	  2f1dc	obj.elf
Finished building: obj.elf.size
 
14:52:51 **** Auto Build of configuration Debug for project obj ****
make all 
Building file: ../src/main.cc
Invoking: ARM g++ compiler
arm-xilinx-eabi-g++ -Wall -O0 -g3 -c -fmessage-length=0 -MT"src/main.o" -I../../obj_bsp/ps7_cortexa9_0/include -MMD -MP -MF"src/main.d" -MT"src/main.d" -o "src/main.o" "../src/main.cc"
Finished building: ../src/main.cc
 
Building target: obj.elf
Invoking: ARM g++ linker
arm-xilinx-eabi-g++ -Wl,-T -Wl,../src/lscript.ld -L../../obj_bsp/ps7_cortexa9_0/lib -o "obj.elf"  ./src/main.o   -Wl,--start-group,-lxil,-lgcc,-lc,-lstdc++,--end-group -Wl,--start-group,-lxilffs,-lxil,-lgcc,-lc,--end-group
Finished building target: obj.elf
 
Invoking: ARM Print Size
arm-xilinx-eabi-size obj.elf  |tee "obj.elf.size"
   text	   data	    bss	    dec	    hex	filename
 104484	   9960	  78544	 192988	  2f1dc	obj.elf
Finished building: obj.elf.size
 
14:52:54 **** Incremental Build of configuration Debug for project obj ****
make all 
make: Nothing to be done for 'all'.
14:53:11 **** Incremental Build of configuration Debug for project obj ****
make all 
make: Nothing to be done for 'all'.
14:54:23 **** Incremental Build of configuration Debug for project obj ****
make all 
make: Nothing to be done for 'all'.
15:14:31 **** Incremental Build of configuration Debug for project obj ****
make all 
make: Nothing to be done for 'all'.
15:19:37 **** Incremental Build of configuration Debug for project obj ****
make all 
make: Nothing to be done for 'all'.
15:20:24 **** Incremental Build of configuration Debug for project obj ****
make all 
make: Nothing to be done for 'all'.
15:21:11 **** Incremental Build of configuration Debug for project obj ****
make all 
make: Nothing to be done for 'all'.
15:48:07 **** Incremental Build of configuration Debug for project obj ****
make all 
make: Nothing to be done for 'all'.
15:49:09 **** Incremental Build of configuration Debug for project obj ****
make all 
make: Nothing to be done for 'all'.
15:50:33 **** Auto Build of configuration Debug for project obj ****
make all 
Building file: ../src/main.cc
Invoking: ARM g++ compiler
arm-xilinx-eabi-g++ -Wall -O0 -g3 -c -fmessage-length=0 -MT"src/main.o" -I../../obj_bsp/ps7_cortexa9_0/include -MMD -MP -MF"src/main.d" -MT"src/main.d" -o "src/main.o" "../src/main.cc"
Finished building: ../src/main.cc
 
Building target: obj.elf
Invoking: ARM g++ linker
arm-xilinx-eabi-g++ -Wl,-T -Wl,../src/lscript.ld -L../../obj_bsp/ps7_cortexa9_0/lib -o "obj.elf"  ./src/main.o   -Wl,--start-group,-lxil,-lgcc,-lc,-lstdc++,--end-group -Wl,--start-group,-lxilffs,-lxil,-lgcc,-lc,--end-group
Finished building target: obj.elf
 
Invoking: ARM Print Size
arm-xilinx-eabi-size obj.elf  |tee "obj.elf.size"
   text	   data	    bss	    dec	    hex	filename
 104476	   9960	  78544	 192980	  2f1d4	obj.elf
Finished building: obj.elf.size
 
15:50:42 **** Auto Build of configuration Debug for project obj ****
make all 
Building file: ../src/main.cc
Invoking: ARM g++ compiler
arm-xilinx-eabi-g++ -Wall -O0 -g3 -c -fmessage-length=0 -MT"src/main.o" -I../../obj_bsp/ps7_cortexa9_0/include -MMD -MP -MF"src/main.d" -MT"src/main.d" -o "src/main.o" "../src/main.cc"
Finished building: ../src/main.cc
 
Building target: obj.elf
Invoking: ARM g++ linker
arm-xilinx-eabi-g++ -Wl,-T -Wl,../src/lscript.ld -L../../obj_bsp/ps7_cortexa9_0/lib -o "obj.elf"  ./src/main.o   -Wl,--start-group,-lxil,-lgcc,-lc,-lstdc++,--end-group -Wl,--start-group,-lxilffs,-lxil,-lgcc,-lc,--end-group
Finished building target: obj.elf
 
Invoking: ARM Print Size
arm-xilinx-eabi-size obj.elf  |tee "obj.elf.size"
   text	   data	    bss	    dec	    hex	filename
 104348	   9960	  78544	 192852	  2f154	obj.elf
Finished building: obj.elf.size
 
15:50:51 **** Auto Build of configuration Debug for project obj ****
make all 
Building file: ../src/main.cc
Invoking: ARM g++ compiler
arm-xilinx-eabi-g++ -Wall -O0 -g3 -c -fmessage-length=0 -MT"src/main.o" -I../../obj_bsp/ps7_cortexa9_0/include -MMD -MP -MF"src/main.d" -MT"src/main.d" -o "src/main.o" "../src/main.cc"
Finished building: ../src/main.cc
 
Building target: obj.elf
Invoking: ARM g++ linker
arm-xilinx-eabi-g++ -Wl,-T -Wl,../src/lscript.ld -L../../obj_bsp/ps7_cortexa9_0/lib -o "obj.elf"  ./src/main.o   -Wl,--start-group,-lxil,-lgcc,-lc,-lstdc++,--end-group -Wl,--start-group,-lxilffs,-lxil,-lgcc,-lc,--end-group
Finished building target: obj.elf
 
Invoking: ARM Print Size
arm-xilinx-eabi-size obj.elf  |tee "obj.elf.size"
   text	   data	    bss	    dec	    hex	filename
 104348	   9960	  78544	 192852	  2f154	obj.elf
Finished building: obj.elf.size
 
15:50:56 **** Incremental Build of configuration Debug for project obj ****
make all 
make: Nothing to be done for 'all'.
15:55:26 **** Auto Build of configuration Debug for project obj ****
make all 
Building file: ../src/main.cc
Invoking: ARM g++ compiler
arm-xilinx-eabi-g++ -Wall -O0 -g3 -c -fmessage-length=0 -MT"src/main.o" -I../../obj_bsp/ps7_cortexa9_0/include -MMD -MP -MF"src/main.d" -MT"src/main.d" -o "src/main.o" "../src/main.cc"
Finished building: ../src/main.cc
 
Building target: obj.elf
Invoking: ARM g++ linker
arm-xilinx-eabi-g++ -Wl,-T -Wl,../src/lscript.ld -L../../obj_bsp/ps7_cortexa9_0/lib -o "obj.elf"  ./src/main.o   -Wl,--start-group,-lxil,-lgcc,-lc,-lstdc++,--end-group -Wl,--start-group,-lxilffs,-lxil,-lgcc,-lc,--end-group
Finished building target: obj.elf
 
Invoking: ARM Print Size
arm-xilinx-eabi-size obj.elf  |tee "obj.elf.size"
   text	   data	    bss	    dec	    hex	filename
 104412	   9960	  78544	 192916	  2f194	obj.elf
Finished building: obj.elf.size
 
15:55:29 **** Incremental Build of configuration Debug for project obj ****
make all 
make: Nothing to be done for 'all'.
15:56:25 **** Auto Build of configuration Debug for project obj ****
make all 
Building file: ../src/main.cc
Invoking: ARM g++ compiler
arm-xilinx-eabi-g++ -Wall -O0 -g3 -c -fmessage-length=0 -MT"src/main.o" -I../../obj_bsp/ps7_cortexa9_0/include -MMD -MP -MF"src/main.d" -MT"src/main.d" -o "src/main.o" "../src/main.cc"
Finished building: ../src/main.cc
 
Building target: obj.elf
Invoking: ARM g++ linker
arm-xilinx-eabi-g++ -Wl,-T -Wl,../src/lscript.ld -L../../obj_bsp/ps7_cortexa9_0/lib -o "obj.elf"  ./src/main.o   -Wl,--start-group,-lxil,-lgcc,-lc,-lstdc++,--end-group -Wl,--start-group,-lxilffs,-lxil,-lgcc,-lc,--end-group
Finished building target: obj.elf
 
Invoking: ARM Print Size
arm-xilinx-eabi-size obj.elf  |tee "obj.elf.size"
   text	   data	    bss	    dec	    hex	filename
 104420	   9960	  78544	 192924	  2f19c	obj.elf
Finished building: obj.elf.size
 
15:57:24 **** Incremental Build of configuration Debug for project obj ****
make all 
make: Nothing to be done for 'all'.
15:57:56 **** Incremental Build of configuration Debug for project obj ****
make all 
make: Nothing to be done for 'all'.
15:59:03 **** Auto Build of configuration Debug for project obj ****
make all 
Building file: ../src/main.cc
Invoking: ARM g++ compiler
arm-xilinx-eabi-g++ -Wall -O0 -g3 -c -fmessage-length=0 -MT"src/main.o" -I../../obj_bsp/ps7_cortexa9_0/include -MMD -MP -MF"src/main.d" -MT"src/main.d" -o "src/main.o" "../src/main.cc"
Finished building: ../src/main.cc
 
Building target: obj.elf
Invoking: ARM g++ linker
arm-xilinx-eabi-g++ -Wl,-T -Wl,../src/lscript.ld -L../../obj_bsp/ps7_cortexa9_0/lib -o "obj.elf"  ./src/main.o   -Wl,--start-group,-lxil,-lgcc,-lc,-lstdc++,--end-group -Wl,--start-group,-lxilffs,-lxil,-lgcc,-lc,--end-group
Finished building target: obj.elf
 
Invoking: ARM Print Size
arm-xilinx-eabi-size obj.elf  |tee "obj.elf.size"
   text	   data	    bss	    dec	    hex	filename
 104484	   9960	  78544	 192988	  2f1dc	obj.elf
Finished building: obj.elf.size
 
16:06:43 **** Auto Build of configuration Debug for project obj ****
make all 
Building file: ../src/main.cc
Invoking: ARM g++ compiler
arm-xilinx-eabi-g++ -Wall -O0 -g3 -c -fmessage-length=0 -MT"src/main.o" -I../../obj_bsp/ps7_cortexa9_0/include -MMD -MP -MF"src/main.d" -MT"src/main.d" -o "src/main.o" "../src/main.cc"
Finished building: ../src/main.cc
 
Building target: obj.elf
Invoking: ARM g++ linker
arm-xilinx-eabi-g++ -Wl,-T -Wl,../src/lscript.ld -L../../obj_bsp/ps7_cortexa9_0/lib -o "obj.elf"  ./src/main.o   -Wl,--start-group,-lxil,-lgcc,-lc,-lstdc++,--end-group -Wl,--start-group,-lxilffs,-lxil,-lgcc,-lc,--end-group
Finished building target: obj.elf
 
Invoking: ARM Print Size
arm-xilinx-eabi-size obj.elf  |tee "obj.elf.size"
   text	   data	    bss	    dec	    hex	filename
 104348	   9960	  78544	 192852	  2f154	obj.elf
Finished building: obj.elf.size
 
16:06:52 **** Incremental Build of configuration Debug for project obj ****
make all 
make: Nothing to be done for 'all'.
16:07:22 **** Incremental Build of configuration Debug for project obj ****
make all 
make: Nothing to be done for 'all'.
16:08:02 **** Incremental Build of configuration Debug for project obj ****
make all 
make: Nothing to be done for 'all'.
16:15:00 **** Auto Build of configuration Debug for project obj ****
make all 
Building file: ../src/main.cc
Invoking: ARM g++ compiler
arm-xilinx-eabi-g++ -Wall -O0 -g3 -c -fmessage-length=0 -MT"src/main.o" -I../../obj_bsp/ps7_cortexa9_0/include -MMD -MP -MF"src/main.d" -MT"src/main.d" -o "src/main.o" "../src/main.cc"
Finished building: ../src/main.cc
 
Building target: obj.elf
Invoking: ARM g++ linker
arm-xilinx-eabi-g++ -Wl,-T -Wl,../src/lscript.ld -L../../obj_bsp/ps7_cortexa9_0/lib -o "obj.elf"  ./src/main.o   -Wl,--start-group,-lxil,-lgcc,-lc,-lstdc++,--end-group -Wl,--start-group,-lxilffs,-lxil,-lgcc,-lc,--end-group
Finished building target: obj.elf
 
Invoking: ARM Print Size
arm-xilinx-eabi-size obj.elf  |tee "obj.elf.size"
   text	   data	    bss	    dec	    hex	filename
 104348	   9960	  78544	 192852	  2f154	obj.elf
Finished building: obj.elf.size
 
16:15:01 **** Incremental Build of configuration Debug for project obj ****
make all 
make: Nothing to be done for 'all'.
16:56:22 **** Auto Build of configuration Debug for project obj ****
make all 
Building file: ../src/main.cc
Invoking: ARM g++ compiler
arm-xilinx-eabi-g++ -Wall -O0 -g3 -c -fmessage-length=0 -MT"src/main.o" -I../../obj_bsp/ps7_cortexa9_0/include -MMD -MP -MF"src/main.d" -MT"src/main.d" -o "src/main.o" "../src/main.cc"
Finished building: ../src/main.cc
 
Building target: obj.elf
Invoking: ARM g++ linker
arm-xilinx-eabi-g++ -Wl,-T -Wl,../src/lscript.ld -L../../obj_bsp/ps7_cortexa9_0/lib -o "obj.elf"  ./src/main.o   -Wl,--start-group,-lxil,-lgcc,-lc,-lstdc++,--end-group -Wl,--start-group,-lxilffs,-lxil,-lgcc,-lc,--end-group
Finished building target: obj.elf
 
Invoking: ARM Print Size
arm-xilinx-eabi-size obj.elf  |tee "obj.elf.size"
   text	   data	    bss	    dec	    hex	filename
 104420	   9960	  78544	 192924	  2f19c	obj.elf
Finished building: obj.elf.size
 
16:56:26 **** Incremental Build of configuration Debug for project obj ****
make all 
make: Nothing to be done for 'all'.
16:57:10 **** Incremental Build of configuration Debug for project obj ****
make all 
make: Nothing to be done for 'all'.
16:58:50 **** Incremental Build of configuration Debug for project obj ****
make all 
make: Nothing to be done for 'all'.
19:30:02 **** Auto Build of configuration Debug for project obj ****
make all 
Building file: ../src/main.cc
Invoking: ARM g++ compiler
arm-xilinx-eabi-g++ -Wall -O0 -g3 -c -fmessage-length=0 -MT"src/main.o" -I../../obj_bsp/ps7_cortexa9_0/include -MMD -MP -MF"src/main.d" -MT"src/main.d" -o "src/main.o" "../src/main.cc"
Finished building: ../src/main.cc
 
Building target: obj.elf
Invoking: ARM g++ linker
arm-xilinx-eabi-g++ -Wl,-T -Wl,../src/lscript.ld -L../../obj_bsp/ps7_cortexa9_0/lib -o "obj.elf"  ./src/main.o   -Wl,--start-group,-lxil,-lgcc,-lc,-lstdc++,--end-group -Wl,--start-group,-lxilffs,-lxil,-lgcc,-lc,--end-group
Finished building target: obj.elf
 
Invoking: ARM Print Size
arm-xilinx-eabi-size obj.elf  |tee "obj.elf.size"
   text	   data	    bss	    dec	    hex	filename
 104420	   9960	  78544	 192924	  2f19c	obj.elf
Finished building: obj.elf.size
 
19:46:01 **** Auto Build of configuration Debug for project obj ****
make all 
Building file: ../src/main.cc
Invoking: ARM g++ compiler
arm-xilinx-eabi-g++ -Wall -O0 -g3 -c -fmessage-length=0 -MT"src/main.o" -I../../obj_bsp/ps7_cortexa9_0/include -MMD -MP -MF"src/main.d" -MT"src/main.d" -o "src/main.o" "../src/main.cc"
Finished building: ../src/main.cc
 
Building target: obj.elf
Invoking: ARM g++ linker
arm-xilinx-eabi-g++ -Wl,-T -Wl,../src/lscript.ld -L../../obj_bsp/ps7_cortexa9_0/lib -o "obj.elf"  ./src/main.o   -Wl,--start-group,-lxil,-lgcc,-lc,-lstdc++,--end-group -Wl,--start-group,-lxilffs,-lxil,-lgcc,-lc,--end-group
Finished building target: obj.elf
 
Invoking: ARM Print Size
arm-xilinx-eabi-size obj.elf  |tee "obj.elf.size"
   text	   data	    bss	    dec	    hex	filename
 104420	   9960	  78544	 192924	  2f19c	obj.elf
Finished building: obj.elf.size
 
19:46:05 **** Incremental Build of configuration Debug for project obj ****
make all 
make: Nothing to be done for 'all'.
19:46:21 **** Incremental Build of configuration Debug for project obj ****
make all 
make: Nothing to be done for 'all'.
19:47:47 **** Incremental Build of configuration Debug for project obj ****
make all 
make: Nothing to be done for 'all'.
19:49:07 **** Incremental Build of configuration Debug for project obj ****
make all 
make: Nothing to be done for 'all'.
19:52:38 **** Auto Build of configuration Debug for project obj ****
make all 
Building file: ../src/main.cc
Invoking: ARM g++ compiler
arm-xilinx-eabi-g++ -Wall -O0 -g3 -c -fmessage-length=0 -MT"src/main.o" -I../../obj_bsp/ps7_cortexa9_0/include -MMD -MP -MF"src/main.d" -MT"src/main.d" -o "src/main.o" "../src/main.cc"
../src/main.cc: In function 'int sdcard_read(FIL*, void*, UINT)':
../src/main.cc:336:37: error: 'btyes_read' was not declared in this scope
src/subdir.mk:21: recipe for target 'src/main.o' failed
  printf("\n\nbytes read = %lu\n\n", btyes_read);
                                     ^
make: *** [src/main.o] Error 1
19:52:42 **** Incremental Build of configuration Debug for project obj ****
make all 
Building file: ../src/main.cc
Invoking: ARM g++ compiler
arm-xilinx-eabi-g++ -Wall -O0 -g3 -c -fmessage-length=0 -MT"src/main.o" -I../../obj_bsp/ps7_cortexa9_0/include -MMD -MP -MF"src/main.d" -MT"src/main.d" -o "src/main.o" "../src/main.cc"
../src/main.cc: In function 'int sdcard_read(FIL*, void*, UINT)':
../src/main.cc:336:37: error: 'btyes_read' was not declared in this scope
  printf("\n\nbytes read = %lu\n\n", btyes_read);
                                     ^
make: *** [src/main.o] Error 1
src/subdir.mk:21: recipe for target 'src/main.o' failed
19:52:54 **** Auto Build of configuration Debug for project obj ****
make all 
Building file: ../src/main.cc
Invoking: ARM g++ compiler
arm-xilinx-eabi-g++ -Wall -O0 -g3 -c -fmessage-length=0 -MT"src/main.o" -I../../obj_bsp/ps7_cortexa9_0/include -MMD -MP -MF"src/main.d" -MT"src/main.d" -o "src/main.o" "../src/main.cc"
../src/main.cc: In function 'int sdcard_read(FIL*, void*, UINT)':
../src/main.cc:336:47: warning: format '%lu' expects argument of type 'long unsigned int', but argument 2 has type 'UINT {aka unsigned int}' [-Wformat=]
  printf("\n\nbytes read = %lu\n\n", bytes_read);
                                               ^
../src/main.cc:336:47: warning: format '%lu' expects argument of type 'long unsigned int', but argument 2 has type 'UINT {aka unsigned int}' [-Wformat=]
Finished building: ../src/main.cc
 
Building target: obj.elf
Invoking: ARM g++ linker
arm-xilinx-eabi-g++ -Wl,-T -Wl,../src/lscript.ld -L../../obj_bsp/ps7_cortexa9_0/lib -o "obj.elf"  ./src/main.o   -Wl,--start-group,-lxil,-lgcc,-lc,-lstdc++,--end-group -Wl,--start-group,-lxilffs,-lxil,-lgcc,-lc,--end-group
Finished building target: obj.elf
 
Invoking: ARM Print Size
arm-xilinx-eabi-size obj.elf  |tee "obj.elf.size"
   text	   data	    bss	    dec	    hex	filename
 104444	   9960	  78544	 192948	  2f1b4	obj.elf
Finished building: obj.elf.size
 
19:53:05 **** Auto Build of configuration Debug for project obj ****
make all 
Building file: ../src/main.cc
Invoking: ARM g++ compiler
arm-xilinx-eabi-g++ -Wall -O0 -g3 -c -fmessage-length=0 -MT"src/main.o" -I../../obj_bsp/ps7_cortexa9_0/include -MMD -MP -MF"src/main.d" -MT"src/main.d" -o "src/main.o" "../src/main.cc"
Finished building: ../src/main.cc
 
Building target: obj.elf
Invoking: ARM g++ linker
arm-xilinx-eabi-g++ -Wl,-T -Wl,../src/lscript.ld -L../../obj_bsp/ps7_cortexa9_0/lib -o "obj.elf"  ./src/main.o   -Wl,--start-group,-lxil,-lgcc,-lc,-lstdc++,--end-group -Wl,--start-group,-lxilffs,-lxil,-lgcc,-lc,--end-group
Finished building target: obj.elf
 
Invoking: ARM Print Size
arm-xilinx-eabi-size obj.elf  |tee "obj.elf.size"
   text	   data	    bss	    dec	    hex	filename
 104436	   9960	  78544	 192940	  2f1ac	obj.elf
Finished building: obj.elf.size
 
19:53:13 **** Auto Build of configuration Debug for project obj ****
make all 
Building file: ../src/main.cc
Invoking: ARM g++ compiler
arm-xilinx-eabi-g++ -Wall -O0 -g3 -c -fmessage-length=0 -MT"src/main.o" -I../../obj_bsp/ps7_cortexa9_0/include -MMD -MP -MF"src/main.d" -MT"src/main.d" -o "src/main.o" "../src/main.cc"
Finished building: ../src/main.cc
 
Building target: obj.elf
Invoking: ARM g++ linker
arm-xilinx-eabi-g++ -Wl,-T -Wl,../src/lscript.ld -L../../obj_bsp/ps7_cortexa9_0/lib -o "obj.elf"  ./src/main.o   -Wl,--start-group,-lxil,-lgcc,-lc,-lstdc++,--end-group -Wl,--start-group,-lxilffs,-lxil,-lgcc,-lc,--end-group
Finished building target: obj.elf
 
Invoking: ARM Print Size
arm-xilinx-eabi-size obj.elf  |tee "obj.elf.size"
   text	   data	    bss	    dec	    hex	filename
 104444	   9960	  78544	 192948	  2f1b4	obj.elf
Finished building: obj.elf.size
 
19:53:15 **** Incremental Build of configuration Debug for project obj ****
make all 
make: Nothing to be done for 'all'.
19:53:36 **** Incremental Build of configuration Debug for project obj ****
make all 
make: Nothing to be done for 'all'.
19:54:37 **** Auto Build of configuration Debug for project obj ****
make all 
Building file: ../src/main.cc
Invoking: ARM g++ compiler
arm-xilinx-eabi-g++ -Wall -O0 -g3 -c -fmessage-length=0 -MT"src/main.o" -I../../obj_bsp/ps7_cortexa9_0/include -MMD -MP -MF"src/main.d" -MT"src/main.d" -o "src/main.o" "../src/main.cc"
Finished building: ../src/main.cc
 
Building target: obj.elf
Invoking: ARM g++ linker
arm-xilinx-eabi-g++ -Wl,-T -Wl,../src/lscript.ld -L../../obj_bsp/ps7_cortexa9_0/lib -o "obj.elf"  ./src/main.o   -Wl,--start-group,-lxil,-lgcc,-lc,-lstdc++,--end-group -Wl,--start-group,-lxilffs,-lxil,-lgcc,-lc,--end-group
./src/main.o: In function `main':
/home/littlefoot/18643_project/Hardware-Accel/HW/H05-lab3-1/project_1.sdk/obj/Debug/../src/main.cc:155: undefined reference to `sdcard_read(FIL*, void*, unsigned int)'
collect2: error: ld returned 1 exit status
makefile:48: recipe for target 'obj.elf' failed
make: *** [obj.elf] Error 1
19:57:19 **** Auto Build of configuration Debug for project obj ****
make all 
Building file: ../src/main.cc
Invoking: ARM g++ compiler
arm-xilinx-eabi-g++ -Wall -O0 -g3 -c -fmessage-length=0 -MT"src/main.o" -I../../obj_bsp/ps7_cortexa9_0/include -MMD -MP -MF"src/main.d" -MT"src/main.d" -o "src/main.o" "../src/main.cc"
Finished building: ../src/main.cc
 
Building target: obj.elf
Invoking: ARM g++ linker
arm-xilinx-eabi-g++ -Wl,-T -Wl,../src/lscript.ld -L../../obj_bsp/ps7_cortexa9_0/lib -o "obj.elf"  ./src/main.o   -Wl,--start-group,-lxil,-lgcc,-lc,-lstdc++,--end-group -Wl,--start-group,-lxilffs,-lxil,-lgcc,-lc,--end-group
Finished building target: obj.elf
 
Invoking: ARM Print Size
arm-xilinx-eabi-size obj.elf  |tee "obj.elf.size"
   text	   data	    bss	    dec	    hex	filename
 104444	   9960	  78544	 192948	  2f1b4	obj.elf
Finished building: obj.elf.size
 
19:59:26 **** Auto Build of configuration Debug for project obj ****
make all 
Building file: ../src/main.cc
Invoking: ARM g++ compiler
arm-xilinx-eabi-g++ -Wall -O0 -g3 -c -fmessage-length=0 -MT"src/main.o" -I../../obj_bsp/ps7_cortexa9_0/include -MMD -MP -MF"src/main.d" -MT"src/main.d" -o "src/main.o" "../src/main.cc"
Finished building: ../src/main.cc
 
Building target: obj.elf
Invoking: ARM g++ linker
arm-xilinx-eabi-g++ -Wl,-T -Wl,../src/lscript.ld -L../../obj_bsp/ps7_cortexa9_0/lib -o "obj.elf"  ./src/main.o   -Wl,--start-group,-lxil,-lgcc,-lc,-lstdc++,--end-group -Wl,--start-group,-lxilffs,-lxil,-lgcc,-lc,--end-group
Finished building target: obj.elf
 
Invoking: ARM Print Size
arm-xilinx-eabi-size obj.elf  |tee "obj.elf.size"
   text	   data	    bss	    dec	    hex	filename
 104444	   9960	  78544	 192948	  2f1b4	obj.elf
Finished building: obj.elf.size
 
19:59:34 **** Incremental Build of configuration Debug for project obj ****
make all 
make: Nothing to be done for 'all'.
20:00:29 **** Auto Build of configuration Debug for project obj ****
make all 
Building file: ../src/main.cc
Invoking: ARM g++ compiler
arm-xilinx-eabi-g++ -Wall -O0 -g3 -c -fmessage-length=0 -MT"src/main.o" -I../../obj_bsp/ps7_cortexa9_0/include -MMD -MP -MF"src/main.d" -MT"src/main.d" -o "src/main.o" "../src/main.cc"
Finished building: ../src/main.cc
 
Building target: obj.elf
Invoking: ARM g++ linker
arm-xilinx-eabi-g++ -Wl,-T -Wl,../src/lscript.ld -L../../obj_bsp/ps7_cortexa9_0/lib -o "obj.elf"  ./src/main.o   -Wl,--start-group,-lxil,-lgcc,-lc,-lstdc++,--end-group -Wl,--start-group,-lxilffs,-lxil,-lgcc,-lc,--end-group
Finished building target: obj.elf
 
Invoking: ARM Print Size
arm-xilinx-eabi-size obj.elf  |tee "obj.elf.size"
   text	   data	    bss	    dec	    hex	filename
 104444	   9960	  78544	 192948	  2f1b4	obj.elf
Finished building: obj.elf.size
 
20:00:29 **** Incremental Build of configuration Debug for project obj ****
make all 
make: Nothing to be done for 'all'.
20:04:17 **** Auto Build of configuration Debug for project obj ****
make all 
Building file: ../src/main.cc
Invoking: ARM g++ compiler
arm-xilinx-eabi-g++ -Wall -O0 -g3 -c -fmessage-length=0 -MT"src/main.o" -I../../obj_bsp/ps7_cortexa9_0/include -MMD -MP -MF"src/main.d" -MT"src/main.d" -o "src/main.o" "../src/main.cc"
Finished building: ../src/main.cc
 
Building target: obj.elf
Invoking: ARM g++ linker
arm-xilinx-eabi-g++ -Wl,-T -Wl,../src/lscript.ld -L../../obj_bsp/ps7_cortexa9_0/lib -o "obj.elf"  ./src/main.o   -Wl,--start-group,-lxil,-lgcc,-lc,-lstdc++,--end-group -Wl,--start-group,-lxilffs,-lxil,-lgcc,-lc,--end-group
Finished building target: obj.elf
 
Invoking: ARM Print Size
arm-xilinx-eabi-size obj.elf  |tee "obj.elf.size"
   text	   data	    bss	    dec	    hex	filename
 104444	   9960	  78544	 192948	  2f1b4	obj.elf
Finished building: obj.elf.size
 
20:04:21 **** Incremental Build of configuration Debug for project obj ****
make all 
make: Nothing to be done for 'all'.
20:05:54 **** Auto Build of configuration Debug for project obj ****
make all 
Building file: ../src/main.cc
Invoking: ARM g++ compiler
arm-xilinx-eabi-g++ -Wall -O0 -g3 -c -fmessage-length=0 -MT"src/main.o" -I../../obj_bsp/ps7_cortexa9_0/include -MMD -MP -MF"src/main.d" -MT"src/main.d" -o "src/main.o" "../src/main.cc"
Finished building: ../src/main.cc
 
Building target: obj.elf
Invoking: ARM g++ linker
arm-xilinx-eabi-g++ -Wl,-T -Wl,../src/lscript.ld -L../../obj_bsp/ps7_cortexa9_0/lib -o "obj.elf"  ./src/main.o   -Wl,--start-group,-lxil,-lgcc,-lc,-lstdc++,--end-group -Wl,--start-group,-lxilffs,-lxil,-lgcc,-lc,--end-group
Finished building target: obj.elf
 
Invoking: ARM Print Size
arm-xilinx-eabi-size obj.elf  |tee "obj.elf.size"
   text	   data	    bss	    dec	    hex	filename
 104372	   9960	  78544	 192876	  2f16c	obj.elf
Finished building: obj.elf.size
 
20:05:57 **** Incremental Build of configuration Debug for project obj ****
make all 
make: Nothing to be done for 'all'.
20:06:48 **** Auto Build of configuration Debug for project obj ****
make all 
Building file: ../src/main.cc
Invoking: ARM g++ compiler
arm-xilinx-eabi-g++ -Wall -O0 -g3 -c -fmessage-length=0 -MT"src/main.o" -I../../obj_bsp/ps7_cortexa9_0/include -MMD -MP -MF"src/main.d" -MT"src/main.d" -o "src/main.o" "../src/main.cc"
Finished building: ../src/main.cc
 
Building target: obj.elf
Invoking: ARM g++ linker
arm-xilinx-eabi-g++ -Wl,-T -Wl,../src/lscript.ld -L../../obj_bsp/ps7_cortexa9_0/lib -o "obj.elf"  ./src/main.o   -Wl,--start-group,-lxil,-lgcc,-lc,-lstdc++,--end-group -Wl,--start-group,-lxilffs,-lxil,-lgcc,-lc,--end-group
Finished building target: obj.elf
 
Invoking: ARM Print Size
arm-xilinx-eabi-size obj.elf  |tee "obj.elf.size"
   text	   data	    bss	    dec	    hex	filename
 104436	   9960	  78544	 192940	  2f1ac	obj.elf
Finished building: obj.elf.size
 
20:06:51 **** Incremental Build of configuration Debug for project obj ****
make all 
make: Nothing to be done for 'all'.
20:07:19 **** Auto Build of configuration Debug for project obj ****
make all 
Building file: ../src/main.cc
Invoking: ARM g++ compiler
arm-xilinx-eabi-g++ -Wall -O0 -g3 -c -fmessage-length=0 -MT"src/main.o" -I../../obj_bsp/ps7_cortexa9_0/include -MMD -MP -MF"src/main.d" -MT"src/main.d" -o "src/main.o" "../src/main.cc"
Finished building: ../src/main.cc
 
Building target: obj.elf
Invoking: ARM g++ linker
arm-xilinx-eabi-g++ -Wl,-T -Wl,../src/lscript.ld -L../../obj_bsp/ps7_cortexa9_0/lib -o "obj.elf"  ./src/main.o   -Wl,--start-group,-lxil,-lgcc,-lc,-lstdc++,--end-group -Wl,--start-group,-lxilffs,-lxil,-lgcc,-lc,--end-group
Finished building target: obj.elf
 
Invoking: ARM Print Size
arm-xilinx-eabi-size obj.elf  |tee "obj.elf.size"
   text	   data	    bss	    dec	    hex	filename
 104444	   9960	  78544	 192948	  2f1b4	obj.elf
Finished building: obj.elf.size
 
20:07:42 **** Incremental Build of configuration Debug for project obj ****
make all 
make: Nothing to be done for 'all'.
20:11:48 **** Auto Build of configuration Debug for project obj ****
make all 
Building file: ../src/main.cc
Invoking: ARM g++ compiler
arm-xilinx-eabi-g++ -Wall -O0 -g3 -c -fmessage-length=0 -MT"src/main.o" -I../../obj_bsp/ps7_cortexa9_0/include -MMD -MP -MF"src/main.d" -MT"src/main.d" -o "src/main.o" "../src/main.cc"
Finished building: ../src/main.cc
 
Building target: obj.elf
Invoking: ARM g++ linker
arm-xilinx-eabi-g++ -Wl,-T -Wl,../src/lscript.ld -L../../obj_bsp/ps7_cortexa9_0/lib -o "obj.elf"  ./src/main.o   -Wl,--start-group,-lxil,-lgcc,-lc,-lstdc++,--end-group -Wl,--start-group,-lxilffs,-lxil,-lgcc,-lc,--end-group
Finished building target: obj.elf
 
Invoking: ARM Print Size
arm-xilinx-eabi-size obj.elf  |tee "obj.elf.size"
   text	   data	    bss	    dec	    hex	filename
 104444	   9960	  78544	 192948	  2f1b4	obj.elf
Finished building: obj.elf.size
 
20:11:53 **** Incremental Build of configuration Debug for project obj ****
make all 
make: Nothing to be done for 'all'.
20:13:18 **** Auto Build of configuration Debug for project obj ****
make all 
Building file: ../src/main.cc
Invoking: ARM g++ compiler
arm-xilinx-eabi-g++ -Wall -O0 -g3 -c -fmessage-length=0 -MT"src/main.o" -I../../obj_bsp/ps7_cortexa9_0/include -MMD -MP -MF"src/main.d" -MT"src/main.d" -o "src/main.o" "../src/main.cc"
Finished building: ../src/main.cc
 
Building target: obj.elf
Invoking: ARM g++ linker
arm-xilinx-eabi-g++ -Wl,-T -Wl,../src/lscript.ld -L../../obj_bsp/ps7_cortexa9_0/lib -o "obj.elf"  ./src/main.o   -Wl,--start-group,-lxil,-lgcc,-lc,-lstdc++,--end-group -Wl,--start-group,-lxilffs,-lxil,-lgcc,-lc,--end-group
Finished building target: obj.elf
 
Invoking: ARM Print Size
arm-xilinx-eabi-size obj.elf  |tee "obj.elf.size"
   text	   data	    bss	    dec	    hex	filename
 104372	   9960	  78544	 192876	  2f16c	obj.elf
Finished building: obj.elf.size
 
20:13:28 **** Auto Build of configuration Debug for project obj ****
make all 
Building file: ../src/main.cc
Invoking: ARM g++ compiler
arm-xilinx-eabi-g++ -Wall -O0 -g3 -c -fmessage-length=0 -MT"src/main.o" -I../../obj_bsp/ps7_cortexa9_0/include -MMD -MP -MF"src/main.d" -MT"src/main.d" -o "src/main.o" "../src/main.cc"
Finished building: ../src/main.cc
 
Building target: obj.elf
Invoking: ARM g++ linker
arm-xilinx-eabi-g++ -Wl,-T -Wl,../src/lscript.ld -L../../obj_bsp/ps7_cortexa9_0/lib -o "obj.elf"  ./src/main.o   -Wl,--start-group,-lxil,-lgcc,-lc,-lstdc++,--end-group -Wl,--start-group,-lxilffs,-lxil,-lgcc,-lc,--end-group
Finished building target: obj.elf
 
Invoking: ARM Print Size
arm-xilinx-eabi-size obj.elf  |tee "obj.elf.size"
   text	   data	    bss	    dec	    hex	filename
 104436	   9960	  78544	 192940	  2f1ac	obj.elf
Finished building: obj.elf.size
 
20:13:32 **** Incremental Build of configuration Debug for project obj ****
make all 
make: Nothing to be done for 'all'.
20:14:58 **** Auto Build of configuration Debug for project obj ****
make all 
Building file: ../src/main.cc
Invoking: ARM g++ compiler
arm-xilinx-eabi-g++ -Wall -O0 -g3 -c -fmessage-length=0 -MT"src/main.o" -I../../obj_bsp/ps7_cortexa9_0/include -MMD -MP -MF"src/main.d" -MT"src/main.d" -o "src/main.o" "../src/main.cc"
Finished building: ../src/main.cc
 
Building target: obj.elf
Invoking: ARM g++ linker
arm-xilinx-eabi-g++ -Wl,-T -Wl,../src/lscript.ld -L../../obj_bsp/ps7_cortexa9_0/lib -o "obj.elf"  ./src/main.o   -Wl,--start-group,-lxil,-lgcc,-lc,-lstdc++,--end-group -Wl,--start-group,-lxilffs,-lxil,-lgcc,-lc,--end-group
Finished building target: obj.elf
 
Invoking: ARM Print Size
arm-xilinx-eabi-size obj.elf  |tee "obj.elf.size"
   text	   data	    bss	    dec	    hex	filename
 104436	   9960	  78544	 192940	  2f1ac	obj.elf
Finished building: obj.elf.size
 
20:15:02 **** Auto Build of configuration Debug for project obj ****
make all 
Building file: ../src/main.cc
Invoking: ARM g++ compiler
arm-xilinx-eabi-g++ -Wall -O0 -g3 -c -fmessage-length=0 -MT"src/main.o" -I../../obj_bsp/ps7_cortexa9_0/include -MMD -MP -MF"src/main.d" -MT"src/main.d" -o "src/main.o" "../src/main.cc"
Finished building: ../src/main.cc
 
Building target: obj.elf
Invoking: ARM g++ linker
arm-xilinx-eabi-g++ -Wl,-T -Wl,../src/lscript.ld -L../../obj_bsp/ps7_cortexa9_0/lib -o "obj.elf"  ./src/main.o   -Wl,--start-group,-lxil,-lgcc,-lc,-lstdc++,--end-group -Wl,--start-group,-lxilffs,-lxil,-lgcc,-lc,--end-group
Finished building target: obj.elf
 
Invoking: ARM Print Size
arm-xilinx-eabi-size obj.elf  |tee "obj.elf.size"
   text	   data	    bss	    dec	    hex	filename
 104436	   9960	  78544	 192940	  2f1ac	obj.elf
Finished building: obj.elf.size
 
20:16:05 **** Incremental Build of configuration Debug for project obj ****
make all 
make: Nothing to be done for 'all'.
20:17:19 **** Auto Build of configuration Debug for project obj ****
make all 
Building file: ../src/main.cc
Invoking: ARM g++ compiler
arm-xilinx-eabi-g++ -Wall -O0 -g3 -c -fmessage-length=0 -MT"src/main.o" -I../../obj_bsp/ps7_cortexa9_0/include -MMD -MP -MF"src/main.d" -MT"src/main.d" -o "src/main.o" "../src/main.cc"
Finished building: ../src/main.cc
 
Building target: obj.elf
Invoking: ARM g++ linker
arm-xilinx-eabi-g++ -Wl,-T -Wl,../src/lscript.ld -L../../obj_bsp/ps7_cortexa9_0/lib -o "obj.elf"  ./src/main.o   -Wl,--start-group,-lxil,-lgcc,-lc,-lstdc++,--end-group -Wl,--start-group,-lxilffs,-lxil,-lgcc,-lc,--end-group
Finished building target: obj.elf
 
Invoking: ARM Print Size
arm-xilinx-eabi-size obj.elf  |tee "obj.elf.size"
   text	   data	    bss	    dec	    hex	filename
 104436	   9960	  78544	 192940	  2f1ac	obj.elf
Finished building: obj.elf.size
 
20:17:24 **** Incremental Build of configuration Debug for project obj ****
make all 
make: Nothing to be done for 'all'.
20:17:37 **** Auto Build of configuration Debug for project obj ****
make all 
Building file: ../src/main.cc
Invoking: ARM g++ compiler
arm-xilinx-eabi-g++ -Wall -O0 -g3 -c -fmessage-length=0 -MT"src/main.o" -I../../obj_bsp/ps7_cortexa9_0/include -MMD -MP -MF"src/main.d" -MT"src/main.d" -o "src/main.o" "../src/main.cc"
Finished building: ../src/main.cc
 
Building target: obj.elf
Invoking: ARM g++ linker
arm-xilinx-eabi-g++ -Wl,-T -Wl,../src/lscript.ld -L../../obj_bsp/ps7_cortexa9_0/lib -o "obj.elf"  ./src/main.o   -Wl,--start-group,-lxil,-lgcc,-lc,-lstdc++,--end-group -Wl,--start-group,-lxilffs,-lxil,-lgcc,-lc,--end-group
Finished building target: obj.elf
 
Invoking: ARM Print Size
arm-xilinx-eabi-size obj.elf  |tee "obj.elf.size"
   text	   data	    bss	    dec	    hex	filename
 104436	   9960	  78544	 192940	  2f1ac	obj.elf
Finished building: obj.elf.size
 
20:17:43 **** Auto Build of configuration Debug for project obj ****
make all 
Building file: ../src/main.cc
Invoking: ARM g++ compiler
arm-xilinx-eabi-g++ -Wall -O0 -g3 -c -fmessage-length=0 -MT"src/main.o" -I../../obj_bsp/ps7_cortexa9_0/include -MMD -MP -MF"src/main.d" -MT"src/main.d" -o "src/main.o" "../src/main.cc"
Finished building: ../src/main.cc
 
Building target: obj.elf
Invoking: ARM g++ linker
arm-xilinx-eabi-g++ -Wl,-T -Wl,../src/lscript.ld -L../../obj_bsp/ps7_cortexa9_0/lib -o "obj.elf"  ./src/main.o   -Wl,--start-group,-lxil,-lgcc,-lc,-lstdc++,--end-group -Wl,--start-group,-lxilffs,-lxil,-lgcc,-lc,--end-group
Finished building target: obj.elf
 
Invoking: ARM Print Size
arm-xilinx-eabi-size obj.elf  |tee "obj.elf.size"
   text	   data	    bss	    dec	    hex	filename
 104436	   9960	  78544	 192940	  2f1ac	obj.elf
Finished building: obj.elf.size
 
20:17:46 **** Incremental Build of configuration Debug for project obj ****
make all 
make: Nothing to be done for 'all'.
20:18:06 **** Incremental Build of configuration Debug for project obj ****
make all 
make: Nothing to be done for 'all'.
20:18:32 **** Auto Build of configuration Debug for project obj ****
make all 
Building file: ../src/main.cc
Invoking: ARM g++ compiler
arm-xilinx-eabi-g++ -Wall -O0 -g3 -c -fmessage-length=0 -MT"src/main.o" -I../../obj_bsp/ps7_cortexa9_0/include -MMD -MP -MF"src/main.d" -MT"src/main.d" -o "src/main.o" "../src/main.cc"
Finished building: ../src/main.cc
 
Building target: obj.elf
Invoking: ARM g++ linker
arm-xilinx-eabi-g++ -Wl,-T -Wl,../src/lscript.ld -L../../obj_bsp/ps7_cortexa9_0/lib -o "obj.elf"  ./src/main.o   -Wl,--start-group,-lxil,-lgcc,-lc,-lstdc++,--end-group -Wl,--start-group,-lxilffs,-lxil,-lgcc,-lc,--end-group
Finished building target: obj.elf
 
Invoking: ARM Print Size
arm-xilinx-eabi-size obj.elf  |tee "obj.elf.size"
   text	   data	    bss	    dec	    hex	filename
 104436	   9960	  78544	 192940	  2f1ac	obj.elf
Finished building: obj.elf.size
 
20:19:37 **** Incremental Build of configuration Debug for project obj ****
make all 
make: Nothing to be done for 'all'.
20:20:00 **** Auto Build of configuration Debug for project obj ****
make all 
Building file: ../src/main.cc
Invoking: ARM g++ compiler
arm-xilinx-eabi-g++ -Wall -O0 -g3 -c -fmessage-length=0 -MT"src/main.o" -I../../obj_bsp/ps7_cortexa9_0/include -MMD -MP -MF"src/main.d" -MT"src/main.d" -o "src/main.o" "../src/main.cc"
Finished building: ../src/main.cc
 
Building target: obj.elf
Invoking: ARM g++ linker
arm-xilinx-eabi-g++ -Wl,-T -Wl,../src/lscript.ld -L../../obj_bsp/ps7_cortexa9_0/lib -o "obj.elf"  ./src/main.o   -Wl,--start-group,-lxil,-lgcc,-lc,-lstdc++,--end-group -Wl,--start-group,-lxilffs,-lxil,-lgcc,-lc,--end-group
Finished building target: obj.elf
 
Invoking: ARM Print Size
arm-xilinx-eabi-size obj.elf  |tee "obj.elf.size"
   text	   data	    bss	    dec	    hex	filename
 104372	   9960	  78544	 192876	  2f16c	obj.elf
Finished building: obj.elf.size
 
20:20:34 **** Auto Build of configuration Debug for project obj ****
make all 
Building file: ../src/main.cc
Invoking: ARM g++ compiler
arm-xilinx-eabi-g++ -Wall -O0 -g3 -c -fmessage-length=0 -MT"src/main.o" -I../../obj_bsp/ps7_cortexa9_0/include -MMD -MP -MF"src/main.d" -MT"src/main.d" -o "src/main.o" "../src/main.cc"
Finished building: ../src/main.cc
 
Building target: obj.elf
Invoking: ARM g++ linker
arm-xilinx-eabi-g++ -Wl,-T -Wl,../src/lscript.ld -L../../obj_bsp/ps7_cortexa9_0/lib -o "obj.elf"  ./src/main.o   -Wl,--start-group,-lxil,-lgcc,-lc,-lstdc++,--end-group -Wl,--start-group,-lxilffs,-lxil,-lgcc,-lc,--end-group
Finished building target: obj.elf
 
Invoking: ARM Print Size
arm-xilinx-eabi-size obj.elf  |tee "obj.elf.size"
   text	   data	    bss	    dec	    hex	filename
 104372	   9960	  78544	 192876	  2f16c	obj.elf
Finished building: obj.elf.size
 
20:20:45 **** Auto Build of configuration Debug for project obj ****
make all 
Building file: ../src/main.cc
Invoking: ARM g++ compiler
arm-xilinx-eabi-g++ -Wall -O0 -g3 -c -fmessage-length=0 -MT"src/main.o" -I../../obj_bsp/ps7_cortexa9_0/include -MMD -MP -MF"src/main.d" -MT"src/main.d" -o "src/main.o" "../src/main.cc"
Finished building: ../src/main.cc
 
Building target: obj.elf
Invoking: ARM g++ linker
arm-xilinx-eabi-g++ -Wl,-T -Wl,../src/lscript.ld -L../../obj_bsp/ps7_cortexa9_0/lib -o "obj.elf"  ./src/main.o   -Wl,--start-group,-lxil,-lgcc,-lc,-lstdc++,--end-group -Wl,--start-group,-lxilffs,-lxil,-lgcc,-lc,--end-group
Finished building target: obj.elf
 
Invoking: ARM Print Size
arm-xilinx-eabi-size obj.elf  |tee "obj.elf.size"
   text	   data	    bss	    dec	    hex	filename
 104372	   9960	  78544	 192876	  2f16c	obj.elf
Finished building: obj.elf.size
 
20:21:20 **** Auto Build of configuration Debug for project obj ****
make all 
Building file: ../src/main.cc
Invoking: ARM g++ compiler
arm-xilinx-eabi-g++ -Wall -O0 -g3 -c -fmessage-length=0 -MT"src/main.o" -I../../obj_bsp/ps7_cortexa9_0/include -MMD -MP -MF"src/main.d" -MT"src/main.d" -o "src/main.o" "../src/main.cc"
../src/main.cc: In function 'void obj_detector(float (*)[28], float (*)[5][5], float (*)[864], float*, float*)':
../src/main.cc:172:6: warning: variable 'success' set but not used [-Wunused-but-set-variable]
  int success;
      ^
Finished building: ../src/main.cc
 
Building target: obj.elf
Invoking: ARM g++ linker
arm-xilinx-eabi-g++ -Wl,-T -Wl,../src/lscript.ld -L../../obj_bsp/ps7_cortexa9_0/lib -o "obj.elf"  ./src/main.o   -Wl,--start-group,-lxil,-lgcc,-lc,-lstdc++,--end-group -Wl,--start-group,-lxilffs,-lxil,-lgcc,-lc,--end-group
Finished building target: obj.elf
 
Invoking: ARM Print Size
arm-xilinx-eabi-size obj.elf  |tee "obj.elf.size"
   text	   data	    bss	    dec	    hex	filename
 104372	   9960	  78544	 192876	  2f16c	obj.elf
Finished building: obj.elf.size
 
20:22:14 **** Auto Build of configuration Debug for project obj ****
make all 
Building file: ../src/main.cc
Invoking: ARM g++ compiler
arm-xilinx-eabi-g++ -Wall -O0 -g3 -c -fmessage-length=0 -MT"src/main.o" -I../../obj_bsp/ps7_cortexa9_0/include -MMD -MP -MF"src/main.d" -MT"src/main.d" -o "src/main.o" "../src/main.cc"
Finished building: ../src/main.cc
 
Building target: obj.elf
Invoking: ARM g++ linker
arm-xilinx-eabi-g++ -Wl,-T -Wl,../src/lscript.ld -L../../obj_bsp/ps7_cortexa9_0/lib -o "obj.elf"  ./src/main.o   -Wl,--start-group,-lxil,-lgcc,-lc,-lstdc++,--end-group -Wl,--start-group,-lxilffs,-lxil,-lgcc,-lc,--end-group
Finished building target: obj.elf
 
Invoking: ARM Print Size
arm-xilinx-eabi-size obj.elf  |tee "obj.elf.size"
   text	   data	    bss	    dec	    hex	filename
 104444	   9960	  78544	 192948	  2f1b4	obj.elf
Finished building: obj.elf.size
 
20:22:18 **** Incremental Build of configuration Debug for project obj ****
make all 
make: Nothing to be done for 'all'.
20:23:08 **** Incremental Build of configuration Debug for project obj ****
make all 
make: Nothing to be done for 'all'.
20:24:49 **** Auto Build of configuration Debug for project obj ****
make all 
Building file: ../src/main.cc
Invoking: ARM g++ compiler
arm-xilinx-eabi-g++ -Wall -O0 -g3 -c -fmessage-length=0 -MT"src/main.o" -I../../obj_bsp/ps7_cortexa9_0/include -MMD -MP -MF"src/main.d" -MT"src/main.d" -o "src/main.o" "../src/main.cc"
Finished building: ../src/main.cc
 
Building target: obj.elf
Invoking: ARM g++ linker
arm-xilinx-eabi-g++ -Wl,-T -Wl,../src/lscript.ld -L../../obj_bsp/ps7_cortexa9_0/lib -o "obj.elf"  ./src/main.o   -Wl,--start-group,-lxil,-lgcc,-lc,-lstdc++,--end-group -Wl,--start-group,-lxilffs,-lxil,-lgcc,-lc,--end-group
Finished building target: obj.elf
 
Invoking: ARM Print Size
arm-xilinx-eabi-size obj.elf  |tee "obj.elf.size"
   text	   data	    bss	    dec	    hex	filename
 104444	   9960	  78544	 192948	  2f1b4	obj.elf
Finished building: obj.elf.size
 
20:25:26 **** Auto Build of configuration Debug for project obj ****
make all 
Building file: ../src/main.cc
Invoking: ARM g++ compiler
arm-xilinx-eabi-g++ -Wall -O0 -g3 -c -fmessage-length=0 -MT"src/main.o" -I../../obj_bsp/ps7_cortexa9_0/include -MMD -MP -MF"src/main.d" -MT"src/main.d" -o "src/main.o" "../src/main.cc"
Finished building: ../src/main.cc
 
Building target: obj.elf
Invoking: ARM g++ linker
arm-xilinx-eabi-g++ -Wl,-T -Wl,../src/lscript.ld -L../../obj_bsp/ps7_cortexa9_0/lib -o "obj.elf"  ./src/main.o   -Wl,--start-group,-lxil,-lgcc,-lc,-lstdc++,--end-group -Wl,--start-group,-lxilffs,-lxil,-lgcc,-lc,--end-group
Finished building target: obj.elf
 
Invoking: ARM Print Size
arm-xilinx-eabi-size obj.elf  |tee "obj.elf.size"
   text	   data	    bss	    dec	    hex	filename
 104444	   9960	  78544	 192948	  2f1b4	obj.elf
Finished building: obj.elf.size
 
20:25:32 **** Incremental Build of configuration Debug for project obj ****
make all 
make: Nothing to be done for 'all'.
20:26:21 **** Auto Build of configuration Debug for project obj ****
make all 
Building file: ../src/main.cc
Invoking: ARM g++ compiler
arm-xilinx-eabi-g++ -Wall -O0 -g3 -c -fmessage-length=0 -MT"src/main.o" -I../../obj_bsp/ps7_cortexa9_0/include -MMD -MP -MF"src/main.d" -MT"src/main.d" -o "src/main.o" "../src/main.cc"
Finished building: ../src/main.cc
 
Building target: obj.elf
Invoking: ARM g++ linker
arm-xilinx-eabi-g++ -Wl,-T -Wl,../src/lscript.ld -L../../obj_bsp/ps7_cortexa9_0/lib -o "obj.elf"  ./src/main.o   -Wl,--start-group,-lxil,-lgcc,-lc,-lstdc++,--end-group -Wl,--start-group,-lxilffs,-lxil,-lgcc,-lc,--end-group
Finished building target: obj.elf
 
Invoking: ARM Print Size
arm-xilinx-eabi-size obj.elf  |tee "obj.elf.size"
   text	   data	    bss	    dec	    hex	filename
 104372	   9960	  78544	 192876	  2f16c	obj.elf
Finished building: obj.elf.size
 
20:26:35 **** Auto Build of configuration Debug for project obj ****
make all 
Building file: ../src/main.cc
Invoking: ARM g++ compiler
arm-xilinx-eabi-g++ -Wall -O0 -g3 -c -fmessage-length=0 -MT"src/main.o" -I../../obj_bsp/ps7_cortexa9_0/include -MMD -MP -MF"src/main.d" -MT"src/main.d" -o "src/main.o" "../src/main.cc"
Finished building: ../src/main.cc
 
Building target: obj.elf
Invoking: ARM g++ linker
arm-xilinx-eabi-g++ -Wl,-T -Wl,../src/lscript.ld -L../../obj_bsp/ps7_cortexa9_0/lib -o "obj.elf"  ./src/main.o   -Wl,--start-group,-lxil,-lgcc,-lc,-lstdc++,--end-group -Wl,--start-group,-lxilffs,-lxil,-lgcc,-lc,--end-group
Finished building target: obj.elf
 
Invoking: ARM Print Size
arm-xilinx-eabi-size obj.elf  |tee "obj.elf.size"
   text	   data	    bss	    dec	    hex	filename
 104372	   9960	  78544	 192876	  2f16c	obj.elf
Finished building: obj.elf.size
 
20:26:37 **** Incremental Build of configuration Debug for project obj ****
make all 
make: Nothing to be done for 'all'.
20:28:24 **** Auto Build of configuration Debug for project obj ****
make all 
Building file: ../src/main.cc
Invoking: ARM g++ compiler
[...]
src/subdir.mk:21: recipe for target 'src/main.o' failed
make: *** [src/main.o] Error 1
20:50:58 **** Auto Build of configuration Debug for project obj ****
make all 
Building file: ../src/main.cc
Invoking: ARM g++ compiler
arm-xilinx-eabi-g++ -Wall -O0 -g3 -c -fmessage-length=0 -MT"src/main.o" -I../../obj_bsp/ps7_cortexa9_0/include -MMD -MP -MF"src/main.d" -MT"src/main.d" -o "src/main.o" "../src/main.cc"
Finished building: ../src/main.cc
 
Building target: obj.elf
Invoking: ARM g++ linker
arm-xilinx-eabi-g++ -Wl,-T -Wl,../src/lscript.ld -L../../obj_bsp/ps7_cortexa9_0/lib -o "obj.elf"  ./src/main.o   -Wl,--start-group,-lxil,-lgcc,-lc,-lstdc++,--end-group -Wl,--start-group,-lxilffs,-lxil,-lgcc,-lc,--end-group
Finished building target: obj.elf
 
Invoking: ARM Print Size
arm-xilinx-eabi-size obj.elf  |tee "obj.elf.size"
   text	   data	    bss	    dec	    hex	filename
 109596	   9960	  78544	 198100	  305d4	obj.elf
Finished building: obj.elf.size
 
20:51:02 **** Incremental Build of configuration Debug for project obj ****
make all 
make: Nothing to be done for 'all'.
20:52:07 **** Auto Build of configuration Debug for project obj ****
make all 
Building file: ../src/main.cc
Invoking: ARM g++ compiler
arm-xilinx-eabi-g++ -Wall -O0 -g3 -c -fmessage-length=0 -MT"src/main.o" -I../../obj_bsp/ps7_cortexa9_0/include -MMD -MP -MF"src/main.d" -MT"src/main.d" -o "src/main.o" "../src/main.cc"
Finished building: ../src/main.cc
 
Building target: obj.elf
Invoking: ARM g++ linker
arm-xilinx-eabi-g++ -Wl,-T -Wl,../src/lscript.ld -L../../obj_bsp/ps7_cortexa9_0/lib -o "obj.elf"  ./src/main.o   -Wl,--start-group,-lxil,-lgcc,-lc,-lstdc++,--end-group -Wl,--start-group,-lxilffs,-lxil,-lgcc,-lc,--end-group
Finished building target: obj.elf
 
Invoking: ARM Print Size
arm-xilinx-eabi-size obj.elf  |tee "obj.elf.size"
   text	   data	    bss	    dec	    hex	filename
 104348	   9960	  78544	 192852	  2f154	obj.elf
Finished building: obj.elf.size
 
20:52:09 **** Incremental Build of configuration Debug for project obj ****
make all 
make: Nothing to be done for 'all'.
20:54:12 **** Auto Build of configuration Debug for project obj ****
make all 
Building file: ../src/main.cc
Invoking: ARM g++ compiler
arm-xilinx-eabi-g++ -Wall -O0 -g3 -c -fmessage-length=0 -MT"src/main.o" -I../../obj_bsp/ps7_cortexa9_0/include -MMD -MP -MF"src/main.d" -MT"src/main.d" -o "src/main.o" "../src/main.cc"
Finished building: ../src/main.cc
 
Building target: obj.elf
Invoking: ARM g++ linker
arm-xilinx-eabi-g++ -Wl,-T -Wl,../src/lscript.ld -L../../obj_bsp/ps7_cortexa9_0/lib -o "obj.elf"  ./src/main.o   -Wl,--start-group,-lxil,-lgcc,-lc,-lstdc++,--end-group -Wl,--start-group,-lxilffs,-lxil,-lgcc,-lc,--end-group
Finished building target: obj.elf
 
Invoking: ARM Print Size
arm-xilinx-eabi-size obj.elf  |tee "obj.elf.size"
   text	   data	    bss	    dec	    hex	filename
 104348	   9960	  78544	 192852	  2f154	obj.elf
Finished building: obj.elf.size
 
20:54:15 **** Incremental Build of configuration Debug for project obj ****
make all 
make: Nothing to be done for 'all'.
20:54:30 **** Incremental Build of configuration Debug for project obj ****
make all 
make: Nothing to be done for 'all'.
20:54:49 **** Auto Build of configuration Debug for project obj ****
make all 
Building file: ../src/main.cc
Invoking: ARM g++ compiler
arm-xilinx-eabi-g++ -Wall -O0 -g3 -c -fmessage-length=0 -MT"src/main.o" -I../../obj_bsp/ps7_cortexa9_0/include -MMD -MP -MF"src/main.d" -MT"src/main.d" -o "src/main.o" "../src/main.cc"
Finished building: ../src/main.cc
 
Building target: obj.elf
Invoking: ARM g++ linker
arm-xilinx-eabi-g++ -Wl,-T -Wl,../src/lscript.ld -L../../obj_bsp/ps7_cortexa9_0/lib -o "obj.elf"  ./src/main.o   -Wl,--start-group,-lxil,-lgcc,-lc,-lstdc++,--end-group -Wl,--start-group,-lxilffs,-lxil,-lgcc,-lc,--end-group
Finished building target: obj.elf
 
Invoking: ARM Print Size
arm-xilinx-eabi-size obj.elf  |tee "obj.elf.size"
   text	   data	    bss	    dec	    hex	filename
 109596	   9960	  78544	 198100	  305d4	obj.elf
Finished building: obj.elf.size
 
20:54:52 **** Incremental Build of configuration Debug for project obj ****
make all 
make: Nothing to be done for 'all'.
21:00:22 **** Auto Build of configuration Debug for project obj ****
make all 
Building file: ../src/main.cc
Invoking: ARM g++ compiler
arm-xilinx-eabi-g++ -Wall -O0 -g3 -c -fmessage-length=0 -MT"src/main.o" -I../../obj_bsp/ps7_cortexa9_0/include -MMD -MP -MF"src/main.d" -MT"src/main.d" -o "src/main.o" "../src/main.cc"
Finished building: ../src/main.cc
 
Building target: obj.elf
Invoking: ARM g++ linker
arm-xilinx-eabi-g++ -Wl,-T -Wl,../src/lscript.ld -L../../obj_bsp/ps7_cortexa9_0/lib -o "obj.elf"  ./src/main.o   -Wl,--start-group,-lxil,-lgcc,-lc,-lstdc++,--end-group -Wl,--start-group,-lxilffs,-lxil,-lgcc,-lc,--end-group
Finished building target: obj.elf
 
Invoking: ARM Print Size
arm-xilinx-eabi-size obj.elf  |tee "obj.elf.size"
   text	   data	    bss	    dec	    hex	filename
 109596	   9960	  75408	 194964	  2f994	obj.elf
Finished building: obj.elf.size
 
21:00:26 **** Incremental Build of configuration Debug for project obj ****
make all 
make: Nothing to be done for 'all'.
21:00:51 **** Auto Build of configuration Debug for project obj ****
make all 
Building file: ../src/main.cc
Invoking: ARM g++ compiler
arm-xilinx-eabi-g++ -Wall -O0 -g3 -c -fmessage-length=0 -MT"src/main.o" -I../../obj_bsp/ps7_cortexa9_0/include -MMD -MP -MF"src/main.d" -MT"src/main.d" -o "src/main.o" "../src/main.cc"
Finished building: ../src/main.cc
 
Building target: obj.elf
Invoking: ARM g++ linker
arm-xilinx-eabi-g++ -Wl,-T -Wl,../src/lscript.ld -L../../obj_bsp/ps7_cortexa9_0/lib -o "obj.elf"  ./src/main.o   -Wl,--start-group,-lxil,-lgcc,-lc,-lstdc++,--end-group -Wl,--start-group,-lxilffs,-lxil,-lgcc,-lc,--end-group
Finished building target: obj.elf
 
Invoking: ARM Print Size
arm-xilinx-eabi-size obj.elf  |tee "obj.elf.size"
   text	   data	    bss	    dec	    hex	filename
 104348	   9960	  75408	 189716	  2e514	obj.elf
Finished building: obj.elf.size
 
21:00:53 **** Incremental Build of configuration Debug for project obj ****
make all 
make: Nothing to be done for 'all'.
21:01:04 **** Incremental Build of configuration Debug for project obj ****
make all 
make: Nothing to be done for 'all'.
21:04:29 **** Auto Build of configuration Debug for project obj ****
make all 
Building file: ../src/main.cc
Invoking: ARM g++ compiler
arm-xilinx-eabi-g++ -Wall -O0 -g3 -c -fmessage-length=0 -MT"src/main.o" -I../../obj_bsp/ps7_cortexa9_0/include -MMD -MP -MF"src/main.d" -MT"src/main.d" -o "src/main.o" "../src/main.cc"
Finished building: ../src/main.cc
 
Building target: obj.elf
Invoking: ARM g++ linker
arm-xilinx-eabi-g++ -Wl,-T -Wl,../src/lscript.ld -L../../obj_bsp/ps7_cortexa9_0/lib -o "obj.elf"  ./src/main.o   -Wl,--start-group,-lxil,-lgcc,-lc,-lstdc++,--end-group -Wl,--start-group,-lxilffs,-lxil,-lgcc,-lc,--end-group
Finished building target: obj.elf
 
Invoking: ARM Print Size
arm-xilinx-eabi-size obj.elf  |tee "obj.elf.size"
   text	   data	    bss	    dec	    hex	filename
 104348	   9960	  75408	 189716	  2e514	obj.elf
Finished building: obj.elf.size
 
21:04:35 **** Incremental Build of configuration Debug for project obj ****
make all 
make: Nothing to be done for 'all'.
21:18:25 **** Auto Build of configuration Debug for project obj ****
make all 
Building file: ../src/main.cc
Invoking: ARM g++ compiler
arm-xilinx-eabi-g++ -Wall -O0 -g3 -c -fmessage-length=0 -MT"src/main.o" -I../../obj_bsp/ps7_cortexa9_0/include -MMD -MP -MF"src/main.d" -MT"src/main.d" -o "src/main.o" "../src/main.cc"
../src/main.cc: In function 'int main()':
../src/main.cc:163:27: error: 'imgSource' was not declared in this scope
    Xil_L1DCacheFlushRange(imgSource, IMG_SIZE);
                           ^
../src/main.cc:163:38: error: 'IMG_SIZE' was not declared in this scope
    Xil_L1DCacheFlushRange(imgSource, IMG_SIZE);
                                      ^
../src/main.cc:163:46: error: 'Xil_L1DCacheFlushRange' was not declared in this scope
    Xil_L1DCacheFlushRange(imgSource, IMG_SIZE);
                                              ^
../src/main.cc:164:45: error: 'Xil_L2CacheFlushRange' was not declared in this scope
    Xil_L2CacheFlushRange(imgSource, IMG_SIZE);
                                             ^
src/subdir.mk:21: recipe for target 'src/main.o' failed
make: *** [src/main.o] Error 1
21:18:56 **** Auto Build of configuration Debug for project obj ****
make all 
Building file: ../src/main.cc
Invoking: ARM g++ compiler
arm-xilinx-eabi-g++ -Wall -O0 -g3 -c -fmessage-length=0 -MT"src/main.o" -I../../obj_bsp/ps7_cortexa9_0/include -MMD -MP -MF"src/main.d" -MT"src/main.d" -o "src/main.o" "../src/main.cc"
../src/main.cc: In function 'int main()':
../src/main.cc:163:37: error: 'IMG_SIZE' was not declared in this scope
    Xil_L1DCacheFlushRange(in_mat_a, IMG_SIZE);
                                     ^
../src/main.cc:163:45: error: 'Xil_L1DCacheFlushRange' was not declared in this scope
    Xil_L1DCacheFlushRange(in_mat_a, IMG_SIZE);
                                             ^
../src/main.cc:164:44: error: 'Xil_L2CacheFlushRange' was not declared in this scope
    Xil_L2CacheFlushRange(in_mat_a, IMG_SIZE);
                                            ^
src/subdir.mk:21: recipe for target 'src/main.o' failed
make: *** [src/main.o] Error 1
21:19:04 **** Auto Build of configuration Debug for project obj ****
make all 
Building file: ../src/main.cc
Invoking: ARM g++ compiler
arm-xilinx-eabi-g++ -Wall -O0 -g3 -c -fmessage-length=0 -MT"src/main.o" -I../../obj_bsp/ps7_cortexa9_0/include -MMD -MP -MF"src/main.d" -MT"src/main.d" -o "src/main.o" "../src/main.cc"
../src/main.cc: In function 'int main()':
../src/main.cc:163:48: error: 'Xil_L1DCacheFlushRange' was not declared in this scope
    Xil_L1DCacheFlushRange(in_mat_a, IMAGE_BYTES);
                                                ^
../src/main.cc:164:47: error: 'Xil_L2CacheFlushRange' was not declared in this scope
    Xil_L2CacheFlushRange(in_mat_a, IMAGE_BYTES);
                                               ^
src/subdir.mk:21: recipe for target 'src/main.o' failed
make: *** [src/main.o] Error 1
21:22:17 **** Auto Build of configuration Debug for project obj ****
make all 
Building file: ../src/main.cc
Invoking: ARM g++ compiler
arm-xilinx-eabi-g++ -Wall -O0 -g3 -c -fmessage-length=0 -MT"src/main.o" -I../../obj_bsp/ps7_cortexa9_0/include -MMD -MP -MF"src/main.d" -MT"src/main.d" -o "src/main.o" "../src/main.cc"
../src/main.cc: In function 'int main()':
../src/main.cc:163:46: error: invalid conversion from 'float (*)[28]' to 'INTPTR {aka int}' [-fpermissive]
    Xil_DCacheFlushRange(in_mat_a, IMAGE_BYTES);
                                              ^
In file included from ../../obj_bsp/ps7_cortexa9_0/include/xaxicdma.h:347:0,
                 from ../src/main.cc:2:
../../obj_bsp/ps7_cortexa9_0/include/xil_cache.h:64:6: note: initializing argument 1 of 'void Xil_DCacheFlushRange(INTPTR, u32)'
 void Xil_DCacheFlushRange(INTPTR adr, u32 len);
      ^
src/subdir.mk:21: recipe for target 'src/main.o' failed
make: *** [src/main.o] Error 1
21:22:52 **** Auto Build of configuration Debug for project obj ****
make all 
Building file: ../src/main.cc
Invoking: ARM g++ compiler
arm-xilinx-eabi-g++ -Wall -O0 -g3 -c -fmessage-length=0 -MT"src/main.o" -I../../obj_bsp/ps7_cortexa9_0/include -MMD -MP -MF"src/main.d" -MT"src/main.d" -o "src/main.o" "../src/main.cc"
../src/main.cc: In function 'int main()':
../src/main.cc:163:47: error: invalid conversion from 'float (*)[28][28]' to 'INTPTR {aka int}' [-fpermissive]
    Xil_DCacheFlushRange(&in_mat_a, IMAGE_BYTES);
                                               ^
In file included from ../../obj_bsp/ps7_cortexa9_0/include/xaxicdma.h:347:0,
                 from ../src/main.cc:2:
../../obj_bsp/ps7_cortexa9_0/include/xil_cache.h:64:6: note: initializing argument 1 of 'void Xil_DCacheFlushRange(INTPTR, u32)'
 void Xil_DCacheFlushRange(INTPTR adr, u32 len);
      ^
src/subdir.mk:21: recipe for target 'src/main.o' failed
make: *** [src/main.o] Error 1
21:23:12 **** Auto Build of configuration Debug for project obj ****
make all 
Building file: ../src/main.cc
Invoking: ARM g++ compiler
arm-xilinx-eabi-g++ -Wall -O0 -g3 -c -fmessage-length=0 -MT"src/main.o" -I../../obj_bsp/ps7_cortexa9_0/include -MMD -MP -MF"src/main.d" -MT"src/main.d" -o "src/main.o" "../src/main.cc"
../src/main.cc: In function 'int main()':
../src/main.cc:163:54: error: invalid conversion from 'int*' to 'INTPTR {aka int}' [-fpermissive]
    Xil_DCacheFlushRange((int *)&in_mat_a, IMAGE_BYTES);
                                                      ^
In file included from ../../obj_bsp/ps7_cortexa9_0/include/xaxicdma.h:347:0,
                 from ../src/main.cc:2:
../../obj_bsp/ps7_cortexa9_0/include/xil_cache.h:64:6: note: initializing argument 1 of 'void Xil_DCacheFlushRange(INTPTR, u32)'
 void Xil_DCacheFlushRange(INTPTR adr, u32 len);
      ^
src/subdir.mk:21: recipe for target 'src/main.o' failed
make: *** [src/main.o] Error 1
21:23:33 **** Auto Build of configuration Debug for project obj ****
make all 
Building file: ../src/main.cc
Invoking: ARM g++ compiler
arm-xilinx-eabi-g++ -Wall -O0 -g3 -c -fmessage-length=0 -MT"src/main.o" -I../../obj_bsp/ps7_cortexa9_0/include -MMD -MP -MF"src/main.d" -MT"src/main.d" -o "src/main.o" "../src/main.cc"
Finished building: ../src/main.cc
 
Building target: obj.elf
Invoking: ARM g++ linker
arm-xilinx-eabi-g++ -Wl,-T -Wl,../src/lscript.ld -L../../obj_bsp/ps7_cortexa9_0/lib -o "obj.elf"  ./src/main.o   -Wl,--start-group,-lxil,-lgcc,-lc,-lstdc++,--end-group -Wl,--start-group,-lxilffs,-lxil,-lgcc,-lc,--end-group
Finished building target: obj.elf
 
Invoking: ARM Print Size
arm-xilinx-eabi-size obj.elf  |tee "obj.elf.size"
   text	   data	    bss	    dec	    hex	filename
 104348	   9960	  75408	 189716	  2e514	obj.elf
Finished building: obj.elf.size
 
21:25:25 **** Auto Build of configuration Debug for project obj ****
make all 
Building file: ../src/main.cc
Invoking: ARM g++ compiler
arm-xilinx-eabi-g++ -Wall -O0 -g3 -c -fmessage-length=0 -MT"src/main.o" -I../../obj_bsp/ps7_cortexa9_0/include -MMD -MP -MF"src/main.d" -MT"src/main.d" -o "src/main.o" "../src/main.cc"
../src/main.cc: In function 'int main()':
../src/main.cc:160:15: warning: zero-length gnu_printf format string [-Wformat-zero-length]
      printf("")
               ^
../src/main.cc:160:15: warning: zero-length gnu_printf format string [-Wformat-zero-length]
../src/main.cc:161:5: error: expected ';' before '}' token
     }
     ^
src/subdir.mk:21: recipe for target 'src/main.o' failed
make: *** [src/main.o] Error 1
21:26:04 **** Auto Build of configuration Debug for project obj ****
make all 
Building file: ../src/main.cc
Invoking: ARM g++ compiler
arm-xilinx-eabi-g++ -Wall -O0 -g3 -c -fmessage-length=0 -MT"src/main.o" -I../../obj_bsp/ps7_cortexa9_0/include -MMD -MP -MF"src/main.d" -MT"src/main.d" -o "src/main.o" "../src/main.cc"
Finished building: ../src/main.cc
 
Building target: obj.elf
Invoking: ARM g++ linker
arm-xilinx-eabi-g++ -Wl,-T -Wl,../src/lscript.ld -L../../obj_bsp/ps7_cortexa9_0/lib -o "obj.elf"  ./src/main.o   -Wl,--start-group,-lxil,-lgcc,-lc,-lstdc++,--end-group -Wl,--start-group,-lxilffs,-lxil,-lgcc,-lc,--end-group
Finished building target: obj.elf
 
Invoking: ARM Print Size
arm-xilinx-eabi-size obj.elf  |tee "obj.elf.size"
   text	   data	    bss	    dec	    hex	filename
 104804	   9960	  75408	 190172	  2e6dc	obj.elf
Finished building: obj.elf.size
 
21:26:08 **** Incremental Build of configuration Debug for project obj ****
make all 
make: Nothing to be done for 'all'.
21:26:22 **** Incremental Build of configuration Debug for project obj ****
make all 
make: Nothing to be done for 'all'.
21:27:08 **** Auto Build of configuration Debug for project obj ****
make all 
Building file: ../src/main.cc
Invoking: ARM g++ compiler
arm-xilinx-eabi-g++ -Wall -O0 -g3 -c -fmessage-length=0 -MT"src/main.o" -I../../obj_bsp/ps7_cortexa9_0/include -MMD -MP -MF"src/main.d" -MT"src/main.d" -o "src/main.o" "../src/main.cc"
Finished building: ../src/main.cc
 
Building target: obj.elf
Invoking: ARM g++ linker
arm-xilinx-eabi-g++ -Wl,-T -Wl,../src/lscript.ld -L../../obj_bsp/ps7_cortexa9_0/lib -o "obj.elf"  ./src/main.o   -Wl,--start-group,-lxil,-lgcc,-lc,-lstdc++,--end-group -Wl,--start-group,-lxilffs,-lxil,-lgcc,-lc,--end-group
Finished building target: obj.elf
 
Invoking: ARM Print Size
arm-xilinx-eabi-size obj.elf  |tee "obj.elf.size"
   text	   data	    bss	    dec	    hex	filename
 104732	   9960	  75408	 190100	  2e694	obj.elf
Finished building: obj.elf.size
 
21:27:12 **** Auto Build of configuration Debug for project obj ****
make all 
Building file: ../src/main.cc
Invoking: ARM g++ compiler
arm-xilinx-eabi-g++ -Wall -O0 -g3 -c -fmessage-length=0 -MT"src/main.o" -I../../obj_bsp/ps7_cortexa9_0/include -MMD -MP -MF"src/main.d" -MT"src/main.d" -o "src/main.o" "../src/main.cc"
Finished building: ../src/main.cc
 
Building target: obj.elf
Invoking: ARM g++ linker
arm-xilinx-eabi-g++ -Wl,-T -Wl,../src/lscript.ld -L../../obj_bsp/ps7_cortexa9_0/lib -o "obj.elf"  ./src/main.o   -Wl,--start-group,-lxil,-lgcc,-lc,-lstdc++,--end-group -Wl,--start-group,-lxilffs,-lxil,-lgcc,-lc,--end-group
Finished building target: obj.elf
 
Invoking: ARM Print Size
arm-xilinx-eabi-size obj.elf  |tee "obj.elf.size"
   text	   data	    bss	    dec	    hex	filename
 104348	   9960	  75408	 189716	  2e514	obj.elf
Finished building: obj.elf.size
 
21:27:23 **** Incremental Build of configuration Debug for project obj ****
make all 
make: Nothing to be done for 'all'.
21:28:29 **** Incremental Build of configuration Debug for project obj ****
make all 
make: Nothing to be done for 'all'.
21:29:37 **** Auto Build of configuration Debug for project obj ****
make all 
Building file: ../src/main.cc
Invoking: ARM g++ compiler
arm-xilinx-eabi-g++ -Wall -O0 -g3 -c -fmessage-length=0 -MT"src/main.o" -I../../obj_bsp/ps7_cortexa9_0/include -MMD -MP -MF"src/main.d" -MT"src/main.d" -o "src/main.o" "../src/main.cc"
Finished building: ../src/main.cc
 
Building target: obj.elf
Invoking: ARM g++ linker
arm-xilinx-eabi-g++ -Wl,-T -Wl,../src/lscript.ld -L../../obj_bsp/ps7_cortexa9_0/lib -o "obj.elf"  ./src/main.o   -Wl,--start-group,-lxil,-lgcc,-lc,-lstdc++,--end-group -Wl,--start-group,-lxilffs,-lxil,-lgcc,-lc,--end-group
Finished building target: obj.elf
 
Invoking: ARM Print Size
arm-xilinx-eabi-size obj.elf  |tee "obj.elf.size"
   text	   data	    bss	    dec	    hex	filename
 104348	   9960	  75408	 189716	  2e514	obj.elf
Finished building: obj.elf.size
 
21:29:45 **** Incremental Build of configuration Debug for project obj ****
make all 
make: Nothing to be done for 'all'.
21:29:52 **** Incremental Build of configuration Debug for project obj ****
make all 
make: Nothing to be done for 'all'.
