"Running Make libs in ps7_cortexa9_0/libsrc/ttcps_v3_0/src"
make -C ps7_cortexa9_0/libsrc/ttcps_v3_0/src -s libs  "SHELL=CMD" "COMPILER=arm-xilinx-eabi-gcc" "ARCHIVER=arm-xilinx-eabi-ar" "COMPILER_FLAGS=  -O2 -c" "EXTRA_COMPILER_FLAGS=-g"
"Compiling ttcps"
"Running Make libs in ps7_cortexa9_0/libsrc/uartps_v3_0/src"
make -C ps7_cortexa9_0/libsrc/uartps_v3_0/src -s libs  "SHELL=CMD" "COMPILER=arm-xilinx-eabi-gcc" "ARCHIVER=arm-xilinx-eabi-ar" "COMPILER_FLAGS=  -O2 -c" "EXTRA_COMPILER_FLAGS=-g"
"Compiling uartps"
"Running Make libs in ps7_cortexa9_0/libsrc/usbps_v2_2/src"
make -C ps7_cortexa9_0/libsrc/usbps_v2_2/src -s libs  "SHELL=CMD" "COMPILER=arm-xilinx-eabi-gcc" "ARCHIVER=arm-xilinx-eabi-ar" "COMPILER_FLAGS=  -O2 -c" "EXTRA_COMPILER_FLAGS=-g"
"Compiling usbps"
"Running Make libs in ps7_cortexa9_0/libsrc/xadcps_v2_2/src"
make -C ps7_cortexa9_0/libsrc/xadcps_v2_2/src -s libs  "SHELL=CMD" "COMPILER=arm-xilinx-eabi-gcc" "ARCHIVER=arm-xilinx-eabi-ar" "COMPILER_FLAGS=  -O2 -c" "EXTRA_COMPILER_FLAGS=-g"
"Compiling xadcps"
"Running Make libs in ps7_cortexa9_0/libsrc/xilffs_v3_0/src"
make -C ps7_cortexa9_0/libsrc/xilffs_v3_0/src -s libs  "SHELL=CMD" "COMPILER=arm-xilinx-eabi-gcc" "ARCHIVER=arm-xilinx-eabi-ar" "COMPILER_FLAGS=  -O2 -c" "EXTRA_COMPILER_FLAGS=-g"
"Compiling XilFFs Library"
"Creating archive libxilffs.a"
'Finished building libraries'
10:45:06 **** Clean-only build of configuration Debug for project proj4 ****
make clean 
rm -rf  ./src/main.o  ./src/main.d  proj4.elf.size  proj4.elf
' '
10:45:06 **** Clean-only build of project proj4_bsp ****
make -k clean 
rm -f ps7_cortexa9_0/lib/libxil.a
10:45:06 **** Build of project proj4_bsp ****
make -k all 
"Running Make include in ps7_cortexa9_0/libsrc/axicdma_v3_0/src"
make -C ps7_cortexa9_0/libsrc/axicdma_v3_0/src -s include  "SHELL=CMD" "COMPILER=arm-xilinx-eabi-gcc" "ARCHIVER=arm-xilinx-eabi-ar" "COMPILER_FLAGS=  -O2 -c" "EXTRA_COMPILER_FLAGS=-g"
"Running Make include in ps7_cortexa9_0/libsrc/coresightps_dcc_v1_0/src"
make -C ps7_cortexa9_0/libsrc/coresightps_dcc_v1_0/src -s include  "SHELL=CMD" "COMPILER=arm-xilinx-eabi-gcc" "ARCHIVER=arm-xilinx-eabi-ar" "COMPILER_FLAGS=  -O2 -c" "EXTRA_COMPILER_FLAGS=-g"
"Running Make include in ps7_cortexa9_0/libsrc/cpu_cortexa9_v2_1/src"
make -C ps7_cortexa9_0/libsrc/cpu_cortexa9_v2_1/src -s include  "SHELL=CMD" "COMPILER=arm-xilinx-eabi-gcc" "ARCHIVER=arm-xilinx-eabi-ar" "COMPILER_FLAGS=  -O2 -c" "EXTRA_COMPILER_FLAGS=-g"
"Running Make include in ps7_cortexa9_0/libsrc/devcfg_v3_3/src"
make -C ps7_cortexa9_0/libsrc/devcfg_v3_3/src -s include  "SHELL=CMD" "COMPILER=arm-xilinx-eabi-gcc" "ARCHIVER=arm-xilinx-eabi-ar" "COMPILER_FLAGS=  -O2 -c" "EXTRA_COMPILER_FLAGS=-g"
"Running Make include in ps7_cortexa9_0/libsrc/dmaps_v2_1/src"
make -C ps7_cortexa9_0/libsrc/dmaps_v2_1/src -s include  "SHELL=CMD" "COMPILER=arm-xilinx-eabi-gcc" "ARCHIVER=arm-xilinx-eabi-ar" "COMPILER_FLAGS=  -O2 -c" "EXTRA_COMPILER_FLAGS=-g"
"Running Make include in ps7_cortexa9_0/libsrc/emacps_v3_0/src"
make -C ps7_cortexa9_0/libsrc/emacps_v3_0/src -s include  "SHELL=CMD" "COMPILER=arm-xilinx-eabi-gcc" "ARCHIVER=arm-xilinx-eabi-ar" "COMPILER_FLAGS=  -O2 -c" "EXTRA_COMPILER_FLAGS=-g"
"Running Make include in ps7_cortexa9_0/libsrc/gpiops_v3_0/src"
make -C ps7_cortexa9_0/libsrc/gpiops_v3_0/src -s include  "SHELL=CMD" "COMPILER=arm-xilinx-eabi-gcc" "ARCHIVER=arm-xilinx-eabi-ar" "COMPILER_FLAGS=  -O2 -c" "EXTRA_COMPILER_FLAGS=-g"
"Running Make include in ps7_cortexa9_0/libsrc/obj_detector_v1_0/src"
make -C ps7_cortexa9_0/libsrc/obj_detector_v1_0/src -s include  "SHELL=CMD" "COMPILER=arm-xilinx-eabi-gcc" "ARCHIVER=arm-xilinx-eabi-ar" "COMPILER_FLAGS=  -O2 -c" "EXTRA_COMPILER_FLAGS=-g"
"Running Make include in ps7_cortexa9_0/libsrc/qspips_v3_2/src"
make -C ps7_cortexa9_0/libsrc/qspips_v3_2/src -s include  "SHELL=CMD" "COMPILER=arm-xilinx-eabi-gcc" "ARCHIVER=arm-xilinx-eabi-ar" "COMPILER_FLAGS=  -O2 -c" "EXTRA_COMPILER_FLAGS=-g"
"Running Make include in ps7_cortexa9_0/libsrc/scugic_v3_0/src"
make -C ps7_cortexa9_0/libsrc/scugic_v3_0/src -s include  "SHELL=CMD" "COMPILER=arm-xilinx-eabi-gcc" "ARCHIVER=arm-xilinx-eabi-ar" "COMPILER_FLAGS=  -O2 -c" "EXTRA_COMPILER_FLAGS=-g"
"Running Make include in ps7_cortexa9_0/libsrc/scutimer_v2_1/src"
make -C ps7_cortexa9_0/libsrc/scutimer_v2_1/src -s include  "SHELL=CMD" "COMPILER=arm-xilinx-eabi-gcc" "ARCHIVER=arm-xilinx-eabi-ar" "COMPILER_FLAGS=  -O2 -c" "EXTRA_COMPILER_FLAGS=-g"
"Running Make include in ps7_cortexa9_0/libsrc/scuwdt_v2_1/src"
make -C ps7_cortexa9_0/libsrc/scuwdt_v2_1/src -s include  "SHELL=CMD" "COMPILER=arm-xilinx-eabi-gcc" "ARCHIVER=arm-xilinx-eabi-ar" "COMPILER_FLAGS=  -O2 -c" "EXTRA_COMPILER_FLAGS=-g"
"Running Make include in ps7_cortexa9_0/libsrc/sdps_v2_4/src"
make -C ps7_cortexa9_0/libsrc/sdps_v2_4/src -s include  "SHELL=CMD" "COMPILER=arm-xilinx-eabi-gcc" "ARCHIVER=arm-xilinx-eabi-ar" "COMPILER_FLAGS=  -O2 -c" "EXTRA_COMPILER_FLAGS=-g"
"Running Make include in ps7_cortexa9_0/libsrc/standalone_v5_1/src"
make -C ps7_cortexa9_0/libsrc/standalone_v5_1/src -s include  "SHELL=CMD" "COMPILER=arm-xilinx-eabi-gcc" "ARCHIVER=arm-xilinx-eabi-ar" "COMPILER_FLAGS=  -O2 -c" "EXTRA_COMPILER_FLAGS=-g"
"Running Make include in ps7_cortexa9_0/libsrc/ttcps_v3_0/src"
make -C ps7_cortexa9_0/libsrc/ttcps_v3_0/src -s include  "SHELL=CMD" "COMPILER=arm-xilinx-eabi-gcc" "ARCHIVER=arm-xilinx-eabi-ar" "COMPILER_FLAGS=  -O2 -c" "EXTRA_COMPILER_FLAGS=-g"
"Running Make include in ps7_cortexa9_0/libsrc/uartps_v3_0/src"
make -C ps7_cortexa9_0/libsrc/uartps_v3_0/src -s include  "SHELL=CMD" "COMPILER=arm-xilinx-eabi-gcc" "ARCHIVER=arm-xilinx-eabi-ar" "COMPILER_FLAGS=  -O2 -c" "EXTRA_COMPILER_FLAGS=-g"
"Running Make include in ps7_cortexa9_0/libsrc/usbps_v2_2/src"
make -C ps7_cortexa9_0/libsrc/usbps_v2_2/src -s include  "SHELL=CMD" "COMPILER=arm-xilinx-eabi-gcc" "ARCHIVER=arm-xilinx-eabi-ar" "COMPILER_FLAGS=  -O2 -c" "EXTRA_COMPILER_FLAGS=-g"
"Running Make include in ps7_cortexa9_0/libsrc/xadcps_v2_2/src"
make -C ps7_cortexa9_0/libsrc/xadcps_v2_2/src -s include  "SHELL=CMD" "COMPILER=arm-xilinx-eabi-gcc" "ARCHIVER=arm-xilinx-eabi-ar" "COMPILER_FLAGS=  -O2 -c" "EXTRA_COMPILER_FLAGS=-g"
"Running Make include in ps7_cortexa9_0/libsrc/xilffs_v3_0/src"
make -C ps7_cortexa9_0/libsrc/xilffs_v3_0/src -s include  "SHELL=CMD" "COMPILER=arm-xilinx-eabi-gcc" "ARCHIVER=arm-xilinx-eabi-ar" "COMPILER_FLAGS=  -O2 -c" "EXTRA_COMPILER_FLAGS=-g"
"Running Make libs in ps7_cortexa9_0/libsrc/axicdma_v3_0/src"
make -C ps7_cortexa9_0/libsrc/axicdma_v3_0/src -s libs  "SHELL=CMD" "COMPILER=arm-xilinx-eabi-gcc" "ARCHIVER=arm-xilinx-eabi-ar" "COMPILER_FLAGS=  -O2 -c" "EXTRA_COMPILER_FLAGS=-g"
"Compiling axicdma"
arm-xilinx-eabi-ar: creating ../../../lib/libxil.a
"Running Make libs in ps7_cortexa9_0/libsrc/coresightps_dcc_v1_0/src"
make -C ps7_cortexa9_0/libsrc/coresightps_dcc_v1_0/src -s libs  "SHELL=CMD" "COMPILER=arm-xilinx-eabi-gcc" "ARCHIVER=arm-xilinx-eabi-ar" "COMPILER_FLAGS=  -O2 -c" "EXTRA_COMPILER_FLAGS=-g"
"Compiling coresightps_dcc"
"Running Make libs in ps7_cortexa9_0/libsrc/cpu_cortexa9_v2_1/src"
make -C ps7_cortexa9_0/libsrc/cpu_cortexa9_v2_1/src -s libs  "SHELL=CMD" "COMPILER=arm-xilinx-eabi-gcc" "ARCHIVER=arm-xilinx-eabi-ar" "COMPILER_FLAGS=  -O2 -c" "EXTRA_COMPILER_FLAGS=-g"
"Compiling cpu_cortexa9"
"Running Make libs in ps7_cortexa9_0/libsrc/devcfg_v3_3/src"
make -C ps7_cortexa9_0/libsrc/devcfg_v3_3/src -s libs  "SHELL=CMD" "COMPILER=arm-xilinx-eabi-gcc" "ARCHIVER=arm-xilinx-eabi-ar" "COMPILER_FLAGS=  -O2 -c" "EXTRA_COMPILER_FLAGS=-g"
"Compiling devcfg"
"Running Make libs in ps7_cortexa9_0/libsrc/dmaps_v2_1/src"
make -C ps7_cortexa9_0/libsrc/dmaps_v2_1/src -s libs  "SHELL=CMD" "COMPILER=arm-xilinx-eabi-gcc" "ARCHIVER=arm-xilinx-eabi-ar" "COMPILER_FLAGS=  -O2 -c" "EXTRA_COMPILER_FLAGS=-g"
"Compiling dmaps"
"Running Make libs in ps7_cortexa9_0/libsrc/emacps_v3_0/src"
make -C ps7_cortexa9_0/libsrc/emacps_v3_0/src -s libs  "SHELL=CMD" "COMPILER=arm-xilinx-eabi-gcc" "ARCHIVER=arm-xilinx-eabi-ar" "COMPILER_FLAGS=  -O2 -c" "EXTRA_COMPILER_FLAGS=-g"
"Compiling emacps"
"Running Make libs in ps7_cortexa9_0/libsrc/gpiops_v3_0/src"
make -C ps7_cortexa9_0/libsrc/gpiops_v3_0/src -s libs  "SHELL=CMD" "COMPILER=arm-xilinx-eabi-gcc" "ARCHIVER=arm-xilinx-eabi-ar" "COMPILER_FLAGS=  -O2 -c" "EXTRA_COMPILER_FLAGS=-g"
"Compiling gpiops"
"Running Make libs in ps7_cortexa9_0/libsrc/obj_detector_v1_0/src"
make -C ps7_cortexa9_0/libsrc/obj_detector_v1_0/src -s libs  "SHELL=CMD" "COMPILER=arm-xilinx-eabi-gcc" "ARCHIVER=arm-xilinx-eabi-ar" "COMPILER_FLAGS=  -O2 -c" "EXTRA_COMPILER_FLAGS=-g"
"Compiling obj_detector"
"Running Make libs in ps7_cortexa9_0/libsrc/qspips_v3_2/src"
make -C ps7_cortexa9_0/libsrc/qspips_v3_2/src -s libs  "SHELL=CMD" "COMPILER=arm-xilinx-eabi-gcc" "ARCHIVER=arm-xilinx-eabi-ar" "COMPILER_FLAGS=  -O2 -c" "EXTRA_COMPILER_FLAGS=-g"
"Compiling qspips"
"Running Make libs in ps7_cortexa9_0/libsrc/scugic_v3_0/src"
make -C ps7_cortexa9_0/libsrc/scugic_v3_0/src -s libs  "SHELL=CMD" "COMPILER=arm-xilinx-eabi-gcc" "ARCHIVER=arm-xilinx-eabi-ar" "COMPILER_FLAGS=  -O2 -c" "EXTRA_COMPILER_FLAGS=-g"
"Compiling scugic"
"Running Make libs in ps7_cortexa9_0/libsrc/scutimer_v2_1/src"
make -C ps7_cortexa9_0/libsrc/scutimer_v2_1/src -s libs  "SHELL=CMD" "COMPILER=arm-xilinx-eabi-gcc" "ARCHIVER=arm-xilinx-eabi-ar" "COMPILER_FLAGS=  -O2 -c" "EXTRA_COMPILER_FLAGS=-g"
"Compiling scutimer"
"Running Make libs in ps7_cortexa9_0/libsrc/scuwdt_v2_1/src"
make -C ps7_cortexa9_0/libsrc/scuwdt_v2_1/src -s libs  "SHELL=CMD" "COMPILER=arm-xilinx-eabi-gcc" "ARCHIVER=arm-xilinx-eabi-ar" "COMPILER_FLAGS=  -O2 -c" "EXTRA_COMPILER_FLAGS=-g"
"Compiling scuwdt"
"Running Make libs in ps7_cortexa9_0/libsrc/sdps_v2_4/src"
make -C ps7_cortexa9_0/libsrc/sdps_v2_4/src -s libs  "SHELL=CMD" "COMPILER=arm-xilinx-eabi-gcc" "ARCHIVER=arm-xilinx-eabi-ar" "COMPILER_FLAGS=  -O2 -c" "EXTRA_COMPILER_FLAGS=-g"
"Compiling sdps"
"Running Make libs in ps7_cortexa9_0/libsrc/standalone_v5_1/src"
make -C ps7_cortexa9_0/libsrc/standalone_v5_1/src -s libs  "SHELL=CMD" "COMPILER=arm-xilinx-eabi-gcc" "ARCHIVER=arm-xilinx-eabi-ar" "COMPILER_FLAGS=  -O2 -c" "EXTRA_COMPILER_FLAGS=-g"
"Compiling standalone"
"Running Make libs in ps7_cortexa9_0/libsrc/ttcps_v3_0/src"
make -C ps7_cortexa9_0/libsrc/ttcps_v3_0/src -s libs  "SHELL=CMD" "COMPILER=arm-xilinx-eabi-gcc" "ARCHIVER=arm-xilinx-eabi-ar" "COMPILER_FLAGS=  -O2 -c" "EXTRA_COMPILER_FLAGS=-g"
"Compiling ttcps"
"Running Make libs in ps7_cortexa9_0/libsrc/uartps_v3_0/src"
make -C ps7_cortexa9_0/libsrc/uartps_v3_0/src -s libs  "SHELL=CMD" "COMPILER=arm-xilinx-eabi-gcc" "ARCHIVER=arm-xilinx-eabi-ar" "COMPILER_FLAGS=  -O2 -c" "EXTRA_COMPILER_FLAGS=-g"
"Compiling uartps"
"Running Make libs in ps7_cortexa9_0/libsrc/usbps_v2_2/src"
make -C ps7_cortexa9_0/libsrc/usbps_v2_2/src -s libs  "SHELL=CMD" "COMPILER=arm-xilinx-eabi-gcc" "ARCHIVER=arm-xilinx-eabi-ar" "COMPILER_FLAGS=  -O2 -c" "EXTRA_COMPILER_FLAGS=-g"
"Compiling usbps"
"Running Make libs in ps7_cortexa9_0/libsrc/xadcps_v2_2/src"
make -C ps7_cortexa9_0/libsrc/xadcps_v2_2/src -s libs  "SHELL=CMD" "COMPILER=arm-xilinx-eabi-gcc" "ARCHIVER=arm-xilinx-eabi-ar" "COMPILER_FLAGS=  -O2 -c" "EXTRA_COMPILER_FLAGS=-g"
"Compiling xadcps"
"Running Make libs in ps7_cortexa9_0/libsrc/xilffs_v3_0/src"
make -C ps7_cortexa9_0/libsrc/xilffs_v3_0/src -s libs  "SHELL=CMD" "COMPILER=arm-xilinx-eabi-gcc" "ARCHIVER=arm-xilinx-eabi-ar" "COMPILER_FLAGS=  -O2 -c" "EXTRA_COMPILER_FLAGS=-g"
"Compiling XilFFs Library"
"Creating archive libxilffs.a"
'Finished building libraries'
10:45:39 **** Build of configuration Debug for project proj4 ****
make all 
'Building file: ../src/main.cpp'
'Invoking: ARM g++ compiler'
arm-xilinx-eabi-g++ -Wall -O0 -g3 -I"C:\Users\sunny\Google_Drive\CMU\Courses\CMU\18643\vivado_projects\H05-lab3-1\project_1.sdk\proj4_bsp\ps7_cortexa9_0\libsrc\xilffs_v3_0\src\include" -c -fmessage-length=0 -MT"src/main.o" -I../../proj4_bsp/ps7_cortexa9_0/include -MMD -MP -MF"src/main.d" -MT"src/main.d" -o "src/main.o" "../src/main.cpp"
'Finished building: ../src/main.cpp'
' '
'Building target: proj4.elf'
'Invoking: ARM g++ linker'
arm-xilinx-eabi-g++ -Wl,-T -Wl,../src/lscript.ld -L../../proj4_bsp/ps7_cortexa9_0/lib -o "proj4.elf"  ./src/main.o   -Wl,--start-group,-lxil,-lgcc,-lc,-lstdc++,--end-group
./src/main.o: In function `main':
C:\Users\sunny\Google_Drive\CMU\Courses\CMU\18643\vivado_projects\H05-lab3-1\project_1.sdk\proj4\Debug/../src/main.cpp:113: undefined reference to `disk_initialize'
C:\Users\sunny\Google_Drive\CMU\Courses\CMU\18643\vivado_projects\H05-lab3-1\project_1.sdk\proj4\Debug/../src/main.cpp:120: undefined reference to `f_mount'
C:\Users\sunny\Google_Drive\CMU\Courses\CMU\18643\vivado_projects\H05-lab3-1\project_1.sdk\proj4\Debug/../src/main.cpp:126: undefined reference to `f_open'
C:\Users\sunny\Google_Drive\CMU\Courses\CMU\18643\vivado_projects\H05-lab3-1\project_1.sdk\proj4\Debug/../src/main.cpp:133: undefined reference to `f_read'
collect2.exe: error: ld returned 1 exit status
make: *** [proj4.elf] Error 1
10:49:42 **** Clean-only build of configuration Debug for project proj4 ****
make clean 
rm -rf  ./src/main.o  ./src/main.d  proj4.elf.size  proj4.elf
' '
10:49:42 **** Auto Build of configuration Debug for project proj4 ****
make all 
'Building file: ../src/main.c'
'Invoking: ARM g++ compiler'
arm-xilinx-eabi-g++ -Wall -O0 -g3 -I"C:\Users\sunny\Google_Drive\CMU\Courses\CMU\18643\vivado_projects\H05-lab3-1\project_1.sdk\proj4_bsp\ps7_cortexa9_0\libsrc\xilffs_v3_0\src\include" -c -fmessage-length=0 -MT"src/main.o" -I../../proj4_bsp/ps7_cortexa9_0/include -MMD -MP -MF"src/main.d" -MT"src/main.d" -o "src/main.o" "../src/main.c"
'Finished building: ../src/main.c'
' '
'Building target: proj4.elf'
'Invoking: ARM g++ linker'
arm-xilinx-eabi-g++ -Wl,-T -Wl,../src/lscript.ld -L../../proj4_bsp/ps7_cortexa9_0/lib -o "proj4.elf"  ./src/main.o   -Wl,--start-group,-lxil,-lgcc,-lc,-lstdc++,--end-group
./src/main.o: In function `main':
C:\Users\sunny\Google_Drive\CMU\Courses\CMU\18643\vivado_projects\H05-lab3-1\project_1.sdk\proj4\Debug/../src/main.c:113: undefined reference to `disk_initialize'
C:\Users\sunny\Google_Drive\CMU\Courses\CMU\18643\vivado_projects\H05-lab3-1\project_1.sdk\proj4\Debug/../src/main.c:120: undefined reference to `f_mount'
C:\Users\sunny\Google_Drive\CMU\Courses\CMU\18643\vivado_projects\H05-lab3-1\project_1.sdk\proj4\Debug/../src/main.c:126: undefined reference to `f_open'
C:\Users\sunny\Google_Drive\CMU\Courses\CMU\18643\vivado_projects\H05-lab3-1\project_1.sdk\proj4\Debug/../src/main.c:133: undefined reference to `f_read'
collect2.exe: error: ld returned 1 exit status
make: *** [proj4.elf] Error 1
10:50:23 **** Auto Build of configuration Debug for project proj4 ****
make all 
'Building file: ../src/main.c'
'Invoking: ARM g++ compiler'
arm-xilinx-eabi-g++ -Wall -O0 -g3 -I"C:\Users\sunny\Google_Drive\CMU\Courses\CMU\18643\vivado_projects\H05-lab3-1\project_1.sdk\proj4_bsp\ps7_cortexa9_0\libsrc\xilffs_v3_0\src\include" -c -fmessage-length=0 -MT"src/main.o" -I../../proj4_bsp/ps7_cortexa9_0/include -MMD -MP -MF"src/main.d" -MT"src/main.d" -o "src/main.o" "../src/main.c"
../src/main.c: In function 'int main()':
../src/main.c:108:26: error: invalid initialization of non-const reference of type 'int&' from an rvalue of type 'int*'
   initialize(&error_count); // initialize timer and IPs
                          ^
../src/main.c:65:6: note: in passing argument 1 of 'void initialize(int&)'
 void initialize(int &error);
      ^
make: *** [src/main.o] Error 1
10:50:27 **** Auto Build of configuration Debug for project proj4 ****
make all 
'Building file: ../src/main.c'
'Invoking: ARM g++ compiler'
arm-xilinx-eabi-g++ -Wall -O0 -g3 -I"C:\Users\sunny\Google_Drive\CMU\Courses\CMU\18643\vivado_projects\H05-lab3-1\project_1.sdk\proj4_bsp\ps7_cortexa9_0\libsrc\xilffs_v3_0\src\include" -c -fmessage-length=0 -MT"src/main.o" -I../../proj4_bsp/ps7_cortexa9_0/include -MMD -MP -MF"src/main.d" -MT"src/main.d" -o "src/main.o" "../src/main.c"
../src/main.c: In function 'int main()':
../src/main.c:108:15: error: invalid type argument of unary '*' (have 'int')
   initialize(*error_count); // initialize timer and IPs
               ^
make: *** [src/main.o] Error 1
10:50:31 **** Auto Build of configuration Debug for project proj4 ****
make all 
'Building file: ../src/main.c'
'Invoking: ARM g++ compiler'
arm-xilinx-eabi-g++ -Wall -O0 -g3 -I"C:\Users\sunny\Google_Drive\CMU\Courses\CMU\18643\vivado_projects\H05-lab3-1\project_1.sdk\proj4_bsp\ps7_cortexa9_0\libsrc\xilffs_v3_0\src\include" -c -fmessage-length=0 -MT"src/main.o" -I../../proj4_bsp/ps7_cortexa9_0/include -MMD -MP -MF"src/main.d" -MT"src/main.d" -o "src/main.o" "../src/main.c"
'Finished building: ../src/main.c'
' '
'Building target: proj4.elf'
'Invoking: ARM g++ linker'
arm-xilinx-eabi-g++ -Wl,-T -Wl,../src/lscript.ld -L../../proj4_bsp/ps7_cortexa9_0/lib -o "proj4.elf"  ./src/main.o   -Wl,--start-group,-lxil,-lgcc,-lc,-lstdc++,--end-group
./src/main.o: In function `main':
C:\Users\sunny\Google_Drive\CMU\Courses\CMU\18643\vivado_projects\H05-lab3-1\project_1.sdk\proj4\Debug/../src/main.c:113: undefined reference to `disk_initialize'
C:\Users\sunny\Google_Drive\CMU\Courses\CMU\18643\vivado_projects\H05-lab3-1\project_1.sdk\proj4\Debug/../src/main.c:120: undefined reference to `f_mount'
C:\Users\sunny\Google_Drive\CMU\Courses\CMU\18643\vivado_projects\H05-lab3-1\project_1.sdk\proj4\Debug/../src/main.c:126: undefined reference to `f_open'
C:\Users\sunny\Google_Drive\CMU\Courses\CMU\18643\vivado_projects\H05-lab3-1\project_1.sdk\proj4\Debug/../src/main.c:133: undefined reference to `f_read'
collect2.exe: error: ld returned 1 exit status
make: *** [proj4.elf] Error 1
10:52:50 **** Auto Build of configuration Debug for project proj4 ****
make all 
'Building file: ../src/main.c'
'Invoking: ARM g++ compiler'
arm-xilinx-eabi-g++ -Wall -O0 -g3 -I"C:\Users\sunny\Google_Drive\CMU\Courses\CMU\18643\vivado_projects\H05-lab3-1\project_1.sdk\proj4_bsp\ps7_cortexa9_0\libsrc\xilffs_v3_0\src\include" -c -fmessage-length=0 -MT"src/main.o" -I../../proj4_bsp/ps7_cortexa9_0/include -MMD -MP -MF"src/main.d" -MT"src/main.d" -o "src/main.o" "../src/main.c"
'Finished building: ../src/main.c'
' '
'Building target: proj4.elf'
'Invoking: ARM g++ linker'
arm-xilinx-eabi-g++ -Wl,-T -Wl,../src/lscript.ld -L../../proj4_bsp/ps7_cortexa9_0/lib -o "proj4.elf"  ./src/main.o   -Wl,--start-group,-lxil,-lgcc,-lc,-lstdc++,--end-group
./src/main.o: In function `main':
C:\Users\sunny\Google_Drive\CMU\Courses\CMU\18643\vivado_projects\H05-lab3-1\project_1.sdk\proj4\Debug/../src/main.c:114: undefined reference to `disk_initialize'
C:\Users\sunny\Google_Drive\CMU\Courses\CMU\18643\vivado_projects\H05-lab3-1\project_1.sdk\proj4\Debug/../src/main.c:121: undefined reference to `f_mount'
C:\Users\sunny\Google_Drive\CMU\Courses\CMU\18643\vivado_projects\H05-lab3-1\project_1.sdk\proj4\Debug/../src/main.c:127: undefined reference to `f_open'
C:\Users\sunny\Google_Drive\CMU\Courses\CMU\18643\vivado_projects\H05-lab3-1\project_1.sdk\proj4\Debug/../src/main.c:134: undefined reference to `f_read'
collect2.exe: error: ld returned 1 exit status
make: *** [proj4.elf] Error 1
10:52:57 **** Clean-only build of configuration Debug for project proj4 ****
make clean 
rm -rf  ./src/main.o  ./src/main.d  proj4.elf.size  proj4.elf
' '
10:52:57 **** Auto Build of configuration Debug for project proj4 ****
make all 
'Building file: ../src/main.cpp'
'Invoking: ARM g++ compiler'
arm-xilinx-eabi-g++ -Wall -O0 -g3 -I"C:\Users\sunny\Google_Drive\CMU\Courses\CMU\18643\vivado_projects\H05-lab3-1\project_1.sdk\proj4_bsp\ps7_cortexa9_0\libsrc\xilffs_v3_0\src\include" -c -fmessage-length=0 -MT"src/main.o" -I../../proj4_bsp/ps7_cortexa9_0/include -MMD -MP -MF"src/main.d" -MT"src/main.d" -o "src/main.o" "../src/main.cpp"
'Finished building: ../src/main.cpp'
' '
'Building target: proj4.elf'
'Invoking: ARM g++ linker'
arm-xilinx-eabi-g++ -Wl,-T -Wl,../src/lscript.ld -L../../proj4_bsp/ps7_cortexa9_0/lib -o "proj4.elf"  ./src/main.o   -Wl,--start-group,-lxil,-lgcc,-lc,-lstdc++,--end-group
./src/main.o: In function `main':
C:\Users\sunny\Google_Drive\CMU\Courses\CMU\18643\vivado_projects\H05-lab3-1\project_1.sdk\proj4\Debug/../src/main.cpp:114: undefined reference to `disk_initialize'
C:\Users\sunny\Google_Drive\CMU\Courses\CMU\18643\vivado_projects\H05-lab3-1\project_1.sdk\proj4\Debug/../src/main.cpp:121: undefined reference to `f_mount'
C:\Users\sunny\Google_Drive\CMU\Courses\CMU\18643\vivado_projects\H05-lab3-1\project_1.sdk\proj4\Debug/../src/main.cpp:127: undefined reference to `f_open'
C:\Users\sunny\Google_Drive\CMU\Courses\CMU\18643\vivado_projects\H05-lab3-1\project_1.sdk\proj4\Debug/../src/main.cpp:134: undefined reference to `f_read'
collect2.exe: error: ld returned 1 exit status
make: *** [proj4.elf] Error 1
10:53:54 **** Auto Build of configuration Debug for project proj4 ****
make all 
'Building file: ../src/main.cpp'
'Invoking: ARM g++ compiler'
arm-xilinx-eabi-g++ -Wall -O0 -g3 -I"C:\Users\sunny\Google_Drive\CMU\Courses\CMU\18643\vivado_projects\H05-lab3-1\project_1.sdk\proj4_bsp\ps7_cortexa9_0\libsrc\xilffs_v3_0\src\include" -c -fmessage-length=0 -MT"src/main.o" -I../../proj4_bsp/ps7_cortexa9_0/include -MMD -MP -MF"src/main.d" -MT"src/main.d" -o "src/main.o" "../src/main.cpp"
'Finished building: ../src/main.cpp'
' '
'Building target: proj4.elf'
'Invoking: ARM g++ linker'
arm-xilinx-eabi-g++ -Wl,-T -Wl,../src/lscript.ld -L../../proj4_bsp/ps7_cortexa9_0/lib -o "proj4.elf"  ./src/main.o   -Wl,--start-group,-lxil,-lgcc,-lc,-lstdc++,--end-group
./src/main.o: In function `main':
C:\Users\sunny\Google_Drive\CMU\Courses\CMU\18643\vivado_projects\H05-lab3-1\project_1.sdk\proj4\Debug/../src/main.cpp:114: undefined reference to `disk_initialize'
C:\Users\sunny\Google_Drive\CMU\Courses\CMU\18643\vivado_projects\H05-lab3-1\project_1.sdk\proj4\Debug/../src/main.cpp:121: undefined reference to `f_mount'
C:\Users\sunny\Google_Drive\CMU\Courses\CMU\18643\vivado_projects\H05-lab3-1\project_1.sdk\proj4\Debug/../src/main.cpp:127: undefined reference to `f_open'
C:\Users\sunny\Google_Drive\CMU\Courses\CMU\18643\vivado_projects\H05-lab3-1\project_1.sdk\proj4\Debug/../src/main.cpp:134: undefined reference to `f_read'
collect2.exe: error: ld returned 1 exit status
make: *** [proj4.elf] Error 1
10:54:09 **** Auto Build of configuration Debug for project proj4 ****
make all 
'Building file: ../src/main.cpp'
'Invoking: ARM g++ compiler'
arm-xilinx-eabi-g++ -Wall -O0 -g3 -I"C:\Users\sunny\Google_Drive\CMU\Courses\CMU\18643\vivado_projects\H05-lab3-1\project_1.sdk\proj4_bsp\ps7_cortexa9_0\libsrc\xilffs_v3_0\src\include" -c -fmessage-length=0 -MT"src/main.o" -I../../proj4_bsp/ps7_cortexa9_0/include -MMD -MP -MF"src/main.d" -MT"src/main.d" -o "src/main.o" "../src/main.cpp"
../src/main.cpp: In function 'int main()':
../src/main.cpp:121:42: warning: 'FS_Instance' may be used uninitialized in this function [-Wmaybe-uninitialized]
   result = f_mount(FS_Instance, "0:/", 0);
                                          ^
'Finished building: ../src/main.cpp'
' '
'Building target: proj4.elf'
'Invoking: ARM g++ linker'
arm-xilinx-eabi-g++ -Wl,-T -Wl,../src/lscript.ld -L../../proj4_bsp/ps7_cortexa9_0/lib -o "proj4.elf"  ./src/main.o   -Wl,--start-group,-lxil,-lgcc,-lc,-lstdc++,--end-group
./src/main.o: In function `main':
C:\Users\sunny\Google_Drive\CMU\Courses\CMU\18643\vivado_projects\H05-lab3-1\project_1.sdk\proj4\Debug/../src/main.cpp:114: undefined reference to `disk_initialize'
C:\Users\sunny\Google_Drive\CMU\Courses\CMU\18643\vivado_projects\H05-lab3-1\project_1.sdk\proj4\Debug/../src/main.cpp:121: undefined reference to `f_mount'
C:\Users\sunny\Google_Drive\CMU\Courses\CMU\18643\vivado_projects\H05-lab3-1\project_1.sdk\proj4\Debug/../src/main.cpp:127: undefined reference to `f_open'
C:\Users\sunny\Google_Drive\CMU\Courses\CMU\18643\vivado_projects\H05-lab3-1\project_1.sdk\proj4\Debug/../src/main.cpp:134: undefined reference to `f_read'
collect2.exe: error: ld returned 1 exit status
make: *** [proj4.elf] Error 1
10:54:16 **** Auto Build of configuration Debug for project proj4 ****
make all 
'Building file: ../src/main.cpp'
'Invoking: ARM g++ compiler'
arm-xilinx-eabi-g++ -Wall -O0 -g3 -I"C:\Users\sunny\Google_Drive\CMU\Courses\CMU\18643\vivado_projects\H05-lab3-1\project_1.sdk\proj4_bsp\ps7_cortexa9_0\libsrc\xilffs_v3_0\src\include" -c -fmessage-length=0 -MT"src/main.o" -I../../proj4_bsp/ps7_cortexa9_0/include -MMD -MP -MF"src/main.d" -MT"src/main.d" -o "src/main.o" "../src/main.cpp"
../src/main.cpp: In function 'int main()':
../src/main.cpp:120:42: warning: 'FS_Instance' may be used uninitialized in this function [-Wmaybe-uninitialized]
   result = f_mount(FS_Instance, "0:/", 0);
                                          ^
'Finished building: ../src/main.cpp'
' '
'Building target: proj4.elf'
'Invoking: ARM g++ linker'
arm-xilinx-eabi-g++ -Wl,-T -Wl,../src/lscript.ld -L../../proj4_bsp/ps7_cortexa9_0/lib -o "proj4.elf"  ./src/main.o   -Wl,--start-group,-lxil,-lgcc,-lc,-lstdc++,--end-group
./src/main.o: In function `main':
C:\Users\sunny\Google_Drive\CMU\Courses\CMU\18643\vivado_projects\H05-lab3-1\project_1.sdk\proj4\Debug/../src/main.cpp:114: undefined reference to `disk_initialize'
C:\Users\sunny\Google_Drive\CMU\Courses\CMU\18643\vivado_projects\H05-lab3-1\project_1.sdk\proj4\Debug/../src/main.cpp:120: undefined reference to `f_mount'
C:\Users\sunny\Google_Drive\CMU\Courses\CMU\18643\vivado_projects\H05-lab3-1\project_1.sdk\proj4\Debug/../src/main.cpp:126: undefined reference to `f_open'
C:\Users\sunny\Google_Drive\CMU\Courses\CMU\18643\vivado_projects\H05-lab3-1\project_1.sdk\proj4\Debug/../src/main.cpp:133: undefined reference to `f_read'
collect2.exe: error: ld returned 1 exit status
make: *** [proj4.elf] Error 1
14:47:13 **** Auto Build of project proj4_bsp ****
make -k all 
"Running Make include in ps7_cortexa9_0/libsrc/axicdma_v3_0/src"
make -C ps7_cortexa9_0/libsrc/axicdma_v3_0/src -s include  "SHELL=CMD" "COMPILER=arm-xilinx-eabi-gcc" "ARCHIVER=arm-xilinx-eabi-ar" "COMPILER_FLAGS=  -O2 -c" "EXTRA_COMPILER_FLAGS=-g"
"Running Make include in ps7_cortexa9_0/libsrc/coresightps_dcc_v1_0/src"
make -C ps7_cortexa9_0/libsrc/coresightps_dcc_v1_0/src -s include  "SHELL=CMD" "COMPILER=arm-xilinx-eabi-gcc" "ARCHIVER=arm-xilinx-eabi-ar" "COMPILER_FLAGS=  -O2 -c" "EXTRA_COMPILER_FLAGS=-g"
"Running Make include in ps7_cortexa9_0/libsrc/cpu_cortexa9_v2_1/src"
make -C ps7_cortexa9_0/libsrc/cpu_cortexa9_v2_1/src -s include  "SHELL=CMD" "COMPILER=arm-xilinx-eabi-gcc" "ARCHIVER=arm-xilinx-eabi-ar" "COMPILER_FLAGS=  -O2 -c" "EXTRA_COMPILER_FLAGS=-g"
"Running Make include in ps7_cortexa9_0/libsrc/devcfg_v3_3/src"
make -C ps7_cortexa9_0/libsrc/devcfg_v3_3/src -s include  "SHELL=CMD" "COMPILER=arm-xilinx-eabi-gcc" "ARCHIVER=arm-xilinx-eabi-ar" "COMPILER_FLAGS=  -O2 -c" "EXTRA_COMPILER_FLAGS=-g"
"Running Make include in ps7_cortexa9_0/libsrc/dmaps_v2_1/src"
make -C ps7_cortexa9_0/libsrc/dmaps_v2_1/src -s include  "SHELL=CMD" "COMPILER=arm-xilinx-eabi-gcc" "ARCHIVER=arm-xilinx-eabi-ar" "COMPILER_FLAGS=  -O2 -c" "EXTRA_COMPILER_FLAGS=-g"
"Running Make include in ps7_cortexa9_0/libsrc/emacps_v3_0/src"
make -C ps7_cortexa9_0/libsrc/emacps_v3_0/src -s include  "SHELL=CMD" "COMPILER=arm-xilinx-eabi-gcc" "ARCHIVER=arm-xilinx-eabi-ar" "COMPILER_FLAGS=  -O2 -c" "EXTRA_COMPILER_FLAGS=-g"
"Running Make include in ps7_cortexa9_0/libsrc/gpiops_v3_0/src"
make -C ps7_cortexa9_0/libsrc/gpiops_v3_0/src -s include  "SHELL=CMD" "COMPILER=arm-xilinx-eabi-gcc" "ARCHIVER=arm-xilinx-eabi-ar" "COMPILER_FLAGS=  -O2 -c" "EXTRA_COMPILER_FLAGS=-g"
"Running Make include in ps7_cortexa9_0/libsrc/obj_detector_v1_0/src"
make -C ps7_cortexa9_0/libsrc/obj_detector_v1_0/src -s include  "SHELL=CMD" "COMPILER=arm-xilinx-eabi-gcc" "ARCHIVER=arm-xilinx-eabi-ar" "COMPILER_FLAGS=  -O2 -c" "EXTRA_COMPILER_FLAGS=-g"
"Running Make include in ps7_cortexa9_0/libsrc/qspips_v3_2/src"
make -C ps7_cortexa9_0/libsrc/qspips_v3_2/src -s include  "SHELL=CMD" "COMPILER=arm-xilinx-eabi-gcc" "ARCHIVER=arm-xilinx-eabi-ar" "COMPILER_FLAGS=  -O2 -c" "EXTRA_COMPILER_FLAGS=-g"
"Running Make include in ps7_cortexa9_0/libsrc/scugic_v3_0/src"
make -C ps7_cortexa9_0/libsrc/scugic_v3_0/src -s include  "SHELL=CMD" "COMPILER=arm-xilinx-eabi-gcc" "ARCHIVER=arm-xilinx-eabi-ar" "COMPILER_FLAGS=  -O2 -c" "EXTRA_COMPILER_FLAGS=-g"
"Running Make include in ps7_cortexa9_0/libsrc/scutimer_v2_1/src"
make -C ps7_cortexa9_0/libsrc/scutimer_v2_1/src -s include  "SHELL=CMD" "COMPILER=arm-xilinx-eabi-gcc" "ARCHIVER=arm-xilinx-eabi-ar" "COMPILER_FLAGS=  -O2 -c" "EXTRA_COMPILER_FLAGS=-g"
"Running Make include in ps7_cortexa9_0/libsrc/scuwdt_v2_1/src"
make -C ps7_cortexa9_0/libsrc/scuwdt_v2_1/src -s include  "SHELL=CMD" "COMPILER=arm-xilinx-eabi-gcc" "ARCHIVER=arm-xilinx-eabi-ar" "COMPILER_FLAGS=  -O2 -c" "EXTRA_COMPILER_FLAGS=-g"
"Running Make include in ps7_cortexa9_0/libsrc/sdps_v2_4/src"
make -C ps7_cortexa9_0/libsrc/sdps_v2_4/src -s include  "SHELL=CMD" "COMPILER=arm-xilinx-eabi-gcc" "ARCHIVER=arm-xilinx-eabi-ar" "COMPILER_FLAGS=  -O2 -c" "EXTRA_COMPILER_FLAGS=-g"
"Running Make include in ps7_cortexa9_0/libsrc/standalone_v5_1/src"
make -C ps7_cortexa9_0/libsrc/standalone_v5_1/src -s include  "SHELL=CMD" "COMPILER=arm-xilinx-eabi-gcc" "ARCHIVER=arm-xilinx-eabi-ar" "COMPILER_FLAGS=  -O2 -c" "EXTRA_COMPILER_FLAGS=-g"
"Running Make include in ps7_cortexa9_0/libsrc/ttcps_v3_0/src"
make -C ps7_cortexa9_0/libsrc/ttcps_v3_0/src -s include  "SHELL=CMD" "COMPILER=arm-xilinx-eabi-gcc" "ARCHIVER=arm-xilinx-eabi-ar" "COMPILER_FLAGS=  -O2 -c" "EXTRA_COMPILER_FLAGS=-g"
"Running Make include in ps7_cortexa9_0/libsrc/uartps_v3_0/src"
make -C ps7_cortexa9_0/libsrc/uartps_v3_0/src -s include  "SHELL=CMD" "COMPILER=arm-xilinx-eabi-gcc" "ARCHIVER=arm-xilinx-eabi-ar" "COMPILER_FLAGS=  -O2 -c" "EXTRA_COMPILER_FLAGS=-g"
"Running Make include in ps7_cortexa9_0/libsrc/usbps_v2_2/src"
make -C ps7_cortexa9_0/libsrc/usbps_v2_2/src -s include  "SHELL=CMD" "COMPILER=arm-xilinx-eabi-gcc" "ARCHIVER=arm-xilinx-eabi-ar" "COMPILER_FLAGS=  -O2 -c" "EXTRA_COMPILER_FLAGS=-g"
"Running Make include in ps7_cortexa9_0/libsrc/xadcps_v2_2/src"
make -C ps7_cortexa9_0/libsrc/xadcps_v2_2/src -s include  "SHELL=CMD" "COMPILER=arm-xilinx-eabi-gcc" "ARCHIVER=arm-xilinx-eabi-ar" "COMPILER_FLAGS=  -O2 -c" "EXTRA_COMPILER_FLAGS=-g"
"Running Make include in ps7_cortexa9_0/libsrc/xilffs_v3_0/src"
make -C ps7_cortexa9_0/libsrc/xilffs_v3_0/src -s include  "SHELL=CMD" "COMPILER=arm-xilinx-eabi-gcc" "ARCHIVER=arm-xilinx-eabi-ar" "COMPILER_FLAGS=  -O2 -c" "EXTRA_COMPILER_FLAGS=-g"
"Running Make include in ps7_cortexa9_0/libsrc/xilflash_v4_0/src"
make -C ps7_cortexa9_0/libsrc/xilflash_v4_0/src -s include  "SHELL=CMD" "COMPILER=arm-xilinx-eabi-gcc" "ARCHIVER=arm-xilinx-eabi-ar" "COMPILER_FLAGS=  -O2 -c" "EXTRA_COMPILER_FLAGS=-g"
"Running Make libs in ps7_cortexa9_0/libsrc/axicdma_v3_0/src"
make -C ps7_cortexa9_0/libsrc/axicdma_v3_0/src -s libs  "SHELL=CMD" "COMPILER=arm-xilinx-eabi-gcc" "ARCHIVER=arm-xilinx-eabi-ar" "COMPILER_FLAGS=  -O2 -c" "EXTRA_COMPILER_FLAGS=-g"
"Compiling axicdma"
arm-xilinx-eabi-ar: creating ../../../lib/libxil.a
"Running Make libs in ps7_cortexa9_0/libsrc/coresightps_dcc_v1_0/src"
make -C ps7_cortexa9_0/libsrc/coresightps_dcc_v1_0/src -s libs  "SHELL=CMD" "COMPILER=arm-xilinx-eabi-gcc" "ARCHIVER=arm-xilinx-eabi-ar" "COMPILER_FLAGS=  -O2 -c" "EXTRA_COMPILER_FLAGS=-g"
"Compiling coresightps_dcc"
"Running Make libs in ps7_cortexa9_0/libsrc/cpu_cortexa9_v2_1/src"
make -C ps7_cortexa9_0/libsrc/cpu_cortexa9_v2_1/src -s libs  "SHELL=CMD" "COMPILER=arm-xilinx-eabi-gcc" "ARCHIVER=arm-xilinx-eabi-ar" "COMPILER_FLAGS=  -O2 -c" "EXTRA_COMPILER_FLAGS=-g"
"Compiling cpu_cortexa9"
"Running Make libs in ps7_cortexa9_0/libsrc/devcfg_v3_3/src"
make -C ps7_cortexa9_0/libsrc/devcfg_v3_3/src -s libs  "SHELL=CMD" "COMPILER=arm-xilinx-eabi-gcc" "ARCHIVER=arm-xilinx-eabi-ar" "COMPILER_FLAGS=  -O2 -c" "EXTRA_COMPILER_FLAGS=-g"
"Compiling devcfg"
"Running Make libs in ps7_cortexa9_0/libsrc/dmaps_v2_1/src"
make -C ps7_cortexa9_0/libsrc/dmaps_v2_1/src -s libs  "SHELL=CMD" "COMPILER=arm-xilinx-eabi-gcc" "ARCHIVER=arm-xilinx-eabi-ar" "COMPILER_FLAGS=  -O2 -c" "EXTRA_COMPILER_FLAGS=-g"
"Compiling dmaps"
"Running Make libs in ps7_cortexa9_0/libsrc/emacps_v3_0/src"
make -C ps7_cortexa9_0/libsrc/emacps_v3_0/src -s libs  "SHELL=CMD" "COMPILER=arm-xilinx-eabi-gcc" "ARCHIVER=arm-xilinx-eabi-ar" "COMPILER_FLAGS=  -O2 -c" "EXTRA_COMPILER_FLAGS=-g"
"Compiling emacps"
"Running Make libs in ps7_cortexa9_0/libsrc/gpiops_v3_0/src"
make -C ps7_cortexa9_0/libsrc/gpiops_v3_0/src -s libs  "SHELL=CMD" "COMPILER=arm-xilinx-eabi-gcc" "ARCHIVER=arm-xilinx-eabi-ar" "COMPILER_FLAGS=  -O2 -c" "EXTRA_COMPILER_FLAGS=-g"
"Compiling gpiops"
"Running Make libs in ps7_cortexa9_0/libsrc/obj_detector_v1_0/src"
make -C ps7_cortexa9_0/libsrc/obj_detector_v1_0/src -s libs  "SHELL=CMD" "COMPILER=arm-xilinx-eabi-gcc" "ARCHIVER=arm-xilinx-eabi-ar" "COMPILER_FLAGS=  -O2 -c" "EXTRA_COMPILER_FLAGS=-g"
"Compiling obj_detector"
"Running Make libs in ps7_cortexa9_0/libsrc/qspips_v3_2/src"
make -C ps7_cortexa9_0/libsrc/qspips_v3_2/src -s libs  "SHELL=CMD" "COMPILER=arm-xilinx-eabi-gcc" "ARCHIVER=arm-xilinx-eabi-ar" "COMPILER_FLAGS=  -O2 -c" "EXTRA_COMPILER_FLAGS=-g"
"Compiling qspips"
"Running Make libs in ps7_cortexa9_0/libsrc/scugic_v3_0/src"
make -C ps7_cortexa9_0/libsrc/scugic_v3_0/src -s libs  "SHELL=CMD" "COMPILER=arm-xilinx-eabi-gcc" "ARCHIVER=arm-xilinx-eabi-ar" "COMPILER_FLAGS=  -O2 -c" "EXTRA_COMPILER_FLAGS=-g"
"Compiling scugic"
"Running Make libs in ps7_cortexa9_0/libsrc/scutimer_v2_1/src"
make -C ps7_cortexa9_0/libsrc/scutimer_v2_1/src -s libs  "SHELL=CMD" "COMPILER=arm-xilinx-eabi-gcc" "ARCHIVER=arm-xilinx-eabi-ar" "COMPILER_FLAGS=  -O2 -c" "EXTRA_COMPILER_FLAGS=-g"
"Compiling scutimer"
"Running Make libs in ps7_cortexa9_0/libsrc/scuwdt_v2_1/src"
make -C ps7_cortexa9_0/libsrc/scuwdt_v2_1/src -s libs  "SHELL=CMD" "COMPILER=arm-xilinx-eabi-gcc" "ARCHIVER=arm-xilinx-eabi-ar" "COMPILER_FLAGS=  -O2 -c" "EXTRA_COMPILER_FLAGS=-g"
"Compiling scuwdt"
"Running Make libs in ps7_cortexa9_0/libsrc/sdps_v2_4/src"
make -C ps7_cortexa9_0/libsrc/sdps_v2_4/src -s libs  "SHELL=CMD" "COMPILER=arm-xilinx-eabi-gcc" "ARCHIVER=arm-xilinx-eabi-ar" "COMPILER_FLAGS=  -O2 -c" "EXTRA_COMPILER_FLAGS=-g"
"Compiling sdps"
"Running Make libs in ps7_cortexa9_0/libsrc/standalone_v5_1/src"
make -C ps7_cortexa9_0/libsrc/standalone_v5_1/src -s libs  "SHELL=CMD" "COMPILER=arm-xilinx-eabi-gcc" "ARCHIVER=arm-xilinx-eabi-ar" "COMPILER_FLAGS=  -O2 -c" "EXTRA_COMPILER_FLAGS=-g"
"Compiling standalone"
"Running Make libs in ps7_cortexa9_0/libsrc/ttcps_v3_0/src"
make -C ps7_cortexa9_0/libsrc/ttcps_v3_0/src -s libs  "SHELL=CMD" "COMPILER=arm-xilinx-eabi-gcc" "ARCHIVER=arm-xilinx-eabi-ar" "COMPILER_FLAGS=  -O2 -c" "EXTRA_COMPILER_FLAGS=-g"
"Compiling ttcps"
"Running Make libs in ps7_cortexa9_0/libsrc/uartps_v3_0/src"
make -C ps7_cortexa9_0/libsrc/uartps_v3_0/src -s libs  "SHELL=CMD" "COMPILER=arm-xilinx-eabi-gcc" "ARCHIVER=arm-xilinx-eabi-ar" "COMPILER_FLAGS=  -O2 -c" "EXTRA_COMPILER_FLAGS=-g"
"Compiling uartps"
"Running Make libs in ps7_cortexa9_0/libsrc/usbps_v2_2/src"
make -C ps7_cortexa9_0/libsrc/usbps_v2_2/src -s libs  "SHELL=CMD" "COMPILER=arm-xilinx-eabi-gcc" "ARCHIVER=arm-xilinx-eabi-ar" "COMPILER_FLAGS=  -O2 -c" "EXTRA_COMPILER_FLAGS=-g"
"Compiling usbps"
"Running Make libs in ps7_cortexa9_0/libsrc/xadcps_v2_2/src"
make -C ps7_cortexa9_0/libsrc/xadcps_v2_2/src -s libs  "SHELL=CMD" "COMPILER=arm-xilinx-eabi-gcc" "ARCHIVER=arm-xilinx-eabi-ar" "COMPILER_FLAGS=  -O2 -c" "EXTRA_COMPILER_FLAGS=-g"
"Compiling xadcps"
"Running Make libs in ps7_cortexa9_0/libsrc/xilffs_v3_0/src"
make -C ps7_cortexa9_0/libsrc/xilffs_v3_0/src -s libs  "SHELL=CMD" "COMPILER=arm-xilinx-eabi-gcc" "ARCHIVER=arm-xilinx-eabi-ar" "COMPILER_FLAGS=  -O2 -c" "EXTRA_COMPILER_FLAGS=-g"
"Compiling XilFFs Library"
"Creating archive libxilffs.a"
"Running Make libs in ps7_cortexa9_0/libsrc/xilflash_v4_0/src"
make -C ps7_cortexa9_0/libsrc/xilflash_v4_0/src -s libs  "SHELL=CMD" "COMPILER=arm-xilinx-eabi-gcc" "ARCHIVER=arm-xilinx-eabi-ar" "COMPILER_FLAGS=  -O2 -c" "EXTRA_COMPILER_FLAGS=-g"
"Compiling XilFlash Library:"
xilflash_intel.c: In function 'XFlashIntel_Initialize':
xilflash_intel.c:267:54: warning: comparison between pointer and integer
  if (InstancePtr->Properties.ProgCap.WriteBufferSize != NULL) {
                                                      ^
"Creating archive libxilflash.a"
'Finished building libraries'
14:48:42 **** Clean-only build of configuration Debug for project proj4 ****
make clean 
rm -rf  ./src/main.o  ./src/main.d  proj4.elf.size  proj4.elf
' '
14:48:42 **** Auto Build of configuration Debug for project proj4 ****
make all 
'Building file: ../src/main.cpp'
'Invoking: ARM g++ compiler'
arm-xilinx-eabi-g++ -Wall -O0 -g3 -I"C:\Users\sunny\Google_Drive\CMU\Courses\CMU\18643\vivado_projects\H05-lab3-1\project_1.sdk\proj4_bsp\ps7_cortexa9_0\libsrc\xilffs_v3_0\src\include" -c -fmessage-length=0 -MT"src/main.o" -I../../proj4_bsp/ps7_cortexa9_0/include -MMD -MP -MF"src/main.d" -MT"src/main.d" -o "src/main.o" "../src/main.cpp"
../src/main.cpp: In function 'int main()':
../src/main.cpp:120:42: warning: 'FS_Instance' may be used uninitialized in this function [-Wmaybe-uninitialized]
   result = f_mount(FS_Instance, "0:/", 0);
                                          ^
'Finished building: ../src/main.cpp'
' '
'Building target: proj4.elf'
'Invoking: ARM g++ linker'
arm-xilinx-eabi-g++ -Wl,-T -Wl,../src/lscript.ld -L../../proj4_bsp/ps7_cortexa9_0/lib -o "proj4.elf"  ./src/main.o   -Wl,--start-group,-lxil,-lgcc,-lc,-lstdc++,--end-group -Wl,--start-group,-lxilffs,-lxil,-lgcc,-lc,--end-group -lxilflash
'Finished building target: proj4.elf'
' '
'Invoking: ARM Print Size'
arm-xilinx-eabi-size proj4.elf  |tee "proj4.elf.size"
   text	   data	    bss	    dec	    hex	filename
  99156	   2444	  35120	 136720	  21610	proj4.elf
'Finished building: proj4.elf.size'
' '
14:49:16 **** Auto Build of configuration Debug for project proj4 ****
make all 
'Building file: ../src/main.cpp'
'Invoking: ARM g++ compiler'
arm-xilinx-eabi-g++ -Wall -O0 -g3 -I"C:\Users\sunny\Google_Drive\CMU\Courses\CMU\18643\vivado_projects\H05-lab3-1\project_1.sdk\proj4_bsp\ps7_cortexa9_0\libsrc\xilffs_v3_0\src\include" -c -fmessage-length=0 -MT"src/main.o" -I../../proj4_bsp/ps7_cortexa9_0/include -MMD -MP -MF"src/main.d" -MT"src/main.d" -o "src/main.o" "../src/main.cpp"
'Finished building: ../src/main.cpp'
' '
'Building target: proj4.elf'
'Invoking: ARM g++ linker'
arm-xilinx-eabi-g++ -Wl,-T -Wl,../src/lscript.ld -L../../proj4_bsp/ps7_cortexa9_0/lib -o "proj4.elf"  ./src/main.o   -Wl,--start-group,-lxil,-lgcc,-lc,-lstdc++,--end-group -Wl,--start-group,-lxilffs,-lxil,-lgcc,-lc,--end-group -lxilflash
'Finished building target: proj4.elf'
' '
'Invoking: ARM Print Size'
arm-xilinx-eabi-size proj4.elf  |tee "proj4.elf.size"
   text	   data	    bss	    dec	    hex	filename
  99156	   2444	  35120	 136720	  21610	proj4.elf
'Finished building: proj4.elf.size'
' '
14:49:29 **** Auto Build of project proj4_bsp ****
make -k all 
"Running Make include in ps7_cortexa9_0/libsrc/axicdma_v3_0/src"
make -C ps7_cortexa9_0/libsrc/axicdma_v3_0/src -s include  "SHELL=CMD" "COMPILER=arm-xilinx-eabi-gcc" "ARCHIVER=arm-xilinx-eabi-ar" "COMPILER_FLAGS=  -O2 -c" "EXTRA_COMPILER_FLAGS=-g"
"Running Make include in ps7_cortexa9_0/libsrc/coresightps_dcc_v1_0/src"
make -C ps7_cortexa9_0/libsrc/coresightps_dcc_v1_0/src -s include  "SHELL=CMD" "COMPILER=arm-xilinx-eabi-gcc" "ARCHIVER=arm-xilinx-eabi-ar" "COMPILER_FLAGS=  -O2 -c" "EXTRA_COMPILER_FLAGS=-g"
"Running Make include in ps7_cortexa9_0/libsrc/cpu_cortexa9_v2_1/src"
make -C ps7_cortexa9_0/libsrc/cpu_cortexa9_v2_1/src -s include  "SHELL=CMD" "COMPILER=arm-xilinx-eabi-gcc" "ARCHIVER=arm-xilinx-eabi-ar" "COMPILER_FLAGS=  -O2 -c" "EXTRA_COMPILER_FLAGS=-g"
"Running Make include in ps7_cortexa9_0/libsrc/devcfg_v3_3/src"
make -C ps7_cortexa9_0/libsrc/devcfg_v3_3/src -s include  "SHELL=CMD" "COMPILER=arm-xilinx-eabi-gcc" "ARCHIVER=arm-xilinx-eabi-ar" "COMPILER_FLAGS=  -O2 -c" "EXTRA_COMPILER_FLAGS=-g"
"Running Make include in ps7_cortexa9_0/libsrc/dmaps_v2_1/src"
make -C ps7_cortexa9_0/libsrc/dmaps_v2_1/src -s include  "SHELL=CMD" "COMPILER=arm-xilinx-eabi-gcc" "ARCHIVER=arm-xilinx-eabi-ar" "COMPILER_FLAGS=  -O2 -c" "EXTRA_COMPILER_FLAGS=-g"
"Running Make include in ps7_cortexa9_0/libsrc/emacps_v3_0/src"
make -C ps7_cortexa9_0/libsrc/emacps_v3_0/src -s include  "SHELL=CMD" "COMPILER=arm-xilinx-eabi-gcc" "ARCHIVER=arm-xilinx-eabi-ar" "COMPILER_FLAGS=  -O2 -c" "EXTRA_COMPILER_FLAGS=-g"
"Running Make include in ps7_cortexa9_0/libsrc/gpiops_v3_0/src"
make -C ps7_cortexa9_0/libsrc/gpiops_v3_0/src -s include  "SHELL=CMD" "COMPILER=arm-xilinx-eabi-gcc" "ARCHIVER=arm-xilinx-eabi-ar" "COMPILER_FLAGS=  -O2 -c" "EXTRA_COMPILER_FLAGS=-g"
"Running Make include in ps7_cortexa9_0/libsrc/obj_detector_v1_0/src"
make -C ps7_cortexa9_0/libsrc/obj_detector_v1_0/src -s include  "SHELL=CMD" "COMPILER=arm-xilinx-eabi-gcc" "ARCHIVER=arm-xilinx-eabi-ar" "COMPILER_FLAGS=  -O2 -c" "EXTRA_COMPILER_FLAGS=-g"
"Running Make include in ps7_cortexa9_0/libsrc/qspips_v3_2/src"
make -C ps7_cortexa9_0/libsrc/qspips_v3_2/src -s include  "SHELL=CMD" "COMPILER=arm-xilinx-eabi-gcc" "ARCHIVER=arm-xilinx-eabi-ar" "COMPILER_FLAGS=  -O2 -c" "EXTRA_COMPILER_FLAGS=-g"
"Running Make include in ps7_cortexa9_0/libsrc/scugic_v3_0/src"
make -C ps7_cortexa9_0/libsrc/scugic_v3_0/src -s include  "SHELL=CMD" "COMPILER=arm-xilinx-eabi-gcc" "ARCHIVER=arm-xilinx-eabi-ar" "COMPILER_FLAGS=  -O2 -c" "EXTRA_COMPILER_FLAGS=-g"
"Running Make include in ps7_cortexa9_0/libsrc/scutimer_v2_1/src"
make -C ps7_cortexa9_0/libsrc/scutimer_v2_1/src -s include  "SHELL=CMD" "COMPILER=arm-xilinx-eabi-gcc" "ARCHIVER=arm-xilinx-eabi-ar" "COMPILER_FLAGS=  -O2 -c" "EXTRA_COMPILER_FLAGS=-g"
"Running Make include in ps7_cortexa9_0/libsrc/scuwdt_v2_1/src"
make -C ps7_cortexa9_0/libsrc/scuwdt_v2_1/src -s include  "SHELL=CMD" "COMPILER=arm-xilinx-eabi-gcc" "ARCHIVER=arm-xilinx-eabi-ar" "COMPILER_FLAGS=  -O2 -c" "EXTRA_COMPILER_FLAGS=-g"
"Running Make include in ps7_cortexa9_0/libsrc/sdps_v2_4/src"
make -C ps7_cortexa9_0/libsrc/sdps_v2_4/src -s include  "SHELL=CMD" "COMPILER=arm-xilinx-eabi-gcc" "ARCHIVER=arm-xilinx-eabi-ar" "COMPILER_FLAGS=  -O2 -c" "EXTRA_COMPILER_FLAGS=-g"
"Running Make include in ps7_cortexa9_0/libsrc/standalone_v5_1/src"
make -C ps7_cortexa9_0/libsrc/standalone_v5_1/src -s include  "SHELL=CMD" "COMPILER=arm-xilinx-eabi-gcc" "ARCHIVER=arm-xilinx-eabi-ar" "COMPILER_FLAGS=  -O2 -c" "EXTRA_COMPILER_FLAGS=-g"
"Running Make include in ps7_cortexa9_0/libsrc/ttcps_v3_0/src"
make -C ps7_cortexa9_0/libsrc/ttcps_v3_0/src -s include  "SHELL=CMD" "COMPILER=arm-xilinx-eabi-gcc" "ARCHIVER=arm-xilinx-eabi-ar" "COMPILER_FLAGS=  -O2 -c" "EXTRA_COMPILER_FLAGS=-g"
"Running Make include in ps7_cortexa9_0/libsrc/uartps_v3_0/src"
make -C ps7_cortexa9_0/libsrc/uartps_v3_0/src -s include  "SHELL=CMD" "COMPILER=arm-xilinx-eabi-gcc" "ARCHIVER=arm-xilinx-eabi-ar" "COMPILER_FLAGS=  -O2 -c" "EXTRA_COMPILER_FLAGS=-g"
"Running Make include in ps7_cortexa9_0/libsrc/usbps_v2_2/src"
make -C ps7_cortexa9_0/libsrc/usbps_v2_2/src -s include  "SHELL=CMD" "COMPILER=arm-xilinx-eabi-gcc" "ARCHIVER=arm-xilinx-eabi-ar" "COMPILER_FLAGS=  -O2 -c" "EXTRA_COMPILER_FLAGS=-g"
"Running Make include in ps7_cortexa9_0/libsrc/xadcps_v2_2/src"
make -C ps7_cortexa9_0/libsrc/xadcps_v2_2/src -s include  "SHELL=CMD" "COMPILER=arm-xilinx-eabi-gcc" "ARCHIVER=arm-xilinx-eabi-ar" "COMPILER_FLAGS=  -O2 -c" "EXTRA_COMPILER_FLAGS=-g"
"Running Make include in ps7_cortexa9_0/libsrc/xilffs_v3_0/src"
make -C ps7_cortexa9_0/libsrc/xilffs_v3_0/src -s include  "SHELL=CMD" "COMPILER=arm-xilinx-eabi-gcc" "ARCHIVER=arm-xilinx-eabi-ar" "COMPILER_FLAGS=  -O2 -c" "EXTRA_COMPILER_FLAGS=-g"
"Running Make include in ps7_cortexa9_0/libsrc/xilflash_v4_0/src"
make -C ps7_cortexa9_0/libsrc/xilflash_v4_0/src -s include  "SHELL=CMD" "COMPILER=arm-xilinx-eabi-gcc" "ARCHIVER=arm-xilinx-eabi-ar" "COMPILER_FLAGS=  -O2 -c" "EXTRA_COMPILER_FLAGS=-g"
"Running Make libs in ps7_cortexa9_0/libsrc/axicdma_v3_0/src"
make -C ps7_cortexa9_0/libsrc/axicdma_v3_0/src -s libs  "SHELL=CMD" "COMPILER=arm-xilinx-eabi-gcc" "ARCHIVER=arm-xilinx-eabi-ar" "COMPILER_FLAGS=  -O2 -c" "EXTRA_COMPILER_FLAGS=-g"
"Compiling axicdma"
"Running Make libs in ps7_cortexa9_0/libsrc/coresightps_dcc_v1_0/src"
make -C ps7_cortexa9_0/libsrc/coresightps_dcc_v1_0/src -s libs  "SHELL=CMD" "COMPILER=arm-xilinx-eabi-gcc" "ARCHIVER=arm-xilinx-eabi-ar" "COMPILER_FLAGS=  -O2 -c" "EXTRA_COMPILER_FLAGS=-g"
"Compiling coresightps_dcc"
"Running Make libs in ps7_cortexa9_0/libsrc/cpu_cortexa9_v2_1/src"
make -C ps7_cortexa9_0/libsrc/cpu_cortexa9_v2_1/src -s libs  "SHELL=CMD" "COMPILER=arm-xilinx-eabi-gcc" "ARCHIVER=arm-xilinx-eabi-ar" "COMPILER_FLAGS=  -O2 -c" "EXTRA_COMPILER_FLAGS=-g"
"Compiling cpu_cortexa9"
"Running Make libs in ps7_cortexa9_0/libsrc/devcfg_v3_3/src"
make -C ps7_cortexa9_0/libsrc/devcfg_v3_3/src -s libs  "SHELL=CMD" "COMPILER=arm-xilinx-eabi-gcc" "ARCHIVER=arm-xilinx-eabi-ar" "COMPILER_FLAGS=  -O2 -c" "EXTRA_COMPILER_FLAGS=-g"
"Compiling devcfg"
"Running Make libs in ps7_cortexa9_0/libsrc/dmaps_v2_1/src"
make -C ps7_cortexa9_0/libsrc/dmaps_v2_1/src -s libs  "SHELL=CMD" "COMPILER=arm-xilinx-eabi-gcc" "ARCHIVER=arm-xilinx-eabi-ar" "COMPILER_FLAGS=  -O2 -c" "EXTRA_COMPILER_FLAGS=-g"
"Compiling dmaps"
"Running Make libs in ps7_cortexa9_0/libsrc/emacps_v3_0/src"
make -C ps7_cortexa9_0/libsrc/emacps_v3_0/src -s libs  "SHELL=CMD" "COMPILER=arm-xilinx-eabi-gcc" "ARCHIVER=arm-xilinx-eabi-ar" "COMPILER_FLAGS=  -O2 -c" "EXTRA_COMPILER_FLAGS=-g"
"Compiling emacps"
"Running Make libs in ps7_cortexa9_0/libsrc/gpiops_v3_0/src"
make -C ps7_cortexa9_0/libsrc/gpiops_v3_0/src -s libs  "SHELL=CMD" "COMPILER=arm-xilinx-eabi-gcc" "ARCHIVER=arm-xilinx-eabi-ar" "COMPILER_FLAGS=  -O2 -c" "EXTRA_COMPILER_FLAGS=-g"
"Compiling gpiops"
"Running Make libs in ps7_cortexa9_0/libsrc/obj_detector_v1_0/src"
make -C ps7_cortexa9_0/libsrc/obj_detector_v1_0/src -s libs  "SHELL=CMD" "COMPILER=arm-xilinx-eabi-gcc" "ARCHIVER=arm-xilinx-eabi-ar" "COMPILER_FLAGS=  -O2 -c" "EXTRA_COMPILER_FLAGS=-g"
"Compiling obj_detector"
"Running Make libs in ps7_cortexa9_0/libsrc/qspips_v3_2/src"
make -C ps7_cortexa9_0/libsrc/qspips_v3_2/src -s libs  "SHELL=CMD" "COMPILER=arm-xilinx-eabi-gcc" "ARCHIVER=arm-xilinx-eabi-ar" "COMPILER_FLAGS=  -O2 -c" "EXTRA_COMPILER_FLAGS=-g"
"Compiling qspips"
"Running Make libs in ps7_cortexa9_0/libsrc/scugic_v3_0/src"
make -C ps7_cortexa9_0/libsrc/scugic_v3_0/src -s libs  "SHELL=CMD" "COMPILER=arm-xilinx-eabi-gcc" "ARCHIVER=arm-xilinx-eabi-ar" "COMPILER_FLAGS=  -O2 -c" "EXTRA_COMPILER_FLAGS=-g"
"Compiling scugic"
"Running Make libs in ps7_cortexa9_0/libsrc/scutimer_v2_1/src"
make -C ps7_cortexa9_0/libsrc/scutimer_v2_1/src -s libs  "SHELL=CMD" "COMPILER=arm-xilinx-eabi-gcc" "ARCHIVER=arm-xilinx-eabi-ar" "COMPILER_FLAGS=  -O2 -c" "EXTRA_COMPILER_FLAGS=-g"
"Compiling scutimer"
"Running Make libs in ps7_cortexa9_0/libsrc/scuwdt_v2_1/src"
make -C ps7_cortexa9_0/libsrc/scuwdt_v2_1/src -s libs  "SHELL=CMD" "COMPILER=arm-xilinx-eabi-gcc" "ARCHIVER=arm-xilinx-eabi-ar" "COMPILER_FLAGS=  -O2 -c" "EXTRA_COMPILER_FLAGS=-g"
"Compiling scuwdt"
"Running Make libs in ps7_cortexa9_0/libsrc/sdps_v2_4/src"
make -C ps7_cortexa9_0/libsrc/sdps_v2_4/src -s libs  "SHELL=CMD" "COMPILER=arm-xilinx-eabi-gcc" "ARCHIVER=arm-xilinx-eabi-ar" "COMPILER_FLAGS=  -O2 -c" "EXTRA_COMPILER_FLAGS=-g"
"Compiling sdps"
"Running Make libs in ps7_cortexa9_0/libsrc/standalone_v5_1/src"
make -C ps7_cortexa9_0/libsrc/standalone_v5_1/src -s libs  "SHELL=CMD" "COMPILER=arm-xilinx-eabi-gcc" "ARCHIVER=arm-xilinx-eabi-ar" "COMPILER_FLAGS=  -O2 -c" "EXTRA_COMPILER_FLAGS=-g"
"Compiling standalone"
"Running Make libs in ps7_cortexa9_0/libsrc/ttcps_v3_0/src"
make -C ps7_cortexa9_0/libsrc/ttcps_v3_0/src -s libs  "SHELL=CMD" "COMPILER=arm-xilinx-eabi-gcc" "ARCHIVER=arm-xilinx-eabi-ar" "COMPILER_FLAGS=  -O2 -c" "EXTRA_COMPILER_FLAGS=-g"
"Compiling ttcps"
"Running Make libs in ps7_cortexa9_0/libsrc/uartps_v3_0/src"
make -C ps7_cortexa9_0/libsrc/uartps_v3_0/src -s libs  "SHELL=CMD" "COMPILER=arm-xilinx-eabi-gcc" "ARCHIVER=arm-xilinx-eabi-ar" "COMPILER_FLAGS=  -O2 -c" "EXTRA_COMPILER_FLAGS=-g"
"Compiling uartps"
"Running Make libs in ps7_cortexa9_0/libsrc/usbps_v2_2/src"
make -C ps7_cortexa9_0/libsrc/usbps_v2_2/src -s libs  "SHELL=CMD" "COMPILER=arm-xilinx-eabi-gcc" "ARCHIVER=arm-xilinx-eabi-ar" "COMPILER_FLAGS=  -O2 -c" "EXTRA_COMPILER_FLAGS=-g"
"Compiling usbps"
"Running Make libs in ps7_cortexa9_0/libsrc/xadcps_v2_2/src"
make -C ps7_cortexa9_0/libsrc/xadcps_v2_2/src -s libs  "SHELL=CMD" "COMPILER=arm-xilinx-eabi-gcc" "ARCHIVER=arm-xilinx-eabi-ar" "COMPILER_FLAGS=  -O2 -c" "EXTRA_COMPILER_FLAGS=-g"
"Compiling xadcps"
"Running Make libs in ps7_cortexa9_0/libsrc/xilffs_v3_0/src"
make -C ps7_cortexa9_0/libsrc/xilffs_v3_0/src -s libs  "SHELL=CMD" "COMPILER=arm-xilinx-eabi-gcc" "ARCHIVER=arm-xilinx-eabi-ar" "COMPILER_FLAGS=  -O2 -c" "EXTRA_COMPILER_FLAGS=-g"
"Compiling XilFFs Library"
"Creating archive libxilffs.a"
"Running Make libs in ps7_cortexa9_0/libsrc/xilflash_v4_0/src"
make -C ps7_cortexa9_0/libsrc/xilflash_v4_0/src -s libs  "SHELL=CMD" "COMPILER=arm-xilinx-eabi-gcc" "ARCHIVER=arm-xilinx-eabi-ar" "COMPILER_FLAGS=  -O2 -c" "EXTRA_COMPILER_FLAGS=-g"
"Compiling XilFlash Library:"
xilflash_intel.c: In function 'XFlashIntel_Initialize':
xilflash_intel.c:267:54: warning: comparison between pointer and integer
  if (InstancePtr->Properties.ProgCap.WriteBufferSize != NULL) {
                                                      ^
"Creating archive libxilflash.a"
'Finished building libraries'
14:50:11 **** Auto Build of configuration Debug for project proj4 ****
make all 
'Building file: ../src/main.cpp'
'Invoking: ARM g++ compiler'
arm-xilinx-eabi-g++ -Wall -O0 -g3 -I"C:\Users\sunny\Google_Drive\CMU\Courses\CMU\18643\vivado_projects\H05-lab3-1\project_1.sdk\proj4_bsp\ps7_cortexa9_0\libsrc\xilffs_v3_0\src\include" -c -fmessage-length=0 -MT"src/main.o" -I../../proj4_bsp/ps7_cortexa9_0/include -MMD -MP -MF"src/main.d" -MT"src/main.d" -o "src/main.o" "../src/main.cpp"
'Finished building: ../src/main.cpp'
' '
'Building target: proj4.elf'
'Invoking: ARM g++ linker'
arm-xilinx-eabi-g++ -Wl,-T -Wl,../src/lscript.ld -L../../proj4_bsp/ps7_cortexa9_0/lib -o "proj4.elf"  ./src/main.o   -Wl,--start-group,-lxil,-lgcc,-lc,-lstdc++,--end-group -Wl,--start-group,-lxilffs,-lxil,-lgcc,-lc,--end-group -lxilflash
'Finished building target: proj4.elf'
' '
'Invoking: ARM Print Size'
arm-xilinx-eabi-size proj4.elf  |tee "proj4.elf.size"
   text	   data	    bss	    dec	    hex	filename
  99156	   2444	  35120	 136720	  21610	proj4.elf
'Finished building: proj4.elf.size'
' '
15:13:23 **** Incremental Build of configuration Debug for project proj3 ****
make all 
'Building file: ../src/main.cpp'
'Invoking: ARM g++ compiler'
arm-xilinx-eabi-g++ -Wall -O0 -g3 -c -fmessage-length=0 -MT"src/main.o" -I../../proj3_bsp/ps7_cortexa9_0/include -MMD -MP -MF"src/main.d" -MT"src/main.d" -o "src/main.o" "../src/main.cpp"
../src/main.cpp:12:0: warning: "N" redefined
 #define N 28
 ^
In file included from ../src/main.cpp:10:0:
../src/main.h:4:0: note: this is the location of the previous definition
 #define N 6
 ^
../src/main.cpp:13:0: warning: "M" redefined
 #define M 5
 ^
In file included from ../src/main.cpp:10:0:
../src/main.h:5:0: note: this is the location of the previous definition
 #define M 3
 ^
../src/main.cpp: In function 'int main()':
../src/main.cpp:152:28: error: 'in_mat_b' was not declared in this scope
     obj_detector(in_mat_a, in_mat_b, hw_result);
                            ^
../src/main.cpp:160:33: error: invalid types 'mat_conv {aka float}[int]' for array subscript
  if (!nearlyEqual(hw_result[i][j], sw_result[i][j])) {
                                 ^
../src/main.cpp:160:50: error: invalid types 'mat_conv {aka float}[int]' for array subscript
  if (!nearlyEqual(hw_result[i][j], sw_result[i][j])) {
                                                  ^
../src/main.cpp:161:76: error: invalid types 'mat_conv {aka float}[int]' for array subscript
    printf("Phase: \tRes[%d][%d]\tHW: %0.2f\tSW: %0.2f\n",i,j,hw_result[i][j],sw_result[i][j]);
                                                                            ^
../src/main.cpp:161:92: error: invalid types 'mat_conv {aka float}[int]' for array subscript
    printf("Phase: \tRes[%d][%d]\tHW: %0.2f\tSW: %0.2f\n",i,j,hw_result[i][j],sw_result[i][j]);
                                                                                            ^
../src/main.cpp: In function 'void obj_detector(mat_a (*)[28], mat_b (*)[5], mat_conv (*)[24])':
../src/main.cpp:198:27: error: 'cdma_dev_b' was not declared in this scope
  XAxiCdma_SimpleTransfer(&cdma_dev_b, (u32)(b), (u32)(BRAM_B_ID), M*M*sizeof(float), NULL, NULL);
                           ^
../src/main.cpp:198:55: error: 'BRAM_B_ID' was not declared in this scope
  XAxiCdma_SimpleTransfer(&cdma_dev_b, (u32)(b), (u32)(BRAM_B_ID), M*M*sizeof(float), NULL, NULL);
                                                       ^
../src/main.cpp:207:27: error: 'cdma_dev_conv' was not declared in this scope
  XAxiCdma_SimpleTransfer(&cdma_dev_conv, (u32)(BRAM_CONV_ID), (u32)(conv), (N-M+1)*(N-M+1)*sizeof(float), NULL, NULL);
                           ^
../src/main.cpp:207:48: error: 'BRAM_CONV_ID' was not declared in this scope
  XAxiCdma_SimpleTransfer(&cdma_dev_conv, (u32)(BRAM_CONV_ID), (u32)(conv), (N-M+1)*(N-M+1)*sizeof(float), NULL, NULL);
                                                ^
../src/main.cpp: In function 'void initialize(int&)':
../src/main.cpp:26:21: error: 'XPAR_HIER_BRAM_3_AXI_CDMA_0_DEVICE_ID' was not declared in this scope
 #define CDMA_RES_ID XPAR_HIER_BRAM_3_AXI_CDMA_0_DEVICE_ID
                     ^
../src/main.cpp:259:42: note: in expansion of macro 'CDMA_RES_ID'
  cdma_config_res = XAxiCdma_LookupConfig(CDMA_RES_ID);
                                          ^
../src/main.cpp:27:23: error: 'XPAR_HIER_BRAM_3_AXI_CDMA_0_BASEADDR' was not declared in this scope
 #define CDMA_RES_BASE XPAR_HIER_BRAM_3_AXI_CDMA_0_BASEADDR
                       ^
../src/main.cpp:260:64: note: in expansion of macro 'CDMA_RES_BASE'
  status = XAxiCdma_CfgInitialize(&cdma_dev_res,cdma_config_res,CDMA_RES_BASE);
                                                                ^
make: *** [src/main.o] Error 1
15:13:24 **** Incremental Build of configuration Debug for project proj3_bsp_xaxicdma_example_simple_poll_1 ****
make all 
make: Nothing to be done for `all'.
15:13:25 **** Incremental Build of configuration Debug for project proj4 ****
make all 
make: Nothing to be done for `all'.
16:46:55 **** Auto Build of project proj4_bsp ****
make -k all 
"Running Make include in ps7_cortexa9_0/libsrc/axicdma_v3_0/src"
make -C ps7_cortexa9_0/libsrc/axicdma_v3_0/src -s include  "SHELL=CMD" "COMPILER=arm-xilinx-eabi-gcc" "ARCHIVER=arm-xilinx-eabi-ar" "COMPILER_FLAGS=  -O2 -c" "EXTRA_COMPILER_FLAGS=-g"
"Running Make include in ps7_cortexa9_0/libsrc/coresightps_dcc_v1_0/src"
make -C ps7_cortexa9_0/libsrc/coresightps_dcc_v1_0/src -s include  "SHELL=CMD" "COMPILER=arm-xilinx-eabi-gcc" "ARCHIVER=arm-xilinx-eabi-ar" "COMPILER_FLAGS=  -O2 -c" "EXTRA_COMPILER_FLAGS=-g"
"Running Make include in ps7_cortexa9_0/libsrc/cpu_cortexa9_v2_1/src"
make -C ps7_cortexa9_0/libsrc/cpu_cortexa9_v2_1/src -s include  "SHELL=CMD" "COMPILER=arm-xilinx-eabi-gcc" "ARCHIVER=arm-xilinx-eabi-ar" "COMPILER_FLAGS=  -O2 -c" "EXTRA_COMPILER_FLAGS=-g"
"Running Make include in ps7_cortexa9_0/libsrc/devcfg_v3_3/src"
make -C ps7_cortexa9_0/libsrc/devcfg_v3_3/src -s include  "SHELL=CMD" "COMPILER=arm-xilinx-eabi-gcc" "ARCHIVER=arm-xilinx-eabi-ar" "COMPILER_FLAGS=  -O2 -c" "EXTRA_COMPILER_FLAGS=-g"
"Running Make include in ps7_cortexa9_0/libsrc/dmaps_v2_1/src"
make -C ps7_cortexa9_0/libsrc/dmaps_v2_1/src -s include  "SHELL=CMD" "COMPILER=arm-xilinx-eabi-gcc" "ARCHIVER=arm-xilinx-eabi-ar" "COMPILER_FLAGS=  -O2 -c" "EXTRA_COMPILER_FLAGS=-g"
"Running Make include in ps7_cortexa9_0/libsrc/emacps_v3_0/src"
make -C ps7_cortexa9_0/libsrc/emacps_v3_0/src -s include  "SHELL=CMD" "COMPILER=arm-xilinx-eabi-gcc" "ARCHIVER=arm-xilinx-eabi-ar" "COMPILER_FLAGS=  -O2 -c" "EXTRA_COMPILER_FLAGS=-g"
"Running Make include in ps7_cortexa9_0/libsrc/gpiops_v3_0/src"
make -C ps7_cortexa9_0/libsrc/gpiops_v3_0/src -s include  "SHELL=CMD" "COMPILER=arm-xilinx-eabi-gcc" "ARCHIVER=arm-xilinx-eabi-ar" "COMPILER_FLAGS=  -O2 -c" "EXTRA_COMPILER_FLAGS=-g"
"Running Make include in ps7_cortexa9_0/libsrc/obj_detector_v1_0/src"
make -C ps7_cortexa9_0/libsrc/obj_detector_v1_0/src -s include  "SHELL=CMD" "COMPILER=arm-xilinx-eabi-gcc" "ARCHIVER=arm-xilinx-eabi-ar" "COMPILER_FLAGS=  -O2 -c" "EXTRA_COMPILER_FLAGS=-g"
"Running Make include in ps7_cortexa9_0/libsrc/qspips_v3_2/src"
make -C ps7_cortexa9_0/libsrc/qspips_v3_2/src -s include  "SHELL=CMD" "COMPILER=arm-xilinx-eabi-gcc" "ARCHIVER=arm-xilinx-eabi-ar" "COMPILER_FLAGS=  -O2 -c" "EXTRA_COMPILER_FLAGS=-g"
"Running Make include in ps7_cortexa9_0/libsrc/scugic_v3_0/src"
make -C ps7_cortexa9_0/libsrc/scugic_v3_0/src -s include  "SHELL=CMD" "COMPILER=arm-xilinx-eabi-gcc" "ARCHIVER=arm-xilinx-eabi-ar" "COMPILER_FLAGS=  -O2 -c" "EXTRA_COMPILER_FLAGS=-g"
"Running Make include in ps7_cortexa9_0/libsrc/scutimer_v2_1/src"
make -C ps7_cortexa9_0/libsrc/scutimer_v2_1/src -s include  "SHELL=CMD" "COMPILER=arm-xilinx-eabi-gcc" "ARCHIVER=arm-xilinx-eabi-ar" "COMPILER_FLAGS=  -O2 -c" "EXTRA_COMPILER_FLAGS=-g"
"Running Make include in ps7_cortexa9_0/libsrc/scuwdt_v2_1/src"
make -C ps7_cortexa9_0/libsrc/scuwdt_v2_1/src -s include  "SHELL=CMD" "COMPILER=arm-xilinx-eabi-gcc" "ARCHIVER=arm-xilinx-eabi-ar" "COMPILER_FLAGS=  -O2 -c" "EXTRA_COMPILER_FLAGS=-g"
"Running Make include in ps7_cortexa9_0/libsrc/sdps_v2_4/src"
make -C ps7_cortexa9_0/libsrc/sdps_v2_4/src -s include  "SHELL=CMD" "COMPILER=arm-xilinx-eabi-gcc" "ARCHIVER=arm-xilinx-eabi-ar" "COMPILER_FLAGS=  -O2 -c" "EXTRA_COMPILER_FLAGS=-g"
"Running Make include in ps7_cortexa9_0/libsrc/standalone_v5_1/src"
make -C ps7_cortexa9_0/libsrc/standalone_v5_1/src -s include  "SHELL=CMD" "COMPILER=arm-xilinx-eabi-gcc" "ARCHIVER=arm-xilinx-eabi-ar" "COMPILER_FLAGS=  -O2 -c" "EXTRA_COMPILER_FLAGS=-g"
"Running Make include in ps7_cortexa9_0/libsrc/ttcps_v3_0/src"
make -C ps7_cortexa9_0/libsrc/ttcps_v3_0/src -s include  "SHELL=CMD" "COMPILER=arm-xilinx-eabi-gcc" "ARCHIVER=arm-xilinx-eabi-ar" "COMPILER_FLAGS=  -O2 -c" "EXTRA_COMPILER_FLAGS=-g"
"Running Make include in ps7_cortexa9_0/libsrc/uartps_v3_0/src"
make -C ps7_cortexa9_0/libsrc/uartps_v3_0/src -s include  "SHELL=CMD" "COMPILER=arm-xilinx-eabi-gcc" "ARCHIVER=arm-xilinx-eabi-ar" "COMPILER_FLAGS=  -O2 -c" "EXTRA_COMPILER_FLAGS=-g"
"Running Make include in ps7_cortexa9_0/libsrc/usbps_v2_2/src"
make -C ps7_cortexa9_0/libsrc/usbps_v2_2/src -s include  "SHELL=CMD" "COMPILER=arm-xilinx-eabi-gcc" "ARCHIVER=arm-xilinx-eabi-ar" "COMPILER_FLAGS=  -O2 -c" "EXTRA_COMPILER_FLAGS=-g"
"Running Make include in ps7_cortexa9_0/libsrc/xadcps_v2_2/src"
make -C ps7_cortexa9_0/libsrc/xadcps_v2_2/src -s include  "SHELL=CMD" "COMPILER=arm-xilinx-eabi-gcc" "ARCHIVER=arm-xilinx-eabi-ar" "COMPILER_FLAGS=  -O2 -c" "EXTRA_COMPILER_FLAGS=-g"
"Running Make include in ps7_cortexa9_0/libsrc/xilffs_v3_0/src"
make -C ps7_cortexa9_0/libsrc/xilffs_v3_0/src -s include  "SHELL=CMD" "COMPILER=arm-xilinx-eabi-gcc" "ARCHIVER=arm-xilinx-eabi-ar" "COMPILER_FLAGS=  -O2 -c" "EXTRA_COMPILER_FLAGS=-g"
"Running Make libs in ps7_cortexa9_0/libsrc/axicdma_v3_0/src"
make -C ps7_cortexa9_0/libsrc/axicdma_v3_0/src -s libs  "SHELL=CMD" "COMPILER=arm-xilinx-eabi-gcc" "ARCHIVER=arm-xilinx-eabi-ar" "COMPILER_FLAGS=  -O2 -c" "EXTRA_COMPILER_FLAGS=-g"
"Compiling axicdma"
arm-xilinx-eabi-ar: creating ../../../lib/libxil.a
"Running Make libs in ps7_cortexa9_0/libsrc/coresightps_dcc_v1_0/src"
make -C ps7_cortexa9_0/libsrc/coresightps_dcc_v1_0/src -s libs  "SHELL=CMD" "COMPILER=arm-xilinx-eabi-gcc" "ARCHIVER=arm-xilinx-eabi-ar" "COMPILER_FLAGS=  -O2 -c" "EXTRA_COMPILER_FLAGS=-g"
"Compiling coresightps_dcc"
"Running Make libs in ps7_cortexa9_0/libsrc/cpu_cortexa9_v2_1/src"
make -C ps7_cortexa9_0/libsrc/cpu_cortexa9_v2_1/src -s libs  "SHELL=CMD" "COMPILER=arm-xilinx-eabi-gcc" "ARCHIVER=arm-xilinx-eabi-ar" "COMPILER_FLAGS=  -O2 -c" "EXTRA_COMPILER_FLAGS=-g"
"Compiling cpu_cortexa9"
"Running Make libs in ps7_cortexa9_0/libsrc/devcfg_v3_3/src"
make -C ps7_cortexa9_0/libsrc/devcfg_v3_3/src -s libs  "SHELL=CMD" "COMPILER=arm-xilinx-eabi-gcc" "ARCHIVER=arm-xilinx-eabi-ar" "COMPILER_FLAGS=  -O2 -c" "EXTRA_COMPILER_FLAGS=-g"
"Compiling devcfg"
"Running Make libs in ps7_cortexa9_0/libsrc/dmaps_v2_1/src"
make -C ps7_cortexa9_0/libsrc/dmaps_v2_1/src -s libs  "SHELL=CMD" "COMPILER=arm-xilinx-eabi-gcc" "ARCHIVER=arm-xilinx-eabi-ar" "COMPILER_FLAGS=  -O2 -c" "EXTRA_COMPILER_FLAGS=-g"
"Compiling dmaps"
"Running Make libs in ps7_cortexa9_0/libsrc/emacps_v3_0/src"
make -C ps7_cortexa9_0/libsrc/emacps_v3_0/src -s libs  "SHELL=CMD" "COMPILER=arm-xilinx-eabi-gcc" "ARCHIVER=arm-xilinx-eabi-ar" "COMPILER_FLAGS=  -O2 -c" "EXTRA_COMPILER_FLAGS=-g"
"Compiling emacps"
"Running Make libs in ps7_cortexa9_0/libsrc/gpiops_v3_0/src"
make -C ps7_cortexa9_0/libsrc/gpiops_v3_0/src -s libs  "SHELL=CMD" "COMPILER=arm-xilinx-eabi-gcc" "ARCHIVER=arm-xilinx-eabi-ar" "COMPILER_FLAGS=  -O2 -c" "EXTRA_COMPILER_FLAGS=-g"
"Compiling gpiops"
"Running Make libs in ps7_cortexa9_0/libsrc/obj_detector_v1_0/src"
make -C ps7_cortexa9_0/libsrc/obj_detector_v1_0/src -s libs  "SHELL=CMD" "COMPILER=arm-xilinx-eabi-gcc" "ARCHIVER=arm-xilinx-eabi-ar" "COMPILER_FLAGS=  -O2 -c" "EXTRA_COMPILER_FLAGS=-g"
"Compiling obj_detector"
"Running Make libs in ps7_cortexa9_0/libsrc/qspips_v3_2/src"
make -C ps7_cortexa9_0/libsrc/qspips_v3_2/src -s libs  "SHELL=CMD" "COMPILER=arm-xilinx-eabi-gcc" "ARCHIVER=arm-xilinx-eabi-ar" "COMPILER_FLAGS=  -O2 -c" "EXTRA_COMPILER_FLAGS=-g"
"Compiling qspips"
"Running Make libs in ps7_cortexa9_0/libsrc/scugic_v3_0/src"
make -C ps7_cortexa9_0/libsrc/scugic_v3_0/src -s libs  "SHELL=CMD" "COMPILER=arm-xilinx-eabi-gcc" "ARCHIVER=arm-xilinx-eabi-ar" "COMPILER_FLAGS=  -O2 -c" "EXTRA_COMPILER_FLAGS=-g"
"Compiling scugic"
"Running Make libs in ps7_cortexa9_0/libsrc/scutimer_v2_1/src"
make -C ps7_cortexa9_0/libsrc/scutimer_v2_1/src -s libs  "SHELL=CMD" "COMPILER=arm-xilinx-eabi-gcc" "ARCHIVER=arm-xilinx-eabi-ar" "COMPILER_FLAGS=  -O2 -c" "EXTRA_COMPILER_FLAGS=-g"
"Compiling scutimer"
"Running Make libs in ps7_cortexa9_0/libsrc/scuwdt_v2_1/src"
make -C ps7_cortexa9_0/libsrc/scuwdt_v2_1/src -s libs  "SHELL=CMD" "COMPILER=arm-xilinx-eabi-gcc" "ARCHIVER=arm-xilinx-eabi-ar" "COMPILER_FLAGS=  -O2 -c" "EXTRA_COMPILER_FLAGS=-g"
"Compiling scuwdt"
"Running Make libs in ps7_cortexa9_0/libsrc/sdps_v2_4/src"
make -C ps7_cortexa9_0/libsrc/sdps_v2_4/src -s libs  "SHELL=CMD" "COMPILER=arm-xilinx-eabi-gcc" "ARCHIVER=arm-xilinx-eabi-ar" "COMPILER_FLAGS=  -O2 -c" "EXTRA_COMPILER_FLAGS=-g"
"Compiling sdps"
"Running Make libs in ps7_cortexa9_0/libsrc/standalone_v5_1/src"
make -C ps7_cortexa9_0/libsrc/standalone_v5_1/src -s libs  "SHELL=CMD" "COMPILER=arm-xilinx-eabi-gcc" "ARCHIVER=arm-xilinx-eabi-ar" "COMPILER_FLAGS=  -O2 -c" "EXTRA_COMPILER_FLAGS=-g"
"Compiling standalone"
"Running Make libs in ps7_cortexa9_0/libsrc/ttcps_v3_0/src"
make -C ps7_cortexa9_0/libsrc/ttcps_v3_0/src -s libs  "SHELL=CMD" "COMPILER=arm-xilinx-eabi-gcc" "ARCHIVER=arm-xilinx-eabi-ar" "COMPILER_FLAGS=  -O2 -c" "EXTRA_COMPILER_FLAGS=-g"
"Compiling ttcps"
"Running Make libs in ps7_cortexa9_0/libsrc/uartps_v3_0/src"
make -C ps7_cortexa9_0/libsrc/uartps_v3_0/src -s libs  "SHELL=CMD" "COMPILER=arm-xilinx-eabi-gcc" "ARCHIVER=arm-xilinx-eabi-ar" "COMPILER_FLAGS=  -O2 -c" "EXTRA_COMPILER_FLAGS=-g"
"Compiling uartps"
"Running Make libs in ps7_cortexa9_0/libsrc/usbps_v2_2/src"
make -C ps7_cortexa9_0/libsrc/usbps_v2_2/src -s libs  "SHELL=CMD" "COMPILER=arm-xilinx-eabi-gcc" "ARCHIVER=arm-xilinx-eabi-ar" "COMPILER_FLAGS=  -O2 -c" "EXTRA_COMPILER_FLAGS=-g"
"Compiling usbps"
"Running Make libs in ps7_cortexa9_0/libsrc/xadcps_v2_2/src"
make -C ps7_cortexa9_0/libsrc/xadcps_v2_2/src -s libs  "SHELL=CMD" "COMPILER=arm-xilinx-eabi-gcc" "ARCHIVER=arm-xilinx-eabi-ar" "COMPILER_FLAGS=  -O2 -c" "EXTRA_COMPILER_FLAGS=-g"
"Compiling xadcps"
"Running Make libs in ps7_cortexa9_0/libsrc/xilffs_v3_0/src"
make -C ps7_cortexa9_0/libsrc/xilffs_v3_0/src -s libs  "SHELL=CMD" "COMPILER=arm-xilinx-eabi-gcc" "ARCHIVER=arm-xilinx-eabi-ar" "COMPILER_FLAGS=  -O2 -c" "EXTRA_COMPILER_FLAGS=-g"
"Compiling XilFFs Library"
"Creating archive libxilffs.a"
'Finished building libraries'
16:47:38 **** Clean-only build of configuration Debug for project proj4 ****
make clean 
rm -rf  ./src/main.o  ./src/main.d  proj4.elf.size  proj4.elf
' '
16:47:38 **** Auto Build of configuration Debug for project proj4 ****
make all 
'Building file: ../src/main.cpp'
'Invoking: ARM g++ compiler'
arm-xilinx-eabi-g++ -Wall -O0 -g3 -I"C:\Users\sunny\Google_Drive\CMU\Courses\CMU\18643\vivado_projects\H05-lab3-1\project_1.sdk\proj4_bsp\ps7_cortexa9_0\libsrc\xilffs_v3_0\src\include" -c -fmessage-length=0 -MT"src/main.o" -I../../proj4_bsp/ps7_cortexa9_0/include -MMD -MP -MF"src/main.d" -MT"src/main.d" -o "src/main.o" "../src/main.cpp"
'Finished building: ../src/main.cpp'
' '
'Building target: proj4.elf'
'Invoking: ARM g++ linker'
arm-xilinx-eabi-g++ -Wl,-T -Wl,../src/lscript.ld -L../../proj4_bsp/ps7_cortexa9_0/lib -o "proj4.elf"  ./src/main.o   -Wl,--start-group,-lxil,-lgcc,-lc,-lstdc++,--end-group -Wl,--start-group,-lxilffs,-lxil,-lgcc,-lc,--end-group
'Finished building target: proj4.elf'
' '
'Invoking: ARM Print Size'
arm-xilinx-eabi-size proj4.elf  |tee "proj4.elf.size"
   text	   data	    bss	    dec	    hex	filename
  99156	   2444	  35120	 136720	  21610	proj4.elf
'Finished building: proj4.elf.size'
' '
16:59:54 **** Incremental Build of configuration Debug for project proj3 ****
make all 
'Building file: ../src/main.cpp'
'Invoking: ARM g++ compiler'
arm-xilinx-eabi-g++ -Wall -O0 -g3 -c -fmessage-length=0 -MT"src/main.o" -I../../proj3_bsp/ps7_cortexa9_0/include -MMD -MP -MF"src/main.d" -MT"src/main.d" -o "src/main.o" "../src/main.cpp"
../src/main.cpp:12:0: warning: "N" redefined
 #define N 28
 ^
In file included from ../src/main.cpp:10:0:
../src/main.h:4:0: note: this is the location of the previous definition
 #define N 6
 ^
../src/main.cpp:13:0: warning: "M" redefined
 #define M 5
 ^
In file included from ../src/main.cpp:10:0:
../src/main.h:5:0: note: this is the location of the previous definition
 #define M 3
 ^
../src/main.cpp: In function 'int main()':
../src/main.cpp:152:28: error: 'in_mat_b' was not declared in this scope
     obj_detector(in_mat_a, in_mat_b, hw_result);
                            ^
../src/main.cpp:160:33: error: invalid types 'mat_conv {aka float}[int]' for array subscript
  if (!nearlyEqual(hw_result[i][j], sw_result[i][j])) {
                                 ^
../src/main.cpp:160:50: error: invalid types 'mat_conv {aka float}[int]' for array subscript
  if (!nearlyEqual(hw_result[i][j], sw_result[i][j])) {
                                                  ^
../src/main.cpp:161:76: error: invalid types 'mat_conv {aka float}[int]' for array subscript
    printf("Phase: \tRes[%d][%d]\tHW: %0.2f\tSW: %0.2f\n",i,j,hw_result[i][j],sw_result[i][j]);
                                                                            ^
../src/main.cpp:161:92: error: invalid types 'mat_conv {aka float}[int]' for array subscript
    printf("Phase: \tRes[%d][%d]\tHW: %0.2f\tSW: %0.2f\n",i,j,hw_result[i][j],sw_result[i][j]);
                                                                                            ^
../src/main.cpp: In function 'void obj_detector(mat_a (*)[28], mat_b (*)[5], mat_conv (*)[24])':
../src/main.cpp:198:27: error: 'cdma_dev_b' was not declared in this scope
  XAxiCdma_SimpleTransfer(&cdma_dev_b, (u32)(b), (u32)(BRAM_B_ID), M*M*sizeof(float), NULL, NULL);
                           ^
../src/main.cpp:198:55: error: 'BRAM_B_ID' was not declared in this scope
  XAxiCdma_SimpleTransfer(&cdma_dev_b, (u32)(b), (u32)(BRAM_B_ID), M*M*sizeof(float), NULL, NULL);
                                                       ^
../src/main.cpp:207:27: error: 'cdma_dev_conv' was not declared in this scope
  XAxiCdma_SimpleTransfer(&cdma_dev_conv, (u32)(BRAM_CONV_ID), (u32)(conv), (N-M+1)*(N-M+1)*sizeof(float), NULL, NULL);
                           ^
../src/main.cpp:207:48: error: 'BRAM_CONV_ID' was not declared in this scope
  XAxiCdma_SimpleTransfer(&cdma_dev_conv, (u32)(BRAM_CONV_ID), (u32)(conv), (N-M+1)*(N-M+1)*sizeof(float), NULL, NULL);
                                                ^
../src/main.cpp: In function 'void initialize(int&)':
../src/main.cpp:26:21: error: 'XPAR_HIER_BRAM_3_AXI_CDMA_0_DEVICE_ID' was not declared in this scope
 #define CDMA_RES_ID XPAR_HIER_BRAM_3_AXI_CDMA_0_DEVICE_ID
                     ^
../src/main.cpp:259:42: note: in expansion of macro 'CDMA_RES_ID'
  cdma_config_res = XAxiCdma_LookupConfig(CDMA_RES_ID);
                                          ^
../src/main.cpp:27:23: error: 'XPAR_HIER_BRAM_3_AXI_CDMA_0_BASEADDR' was not declared in this scope
 #define CDMA_RES_BASE XPAR_HIER_BRAM_3_AXI_CDMA_0_BASEADDR
                       ^
../src/main.cpp:260:64: note: in expansion of macro 'CDMA_RES_BASE'
  status = XAxiCdma_CfgInitialize(&cdma_dev_res,cdma_config_res,CDMA_RES_BASE);
                                                                ^
make: *** [src/main.o] Error 1
16:59:56 **** Incremental Build of configuration Debug for project proj3_bsp_xaxicdma_example_simple_poll_1 ****
make all 
make: Nothing to be done for `all'.
16:59:57 **** Incremental Build of configuration Debug for project proj4 ****
make all 
make: Nothing to be done for `all'.
17:00:17 **** Incremental Build of configuration Debug for project proj3 ****
make all 
'Building file: ../src/main.cpp'
'Invoking: ARM g++ compiler'
arm-xilinx-eabi-g++ -Wall -O0 -g3 -c -fmessage-length=0 -MT"src/main.o" -I../../proj3_bsp/ps7_cortexa9_0/include -MMD -MP -MF"src/main.d" -MT"src/main.d" -o "src/main.o" "../src/main.cpp"
../src/main.cpp:12:0: warning: "N" redefined
 #define N 28
 ^
In file included from ../src/main.cpp:10:0:
../src/main.h:4:0: note: this is the location of the previous definition
 #define N 6
 ^
../src/main.cpp:13:0: warning: "M" redefined
 #define M 5
 ^
In file included from ../src/main.cpp:10:0:
../src/main.h:5:0: note: this is the location of the previous definition
 #define M 3
 ^
../src/main.cpp: In function 'int main()':
../src/main.cpp:152:28: error: 'in_mat_b' was not declared in this scope
     obj_detector(in_mat_a, in_mat_b, hw_result);
                            ^
../src/main.cpp:160:33: error: invalid types 'mat_conv {aka float}[int]' for array subscript
  if (!nearlyEqual(hw_result[i][j], sw_result[i][j])) {
                                 ^
../src/main.cpp:160:50: error: invalid types 'mat_conv {aka float}[int]' for array subscript
  if (!nearlyEqual(hw_result[i][j], sw_result[i][j])) {
                                                  ^
../src/main.cpp:161:76: error: invalid types 'mat_conv {aka float}[int]' for array subscript
    printf("Phase: \tRes[%d][%d]\tHW: %0.2f\tSW: %0.2f\n",i,j,hw_result[i][j],sw_result[i][j]);
                                                                            ^
../src/main.cpp:161:92: error: invalid types 'mat_conv {aka float}[int]' for array subscript
    printf("Phase: \tRes[%d][%d]\tHW: %0.2f\tSW: %0.2f\n",i,j,hw_result[i][j],sw_result[i][j]);
                                                                                            ^
../src/main.cpp: In function 'void obj_detector(mat_a (*)[28], mat_b (*)[5], mat_conv (*)[24])':
../src/main.cpp:198:27: error: 'cdma_dev_b' was not declared in this scope
  XAxiCdma_SimpleTransfer(&cdma_dev_b, (u32)(b), (u32)(BRAM_B_ID), M*M*sizeof(float), NULL, NULL);
                           ^
../src/main.cpp:198:55: error: 'BRAM_B_ID' was not declared in this scope
  XAxiCdma_SimpleTransfer(&cdma_dev_b, (u32)(b), (u32)(BRAM_B_ID), M*M*sizeof(float), NULL, NULL);
                                                       ^
../src/main.cpp:207:27: error: 'cdma_dev_conv' was not declared in this scope
  XAxiCdma_SimpleTransfer(&cdma_dev_conv, (u32)(BRAM_CONV_ID), (u32)(conv), (N-M+1)*(N-M+1)*sizeof(float), NULL, NULL);
                           ^
../src/main.cpp:207:48: error: 'BRAM_CONV_ID' was not declared in this scope
  XAxiCdma_SimpleTransfer(&cdma_dev_conv, (u32)(BRAM_CONV_ID), (u32)(conv), (N-M+1)*(N-M+1)*sizeof(float), NULL, NULL);
                                                ^
../src/main.cpp: In function 'void initialize(int&)':
../src/main.cpp:26:21: error: 'XPAR_HIER_BRAM_3_AXI_CDMA_0_DEVICE_ID' was not declared in this scope
 #define CDMA_RES_ID XPAR_HIER_BRAM_3_AXI_CDMA_0_DEVICE_ID
                     ^
../src/main.cpp:259:42: note: in expansion of macro 'CDMA_RES_ID'
  cdma_config_res = XAxiCdma_LookupConfig(CDMA_RES_ID);
                                          ^
../src/main.cpp:27:23: error: 'XPAR_HIER_BRAM_3_AXI_CDMA_0_BASEADDR' was not declared in this scope
 #define CDMA_RES_BASE XPAR_HIER_BRAM_3_AXI_CDMA_0_BASEADDR
                       ^
../src/main.cpp:260:64: note: in expansion of macro 'CDMA_RES_BASE'
  status = XAxiCdma_CfgInitialize(&cdma_dev_res,cdma_config_res,CDMA_RES_BASE);
                                                                ^
make: *** [src/main.o] Error 1
17:00:18 **** Incremental Build of configuration Debug for project proj3_bsp_xaxicdma_example_simple_poll_1 ****
make all 
make: Nothing to be done for `all'.
17:00:18 **** Incremental Build of configuration Debug for project proj4 ****
make all 
make: Nothing to be done for `all'.
17:01:00 **** Incremental Build of configuration Debug for project proj3 ****
make all 
'Building file: ../src/main.cpp'
'Invoking: ARM g++ compiler'
arm-xilinx-eabi-g++ -Wall -O0 -g3 -c -fmessage-length=0 -MT"src/main.o" -I../../proj3_bsp/ps7_cortexa9_0/include -MMD -MP -MF"src/main.d" -MT"src/main.d" -o "src/main.o" "../src/main.cpp"
../src/main.cpp:12:0: warning: "N" redefined
 #define N 28
 ^
In file included from ../src/main.cpp:10:0:
../src/main.h:4:0: note: this is the location of the previous definition
 #define N 6
 ^
../src/main.cpp:13:0: warning: "M" redefined
 #define M 5
 ^
In file included from ../src/main.cpp:10:0:
../src/main.h:5:0: note: this is the location of the previous definition
 #define M 3
 ^
../src/main.cpp: In function 'int main()':
../src/main.cpp:152:28: error: 'in_mat_b' was not declared in this scope
     obj_detector(in_mat_a, in_mat_b, hw_result);
                            ^
../src/main.cpp:160:33: error: invalid types 'mat_conv {aka float}[int]' for array subscript
  if (!nearlyEqual(hw_result[i][j], sw_result[i][j])) {
                                 ^
../src/main.cpp:160:50: error: invalid types 'mat_conv {aka float}[int]' for array subscript
  if (!nearlyEqual(hw_result[i][j], sw_result[i][j])) {
                                                  ^
../src/main.cpp:161:76: error: invalid types 'mat_conv {aka float}[int]' for array subscript
    printf("Phase: \tRes[%d][%d]\tHW: %0.2f\tSW: %0.2f\n",i,j,hw_result[i][j],sw_result[i][j]);
                                                                            ^
../src/main.cpp:161:92: error: invalid types 'mat_conv {aka float}[int]' for array subscript
    printf("Phase: \tRes[%d][%d]\tHW: %0.2f\tSW: %0.2f\n",i,j,hw_result[i][j],sw_result[i][j]);
                                                                                            ^
../src/main.cpp: In function 'void obj_detector(mat_a (*)[28], mat_b (*)[5], mat_conv (*)[24])':
../src/main.cpp:198:27: error: 'cdma_dev_b' was not declared in this scope
  XAxiCdma_SimpleTransfer(&cdma_dev_b, (u32)(b), (u32)(BRAM_B_ID), M*M*sizeof(float), NULL, NULL);
                           ^
../src/main.cpp:198:55: error: 'BRAM_B_ID' was not declared in this scope
  XAxiCdma_SimpleTransfer(&cdma_dev_b, (u32)(b), (u32)(BRAM_B_ID), M*M*sizeof(float), NULL, NULL);
                                                       ^
../src/main.cpp:207:27: error: 'cdma_dev_conv' was not declared in this scope
  XAxiCdma_SimpleTransfer(&cdma_dev_conv, (u32)(BRAM_CONV_ID), (u32)(conv), (N-M+1)*(N-M+1)*sizeof(float), NULL, NULL);
                           ^
../src/main.cpp:207:48: error: 'BRAM_CONV_ID' was not declared in this scope
  XAxiCdma_SimpleTransfer(&cdma_dev_conv, (u32)(BRAM_CONV_ID), (u32)(conv), (N-M+1)*(N-M+1)*sizeof(float), NULL, NULL);
                                                ^
../src/main.cpp: In function 'void initialize(int&)':
../src/main.cpp:26:21: error: 'XPAR_HIER_BRAM_3_AXI_CDMA_0_DEVICE_ID' was not declared in this scope
 #define CDMA_RES_ID XPAR_HIER_BRAM_3_AXI_CDMA_0_DEVICE_ID
                     ^
../src/main.cpp:259:42: note: in expansion of macro 'CDMA_RES_ID'
  cdma_config_res = XAxiCdma_LookupConfig(CDMA_RES_ID);
                                          ^
../src/main.cpp:27:23: error: 'XPAR_HIER_BRAM_3_AXI_CDMA_0_BASEADDR' was not declared in this scope
 #define CDMA_RES_BASE XPAR_HIER_BRAM_3_AXI_CDMA_0_BASEADDR
                       ^
../src/main.cpp:260:64: note: in expansion of macro 'CDMA_RES_BASE'
  status = XAxiCdma_CfgInitialize(&cdma_dev_res,cdma_config_res,CDMA_RES_BASE);
                                                                ^
make: *** [src/main.o] Error 1
17:01:00 **** Incremental Build of configuration Debug for project proj3_bsp_xaxicdma_example_simple_poll_1 ****
make all 
make: Nothing to be done for `all'.
17:01:01 **** Incremental Build of configuration Debug for project proj4 ****
make all 
make: Nothing to be done for `all'.
17:01:25 **** Incremental Build of configuration Debug for project proj3 ****
make all 
'Building file: ../src/main.cpp'
'Invoking: ARM g++ compiler'
arm-xilinx-eabi-g++ -Wall -O0 -g3 -c -fmessage-length=0 -MT"src/main.o" -I../../proj3_bsp/ps7_cortexa9_0/include -MMD -MP -MF"src/main.d" -MT"src/main.d" -o "src/main.o" "../src/main.cpp"
../src/main.cpp:12:0: warning: "N" redefined
 #define N 28
 ^
In file included from ../src/main.cpp:10:0:
../src/main.h:4:0: note: this is the location of the previous definition
 #define N 6
 ^
../src/main.cpp:13:0: warning: "M" redefined
 #define M 5
 ^
In file included from ../src/main.cpp:10:0:
../src/main.h:5:0: note: this is the location of the previous definition
 #define M 3
 ^
../src/main.cpp: In function 'int main()':
../src/main.cpp:152:28: error: 'in_mat_b' was not declared in this scope
     obj_detector(in_mat_a, in_mat_b, hw_result);
                            ^
../src/main.cpp:160:33: error: invalid types 'mat_conv {aka float}[int]' for array subscript
  if (!nearlyEqual(hw_result[i][j], sw_result[i][j])) {
                                 ^
../src/main.cpp:160:50: error: invalid types 'mat_conv {aka float}[int]' for array subscript
  if (!nearlyEqual(hw_result[i][j], sw_result[i][j])) {
                                                  ^
../src/main.cpp:161:76: error: invalid types 'mat_conv {aka float}[int]' for array subscript
    printf("Phase: \tRes[%d][%d]\tHW: %0.2f\tSW: %0.2f\n",i,j,hw_result[i][j],sw_result[i][j]);
                                                                            ^
../src/main.cpp:161:92: error: invalid types 'mat_conv {aka float}[int]' for array subscript
    printf("Phase: \tRes[%d][%d]\tHW: %0.2f\tSW: %0.2f\n",i,j,hw_result[i][j],sw_result[i][j]);
                                                                                            ^
../src/main.cpp: In function 'void obj_detector(mat_a (*)[28], mat_b (*)[5], mat_conv (*)[24])':
[...]
'Finished building: ../src/main.cpp'
' '
'Building target: proj4.elf'
'Invoking: ARM g++ linker'
arm-xilinx-eabi-g++ -Wl,-T -Wl,../src/lscript.ld -L../../proj4_bsp/ps7_cortexa9_0/lib -o "proj4.elf"  ./src/main.o   -Wl,--start-group,-lxil,-lgcc,-lc,-lstdc++,--end-group -Wl,--start-group,-lxilffs,-lxil,-lgcc,-lc,--end-group
'Finished building target: proj4.elf'
' '
'Invoking: ARM Print Size'
arm-xilinx-eabi-size proj4.elf  |tee "proj4.elf.size"
   text	   data	    bss	    dec	    hex	filename
  99408	   2444	  36880	 138732	  21dec	proj4.elf
'Finished building: proj4.elf.size'
' '
00:19:49 **** Incremental Build of configuration Debug for project proj3 ****
make all 
'Building file: ../src/main.cpp'
'Invoking: ARM g++ compiler'
arm-xilinx-eabi-g++ -Wall -O0 -g3 -c -fmessage-length=0 -MT"src/main.o" -I../../proj3_bsp/ps7_cortexa9_0/include -MMD -MP -MF"src/main.d" -MT"src/main.d" -o "src/main.o" "../src/main.cpp"
../src/main.cpp:12:0: warning: "N" redefined
 #define N 28
 ^
In file included from ../src/main.cpp:10:0:
../src/main.h:4:0: note: this is the location of the previous definition
 #define N 6
 ^
../src/main.cpp:13:0: warning: "M" redefined
 #define M 5
 ^
In file included from ../src/main.cpp:10:0:
../src/main.h:5:0: note: this is the location of the previous definition
 #define M 3
 ^
../src/main.cpp: In function 'int main()':
../src/main.cpp:152:28: error: 'in_mat_b' was not declared in this scope
     obj_detector(in_mat_a, in_mat_b, hw_result);
                            ^
../src/main.cpp:160:33: error: invalid types 'mat_conv {aka float}[int]' for array subscript
  if (!nearlyEqual(hw_result[i][j], sw_result[i][j])) {
                                 ^
../src/main.cpp:160:50: error: invalid types 'mat_conv {aka float}[int]' for array subscript
  if (!nearlyEqual(hw_result[i][j], sw_result[i][j])) {
                                                  ^
../src/main.cpp:161:76: error: invalid types 'mat_conv {aka float}[int]' for array subscript
    printf("Phase: \tRes[%d][%d]\tHW: %0.2f\tSW: %0.2f\n",i,j,hw_result[i][j],sw_result[i][j]);
                                                                            ^
../src/main.cpp:161:92: error: invalid types 'mat_conv {aka float}[int]' for array subscript
    printf("Phase: \tRes[%d][%d]\tHW: %0.2f\tSW: %0.2f\n",i,j,hw_result[i][j],sw_result[i][j]);
                                                                                            ^
../src/main.cpp: In function 'void obj_detector(mat_a (*)[28], mat_b (*)[5], mat_conv (*)[24])':
../src/main.cpp:198:27: error: 'cdma_dev_b' was not declared in this scope
  XAxiCdma_SimpleTransfer(&cdma_dev_b, (u32)(b), (u32)(BRAM_B_ID), M*M*sizeof(float), NULL, NULL);
                           ^
../src/main.cpp:198:55: error: 'BRAM_B_ID' was not declared in this scope
  XAxiCdma_SimpleTransfer(&cdma_dev_b, (u32)(b), (u32)(BRAM_B_ID), M*M*sizeof(float), NULL, NULL);
                                                       ^
../src/main.cpp:207:27: error: 'cdma_dev_conv' was not declared in this scope
  XAxiCdma_SimpleTransfer(&cdma_dev_conv, (u32)(BRAM_CONV_ID), (u32)(conv), (N-M+1)*(N-M+1)*sizeof(float), NULL, NULL);
                           ^
../src/main.cpp:207:48: error: 'BRAM_CONV_ID' was not declared in this scope
  XAxiCdma_SimpleTransfer(&cdma_dev_conv, (u32)(BRAM_CONV_ID), (u32)(conv), (N-M+1)*(N-M+1)*sizeof(float), NULL, NULL);
                                                ^
../src/main.cpp: In function 'void initialize(int&)':
../src/main.cpp:26:21: error: 'XPAR_HIER_BRAM_3_AXI_CDMA_0_DEVICE_ID' was not declared in this scope
 #define CDMA_RES_ID XPAR_HIER_BRAM_3_AXI_CDMA_0_DEVICE_ID
                     ^
../src/main.cpp:259:42: note: in expansion of macro 'CDMA_RES_ID'
  cdma_config_res = XAxiCdma_LookupConfig(CDMA_RES_ID);
                                          ^
../src/main.cpp:27:23: error: 'XPAR_HIER_BRAM_3_AXI_CDMA_0_BASEADDR' was not declared in this scope
 #define CDMA_RES_BASE XPAR_HIER_BRAM_3_AXI_CDMA_0_BASEADDR
                       ^
../src/main.cpp:260:64: note: in expansion of macro 'CDMA_RES_BASE'
  status = XAxiCdma_CfgInitialize(&cdma_dev_res,cdma_config_res,CDMA_RES_BASE);
                                                                ^
make: *** [src/main.o] Error 1
00:19:49 **** Incremental Build of configuration Debug for project proj3_bsp_xaxicdma_example_simple_poll_1 ****
make all 
make: Nothing to be done for `all'.
00:19:50 **** Incremental Build of configuration Debug for project proj4 ****
make all 
make: Nothing to be done for `all'.
00:20:49 **** Auto Build of configuration Debug for project proj4 ****
make all 
'Building file: ../src/main.cpp'
'Invoking: ARM g++ compiler'
arm-xilinx-eabi-g++ -Wall -O0 -g3 -I"C:\Users\sunny\Google_Drive\CMU\Courses\CMU\18643\vivado_projects\H05-lab3-1\project_1.sdk\proj4_bsp\ps7_cortexa9_0\libsrc\xilffs_v3_0\src\include" -c -fmessage-length=0 -MT"src/main.o" -I../../proj4_bsp/ps7_cortexa9_0/include -MMD -MP -MF"src/main.d" -MT"src/main.d" -o "src/main.o" "../src/main.cpp"
'Finished building: ../src/main.cpp'
' '
'Building target: proj4.elf'
'Invoking: ARM g++ linker'
arm-xilinx-eabi-g++ -Wl,-T -Wl,../src/lscript.ld -L../../proj4_bsp/ps7_cortexa9_0/lib -o "proj4.elf"  ./src/main.o   -Wl,--start-group,-lxil,-lgcc,-lc,-lstdc++,--end-group -Wl,--start-group,-lxilffs,-lxil,-lgcc,-lc,--end-group
'Finished building target: proj4.elf'
' '
'Invoking: ARM Print Size'
arm-xilinx-eabi-size proj4.elf  |tee "proj4.elf.size"
   text	   data	    bss	    dec	    hex	filename
  99408	   2444	  36880	 138732	  21dec	proj4.elf
'Finished building: proj4.elf.size'
' '
00:20:54 **** Incremental Build of configuration Debug for project proj3 ****
make all 
'Building file: ../src/main.cpp'
'Invoking: ARM g++ compiler'
arm-xilinx-eabi-g++ -Wall -O0 -g3 -c -fmessage-length=0 -MT"src/main.o" -I../../proj3_bsp/ps7_cortexa9_0/include -MMD -MP -MF"src/main.d" -MT"src/main.d" -o "src/main.o" "../src/main.cpp"
../src/main.cpp:12:0: warning: "N" redefined
 #define N 28
 ^
In file included from ../src/main.cpp:10:0:
../src/main.h:4:0: note: this is the location of the previous definition
 #define N 6
 ^
../src/main.cpp:13:0: warning: "M" redefined
 #define M 5
 ^
In file included from ../src/main.cpp:10:0:
../src/main.h:5:0: note: this is the location of the previous definition
 #define M 3
 ^
../src/main.cpp: In function 'int main()':
../src/main.cpp:152:28: error: 'in_mat_b' was not declared in this scope
     obj_detector(in_mat_a, in_mat_b, hw_result);
                            ^
../src/main.cpp:160:33: error: invalid types 'mat_conv {aka float}[int]' for array subscript
  if (!nearlyEqual(hw_result[i][j], sw_result[i][j])) {
                                 ^
../src/main.cpp:160:50: error: invalid types 'mat_conv {aka float}[int]' for array subscript
  if (!nearlyEqual(hw_result[i][j], sw_result[i][j])) {
                                                  ^
../src/main.cpp:161:76: error: invalid types 'mat_conv {aka float}[int]' for array subscript
    printf("Phase: \tRes[%d][%d]\tHW: %0.2f\tSW: %0.2f\n",i,j,hw_result[i][j],sw_result[i][j]);
                                                                            ^
../src/main.cpp:161:92: error: invalid types 'mat_conv {aka float}[int]' for array subscript
    printf("Phase: \tRes[%d][%d]\tHW: %0.2f\tSW: %0.2f\n",i,j,hw_result[i][j],sw_result[i][j]);
                                                                                            ^
../src/main.cpp: In function 'void obj_detector(mat_a (*)[28], mat_b (*)[5], mat_conv (*)[24])':
../src/main.cpp:198:27: error: 'cdma_dev_b' was not declared in this scope
  XAxiCdma_SimpleTransfer(&cdma_dev_b, (u32)(b), (u32)(BRAM_B_ID), M*M*sizeof(float), NULL, NULL);
                           ^
../src/main.cpp:198:55: error: 'BRAM_B_ID' was not declared in this scope
  XAxiCdma_SimpleTransfer(&cdma_dev_b, (u32)(b), (u32)(BRAM_B_ID), M*M*sizeof(float), NULL, NULL);
                                                       ^
../src/main.cpp:207:27: error: 'cdma_dev_conv' was not declared in this scope
  XAxiCdma_SimpleTransfer(&cdma_dev_conv, (u32)(BRAM_CONV_ID), (u32)(conv), (N-M+1)*(N-M+1)*sizeof(float), NULL, NULL);
                           ^
../src/main.cpp:207:48: error: 'BRAM_CONV_ID' was not declared in this scope
  XAxiCdma_SimpleTransfer(&cdma_dev_conv, (u32)(BRAM_CONV_ID), (u32)(conv), (N-M+1)*(N-M+1)*sizeof(float), NULL, NULL);
                                                ^
../src/main.cpp: In function 'void initialize(int&)':
../src/main.cpp:26:21: error: 'XPAR_HIER_BRAM_3_AXI_CDMA_0_DEVICE_ID' was not declared in this scope
 #define CDMA_RES_ID XPAR_HIER_BRAM_3_AXI_CDMA_0_DEVICE_ID
                     ^
../src/main.cpp:259:42: note: in expansion of macro 'CDMA_RES_ID'
  cdma_config_res = XAxiCdma_LookupConfig(CDMA_RES_ID);
                                          ^
../src/main.cpp:27:23: error: 'XPAR_HIER_BRAM_3_AXI_CDMA_0_BASEADDR' was not declared in this scope
 #define CDMA_RES_BASE XPAR_HIER_BRAM_3_AXI_CDMA_0_BASEADDR
                       ^
../src/main.cpp:260:64: note: in expansion of macro 'CDMA_RES_BASE'
  status = XAxiCdma_CfgInitialize(&cdma_dev_res,cdma_config_res,CDMA_RES_BASE);
                                                                ^
make: *** [src/main.o] Error 1
00:20:55 **** Incremental Build of configuration Debug for project proj3_bsp_xaxicdma_example_simple_poll_1 ****
make all 
make: Nothing to be done for `all'.
00:20:56 **** Incremental Build of configuration Debug for project proj4 ****
make all 
make: Nothing to be done for `all'.
00:21:13 **** Auto Build of configuration Debug for project proj4 ****
make all 
'Building file: ../src/main.cpp'
'Invoking: ARM g++ compiler'
arm-xilinx-eabi-g++ -Wall -O0 -g3 -I"C:\Users\sunny\Google_Drive\CMU\Courses\CMU\18643\vivado_projects\H05-lab3-1\project_1.sdk\proj4_bsp\ps7_cortexa9_0\libsrc\xilffs_v3_0\src\include" -c -fmessage-length=0 -MT"src/main.o" -I../../proj4_bsp/ps7_cortexa9_0/include -MMD -MP -MF"src/main.d" -MT"src/main.d" -o "src/main.o" "../src/main.cpp"
'Finished building: ../src/main.cpp'
' '
'Building target: proj4.elf'
'Invoking: ARM g++ linker'
arm-xilinx-eabi-g++ -Wl,-T -Wl,../src/lscript.ld -L../../proj4_bsp/ps7_cortexa9_0/lib -o "proj4.elf"  ./src/main.o   -Wl,--start-group,-lxil,-lgcc,-lc,-lstdc++,--end-group -Wl,--start-group,-lxilffs,-lxil,-lgcc,-lc,--end-group
'Finished building target: proj4.elf'
' '
'Invoking: ARM Print Size'
arm-xilinx-eabi-size proj4.elf  |tee "proj4.elf.size"
   text	   data	    bss	    dec	    hex	filename
  99408	   2444	  36880	 138732	  21dec	proj4.elf
'Finished building: proj4.elf.size'
' '
00:21:17 **** Incremental Build of configuration Debug for project proj3 ****
make all 
'Building file: ../src/main.cpp'
'Invoking: ARM g++ compiler'
arm-xilinx-eabi-g++ -Wall -O0 -g3 -c -fmessage-length=0 -MT"src/main.o" -I../../proj3_bsp/ps7_cortexa9_0/include -MMD -MP -MF"src/main.d" -MT"src/main.d" -o "src/main.o" "../src/main.cpp"
../src/main.cpp:12:0: warning: "N" redefined
 #define N 28
 ^
In file included from ../src/main.cpp:10:0:
../src/main.h:4:0: note: this is the location of the previous definition
 #define N 6
 ^
../src/main.cpp:13:0: warning: "M" redefined
 #define M 5
 ^
In file included from ../src/main.cpp:10:0:
../src/main.h:5:0: note: this is the location of the previous definition
 #define M 3
 ^
../src/main.cpp: In function 'int main()':
../src/main.cpp:152:28: error: 'in_mat_b' was not declared in this scope
     obj_detector(in_mat_a, in_mat_b, hw_result);
                            ^
../src/main.cpp:160:33: error: invalid types 'mat_conv {aka float}[int]' for array subscript
  if (!nearlyEqual(hw_result[i][j], sw_result[i][j])) {
                                 ^
../src/main.cpp:160:50: error: invalid types 'mat_conv {aka float}[int]' for array subscript
  if (!nearlyEqual(hw_result[i][j], sw_result[i][j])) {
                                                  ^
../src/main.cpp:161:76: error: invalid types 'mat_conv {aka float}[int]' for array subscript
    printf("Phase: \tRes[%d][%d]\tHW: %0.2f\tSW: %0.2f\n",i,j,hw_result[i][j],sw_result[i][j]);
                                                                            ^
../src/main.cpp:161:92: error: invalid types 'mat_conv {aka float}[int]' for array subscript
    printf("Phase: \tRes[%d][%d]\tHW: %0.2f\tSW: %0.2f\n",i,j,hw_result[i][j],sw_result[i][j]);
                                                                                            ^
../src/main.cpp: In function 'void obj_detector(mat_a (*)[28], mat_b (*)[5], mat_conv (*)[24])':
../src/main.cpp:198:27: error: 'cdma_dev_b' was not declared in this scope
  XAxiCdma_SimpleTransfer(&cdma_dev_b, (u32)(b), (u32)(BRAM_B_ID), M*M*sizeof(float), NULL, NULL);
                           ^
../src/main.cpp:198:55: error: 'BRAM_B_ID' was not declared in this scope
  XAxiCdma_SimpleTransfer(&cdma_dev_b, (u32)(b), (u32)(BRAM_B_ID), M*M*sizeof(float), NULL, NULL);
                                                       ^
../src/main.cpp:207:27: error: 'cdma_dev_conv' was not declared in this scope
  XAxiCdma_SimpleTransfer(&cdma_dev_conv, (u32)(BRAM_CONV_ID), (u32)(conv), (N-M+1)*(N-M+1)*sizeof(float), NULL, NULL);
                           ^
../src/main.cpp:207:48: error: 'BRAM_CONV_ID' was not declared in this scope
  XAxiCdma_SimpleTransfer(&cdma_dev_conv, (u32)(BRAM_CONV_ID), (u32)(conv), (N-M+1)*(N-M+1)*sizeof(float), NULL, NULL);
                                                ^
../src/main.cpp: In function 'void initialize(int&)':
../src/main.cpp:26:21: error: 'XPAR_HIER_BRAM_3_AXI_CDMA_0_DEVICE_ID' was not declared in this scope
 #define CDMA_RES_ID XPAR_HIER_BRAM_3_AXI_CDMA_0_DEVICE_ID
                     ^
../src/main.cpp:259:42: note: in expansion of macro 'CDMA_RES_ID'
  cdma_config_res = XAxiCdma_LookupConfig(CDMA_RES_ID);
                                          ^
../src/main.cpp:27:23: error: 'XPAR_HIER_BRAM_3_AXI_CDMA_0_BASEADDR' was not declared in this scope
 #define CDMA_RES_BASE XPAR_HIER_BRAM_3_AXI_CDMA_0_BASEADDR
                       ^
../src/main.cpp:260:64: note: in expansion of macro 'CDMA_RES_BASE'
  status = XAxiCdma_CfgInitialize(&cdma_dev_res,cdma_config_res,CDMA_RES_BASE);
                                                                ^
make: *** [src/main.o] Error 1
00:21:18 **** Incremental Build of configuration Debug for project proj3_bsp_xaxicdma_example_simple_poll_1 ****
make all 
make: Nothing to be done for `all'.
00:21:19 **** Incremental Build of configuration Debug for project proj4 ****
make all 
make: Nothing to be done for `all'.
00:21:34 **** Auto Build of configuration Debug for project proj4 ****
make all 
'Building file: ../src/main.cpp'
'Invoking: ARM g++ compiler'
arm-xilinx-eabi-g++ -Wall -O0 -g3 -I"C:\Users\sunny\Google_Drive\CMU\Courses\CMU\18643\vivado_projects\H05-lab3-1\project_1.sdk\proj4_bsp\ps7_cortexa9_0\libsrc\xilffs_v3_0\src\include" -c -fmessage-length=0 -MT"src/main.o" -I../../proj4_bsp/ps7_cortexa9_0/include -MMD -MP -MF"src/main.d" -MT"src/main.d" -o "src/main.o" "../src/main.cpp"
'Finished building: ../src/main.cpp'
' '
'Building target: proj4.elf'
'Invoking: ARM g++ linker'
arm-xilinx-eabi-g++ -Wl,-T -Wl,../src/lscript.ld -L../../proj4_bsp/ps7_cortexa9_0/lib -o "proj4.elf"  ./src/main.o   -Wl,--start-group,-lxil,-lgcc,-lc,-lstdc++,--end-group -Wl,--start-group,-lxilffs,-lxil,-lgcc,-lc,--end-group
'Finished building target: proj4.elf'
' '
'Invoking: ARM Print Size'
arm-xilinx-eabi-size proj4.elf  |tee "proj4.elf.size"
   text	   data	    bss	    dec	    hex	filename
  99408	   2444	  36880	 138732	  21dec	proj4.elf
'Finished building: proj4.elf.size'
' '
00:21:39 **** Incremental Build of configuration Debug for project proj3 ****
make all 
'Building file: ../src/main.cpp'
'Invoking: ARM g++ compiler'
arm-xilinx-eabi-g++ -Wall -O0 -g3 -c -fmessage-length=0 -MT"src/main.o" -I../../proj3_bsp/ps7_cortexa9_0/include -MMD -MP -MF"src/main.d" -MT"src/main.d" -o "src/main.o" "../src/main.cpp"
../src/main.cpp:12:0: warning: "N" redefined
 #define N 28
 ^
In file included from ../src/main.cpp:10:0:
../src/main.h:4:0: note: this is the location of the previous definition
 #define N 6
 ^
../src/main.cpp:13:0: warning: "M" redefined
 #define M 5
 ^
In file included from ../src/main.cpp:10:0:
../src/main.h:5:0: note: this is the location of the previous definition
 #define M 3
 ^
../src/main.cpp: In function 'int main()':
../src/main.cpp:152:28: error: 'in_mat_b' was not declared in this scope
     obj_detector(in_mat_a, in_mat_b, hw_result);
                            ^
../src/main.cpp:160:33: error: invalid types 'mat_conv {aka float}[int]' for array subscript
  if (!nearlyEqual(hw_result[i][j], sw_result[i][j])) {
                                 ^
../src/main.cpp:160:50: error: invalid types 'mat_conv {aka float}[int]' for array subscript
  if (!nearlyEqual(hw_result[i][j], sw_result[i][j])) {
                                                  ^
../src/main.cpp:161:76: error: invalid types 'mat_conv {aka float}[int]' for array subscript
    printf("Phase: \tRes[%d][%d]\tHW: %0.2f\tSW: %0.2f\n",i,j,hw_result[i][j],sw_result[i][j]);
                                                                            ^
../src/main.cpp:161:92: error: invalid types 'mat_conv {aka float}[int]' for array subscript
    printf("Phase: \tRes[%d][%d]\tHW: %0.2f\tSW: %0.2f\n",i,j,hw_result[i][j],sw_result[i][j]);
                                                                                            ^
../src/main.cpp: In function 'void obj_detector(mat_a (*)[28], mat_b (*)[5], mat_conv (*)[24])':
../src/main.cpp:198:27: error: 'cdma_dev_b' was not declared in this scope
  XAxiCdma_SimpleTransfer(&cdma_dev_b, (u32)(b), (u32)(BRAM_B_ID), M*M*sizeof(float), NULL, NULL);
                           ^
../src/main.cpp:198:55: error: 'BRAM_B_ID' was not declared in this scope
  XAxiCdma_SimpleTransfer(&cdma_dev_b, (u32)(b), (u32)(BRAM_B_ID), M*M*sizeof(float), NULL, NULL);
                                                       ^
../src/main.cpp:207:27: error: 'cdma_dev_conv' was not declared in this scope
  XAxiCdma_SimpleTransfer(&cdma_dev_conv, (u32)(BRAM_CONV_ID), (u32)(conv), (N-M+1)*(N-M+1)*sizeof(float), NULL, NULL);
                           ^
../src/main.cpp:207:48: error: 'BRAM_CONV_ID' was not declared in this scope
  XAxiCdma_SimpleTransfer(&cdma_dev_conv, (u32)(BRAM_CONV_ID), (u32)(conv), (N-M+1)*(N-M+1)*sizeof(float), NULL, NULL);
                                                ^
../src/main.cpp: In function 'void initialize(int&)':
../src/main.cpp:26:21: error: 'XPAR_HIER_BRAM_3_AXI_CDMA_0_DEVICE_ID' was not declared in this scope
 #define CDMA_RES_ID XPAR_HIER_BRAM_3_AXI_CDMA_0_DEVICE_ID
                     ^
../src/main.cpp:259:42: note: in expansion of macro 'CDMA_RES_ID'
  cdma_config_res = XAxiCdma_LookupConfig(CDMA_RES_ID);
                                          ^
../src/main.cpp:27:23: error: 'XPAR_HIER_BRAM_3_AXI_CDMA_0_BASEADDR' was not declared in this scope
 #define CDMA_RES_BASE XPAR_HIER_BRAM_3_AXI_CDMA_0_BASEADDR
                       ^
../src/main.cpp:260:64: note: in expansion of macro 'CDMA_RES_BASE'
  status = XAxiCdma_CfgInitialize(&cdma_dev_res,cdma_config_res,CDMA_RES_BASE);
                                                                ^
make: *** [src/main.o] Error 1
00:21:39 **** Incremental Build of configuration Debug for project proj3_bsp_xaxicdma_example_simple_poll_1 ****
make all 
make: Nothing to be done for `all'.
00:21:40 **** Incremental Build of configuration Debug for project proj4 ****
make all 
make: Nothing to be done for `all'.
