

================================================================
== Vivado HLS Report for 'convolve'
================================================================
* Date:           Wed Nov 30 16:23:57 2016

* Version:        2015.2 (Build 1266856 on Fri Jun 26 16:57:37 PM 2015)
* Project:        convolution_layer_1
* Solution:       solution2
* Product family: zynq
* Target device:  xc7z020clg484-1


================================================================
== Performance Estimates
================================================================
+ Timing (ns): 
    * Summary: 
    +--------+-------+----------+------------+
    |  Clock | Target| Estimated| Uncertainty|
    +--------+-------+----------+------------+
    |ap_clk  |  10.00|      8.53|        1.25|
    +--------+-------+----------+------------+

+ Latency (clock cycles): 
    * Summary: 
    +-------+-------+-------+-------+----------+
    |    Latency    |    Interval   | Pipeline |
    |  min  |  max  |  min  |  max  |   Type   |
    +-------+-------+-------+-------+----------+
    |  91882|  91882|  91883|  91883| dataflow |
    +-------+-------+-------+-------+----------+

    + Detail: 
        * Instance: 
        +-------------------------------------------+---------------------------------+-------+-------+-------+-------+---------+
        |                                           |                                 |    Latency    |    Interval   | Pipeline|
        |                  Instance                 |              Module             |  min  |  max  |  min  |  max  |   Type  |
        +-------------------------------------------+---------------------------------+-------+-------+-------+-------+---------+
        |grp_convolve_Loop_BUFFER_RESET_proc_fu_38  |convolve_Loop_BUFFER_RESET_proc  |  91882|  91882|  91882|  91882|   none  |
        |stg_15_convolve_Block_proc_fu_48           |convolve_Block_proc              |      0|      0|      0|      0|   none  |
        +-------------------------------------------+---------------------------------+-------+-------+-------+-------+---------+

        * Loop: 
        N/A



================================================================
== Utilization Estimates
================================================================
* Summary: 
+-----------------+---------+-------+--------+-------+
|       Name      | BRAM_18K| DSP48E|   FF   |  LUT  |
+-----------------+---------+-------+--------+-------+
|Expression       |        -|      -|       -|      -|
|FIFO             |        -|      -|       -|      -|
|Instance         |        1|      5|    3551|   4128|
|Memory           |        -|      -|       -|      -|
|Multiplexer      |        -|      -|       -|      -|
|Register         |        -|      -|       3|      -|
+-----------------+---------+-------+--------+-------+
|Total            |        1|      5|    3554|   4128|
+-----------------+---------+-------+--------+-------+
|Available        |      280|    220|  106400|  53200|
+-----------------+---------+-------+--------+-------+
|Utilization (%)  |    ~0   |      2|       3|      7|
+-----------------+---------+-------+--------+-------+

+ Detail: 
    * Instance: 
    +------------------------------------+---------------------------------+---------+-------+------+------+
    |              Instance              |              Module             | BRAM_18K| DSP48E|  FF  |  LUT |
    +------------------------------------+---------------------------------+---------+-------+------+------+
    |convolve_Block_proc_U0              |convolve_Block_proc              |        0|      0|     2|     1|
    |convolve_Loop_BUFFER_RESET_proc_U0  |convolve_Loop_BUFFER_RESET_proc  |        1|      5|  3549|  4127|
    +------------------------------------+---------------------------------+---------+-------+------+------+
    |Total                               |                                 |        1|      5|  3551|  4128|
    +------------------------------------+---------------------------------+---------+-------+------+------+

    * Memory: 
    N/A

    * FIFO: 
    N/A

    * Expression: 
    N/A

    * Multiplexer: 
    N/A

    * Register: 
    +----------------------------------------------------+---+----+-----+-----------+
    |                        Name                        | FF| LUT| Bits| Const Bits|
    +----------------------------------------------------+---+----+-----+-----------+
    |ap_CS                                               |  1|   0|    1|          0|
    |ap_reg_procdone_convolve_Block_proc_U0              |  1|   0|    1|          0|
    |ap_reg_procdone_convolve_Loop_BUFFER_RESET_proc_U0  |  1|   0|    1|          0|
    +----------------------------------------------------+---+----+-----+-----------+
    |Total                                               |  3|   0|    3|          0|
    +----------------------------------------------------+---+----+-----+-----------+



================================================================
== Interface
================================================================
* Summary: 
+----------------------+-----+-----+------------+---------------+--------------+
|       RTL Ports      | Dir | Bits|  Protocol  | Source Object |    C Type    |
+----------------------+-----+-----+------------+---------------+--------------+
|image_V_dout          |  in |    8|   ap_fifo  |    image_V    |    pointer   |
|image_V_empty_n       |  in |    1|   ap_fifo  |    image_V    |    pointer   |
|image_V_read          | out |    1|   ap_fifo  |    image_V    |    pointer   |
|weights_address0      | out |    5|  ap_memory |    weights    |     array    |
|weights_ce0           | out |    1|  ap_memory |    weights    |     array    |
|weights_d0            | out |   32|  ap_memory |    weights    |     array    |
|weights_q0            |  in |   32|  ap_memory |    weights    |     array    |
|weights_we0           | out |    1|  ap_memory |    weights    |     array    |
|weights_address1      | out |    5|  ap_memory |    weights    |     array    |
|weights_ce1           | out |    1|  ap_memory |    weights    |     array    |
|weights_d1            | out |   32|  ap_memory |    weights    |     array    |
|weights_q1            |  in |   32|  ap_memory |    weights    |     array    |
|weights_we1           | out |    1|  ap_memory |    weights    |     array    |
|conv_output_V_din     | out |    8|   ap_fifo  | conv_output_V |    pointer   |
|conv_output_V_full_n  |  in |    1|   ap_fifo  | conv_output_V |    pointer   |
|conv_output_V_write   | out |    1|   ap_fifo  | conv_output_V |    pointer   |
|done                  | out |    1|   ap_none  |      done     |    pointer   |
|ap_clk                |  in |    1| ap_ctrl_hs |    convolve   | return value |
|ap_rst                |  in |    1| ap_ctrl_hs |    convolve   | return value |
|ap_done               | out |    1| ap_ctrl_hs |    convolve   | return value |
|ap_start              |  in |    1| ap_ctrl_hs |    convolve   | return value |
|ap_idle               | out |    1| ap_ctrl_hs |    convolve   | return value |
|ap_ready              | out |    1| ap_ctrl_hs |    convolve   | return value |
+----------------------+-----+-----+------------+---------------+--------------+

