

================================================================
== Vivado HLS Report for 'obj_detector_convolve'
================================================================
* Date:           Thu Dec  1 08:40:57 2016

* Version:        2015.2 (Build 1266856 on Fri Jun 26 16:57:37 PM 2015)
* Project:        proj1_hls
* Solution:       solution1
* Product family: zynq
* Target device:  xc7z020clg484-1


================================================================
== Performance Estimates
================================================================
+ Timing (ns): 
    * Summary: 
    +--------+-------+----------+------------+
    |  Clock | Target| Estimated| Uncertainty|
    +--------+-------+----------+------------+
    |ap_clk  |  20.00|     15.48|        2.50|
    +--------+-------+----------+------------+

+ Latency (clock cycles): 
    * Summary: 
    +------+------+------+------+---------+
    |   Latency   |   Interval  | Pipeline|
    |  min |  max |  min |  max |   Type  |
    +------+------+------+------+---------+
    |  3379|  3379|  3379|  3379|   none  |
    +------+------+------+------+---------+

    + Detail: 
        * Instance: 
        N/A

        * Loop: 
        +-------------------+------+------+----------+-----------+-----------+------+----------+
        |                   |   Latency   | Iteration|  Initiation Interval  | Trip |          |
        |     Loop Name     |  min |  max |  Latency |  achieved |   target  | Count| Pipelined|
        +-------------------+------+------+----------+-----------+-----------+------+----------+
        |- convolve_label5  |  3377|  3377|       158|        140|          1|    24|    yes   |
        +-------------------+------+------+----------+-----------+-----------+------+----------+



================================================================
== Utilization Estimates
================================================================
* Summary: 
+-----------------+---------+-------+--------+-------+
|       Name      | BRAM_18K| DSP48E|   FF   |  LUT  |
+-----------------+---------+-------+--------+-------+
|Expression       |        -|      1|       0|   2935|
|FIFO             |        -|      -|       -|      -|
|Instance         |        -|     25|    1775|   3615|
|Memory           |        -|      -|       -|      -|
|Multiplexer      |        -|      -|       -|   5254|
|Register         |        -|      -|    4684|      -|
+-----------------+---------+-------+--------+-------+
|Total            |        0|     26|    6459|  11804|
+-----------------+---------+-------+--------+-------+
|Available        |      280|    220|  106400|  53200|
+-----------------+---------+-------+--------+-------+
|Utilization (%)  |        0|     11|       6|     22|
+-----------------+---------+-------+--------+-------+

+ Detail: 
    * Instance: 
    +----------------------------------------------+-------------------------------------------+---------+-------+-----+-----+
    |                   Instance                   |                   Module                  | BRAM_18K| DSP48E|  FF | LUT |
    +----------------------------------------------+-------------------------------------------+---------+-------+-----+-----+
    |obj_detector_fadd_32ns_32ns_32_4_full_dsp_U1  |obj_detector_fadd_32ns_32ns_32_4_full_dsp  |        0|      2|  227|  403|
    |obj_detector_fadd_32ns_32ns_32_4_full_dsp_U2  |obj_detector_fadd_32ns_32ns_32_4_full_dsp  |        0|      2|  227|  403|
    |obj_detector_fadd_32ns_32ns_32_4_full_dsp_U3  |obj_detector_fadd_32ns_32ns_32_4_full_dsp  |        0|      2|  227|  403|
    |obj_detector_fadd_32ns_32ns_32_4_full_dsp_U4  |obj_detector_fadd_32ns_32ns_32_4_full_dsp  |        0|      2|  227|  403|
    |obj_detector_fadd_32ns_32ns_32_4_full_dsp_U5  |obj_detector_fadd_32ns_32ns_32_4_full_dsp  |        0|      2|  227|  403|
    |obj_detector_fmul_32ns_32ns_32_1_max_dsp_U6   |obj_detector_fmul_32ns_32ns_32_1_max_dsp   |        0|      3|  128|  320|
    |obj_detector_fmul_32ns_32ns_32_1_max_dsp_U7   |obj_detector_fmul_32ns_32ns_32_1_max_dsp   |        0|      3|  128|  320|
    |obj_detector_fmul_32ns_32ns_32_1_max_dsp_U8   |obj_detector_fmul_32ns_32ns_32_1_max_dsp   |        0|      3|  128|  320|
    |obj_detector_fmul_32ns_32ns_32_1_max_dsp_U9   |obj_detector_fmul_32ns_32ns_32_1_max_dsp   |        0|      3|  128|  320|
    |obj_detector_fmul_32ns_32ns_32_1_max_dsp_U10  |obj_detector_fmul_32ns_32ns_32_1_max_dsp   |        0|      3|  128|  320|
    +----------------------------------------------+-------------------------------------------+---------+-------+-----+-----+
    |Total                                         |                                           |        0|     25| 1775| 3615|
    +----------------------------------------------+-------------------------------------------+---------+-------+-----+-----+

    * Memory: 
    N/A

    * FIFO: 
    N/A

    * Expression: 
    +----------------------+----------+-------+---+----+------------+------------+
    |     Variable Name    | Operation| DSP48E| FF| LUT| Bitwidth P0| Bitwidth P1|
    +----------------------+----------+-------+---+----+------------+------------+
    |p_addr_fu_2417_p2     |     *    |      1|  0|   5|           5|           3|
    |i_7_fu_4008_p2        |     +    |      0|  0|   5|           5|           1|
    |p_addr100_fu_2746_p2  |     +    |      0|  0|  10|          10|          10|
    |p_addr102_fu_4740_p2  |     +    |      0|  0|  12|          12|           5|
    |p_addr105_fu_4325_p2  |     +    |      0|  0|  12|          12|           5|
    |p_addr108_fu_3896_p2  |     +    |      0|  0|  12|          12|           5|
    |p_addr109_fu_2831_p2  |     +    |      0|  0|  12|          12|           3|
    |p_addr111_fu_3479_p2  |     +    |      0|  0|  12|          12|           5|
    |p_addr114_fu_3056_p2  |     +    |      0|  0|  12|          12|           5|
    |p_addr116_fu_3254_p2  |     +    |      0|  0|  12|          12|           3|
    |p_addr117_fu_4726_p2  |     +    |      0|  0|  12|          12|           5|
    |p_addr120_fu_4311_p2  |     +    |      0|  0|  12|          12|           5|
    |p_addr123_fu_3882_p2  |     +    |      0|  0|  12|          12|           5|
    |p_addr124_fu_3671_p2  |     +    |      0|  0|  12|          12|           3|
    |p_addr126_fu_3465_p2  |     +    |      0|  0|  12|          12|           5|
    |p_addr129_fu_3042_p2  |     +    |      0|  0|  12|          12|           5|
    |p_addr12_fu_4897_p2   |     +    |      0|  0|  12|          12|           5|
    |p_addr131_fu_4100_p2  |     +    |      0|  0|  12|          12|           3|
    |p_addr132_fu_4712_p2  |     +    |      0|  0|  12|          12|           5|
    |p_addr135_fu_4297_p2  |     +    |      0|  0|  12|          12|           5|
    |p_addr138_fu_3868_p2  |     +    |      0|  0|  12|          12|           5|
    |p_addr139_fu_4515_p2  |     +    |      0|  0|  12|          12|           3|
    |p_addr141_fu_3451_p2  |     +    |      0|  0|  12|          12|           5|
    |p_addr142_fu_2846_p2  |     +    |      0|  0|  12|          12|           3|
    |p_addr143_fu_3269_p2  |     +    |      0|  0|  12|          12|           3|
    |p_addr144_fu_3028_p2  |     +    |      0|  0|  12|          12|           5|
    |p_addr145_fu_3686_p2  |     +    |      0|  0|  12|          12|           3|
    |p_addr146_fu_4115_p2  |     +    |      0|  0|  12|          12|           3|
    |p_addr147_fu_4698_p2  |     +    |      0|  0|  12|          12|           5|
    |p_addr148_fu_4530_p2  |     +    |      0|  0|  12|          12|           3|
    |p_addr150_fu_4283_p2  |     +    |      0|  0|  12|          12|           5|
    |p_addr151_fu_2860_p2  |     +    |      0|  0|  12|          12|           3|
    |p_addr152_fu_3283_p2  |     +    |      0|  0|  12|          12|           3|
    |p_addr153_fu_3854_p2  |     +    |      0|  0|  12|          12|           5|
    |p_addr154_fu_3700_p2  |     +    |      0|  0|  12|          12|           3|
    |p_addr155_fu_4129_p2  |     +    |      0|  0|  12|          12|           3|
    |p_addr156_fu_3437_p2  |     +    |      0|  0|  12|          12|           5|
    |p_addr157_fu_4544_p2  |     +    |      0|  0|  12|          12|           3|
    |p_addr159_fu_3014_p2  |     +    |      0|  0|  12|          12|           5|
    |p_addr15_fu_4409_p2   |     +    |      0|  0|  12|          12|           5|
    |p_addr160_fu_2874_p2  |     +    |      0|  0|  12|          12|           3|
    |p_addr161_fu_3297_p2  |     +    |      0|  0|  12|          12|           3|
    |p_addr162_fu_4684_p2  |     +    |      0|  0|  12|          12|           5|
    |p_addr163_fu_3714_p2  |     +    |      0|  0|  12|          12|           3|
    |p_addr164_fu_4143_p2  |     +    |      0|  0|  12|          12|           3|
    |p_addr165_fu_4269_p2  |     +    |      0|  0|  12|          12|           5|
    |p_addr166_fu_4558_p2  |     +    |      0|  0|  12|          12|           3|
    |p_addr168_fu_3840_p2  |     +    |      0|  0|  12|          12|           5|
    |p_addr169_fu_2888_p2  |     +    |      0|  0|  12|          12|           4|
    |p_addr170_fu_3311_p2  |     +    |      0|  0|  12|          12|           4|
    |p_addr171_fu_3423_p2  |     +    |      0|  0|  12|          12|           5|
    |p_addr172_fu_3728_p2  |     +    |      0|  0|  12|          12|           4|
    |p_addr173_fu_4157_p2  |     +    |      0|  0|  12|          12|           4|
    |p_addr174_fu_3000_p2  |     +    |      0|  0|  12|          12|           5|
    |p_addr175_fu_4572_p2  |     +    |      0|  0|  12|          12|           4|
    |p_addr177_fu_4670_p2  |     +    |      0|  0|  12|          12|           4|
    |p_addr178_fu_2902_p2  |     +    |      0|  0|  12|          12|           4|
    |p_addr179_fu_3325_p2  |     +    |      0|  0|  12|          12|           4|
    |p_addr180_fu_4255_p2  |     +    |      0|  0|  12|          12|           4|
    |p_addr181_fu_3742_p2  |     +    |      0|  0|  12|          12|           4|
    |p_addr182_fu_4171_p2  |     +    |      0|  0|  12|          12|           4|
    |p_addr183_fu_3826_p2  |     +    |      0|  0|  12|          12|           4|
    |p_addr184_fu_4586_p2  |     +    |      0|  0|  12|          12|           4|
    |p_addr186_fu_3409_p2  |     +    |      0|  0|  12|          12|           4|
    |p_addr187_fu_2916_p2  |     +    |      0|  0|  12|          12|           4|
    |p_addr188_fu_3339_p2  |     +    |      0|  0|  12|          12|           4|
    |p_addr189_fu_2986_p2  |     +    |      0|  0|  12|          12|           4|
    |p_addr18_fu_3980_p2   |     +    |      0|  0|  12|          12|           5|
    |p_addr190_fu_3756_p2  |     +    |      0|  0|  12|          12|           4|
    |p_addr191_fu_4185_p2  |     +    |      0|  0|  12|          12|           4|
    |p_addr192_fu_4656_p2  |     +    |      0|  0|  12|          12|           4|
    |p_addr193_fu_4600_p2  |     +    |      0|  0|  12|          12|           4|
    |p_addr195_fu_4241_p2  |     +    |      0|  0|  12|          12|           4|
    |p_addr196_fu_2930_p2  |     +    |      0|  0|  12|          12|           4|
    |p_addr197_fu_3353_p2  |     +    |      0|  0|  12|          12|           4|
    |p_addr198_fu_3812_p2  |     +    |      0|  0|  12|          12|           4|
    |p_addr199_fu_3770_p2  |     +    |      0|  0|  12|          12|           4|
    |p_addr1_fu_4921_p2    |     +    |      0|  0|  12|          12|           5|
    |p_addr200_fu_4199_p2  |     +    |      0|  0|  12|          12|           4|
    |p_addr201_fu_3395_p2  |     +    |      0|  0|  12|          12|           4|
    |p_addr202_fu_4614_p2  |     +    |      0|  0|  12|          12|           4|
    |p_addr203_fu_4955_p2  |     +    |      0|  0|  32|          32|           4|
    |p_addr204_fu_2972_p2  |     +    |      0|  0|  12|          12|           4|
    |p_addr205_fu_2944_p2  |     +    |      0|  0|  12|          12|           4|
    |p_addr206_fu_3367_p2  |     +    |      0|  0|  12|          12|           4|
    |p_addr207_fu_4642_p2  |     +    |      0|  0|  12|          12|           4|
    |p_addr208_fu_3784_p2  |     +    |      0|  0|  12|          12|           4|
    |p_addr209_fu_4213_p2  |     +    |      0|  0|  12|          12|           4|
    |p_addr210_fu_4227_p2  |     +    |      0|  0|  12|          12|           4|
    |p_addr211_fu_4628_p2  |     +    |      0|  0|  12|          12|           4|
    |p_addr212_fu_4965_p2  |     +    |      0|  0|  32|          32|           4|
    |p_addr213_fu_3798_p2  |     +    |      0|  0|  12|          12|           4|
    |p_addr214_fu_2958_p2  |     +    |      0|  0|  12|          12|           4|
    |p_addr215_fu_3381_p2  |     +    |      0|  0|  12|          12|           4|
    |p_addr216_fu_4975_p2  |     +    |      0|  0|  32|          32|           4|
    |p_addr217_fu_4985_p2  |     +    |      0|  0|  32|          32|           4|
    |p_addr218_fu_4995_p2  |     +    |      0|  0|  32|          32|           4|
    |p_addr219_fu_5005_p2  |     +    |      0|  0|  32|          32|           4|
    |p_addr21_fu_3563_p2   |     +    |      0|  0|  12|          12|           5|
    |p_addr220_fu_5015_p2  |     +    |      0|  0|  32|          32|           4|
    |p_addr221_fu_5025_p2  |     +    |      0|  0|  32|          32|           4|
    |p_addr222_fu_5035_p2  |     +    |      0|  0|  32|          32|           5|
    |p_addr223_fu_5045_p2  |     +    |      0|  0|  32|          32|           5|
    |p_addr224_fu_5055_p2  |     +    |      0|  0|  32|          32|           5|
    |p_addr225_fu_5065_p2  |     +    |      0|  0|  32|          32|           5|
    |p_addr226_fu_5075_p2  |     +    |      0|  0|  32|          32|           5|
    |p_addr227_fu_5085_p2  |     +    |      0|  0|  32|          32|           5|
    |p_addr228_fu_5095_p2  |     +    |      0|  0|  32|          32|           5|
    |p_addr229_fu_5105_p2  |     +    |      0|  0|  32|          32|           5|
    |p_addr24_fu_3140_p2   |     +    |      0|  0|  12|          12|           5|
    |p_addr27_fu_4873_p2   |     +    |      0|  0|  12|          12|           5|
    |p_addr30_fu_4395_p2   |     +    |      0|  0|  12|          12|           5|
    |p_addr33_fu_3966_p2   |     +    |      0|  0|  12|          12|           5|
    |p_addr36_fu_3549_p2   |     +    |      0|  0|  12|          12|           5|
    |p_addr39_fu_3126_p2   |     +    |      0|  0|  12|          12|           5|
    |p_addr3_fu_4423_p2    |     +    |      0|  0|  12|          12|           5|
    |p_addr42_fu_4849_p2   |     +    |      0|  0|  12|          12|           5|
    |p_addr45_fu_4381_p2   |     +    |      0|  0|  12|          12|           5|
    |p_addr48_fu_3952_p2   |     +    |      0|  0|  12|          12|           5|
    |p_addr51_fu_3535_p2   |     +    |      0|  0|  12|          12|           5|
    |p_addr54_fu_3112_p2   |     +    |      0|  0|  12|          12|           5|
    |p_addr57_fu_4825_p2   |     +    |      0|  0|  12|          12|           5|
    |p_addr5_fu_3994_p2    |     +    |      0|  0|  12|          12|           5|
    |p_addr60_fu_4367_p2   |     +    |      0|  0|  12|          12|           5|
    |p_addr62_fu_2432_p2   |     +    |      0|  0|   8|           1|           8|
    |p_addr63_fu_3938_p2   |     +    |      0|  0|  12|          12|           5|
    |p_addr64_fu_2443_p2   |     +    |      0|  0|   8|           2|           8|
    |p_addr65_fu_2454_p2   |     +    |      0|  0|   8|           2|           8|
    |p_addr66_fu_3521_p2   |     +    |      0|  0|  12|          12|           5|
    |p_addr67_fu_2465_p2   |     +    |      0|  0|   8|           3|           8|
    |p_addr68_fu_2476_p2   |     +    |      0|  0|   8|           3|           8|
    |p_addr69_fu_3098_p2   |     +    |      0|  0|  12|          12|           5|
    |p_addr70_fu_2487_p2   |     +    |      0|  0|   8|           3|           8|
    |p_addr71_fu_2498_p2   |     +    |      0|  0|   8|           3|           8|
    |p_addr72_fu_4801_p2   |     +    |      0|  0|  12|          12|           5|
    |p_addr73_fu_2509_p2   |     +    |      0|  0|   8|           4|           8|
    |p_addr74_fu_2520_p2   |     +    |      0|  0|   8|           4|           8|
    |p_addr75_fu_4353_p2   |     +    |      0|  0|  12|          12|           5|
    |p_addr76_fu_2531_p2   |     +    |      0|  0|   8|           4|           8|
    |p_addr77_fu_2542_p2   |     +    |      0|  0|   8|           4|           8|
    |p_addr78_fu_3924_p2   |     +    |      0|  0|  12|          12|           5|
    |p_addr79_fu_2553_p2   |     +    |      0|  0|   8|           4|           8|
    |p_addr7_fu_3577_p2    |     +    |      0|  0|  12|          12|           5|
    |p_addr80_fu_2564_p2   |     +    |      0|  0|   8|           4|           8|
    |p_addr81_fu_3507_p2   |     +    |      0|  0|  12|          12|           5|
    |p_addr82_fu_2575_p2   |     +    |      0|  0|   8|           4|           8|
    |p_addr83_fu_2586_p2   |     +    |      0|  0|   8|           4|           8|
    |p_addr84_fu_3084_p2   |     +    |      0|  0|  12|          12|           5|
    |p_addr85_fu_2597_p2   |     +    |      0|  0|   8|           5|           8|
    |p_addr86_fu_2608_p2   |     +    |      0|  0|   8|           5|           8|
    |p_addr87_fu_4754_p2   |     +    |      0|  0|  12|          12|           5|
    |p_addr88_fu_2619_p2   |     +    |      0|  0|   8|           5|           8|
    |p_addr89_fu_2630_p2   |     +    |      0|  0|   8|           5|           8|
    |p_addr90_fu_4339_p2   |     +    |      0|  0|  12|          12|           5|
    |p_addr91_fu_2641_p2   |     +    |      0|  0|   8|           5|           8|
    |p_addr92_fu_2652_p2   |     +    |      0|  0|   8|           5|           8|
    |p_addr93_fu_3910_p2   |     +    |      0|  0|  12|          12|           5|
    |p_addr94_fu_2663_p2   |     +    |      0|  0|   8|           5|           8|
    |p_addr95_fu_2674_p2   |     +    |      0|  0|   8|           5|           8|
    |p_addr96_fu_3493_p2   |     +    |      0|  0|  12|          12|           5|
    |p_addr97_fu_2685_p2   |     +    |      0|  0|   8|           5|           8|
    |p_addr99_fu_3070_p2   |     +    |      0|  0|  12|          12|           5|
    |p_addr9_fu_3154_p2    |     +    |      0|  0|  12|          12|           5|
    |tmp2_fu_2736_p2       |     +    |      0|  0|   5|           5|           3|
    |x_0_1_fu_3168_p2      |     +    |      0|  0|   5|           5|           2|
    |x_0_4_fu_4053_p2      |     +    |      0|  0|   5|           5|           2|
    |p_addr101_fu_4790_p2  |     -    |      0|  0|  32|          32|          32|
    |p_addr103_fu_2775_p2  |     -    |      0|  0|  11|          11|          11|
    |p_addr110_fu_3198_p2  |     -    |      0|  0|  11|          11|          11|
    |p_addr118_fu_3615_p2  |     -    |      0|  0|  11|          11|          11|
    |p_addr125_fu_4038_p2  |     -    |      0|  0|  11|          11|          11|
    |p_addr133_fu_4459_p2  |     -    |      0|  0|  11|          11|          11|
    |p_addr98_fu_2720_p2   |     -    |      0|  0|   9|           9|           9|
    |exitcond3_fu_2730_p2  |   icmp   |      0|  0|   2|           5|           4|
    |p_addr104_fu_2790_p2  |    or    |      0|  0|  44|          32|           1|
    |p_addr106_fu_2800_p2  |    or    |      0|  0|  13|          11|           2|
    |p_addr107_fu_2814_p2  |    or    |      0|  0|  13|          11|           2|
    |p_addr112_fu_3213_p2  |    or    |      0|  0|  44|          32|           1|
    |p_addr113_fu_3223_p2  |    or    |      0|  0|  13|          11|           2|
    |p_addr115_fu_3237_p2  |    or    |      0|  0|  13|          11|           2|
    |p_addr119_fu_3630_p2  |    or    |      0|  0|  44|          32|           1|
    |p_addr121_fu_3640_p2  |    or    |      0|  0|  13|          11|           2|
    |p_addr122_fu_3654_p2  |    or    |      0|  0|  13|          11|           2|
    |p_addr127_fu_4059_p2  |    or    |      0|  0|  44|          32|           1|
    |p_addr128_fu_4069_p2  |    or    |      0|  0|  13|          11|           2|
    |p_addr130_fu_4083_p2  |    or    |      0|  0|  13|          11|           2|
    |p_addr134_fu_4474_p2  |    or    |      0|  0|  44|          32|           1|
    |p_addr136_fu_4484_p2  |    or    |      0|  0|  13|          11|           2|
    |p_addr137_fu_4498_p2  |    or    |      0|  0|  13|          11|           2|
    |p_addr140_fu_4815_p2  |    or    |      0|  0|  44|          32|           1|
    |p_addr149_fu_4839_p2  |    or    |      0|  0|  44|          32|           2|
    |p_addr158_fu_4863_p2  |    or    |      0|  0|  44|          32|           2|
    |p_addr167_fu_4887_p2  |    or    |      0|  0|  44|          32|           3|
    |p_addr176_fu_4911_p2  |    or    |      0|  0|  44|          32|           3|
    |p_addr185_fu_4935_p2  |    or    |      0|  0|  44|          32|           3|
    |p_addr194_fu_4945_p2  |    or    |      0|  0|  44|          32|           3|
    +----------------------+----------+-------+---+----+------------+------------+
    |Total                 |          |      1|  0|2935|        2676|         947|
    +----------------------+----------+-------+---+----+------------+------------+

    * Multiplexer: 
    +------------------+------+-----------+-----+-----------+
    |       Name       |  LUT | Input Size| Bits| Total Bits|
    +------------------+------+-----------+-----+-----------+
    |A_Addr_A_orig     |  1440|        141|   32|       4512|
    |B_Addr_A_orig     |   224|         26|   32|        832|
    |ap_NS_fsm         |   360|        143|    1|        143|
    |conv_address0     |    84|         25|   12|        300|
    |conv_d0           |    32|          5|   32|        160|
    |grp_fu_1743_p0    |    96|         13|   32|        416|
    |grp_fu_1743_p1    |   320|         35|   32|       1120|
    |grp_fu_1748_p0    |   192|         21|   32|        672|
    |grp_fu_1748_p1    |   384|         40|   32|       1280|
    |grp_fu_1753_p0    |   224|         25|   32|        800|
    |grp_fu_1753_p1    |   416|         46|   32|       1472|
    |grp_fu_1758_p0    |   192|         21|   32|        672|
    |grp_fu_1758_p1    |   480|         49|   32|       1568|
    |grp_fu_1763_p0    |    96|         13|   32|        416|
    |grp_fu_1763_p1    |    32|          6|   32|        192|
    |grp_fu_1772_p1    |   224|         25|   32|        800|
    |grp_fu_1776_p1    |   192|         21|   32|        672|
    |grp_fu_1780_p1    |   160|         16|   32|        512|
    |grp_fu_1784_p1    |    64|         11|   32|        352|
    |grp_fu_1788_p1    |    32|          6|   32|        192|
    |i_phi_fu_1735_p4  |     5|          2|    5|         10|
    |i_reg_1731        |     5|          2|    5|         10|
    +------------------+------+-----------+-----+-----------+
    |Total             |  5254|        692|  599|      17103|
    +------------------+------+-----------+-----+-----------+

    * Register: 
    +-----------------------------------------+-----+----+-----+-----------+
    |                   Name                  |  FF | LUT| Bits| Const Bits|
    +-----------------------------------------+-----+----+-----+-----------+
    |B_addr_10_reg_5165                       |    8|   0|    8|          0|
    |B_addr_11_reg_5170                       |    8|   0|    8|          0|
    |B_addr_12_reg_5175                       |    8|   0|    8|          0|
    |B_addr_13_reg_5180                       |    8|   0|    8|          0|
    |B_addr_14_reg_5185                       |    8|   0|    8|          0|
    |B_addr_15_reg_5190                       |    8|   0|    8|          0|
    |B_addr_16_reg_5195                       |    8|   0|    8|          0|
    |B_addr_17_reg_5200                       |    8|   0|    8|          0|
    |B_addr_18_reg_5205                       |    8|   0|    8|          0|
    |B_addr_19_reg_5210                       |    8|   0|    8|          0|
    |B_addr_1_reg_5120                        |    8|   0|    8|          0|
    |B_addr_20_reg_5215                       |    8|   0|    8|          0|
    |B_addr_21_reg_5220                       |    8|   0|    8|          0|
    |B_addr_22_reg_5225                       |    8|   0|    8|          0|
    |B_addr_23_reg_5230                       |    8|   0|    8|          0|
    |B_addr_24_reg_5235                       |    8|   0|    8|          0|
    |B_addr_2_reg_5125                        |    8|   0|    8|          0|
    |B_addr_3_reg_5130                        |    8|   0|    8|          0|
    |B_addr_4_reg_5135                        |    8|   0|    8|          0|
    |B_addr_5_reg_5140                        |    8|   0|    8|          0|
    |B_addr_6_reg_5145                        |    8|   0|    8|          0|
    |B_addr_7_reg_5150                        |    8|   0|    8|          0|
    |B_addr_8_reg_5155                        |    8|   0|    8|          0|
    |B_addr_9_reg_5160                        |    8|   0|    8|          0|
    |B_addr_reg_5115                          |    8|   0|    8|          0|
    |B_load_10_reg_5410                       |   32|   0|   32|          0|
    |B_load_11_reg_5424                       |   32|   0|   32|          0|
    |B_load_12_reg_5437                       |   32|   0|   32|          0|
    |B_load_13_reg_5449                       |   32|   0|   32|          0|
    |B_load_14_reg_5460                       |   32|   0|   32|          0|
    |B_load_15_reg_5470                       |   32|   0|   32|          0|
    |B_load_16_reg_5484                       |   32|   0|   32|          0|
    |B_load_17_reg_5497                       |   32|   0|   32|          0|
    |B_load_18_reg_5509                       |   32|   0|   32|          0|
    |B_load_19_reg_5520                       |   32|   0|   32|          0|
    |B_load_1_reg_5277                        |   32|   0|   32|          0|
    |B_load_20_reg_5530                       |   32|   0|   32|          0|
    |B_load_21_reg_5544                       |   32|   0|   32|          0|
    |B_load_22_reg_5557                       |   32|   0|   32|          0|
    |B_load_23_reg_5569                       |   32|   0|   32|          0|
    |B_load_2_reg_5290                        |   32|   0|   32|          0|
    |B_load_3_reg_5329                        |   32|   0|   32|          0|
    |B_load_4_reg_5340                        |   32|   0|   32|          0|
    |B_load_5_reg_5350                        |   32|   0|   32|          0|
    |B_load_6_reg_5364                        |   32|   0|   32|          0|
    |B_load_7_reg_5377                        |   32|   0|   32|          0|
    |B_load_8_reg_5389                        |   32|   0|   32|          0|
    |B_load_9_reg_5400                        |   32|   0|   32|          0|
    |ap_CS_fsm                                |  142|   0|  142|          0|
    |ap_reg_ppiten_pp0_it0                    |    1|   0|    1|          0|
    |ap_reg_ppiten_pp0_it1                    |    1|   0|    1|          0|
    |ap_reg_ppstg_exitcond3_reg_5245_pp0_it1  |    1|   0|    1|          0|
    |exitcond3_reg_5245                       |    1|   0|    1|          0|
    |i_7_reg_5953                             |    5|   0|    5|          0|
    |i_reg_1731                               |    5|   0|    5|          0|
    |p_addr100_reg_5249                       |   10|   0|   10|          0|
    |p_addr101_reg_6292                       |   29|   0|   32|          3|
    |p_addr103_cast1_reg_5302                 |   10|   0|   12|          2|
    |p_addr103_cast_reg_5262                  |   30|   0|   32|          2|
    |p_addr103_reg_5255                       |    9|   0|   11|          2|
    |p_addr110_cast1_reg_5627                 |   10|   0|   12|          2|
    |p_addr110_cast_reg_5602                  |   30|   0|   32|          2|
    |p_addr110_reg_5595                       |    9|   0|   11|          2|
    |p_addr118_cast1_reg_5806                 |   10|   0|   12|          2|
    |p_addr118_cast_reg_5781                  |   30|   0|   32|          2|
    |p_addr118_reg_5774                       |    9|   0|   11|          2|
    |p_addr125_cast1_reg_5996                 |   10|   0|   12|          2|
    |p_addr125_cast_reg_5965                  |   30|   0|   32|          2|
    |p_addr125_reg_5958                       |    9|   0|   11|          2|
    |p_addr133_cast1_reg_6175                 |   10|   0|   12|          2|
    |p_addr133_cast_reg_6150                  |   30|   0|   32|          2|
    |p_addr133_reg_6143                       |    9|   0|   11|          2|
    |p_addr98_cast_reg_5240                   |    7|   0|   10|          3|
    |reg_1792                                 |   32|   0|   32|          0|
    |reg_1801                                 |   32|   0|   32|          0|
    |reg_1810                                 |   32|   0|   32|          0|
    |reg_1818                                 |   32|   0|   32|          0|
    |reg_1825                                 |   32|   0|   32|          0|
    |reg_1834                                 |   32|   0|   32|          0|
    |reg_1841                                 |   32|   0|   32|          0|
    |reg_1849                                 |   32|   0|   32|          0|
    |reg_1857                                 |   32|   0|   32|          0|
    |reg_1865                                 |   32|   0|   32|          0|
    |reg_1873                                 |   32|   0|   32|          0|
    |reg_1879                                 |   32|   0|   32|          0|
    |reg_1887                                 |   32|   0|   32|          0|
    |reg_1892                                 |   32|   0|   32|          0|
    |reg_1899                                 |   32|   0|   32|          0|
    |reg_1907                                 |   32|   0|   32|          0|
    |reg_1914                                 |   32|   0|   32|          0|
    |reg_1926                                 |   32|   0|   32|          0|
    |reg_1931                                 |   32|   0|   32|          0|
    |reg_1938                                 |   32|   0|   32|          0|
    |reg_1946                                 |   32|   0|   32|          0|
    |reg_1953                                 |   32|   0|   32|          0|
    |reg_1965                                 |   32|   0|   32|          0|
    |reg_1970                                 |   32|   0|   32|          0|
    |reg_1977                                 |   32|   0|   32|          0|
    |reg_1985                                 |   32|   0|   32|          0|
    |reg_1991                                 |   32|   0|   32|          0|
    |reg_2003                                 |   32|   0|   32|          0|
    |reg_2008                                 |   32|   0|   32|          0|
    |reg_2016                                 |   32|   0|   32|          0|
    |reg_2024                                 |   32|   0|   32|          0|
    |reg_2032                                 |   32|   0|   32|          0|
    |reg_2044                                 |   32|   0|   32|          0|
    |reg_2051                                 |   32|   0|   32|          0|
    |reg_2059                                 |   32|   0|   32|          0|
    |reg_2067                                 |   32|   0|   32|          0|
    |reg_2073                                 |   32|   0|   32|          0|
    |reg_2080                                 |   32|   0|   32|          0|
    |reg_2087                                 |   32|   0|   32|          0|
    |reg_2093                                 |   32|   0|   32|          0|
    |reg_2099                                 |   32|   0|   32|          0|
    |reg_2106                                 |   32|   0|   32|          0|
    |reg_2114                                 |   32|   0|   32|          0|
    |reg_2122                                 |   32|   0|   32|          0|
    |reg_2128                                 |   32|   0|   32|          0|
    |reg_2135                                 |   32|   0|   32|          0|
    |reg_2143                                 |   32|   0|   32|          0|
    |reg_2151                                 |   32|   0|   32|          0|
    |reg_2156                                 |   32|   0|   32|          0|
    |reg_2163                                 |   32|   0|   32|          0|
    |reg_2169                                 |   32|   0|   32|          0|
    |reg_2175                                 |   32|   0|   32|          0|
    |reg_2182                                 |   32|   0|   32|          0|
    |reg_2190                                 |   32|   0|   32|          0|
    |reg_2196                                 |   32|   0|   32|          0|
    |reg_2203                                 |   32|   0|   32|          0|
    |reg_2211                                 |   32|   0|   32|          0|
    |reg_2217                                 |   32|   0|   32|          0|
    |reg_2224                                 |   32|   0|   32|          0|
    |reg_2231                                 |   32|   0|   32|          0|
    |reg_2236                                 |   32|   0|   32|          0|
    |reg_2243                                 |   32|   0|   32|          0|
    |reg_2248                                 |   32|   0|   32|          0|
    |reg_2255                                 |   32|   0|   32|          0|
    |reg_2263                                 |   32|   0|   32|          0|
    |reg_2270                                 |   32|   0|   32|          0|
    |reg_2277                                 |   32|   0|   32|          0|
    |reg_2284                                 |   32|   0|   32|          0|
    |reg_2289                                 |   32|   0|   32|          0|
    |reg_2294                                 |   32|   0|   32|          0|
    |reg_2299                                 |   32|   0|   32|          0|
    |reg_2304                                 |   32|   0|   32|          0|
    |reg_2309                                 |   32|   0|   32|          0|
    |reg_2314                                 |   32|   0|   32|          0|
    |reg_2319                                 |   32|   0|   32|          0|
    |reg_2324                                 |   32|   0|   32|          0|
    |reg_2329                                 |   32|   0|   32|          0|
    |reg_2334                                 |   32|   0|   32|          0|
    |reg_2339                                 |   32|   0|   32|          0|
    |reg_2344                                 |   32|   0|   32|          0|
    |reg_2349                                 |   32|   0|   32|          0|
    |reg_2354                                 |   32|   0|   32|          0|
    |reg_2359                                 |   32|   0|   32|          0|
    |reg_2364                                 |   32|   0|   32|          0|
    |reg_2369                                 |   32|   0|   32|          0|
    |reg_2374                                 |   32|   0|   32|          0|
    |reg_2379                                 |   32|   0|   32|          0|
    |reg_2384                                 |   32|   0|   32|          0|
    |reg_2389                                 |   32|   0|   32|          0|
    |reg_2395                                 |   32|   0|   32|          0|
    |reg_2401                                 |   32|   0|   32|          0|
    |reg_2407                                 |   32|   0|   32|          0|
    |temp_1_16_4_3_reg_6319                   |   32|   0|   32|          0|
    |temp_1_17_4_2_reg_6324                   |   32|   0|   32|          0|
    |temp_1_17_4_3_reg_6334                   |   32|   0|   32|          0|
    |temp_1_20_4_3_reg_6354                   |   32|   0|   32|          0|
    |temp_1_21_4_2_reg_6359                   |   32|   0|   32|          0|
    |temp_1_21_4_3_reg_6374                   |   32|   0|   32|          0|
    |temp_1_22_4_1_reg_6364                   |   32|   0|   32|          0|
    |temp_1_22_4_3_reg_6389                   |   32|   0|   32|          0|
    |temp_1_23_4_1_reg_6379                   |   32|   0|   32|          0|
    |temp_1_23_4_2_reg_6394                   |   32|   0|   32|          0|
    |temp_1_23_4_3_reg_6399                   |   32|   0|   32|          0|
    |x_0_4_reg_5975                           |    5|   0|    5|          0|
    +-----------------------------------------+-----+----+-----+-----------+
    |Total                                    | 4684|   0| 4720|         36|
    +-----------------------------------------+-----+----+-----+-----------+



================================================================
== Interface
================================================================
* Summary: 
+---------------+-----+-----+------------+-----------------------+--------------+
|   RTL Ports   | Dir | Bits|  Protocol  |     Source Object     |    C Type    |
+---------------+-----+-----+------------+-----------------------+--------------+
|ap_clk         |  in |    1| ap_ctrl_hs | obj_detector_convolve | return value |
|ap_rst         |  in |    1| ap_ctrl_hs | obj_detector_convolve | return value |
|ap_start       |  in |    1| ap_ctrl_hs | obj_detector_convolve | return value |
|ap_done        | out |    1| ap_ctrl_hs | obj_detector_convolve | return value |
|ap_idle        | out |    1| ap_ctrl_hs | obj_detector_convolve | return value |
|ap_ready       | out |    1| ap_ctrl_hs | obj_detector_convolve | return value |
|A_Addr_A       | out |   32|    bram    |           A           |     array    |
|A_EN_A         | out |    1|    bram    |           A           |     array    |
|A_WEN_A        | out |    4|    bram    |           A           |     array    |
|A_Din_A        | out |   32|    bram    |           A           |     array    |
|A_Dout_A       |  in |   32|    bram    |           A           |     array    |
|B_Addr_A       | out |   32|    bram    |           B           |     array    |
|B_EN_A         | out |    1|    bram    |           B           |     array    |
|B_WEN_A        | out |    4|    bram    |           B           |     array    |
|B_Din_A        | out |   32|    bram    |           B           |     array    |
|B_Dout_A       |  in |   32|    bram    |           B           |     array    |
|tmp            |  in |    3|   ap_none  |          tmp          |    scalar    |
|conv_address0  | out |   12|  ap_memory |          conv         |     array    |
|conv_ce0       | out |    1|  ap_memory |          conv         |     array    |
|conv_we0       | out |    1|  ap_memory |          conv         |     array    |
|conv_d0        | out |   32|  ap_memory |          conv         |     array    |
|tmp1           |  in |    3|   ap_none  |          tmp1         |    scalar    |
+---------------+-----+-----+------------+-----------------------+--------------+

