

================================================================
== Vivado HLS Report for 'feature_extractor'
================================================================
* Date:           Sun Nov 20 00:40:54 2016

* Version:        2015.2 (Build 1266856 on Fri Jun 26 16:57:37 PM 2015)
* Project:        cnn_filter
* Solution:       solution1
* Product family: zynq
* Target device:  xc7z020clg484-1


================================================================
== Performance Estimates
================================================================
+ Timing (ns): 
    * Summary: 
    +--------+-------+----------+------------+
    |  Clock | Target| Estimated| Uncertainty|
    +--------+-------+----------+------------+
    |ap_clk  |  10.00|      8.41|        1.25|
    +--------+-------+----------+------------+

+ Latency (clock cycles): 
    * Summary: 
    +---------+---------+---------+---------+---------+
    |      Latency      |      Interval     | Pipeline|
    |   min   |   max   |   min   |   max   |   Type  |
    +---------+---------+---------+---------+---------+
    |  1761897|  1761897|  1761898|  1761898|   none  |
    +---------+---------+---------+---------+---------+

    + Detail: 
        * Instance: 
        +---------------------------------------+----------------------------+--------+--------+--------+--------+---------+
        |                                       |                            |     Latency     |     Interval    | Pipeline|
        |                Instance               |           Module           |   min  |   max  |   min  |   max  |   Type  |
        +---------------------------------------+----------------------------+--------+--------+--------+--------+---------+
        |grp_feature_extractor_convolve_fu_177  |feature_extractor_convolve  |  266786|  266786|  266786|  266786|   none  |
        |grp_feature_extractor_maxpool_fu_190   |feature_extractor_maxpool   |    5497|    5497|    5497|    5497|   none  |
        +---------------------------------------+----------------------------+--------+--------+--------+--------+---------+

        * Loop: 
        +--------------------+---------+---------+----------+-----------+-----------+------+----------+
        |                    |      Latency      | Iteration|  Initiation Interval  | Trip |          |
        |      Loop Name     |   min   |   max   |  Latency |  achieved |   target  | Count| Pipelined|
        +--------------------+---------+---------+----------+-----------+-----------+------+----------+
        |- Convolve          |  1600728|  1600728|    266788|          -|          -|     6|    no    |
        |- Threshold         |   128172|   128172|     21362|          -|          -|     6|    no    |
        | + Threshold.1      |    21360|    21360|       890|          -|          -|    24|    no    |
        |  ++ Threshold.1.1  |      888|      888|        37|          -|          -|    24|    no    |
        |- Pool              |    32994|    32994|      5499|          -|          -|     6|    no    |
        +--------------------+---------+---------+----------+-----------+-----------+------+----------+



================================================================
== Utilization Estimates
================================================================
* Summary: 
+-----------------+---------+-------+--------+-------+
|       Name      | BRAM_18K| DSP48E|   FF   |  LUT  |
+-----------------+---------+-------+--------+-------+
|Expression       |        -|      -|       0|    906|
|FIFO             |        -|      -|       -|      -|
|Instance         |        -|     31|    3806|   6540|
|Memory           |       16|      -|       0|      0|
|Multiplexer      |        -|      -|       -|    122|
|Register         |        -|      -|     436|      -|
+-----------------+---------+-------+--------+-------+
|Total            |       16|     31|    4242|   7568|
+-----------------+---------+-------+--------+-------+
|Available        |      280|    220|  106400|  53200|
+-----------------+---------+-------+--------+-------+
|Utilization (%)  |        5|     14|       3|     14|
+-----------------+---------+-------+--------+-------+

+ Detail: 
    * Instance: 
    +-----------------------------------------------------+-------------------------------------------------+---------+-------+------+------+
    |                       Instance                      |                      Module                     | BRAM_18K| DSP48E|  FF  |  LUT |
    +-----------------------------------------------------+-------------------------------------------------+---------+-------+------+------+
    |grp_feature_extractor_convolve_fu_177                |feature_extractor_convolve                       |        0|      5|  1076|  1670|
    |feature_extractor_dexp_64ns_64ns_64_18_full_dsp_U17  |feature_extractor_dexp_64ns_64ns_64_18_full_dsp  |        0|     26|  1549|  2599|
    |feature_extractor_fpext_32ns_64_1_U16                |feature_extractor_fpext_32ns_64_1                |        0|      0|   100|   138|
    |grp_feature_extractor_maxpool_fu_190                 |feature_extractor_maxpool                        |        0|      0|   717|  1551|
    |feature_extractor_sdiv_3ns_32ns_32_7_seq_U18         |feature_extractor_sdiv_3ns_32ns_32_7_seq         |        0|      0|    24|    28|
    |feature_extractor_sitofp_32ns_32_6_U15               |feature_extractor_sitofp_32ns_32_6               |        0|      0|   340|   554|
    +-----------------------------------------------------+-------------------------------------------------+---------+-------+------+------+
    |Total                                                |                                                 |        0|     31|  3806|  6540|
    +-----------------------------------------------------+-------------------------------------------------+---------+-------+------+------+

    * Memory: 
    +-------+---------------------+---------+---+----+------+-----+------+-------------+
    | Memory|        Module       | BRAM_18K| FF| LUT| Words| Bits| Banks| W*Bits*Banks|
    +-------+---------------------+---------+---+----+------+-----+------+-------------+
    |C_U    |feature_extractor_C  |        8|  0|   0|  3456|   32|     1|       110592|
    |S_U    |feature_extractor_C  |        8|  0|   0|  3456|   32|     1|       110592|
    +-------+---------------------+---------+---+----+------+-----+------+-------------+
    |Total  |                     |       16|  0|   0|  6912|   64|     2|       221184|
    +-------+---------------------+---------+---+----+------+-----+------+-------------+

    * FIFO: 
    N/A

    * Expression: 
    +------------------------+----------+-------+---+-----+------------+------------+
    |      Variable Name     | Operation| DSP48E| FF| LUT | Bitwidth P0| Bitwidth P1|
    +------------------------+----------+-------+---+-----+------------+------------+
    |grp_fu_504_p1           |     +    |      0|  0|   32|           1|          32|
    |i_1_fu_218_p2           |     +    |      0|  0|    3|           3|           1|
    |i_2_fu_276_p2           |     +    |      0|  0|    5|           5|           1|
    |j_1_fu_230_p2           |     +    |      0|  0|    3|           3|           1|
    |j_2_fu_327_p2           |     +    |      0|  0|    5|           5|           1|
    |k_1_fu_516_p2           |     +    |      0|  0|    3|           3|           1|
    |p_addr1_fu_286_p2       |     +    |      0|  0|   10|          10|          10|
    |p_addr3_fu_337_p2       |     +    |      0|  0|   32|          32|          32|
    |sh_assign_fu_402_p2     |     +    |      0|  0|   12|          11|          12|
    |p_Val2_i_i_i_fu_488_p2  |     -    |      0|  0|   32|           1|          32|
    |p_addr2_fu_315_p2       |     -    |      0|  0|   32|          32|          32|
    |p_addr_fu_260_p2        |     -    |      0|  0|    9|           9|           9|
    |tmp_i_i_i_14_fu_416_p2  |     -    |      0|  0|   11|          10|          11|
    |p_Val2_4_fu_480_p3      |  Select  |      0|  0|   32|           1|          32|
    |p_Val2_s_fu_493_p3      |  Select  |      0|  0|   32|           1|          32|
    |sh_assign_1_fu_426_p3   |  Select  |      0|  0|   12|           1|          12|
    |exitcond1_fu_224_p2     |   icmp   |      0|  0|    2|           3|           3|
    |exitcond1_i_fu_270_p2   |   icmp   |      0|  0|    2|           5|           5|
    |exitcond2_fu_212_p2     |   icmp   |      0|  0|    2|           3|           3|
    |exitcond_fu_510_p2      |   icmp   |      0|  0|    2|           3|           3|
    |exitcond_i_fu_321_p2    |   icmp   |      0|  0|    2|           5|           5|
    |tmp_10_i_i_i_fu_446_p2  |   lshr   |      0|  0|  157|          53|          53|
    |tmp_12_i_i_i_fu_452_p2  |    shl   |      0|  0|  429|         136|         136|
    |tmp_12_neg_i_fu_350_p2  |    xor   |      0|  0|   45|          32|          33|
    +------------------------+----------+-------+---+-----+------------+------------+
    |Total                   |          |      0|  0|  906|         368|         492|
    +------------------------+----------+-------+---+-----+------------+------------+

    * Multiplexer: 
    +-------------+----+-----------+-----+-----------+
    |     Name    | LUT| Input Size| Bits| Total Bits|
    +-------------+----+-----------+-----+-----------+
    |A_ce0        |   1|          2|    1|          2|
    |C_address0   |  12|          3|   12|         36|
    |C_ce0        |   1|          3|    1|          3|
    |C_we0        |   1|          2|    1|          2|
    |S_address0   |  12|          3|   12|         36|
    |S_ce0        |   1|          3|    1|          3|
    |W_ce0        |   1|          2|    1|          2|
    |ap_NS_fsm    |  72|         40|    1|         40|
    |feature_ce0  |   1|          2|    1|          2|
    |feature_we0  |   1|          2|    1|          2|
    |i_i_reg_143  |   5|          2|    5|         10|
    |i_reg_120    |   3|          2|    3|          6|
    |j_i_reg_154  |   5|          2|    5|         10|
    |j_reg_132    |   3|          2|    3|          6|
    |k_reg_165    |   3|          2|    3|          6|
    +-------------+----+-----------+-----+-----------+
    |Total        | 122|         72|   51|        166|
    +-------------+----+-----------+-----+-----------+

    * Register: 
    +-------------------------------------------------------------+----+----+-----+-----------+
    |                             Name                            | FF | LUT| Bits| Const Bits|
    +-------------------------------------------------------------+----+----+-----+-----------+
    |C_load_reg_574                                               |  32|   0|   32|          0|
    |ap_CS_fsm                                                    |  39|   0|   39|          0|
    |grp_feature_extractor_convolve_fu_177_ap_start_ap_start_reg  |   1|   0|    1|          0|
    |grp_feature_extractor_maxpool_fu_190_ap_start_ap_start_reg   |   1|   0|    1|          0|
    |i_1_reg_525                                                  |   3|   0|    3|          0|
    |i_2_reg_546                                                  |   5|   0|    5|          0|
    |i_i_reg_143                                                  |   5|   0|    5|          0|
    |i_reg_120                                                    |   3|   0|    3|          0|
    |j_1_reg_533                                                  |   3|   0|    3|          0|
    |j_2_reg_559                                                  |   5|   0|    5|          0|
    |j_i_reg_154                                                  |   5|   0|    5|          0|
    |j_reg_132                                                    |   3|   0|    3|          0|
    |k_1_reg_623                                                  |   3|   0|    3|          0|
    |k_reg_165                                                    |   3|   0|    3|          0|
    |p_Result_s_reg_589                                           |   1|   0|    1|          0|
    |p_Val2_4_reg_594                                             |  32|   0|   32|          0|
    |p_Val2_s_reg_600                                             |  32|   0|   32|          0|
    |p_addr2_reg_551                                              |  29|   0|   32|          3|
    |p_addr_cast_reg_538                                          |   7|   0|   10|          3|
    |tmp_11_i_reg_579                                             |  64|   0|   64|          0|
    |tmp_14_i_reg_610                                             |  32|   0|   32|          0|
    |tmp_15_i_reg_615                                             |  32|   0|   32|          0|
    |tmp_5_reg_564                                                |  32|   0|   64|         32|
    |x_assign_reg_584                                             |  64|   0|   64|          0|
    +-------------------------------------------------------------+----+----+-----+-----------+
    |Total                                                        | 436|   0|  474|         38|
    +-------------------------------------------------------------+----+----+-----+-----------+



================================================================
== Interface
================================================================
* Summary: 
+------------------+-----+-----+------------+-------------------+--------------+
|     RTL Ports    | Dir | Bits|  Protocol  |   Source Object   |    C Type    |
+------------------+-----+-----+------------+-------------------+--------------+
|ap_clk            |  in |    1| ap_ctrl_hs | feature_extractor | return value |
|ap_rst            |  in |    1| ap_ctrl_hs | feature_extractor | return value |
|ap_start          |  in |    1| ap_ctrl_hs | feature_extractor | return value |
|ap_done           | out |    1| ap_ctrl_hs | feature_extractor | return value |
|ap_idle           | out |    1| ap_ctrl_hs | feature_extractor | return value |
|ap_ready          | out |    1| ap_ctrl_hs | feature_extractor | return value |
|A_address0        | out |   10|  ap_memory |         A         |     array    |
|A_ce0             | out |    1|  ap_memory |         A         |     array    |
|A_q0              |  in |   32|  ap_memory |         A         |     array    |
|W_address0        | out |    8|  ap_memory |         W         |     array    |
|W_ce0             | out |    1|  ap_memory |         W         |     array    |
|W_q0              |  in |   32|  ap_memory |         W         |     array    |
|feature_address0  | out |   10|  ap_memory |      feature      |     array    |
|feature_ce0       | out |    1|  ap_memory |      feature      |     array    |
|feature_we0       | out |    1|  ap_memory |      feature      |     array    |
|feature_d0        | out |   32|  ap_memory |      feature      |     array    |
+------------------+-----+-----+------------+-------------------+--------------+

