

================================================================
== Vivado HLS Report for 'feature_extractor_convolve'
================================================================
* Date:           Sun Nov 20 00:40:54 2016

* Version:        2015.2 (Build 1266856 on Fri Jun 26 16:57:37 PM 2015)
* Project:        cnn_filter
* Solution:       solution1
* Product family: zynq
* Target device:  xc7z020clg484-1


================================================================
== Performance Estimates
================================================================
+ Timing (ns): 
    * Summary: 
    +--------+-------+----------+------------+
    |  Clock | Target| Estimated| Uncertainty|
    +--------+-------+----------+------------+
    |ap_clk  |  10.00|      8.41|        1.25|
    +--------+-------+----------+------------+

+ Latency (clock cycles): 
    * Summary: 
    +--------+--------+--------+--------+---------+
    |     Latency     |     Interval    | Pipeline|
    |   min  |   max  |   min  |   max  |   Type  |
    +--------+--------+--------+--------+---------+
    |  266786|  266786|  266786|  266786|   none  |
    +--------+--------+--------+--------+---------+

    + Detail: 
        * Instance: 
        N/A

        * Loop: 
        +---------------------+--------+--------+----------+-----------+-----------+------+----------+
        |                     |     Latency     | Iteration|  Initiation Interval  | Trip |          |
        |      Loop Name      |   min  |   max  |  Latency |  achieved |   target  | Count| Pipelined|
        +---------------------+--------+--------+----------+-----------+-----------+------+----------+
        |- Loop 1             |     624|     624|        26|          -|          -|    24|    no    |
        | + Loop 1.1          |      24|      24|         1|          -|          -|    24|    no    |
        |- Loop 2             |  266160|  266160|     11090|          -|          -|    24|    no    |
        | + Loop 2.1          |   11088|   11088|       462|          -|          -|    24|    no    |
        |  ++ Loop 2.1.1      |     460|     460|        92|          -|          -|     5|    no    |
        |   +++ Loop 2.1.1.1  |      90|      90|        18|          -|          -|     5|    no    |
        +---------------------+--------+--------+----------+-----------+-----------+------+----------+



================================================================
== Utilization Estimates
================================================================
* Summary: 
+-----------------+---------+-------+--------+-------+
|       Name      | BRAM_18K| DSP48E|   FF   |  LUT  |
+-----------------+---------+-------+--------+-------+
|Expression       |        -|      -|       0|    314|
|FIFO             |        -|      -|       -|      -|
|Instance         |        -|      5|     688|   1265|
|Memory           |        -|      -|       -|      -|
|Multiplexer      |        -|      -|       -|     91|
|Register         |        -|      -|     388|      -|
+-----------------+---------+-------+--------+-------+
|Total            |        0|      5|    1076|   1670|
+-----------------+---------+-------+--------+-------+
|Available        |      280|    220|  106400|  53200|
+-----------------+---------+-------+--------+-------+
|Utilization (%)  |        0|      2|       1|      3|
+-----------------+---------+-------+--------+-------+

+ Detail: 
    * Instance: 
    +---------------------------------------------------+------------------------------------------------+---------+-------+-----+-----+
    |                      Instance                     |                     Module                     | BRAM_18K| DSP48E|  FF | LUT |
    +---------------------------------------------------+------------------------------------------------+---------+-------+-----+-----+
    |feature_extractor_fadd_32ns_32ns_32_5_full_dsp_U1  |feature_extractor_fadd_32ns_32ns_32_5_full_dsp  |        0|      2|  205|  390|
    |feature_extractor_fmul_32ns_32ns_32_4_max_dsp_U2   |feature_extractor_fmul_32ns_32ns_32_4_max_dsp   |        0|      3|  143|  321|
    |feature_extractor_sitofp_32ns_32_6_U3              |feature_extractor_sitofp_32ns_32_6              |        0|      0|  340|  554|
    +---------------------------------------------------+------------------------------------------------+---------+-------+-----+-----+
    |Total                                              |                                                |        0|      5|  688| 1265|
    +---------------------------------------------------+------------------------------------------------+---------+-------+-----+-----+

    * Memory: 
    N/A

    * FIFO: 
    N/A

    * Expression: 
    +---------------------+----------+-------+---+----+------------+------------+
    |    Variable Name    | Operation| DSP48E| FF| LUT| Bitwidth P0| Bitwidth P1|
    +---------------------+----------+-------+---+----+------------+------------+
    |i_2_fu_402_p2        |     +    |      0|  0|   5|           5|           1|
    |j_2_fu_494_p2        |     +    |      0|  0|   5|           5|           1|
    |k_2_fu_418_p2        |     +    |      0|  0|   3|           3|           1|
    |l_1_fu_510_p2        |     +    |      0|  0|   3|           3|           1|
    |p_addr10_fu_244_p2   |     +    |      0|  0|  10|          10|          10|
    |p_addr12_fu_315_p2   |     +    |      0|  0|  32|          32|          32|
    |p_addr1_fu_525_p2    |     +    |      0|  0|  12|          12|          12|
    |p_addr2_fu_293_p2    |     +    |      0|  0|   6|           6|           6|
    |p_addr3_fu_467_p2    |     +    |      0|  0|   6|           6|           6|
    |p_addr4_fu_488_p2    |     +    |      0|  0|  32|          32|          32|
    |p_addr5_fu_543_p2    |     +    |      0|  0|  32|          32|          32|
    |p_addr7_fu_341_p2    |     +    |      0|  0|  10|          10|          10|
    |p_addr9_fu_392_p2    |     +    |      0|  0|  32|          32|          32|
    |s_1_fu_234_p2        |     +    |      0|  0|   5|           5|           1|
    |t_1_fu_305_p2        |     +    |      0|  0|   5|           5|           1|
    |tmp_6_fu_331_p2      |     +    |      0|  0|   5|           5|           3|
    |tmp_s_fu_382_p2      |     +    |      0|  0|   5|           5|           3|
    |x_fu_424_p2          |     +    |      0|  0|   5|           5|           5|
    |y_fu_516_p2          |     +    |      0|  0|   5|           5|           5|
    |p_addr11_fu_273_p2   |     -    |      0|  0|  32|          32|          32|
    |p_addr6_fu_218_p2    |     -    |      0|  0|   9|           9|           9|
    |p_addr8_fu_370_p2    |     -    |      0|  0|  32|          32|          32|
    |p_addr_fu_453_p2     |     -    |      0|  0|  11|          11|          11|
    |exitcond1_fu_412_p2  |   icmp   |      0|  0|   2|           3|           3|
    |exitcond2_fu_376_p2  |   icmp   |      0|  0|   2|           5|           4|
    |exitcond3_fu_325_p2  |   icmp   |      0|  0|   2|           5|           4|
    |exitcond4_fu_299_p2  |   icmp   |      0|  0|   2|           5|           5|
    |exitcond5_fu_228_p2  |   icmp   |      0|  0|   2|           5|           5|
    |exitcond_fu_504_p2   |   icmp   |      0|  0|   2|           3|           3|
    +---------------------+----------+-------+---+----+------------+------------+
    |Total                |          |      0|  0| 314|         328|         302|
    +---------------------+----------+-------+---+----+------------+------------+

    * Multiplexer: 
    +---------------+----+-----------+-----+-----------+
    |      Name     | LUT| Input Size| Bits| Total Bits|
    +---------------+----+-----------+-----+-----------+
    |ap_NS_fsm      |  21|         25|    1|         25|
    |conv_address0  |  12|          3|   12|         36|
    |conv_d0        |  32|          3|   32|         96|
    |i_reg_136      |   5|          2|    5|         10|
    |j_reg_148      |   5|          2|    5|         10|
    |k_reg_160      |   3|          2|    3|          6|
    |l_reg_171      |   3|          2|    3|          6|
    |s_reg_114      |   5|          2|    5|         10|
    |t_reg_125      |   5|          2|    5|         10|
    +---------------+----+-----------+-----+-----------+
    |Total          |  91|         43|   71|        209|
    +---------------+----+-----------+-----+-----------+

    * Register: 
    +-----------------------+----+----+-----+-----------+
    |          Name         | FF | LUT| Bits| Const Bits|
    +-----------------------+----+----+-----+-----------+
    |A_load_reg_662         |  32|   0|   32|          0|
    |ap_CS_fsm              |  24|   0|   24|          0|
    |conv_addr_1_reg_611    |  12|   0|   12|          0|
    |conv_load_reg_687      |  32|   0|   32|          0|
    |i_reg_136              |   5|   0|    5|          0|
    |j_reg_148              |   5|   0|    5|          0|
    |k_2_reg_624            |   3|   0|    3|          0|
    |k_reg_160              |   3|   0|    3|          0|
    |l_1_reg_647            |   3|   0|    3|          0|
    |l_reg_171              |   3|   0|    3|          0|
    |p_addr10_cast_reg_558  |   7|   0|   10|          3|
    |p_addr11_reg_572       |  29|   0|   32|          3|
    |p_addr2_reg_577        |   6|   0|    6|          0|
    |p_addr4_reg_634        |  32|   0|   32|          0|
    |p_addr5_reg_657        |  32|   0|   32|          0|
    |p_addr8_reg_598        |  29|   0|   32|          3|
    |p_addr_cast_reg_629    |  10|   0|   12|          2|
    |s_1_reg_567            |   5|   0|    5|          0|
    |s_reg_114              |   5|   0|    5|          0|
    |t_reg_125              |   5|   0|    5|          0|
    |tmp_10_reg_682         |  32|   0|   32|          0|
    |tmp_11_reg_692         |  32|   0|   32|          0|
    |tmp_5_reg_667          |  32|   0|   32|          0|
    |tmp_6_reg_593          |   5|   0|    5|          0|
    |tmp_s_reg_606          |   5|   0|    5|          0|
    +-----------------------+----+----+-----+-----------+
    |Total                  | 388|   0|  399|         11|
    +-----------------------+----+----+-----+-----------+



================================================================
== Interface
================================================================
* Summary: 
+---------------+-----+-----+------------+----------------------------+--------------+
|   RTL Ports   | Dir | Bits|  Protocol  |        Source Object       |    C Type    |
+---------------+-----+-----+------------+----------------------------+--------------+
|ap_clk         |  in |    1| ap_ctrl_hs | feature_extractor_convolve | return value |
|ap_rst         |  in |    1| ap_ctrl_hs | feature_extractor_convolve | return value |
|ap_start       |  in |    1| ap_ctrl_hs | feature_extractor_convolve | return value |
|ap_done        | out |    1| ap_ctrl_hs | feature_extractor_convolve | return value |
|ap_idle        | out |    1| ap_ctrl_hs | feature_extractor_convolve | return value |
|ap_ready       | out |    1| ap_ctrl_hs | feature_extractor_convolve | return value |
|A_address0     | out |   10|  ap_memory |              A             |     array    |
|A_ce0          | out |    1|  ap_memory |              A             |     array    |
|A_q0           |  in |   32|  ap_memory |              A             |     array    |
|B_address0     | out |    8|  ap_memory |              B             |     array    |
|B_ce0          | out |    1|  ap_memory |              B             |     array    |
|B_q0           |  in |   32|  ap_memory |              B             |     array    |
|tmp            |  in |    3|   ap_none  |             tmp            |    scalar    |
|conv_address0  | out |   12|  ap_memory |            conv            |     array    |
|conv_ce0       | out |    1|  ap_memory |            conv            |     array    |
|conv_we0       | out |    1|  ap_memory |            conv            |     array    |
|conv_d0        | out |   32|  ap_memory |            conv            |     array    |
|conv_q0        |  in |   32|  ap_memory |            conv            |     array    |
|tmp1           |  in |    3|   ap_none  |            tmp1            |    scalar    |
+---------------+-----+-----+------------+----------------------------+--------------+

