

================================================================
== Vivado HLS Report for 'maxpool_Loop_LOOP_proc'
================================================================
* Date:           Wed Nov 30 17:18:06 2016

* Version:        2015.2 (Build 1266856 on Fri Jun 26 16:57:37 PM 2015)
* Project:        maxpool_downsample
* Solution:       solution1
* Product family: zynq
* Target device:  xc7z020clg484-1


================================================================
== Performance Estimates
================================================================
+ Timing (ns): 
    * Summary: 
    +--------+-------+----------+------------+
    |  Clock | Target| Estimated| Uncertainty|
    +--------+-------+----------+------------+
    |ap_clk  |  10.00|      6.74|        1.25|
    +--------+-------+----------+------------+

+ Latency (clock cycles): 
    * Summary: 
    +-----+-----+-----+-----+---------+
    |  Latency  |  Interval | Pipeline|
    | min | max | min | max |   Type  |
    +-----+-----+-----+-----+---------+
    |  578|  578|  578|  578|   none  |
    +-----+-----+-----+-----+---------+

    + Detail: 
        * Instance: 
        N/A

        * Loop: 
        +----------+-----+-----+----------+-----------+-----------+------+----------+
        |          |  Latency  | Iteration|  Initiation Interval  | Trip |          |
        | Loop Name| min | max |  Latency |  achieved |   target  | Count| Pipelined|
        +----------+-----+-----+----------+-----------+-----------+------+----------+
        |- LOOP    |  576|  576|        48|         48|          1|    12|    yes   |
        +----------+-----+-----+----------+-----------+-----------+------+----------+



================================================================
== Utilization Estimates
================================================================
* Summary: 
+-----------------+---------+-------+--------+-------+
|       Name      | BRAM_18K| DSP48E|   FF   |  LUT  |
+-----------------+---------+-------+--------+-------+
|Expression       |        -|      -|       0|    360|
|FIFO             |        -|      -|       -|      -|
|Instance         |        -|      -|       -|      -|
|Memory           |        -|      -|       -|      -|
|Multiplexer      |        -|      -|       -|    119|
|Register         |        -|      -|     348|      -|
+-----------------+---------+-------+--------+-------+
|Total            |        0|      0|     348|    479|
+-----------------+---------+-------+--------+-------+
|Available        |      280|    220|  106400|  53200|
+-----------------+---------+-------+--------+-------+
|Utilization (%)  |        0|      0|   ~0   |   ~0  |
+-----------------+---------+-------+--------+-------+

+ Detail: 
    * Instance: 
    N/A

    * Memory: 
    N/A

    * FIFO: 
    N/A

    * Expression: 
    +------------------------+----------+-------+---+----+------------+------------+
    |      Variable Name     | Operation| DSP48E| FF| LUT| Bitwidth P0| Bitwidth P1|
    +------------------------+----------+-------+---+----+------------+------------+
    |loop_count_1_fu_134_p2  |     +    |      0|  0|   4|           4|           1|
    |grp_fu_106_p3           |  Select  |      0|  0|   8|           1|           8|
    |grp_fu_120_p3           |  Select  |      0|  0|   8|           1|           8|
    |grp_fu_92_p3            |  Select  |      0|  0|   8|           1|           8|
    |temp3_10_fu_475_p3      |  Select  |      0|  0|   8|           1|           8|
    |temp3_1_fu_169_p3       |  Select  |      0|  0|   8|           1|           8|
    |temp3_2_fu_436_p3       |  Select  |      0|  0|   8|           1|           8|
    |temp3_3_fu_229_p3       |  Select  |      0|  0|   8|           1|           8|
    |temp3_4_fu_264_p3       |  Select  |      0|  0|   8|           1|           8|
    |temp3_5_fu_299_p3       |  Select  |      0|  0|   8|           1|           8|
    |temp3_fu_144_p3         |  Select  |      0|  0|   8|           1|           8|
    |temp3_s_fu_194_p3       |  Select  |      0|  0|   8|           1|           8|
    |tmp_11_fu_206_p3        |  Select  |      0|  0|   8|           1|           8|
    |tmp_12_fu_241_p3        |  Select  |      0|  0|   8|           1|           8|
    |tmp_13_fu_276_p3        |  Select  |      0|  0|   8|           1|           8|
    |tmp_14_fu_311_p3        |  Select  |      0|  0|   8|           1|           8|
    |tmp_15_fu_336_p3        |  Select  |      0|  0|   8|           1|           8|
    |tmp_16_fu_361_p3        |  Select  |      0|  0|   8|           1|           8|
    |tmp_17_fu_386_p3        |  Select  |      0|  0|   8|           1|           8|
    |tmp_18_fu_411_p3        |  Select  |      0|  0|   8|           1|           8|
    |tmp_19_fu_450_p3        |  Select  |      0|  0|   8|           1|           8|
    |tmp_20_fu_489_p3        |  Select  |      0|  0|   8|           1|           8|
    |tmp_3_fu_156_p3         |  Select  |      0|  0|   8|           1|           8|
    |tmp_5_10_fu_463_p3      |  Select  |      0|  0|   8|           1|           8|
    |tmp_5_3_fu_219_p3       |  Select  |      0|  0|   8|           1|           8|
    |tmp_5_4_fu_254_p3       |  Select  |      0|  0|   8|           1|           8|
    |tmp_5_5_fu_289_p3       |  Select  |      0|  0|   8|           1|           8|
    |tmp_5_6_fu_324_p3       |  Select  |      0|  0|   8|           1|           8|
    |tmp_5_7_fu_349_p3       |  Select  |      0|  0|   8|           1|           8|
    |tmp_5_8_fu_374_p3       |  Select  |      0|  0|   8|           1|           8|
    |tmp_5_9_fu_399_p3       |  Select  |      0|  0|   8|           1|           8|
    |tmp_5_s_fu_424_p3       |  Select  |      0|  0|   8|           1|           8|
    |tmp_9_fu_181_p3         |  Select  |      0|  0|   8|           1|           8|
    |ap_sig_bdd_96           |    and   |      0|  0|   1|           1|           1|
    |exitcond1_fu_128_p2     |   icmp   |      0|  0|   2|           4|           4|
    |grp_fu_100_p2           |   icmp   |      0|  0|   3|           8|           8|
    |grp_fu_114_p2           |   icmp   |      0|  0|   3|           8|           8|
    |grp_fu_86_p2            |   icmp   |      0|  0|   3|           8|           8|
    |tmp_10_18_fu_469_p2     |   icmp   |      0|  0|   3|           8|           8|
    |tmp_1_2_fu_165_p2       |   icmp   |      0|  0|   3|           8|           8|
    |tmp_2_3_fu_190_p2       |   icmp   |      0|  0|   3|           8|           8|
    |tmp_3_4_fu_225_p2       |   icmp   |      0|  0|   3|           8|           8|
    |tmp_4_10_fu_459_p2      |   icmp   |      0|  0|   3|           8|           8|
    |tmp_4_11_fu_260_p2      |   icmp   |      0|  0|   3|           8|           8|
    |tmp_4_3_fu_215_p2       |   icmp   |      0|  0|   3|           8|           8|
    |tmp_4_4_fu_250_p2       |   icmp   |      0|  0|   3|           8|           8|
    |tmp_4_5_fu_285_p2       |   icmp   |      0|  0|   3|           8|           8|
    |tmp_4_6_fu_320_p2       |   icmp   |      0|  0|   3|           8|           8|
    |tmp_4_7_fu_345_p2       |   icmp   |      0|  0|   3|           8|           8|
    |tmp_4_8_fu_370_p2       |   icmp   |      0|  0|   3|           8|           8|
    |tmp_4_9_fu_395_p2       |   icmp   |      0|  0|   3|           8|           8|
    |tmp_4_s_fu_420_p2       |   icmp   |      0|  0|   3|           8|           8|
    |tmp_5_12_fu_295_p2      |   icmp   |      0|  0|   3|           8|           8|
    |tmp_7_fu_150_p2         |   icmp   |      0|  0|   3|           8|           8|
    |tmp_9_10_fu_483_p2      |   icmp   |      0|  0|   3|           8|           8|
    |tmp_9_1_fu_175_p2       |   icmp   |      0|  0|   3|           8|           8|
    |tmp_9_2_fu_200_p2       |   icmp   |      0|  0|   3|           8|           8|
    |tmp_9_3_fu_235_p2       |   icmp   |      0|  0|   3|           8|           8|
    |tmp_9_4_fu_270_p2       |   icmp   |      0|  0|   3|           8|           8|
    |tmp_9_5_fu_305_p2       |   icmp   |      0|  0|   3|           8|           8|
    |tmp_9_6_fu_330_p2       |   icmp   |      0|  0|   3|           8|           8|
    |tmp_9_7_fu_355_p2       |   icmp   |      0|  0|   3|           8|           8|
    |tmp_9_8_fu_380_p2       |   icmp   |      0|  0|   3|           8|           8|
    |tmp_9_9_fu_405_p2       |   icmp   |      0|  0|   3|           8|           8|
    |tmp_9_s_fu_444_p2       |   icmp   |      0|  0|   3|           8|           8|
    |tmp_s_17_fu_430_p2      |   icmp   |      0|  0|   3|           8|           8|
    |tmp_s_fu_140_p2         |   icmp   |      0|  0|   3|           8|           8|
    |ap_sig_bdd_535          |    or    |      0|  0|   1|           1|           1|
    +------------------------+----------+-------+---+----+------------+------------+
    |Total                   |          |      0|  0| 360|         298|         519|
    +------------------------+----------+-------+---+----+------------+------------+

    * Multiplexer: 
    +--------------------------------+----+-----------+-----+-----------+
    |              Name              | LUT| Input Size| Bits| Total Bits|
    +--------------------------------+----+-----------+-----+-----------+
    |ap_NS_fsm                       |  90|         51|    1|         51|
    |ap_sig_ioackin_output_V_TREADY  |   1|          2|    1|          2|
    |loop_count_reg_51               |   4|          2|    4|          8|
    |output_V_TDATA                  |  24|         13|    8|        104|
    +--------------------------------+----+-----------+-----+-----------+
    |Total                           | 119|         68|   14|        165|
    +--------------------------------+----+-----------+-----+-----------+

    * Register: 
    +--------------------------------+----+----+-----+-----------+
    |              Name              | FF | LUT| Bits| Const Bits|
    +--------------------------------+----+----+-----+-----------+
    |ap_CS_fsm                       |  50|   0|   50|          0|
    |ap_done_reg                     |   1|   0|    1|          0|
    |ap_reg_ioackin_output_V_TREADY  |   1|   0|    1|          0|
    |input_V_read_10_reg_530         |   8|   0|    8|          0|
    |input_V_read_11_reg_536         |   8|   0|    8|          0|
    |input_V_read_12_reg_542         |   8|   0|    8|          0|
    |input_V_read_13_reg_548         |   8|   0|    8|          0|
    |input_V_read_14_reg_554         |   8|   0|    8|          0|
    |input_V_read_15_reg_560         |   8|   0|    8|          0|
    |input_V_read_16_reg_566         |   8|   0|    8|          0|
    |input_V_read_17_reg_572         |   8|   0|    8|          0|
    |input_V_read_18_reg_578         |   8|   0|    8|          0|
    |input_V_read_19_reg_584         |   8|   0|    8|          0|
    |input_V_read_20_reg_590         |   8|   0|    8|          0|
    |input_V_read_21_reg_596         |   8|   0|    8|          0|
    |input_V_read_22_reg_602         |   8|   0|    8|          0|
    |input_V_read_23_reg_608         |   8|   0|    8|          0|
    |input_V_read_6_reg_506          |   8|   0|    8|          0|
    |input_V_read_7_reg_512          |   8|   0|    8|          0|
    |input_V_read_8_reg_518          |   8|   0|    8|          0|
    |input_V_read_9_reg_524          |   8|   0|    8|          0|
    |loop_count_1_reg_501            |   4|   0|    4|          0|
    |loop_count_reg_51               |   4|   0|    4|          0|
    |reg_62                          |   8|   0|    8|          0|
    |reg_66                          |   8|   0|    8|          0|
    |reg_70                          |   8|   0|    8|          0|
    |reg_74                          |   8|   0|    8|          0|
    |reg_78                          |   8|   0|    8|          0|
    |reg_82                          |   8|   0|    8|          0|
    |tmp_10_reg_638                  |   8|   0|    8|          0|
    |tmp_1_reg_620                   |   8|   0|    8|          0|
    |tmp_21_reg_644                  |   8|   0|    8|          0|
    |tmp_22_reg_650                  |   8|   0|    8|          0|
    |tmp_23_reg_656                  |   8|   0|    8|          0|
    |tmp_24_reg_662                  |   8|   0|    8|          0|
    |tmp_25_reg_668                  |   8|   0|    8|          0|
    |tmp_26_reg_674                  |   8|   0|    8|          0|
    |tmp_27_reg_680                  |   8|   0|    8|          0|
    |tmp_6_reg_626                   |   8|   0|    8|          0|
    |tmp_8_reg_632                   |   8|   0|    8|          0|
    |tmp_reg_614                     |   8|   0|    8|          0|
    +--------------------------------+----+----+-----+-----------+
    |Total                           | 348|   0|  348|          0|
    +--------------------------------+----+----+-----+-----------+



================================================================
== Interface
================================================================
* Summary: 
+-----------------+-----+-----+------------+------------------------+--------------+
|    RTL Ports    | Dir | Bits|  Protocol  |      Source Object     |    C Type    |
+-----------------+-----+-----+------------+------------------------+--------------+
|ap_clk           |  in |    1| ap_ctrl_hs | maxpool_Loop_LOOP_proc | return value |
|ap_rst           |  in |    1| ap_ctrl_hs | maxpool_Loop_LOOP_proc | return value |
|ap_start         |  in |    1| ap_ctrl_hs | maxpool_Loop_LOOP_proc | return value |
|ap_done          | out |    1| ap_ctrl_hs | maxpool_Loop_LOOP_proc | return value |
|ap_continue      |  in |    1| ap_ctrl_hs | maxpool_Loop_LOOP_proc | return value |
|ap_idle          | out |    1| ap_ctrl_hs | maxpool_Loop_LOOP_proc | return value |
|ap_ready         | out |    1| ap_ctrl_hs | maxpool_Loop_LOOP_proc | return value |
|output_V_TDATA   | out |    8|    axis    |        output_V        |    pointer   |
|output_V_TVALID  | out |    1|    axis    |        output_V        |    pointer   |
|output_V_TREADY  |  in |    1|    axis    |        output_V        |    pointer   |
|input_V_TDATA    |  in |    8|    axis    |         input_V        |    pointer   |
|input_V_TVALID   |  in |    1|    axis    |         input_V        |    pointer   |
|input_V_TREADY   | out |    1|    axis    |         input_V        |    pointer   |
+-----------------+-----+-----+------------+------------------------+--------------+

